[NAV] navigate_to: goal=(8.0,64.0) θ=any, from=(16.0,9.0), obstacles=11
[NAV] state - -> PRE_ROTATING pose=(16.0,9.0,θ=0.0°) pre_target_θ=45.0° heading_err=+45.0°
[NAV] state PRE_ROTATING -> FOLLOWING pose=(16.1,9.0,θ=2.8°) path_waypoints=85 final_wp=(8.2,63.8)
[NAV] !! NO PROGRESS (blocked): robot at (27.8,19.8,θ=55.2°) has not moved 0.5 cm or turned 3.0° in 3.0s. Treating as FAILED so the subgoal can end.
[NAV] Retreating to (23.7, 16.9)
[NAV] state FOLLOWING -> RETREATING pose=(27.6,19.7,θ=55.5°)
[NAV] Retreat done after 11 ticks (reached the cell); drive FAILED (blocked).
[NAV] navigate_to: goal=(8.0,64.0) θ=any, from=(26.5,18.6), obstacles=11
[NAV] state RETREATING -> PRE_ROTATING pose=(26.5,18.6,θ=41.8°) pre_target_θ=86.8° heading_err=+45.0°
[NAV] state PRE_ROTATING -> FOLLOWING pose=(26.5,18.7,θ=42.9°) path_waypoints=65 final_wp=(8.2,63.8)
[NAV] !! NO PROGRESS (blocked): robot at (27.4,20.0,θ=57.0°) has not moved 0.5 cm or turned 3.0° in 3.0s. Treating as FAILED so the subgoal can end.
[NAV] Retreating to (23.5, 17.0)
[NAV] state FOLLOWING -> RETREATING pose=(27.4,20.0,θ=57.1°)
[NAV] Retreat done after 14 ticks (reached the cell); drive FAILED (blocked).
[NAV] navigate_to: goal=(8.0,64.0) θ=any, from=(26.2,18.9), obstacles=11
[NAV] state RETREATING -> PRE_ROTATING pose=(26.2,18.9,θ=41.0°) pre_target_θ=81.5° heading_err=+40.5°
[NAV] state PRE_ROTATING -> FOLLOWING pose=(26.2,18.9,θ=42.2°) path_waypoints=66 final_wp=(8.2,63.8)
[NAV] !! NO PROGRESS (blocked): robot at (27.2,20.2,θ=58.2°) has not moved 0.5 cm or turned 3.0° in 3.0s. Treating as FAILED so the subgoal can end.
[NAV] Retreating to (23.3, 17.1)
[NAV] state FOLLOWING -> RETREATING pose=(27.2,20.1,θ=58.9°)
[NAV] Retreat done after 13 ticks (reached the cell); drive FAILED (blocked).
[NAV] navigate_to: goal=(8.0,64.0) θ=any, from=(26.0,19.0), obstacles=11
[NAV] state RETREATING -> PRE_ROTATING pose=(26.0,19.0,θ=44.1°) pre_target_θ=79.2° heading_err=+35.1°
[NAV] state PRE_ROTATING -> FOLLOWING pose=(26.2,19.1,θ=44.7°) path_waypoints=66 final_wp=(8.2,63.8)
[NAV] !! NO PROGRESS (blocked): robot at (27.0,20.3,θ=57.9°) has not moved 0.5 cm or turned 3.0° in 3.0s. Treating as FAILED so the subgoal can end.
[NAV] Retreating to (23.0, 17.3)
[NAV] state FOLLOWING -> RETREATING pose=(26.9,20.2,θ=56.4°)
[NAV] Retreat done after 12 ticks (reached the cell); drive FAILED (blocked).
[NAV] navigate_to: goal=(8.0,64.0) θ=any, from=(25.8,19.2), obstacles=11
[NAV] state RETREATING -> PRE_ROTATING pose=(25.8,19.2,θ=44.2°) pre_target_θ=74.8° heading_err=+30.5°
[NAV] state PRE_ROTATING -> FOLLOWING pose=(25.9,19.4,θ=47.7°) path_waypoints=65 final_wp=(8.2,63.8)
[NAV] !! NO PROGRESS (blocked): robot at (26.5,20.6,θ=57.3°) has not moved 0.5 cm or turned 3.0° in 3.0s. Treating as FAILED so the subgoal can end.
[NAV] Retreating to (22.5, 17.6)
[NAV] state FOLLOWING -> RETREATING pose=(26.5,20.6,θ=56.6°)
[NAV] Retreat done after 11 ticks (reached the cell); drive FAILED (blocked).
[NAV] navigate_to: goal=(8.0,64.0) θ=any, from=(25.4,19.4), obstacles=11
[NAV] state RETREATING -> PRE_ROTATING pose=(25.4,19.4,θ=42.9°) pre_target_θ=68.0° heading_err=+25.1°
[NAV] state PRE_ROTATING -> FOLLOWING pose=(25.5,19.5,θ=42.1°) path_waypoints=66 final_wp=(8.2,63.8)
[NAV] !! NO PROGRESS (blocked): robot at (26.4,20.7,θ=56.4°) has not moved 0.5 cm or turned 3.0° in 3.0s. Treating as FAILED so the subgoal can end.
[NAV] Retreating to (22.3, 17.8)
[NAV] state FOLLOWING -> RETREATING pose=(26.3,20.6,θ=56.9°)
[NAV] Retreat done after 12 ticks (reached the cell); drive FAILED (blocked).
nav_baseline_ignore: status=failure reached=False distance_to_goal_cm=47.7 sim_time_s=33.200 -> /scratch/tdn39/real_exp/results/twohop_v3_multiobject/topology_r1/exact_med_search_all1000_margin_0p1cm_v1/med2-med2/navigation_realstack_selected_margin_0p1cm_v1/scenes/selected/twohop_multi_00143/nav_baseline_ignore
[NAV] navigate_to: goal=(8.0,64.0) θ=any, from=(16.0,9.0), obstacles=11
[NAV] state - -> PRE_ROTATING pose=(16.0,9.0,θ=0.0°) pre_target_θ=45.0° heading_err=+45.0°
[NAV] state PRE_ROTATING -> FOLLOWING pose=(16.1,9.0,θ=2.8°) path_waypoints=89 final_wp=(8.2,63.8)
[NAV] !! NO PROGRESS (blocked): robot at (27.7,19.9,θ=57.3°) has not moved 0.5 cm or turned 3.0° in 3.0s. Treating as FAILED so the subgoal can end.
[NAV] Retreating to (23.7, 16.9)
[NAV] state FOLLOWING -> RETREATING pose=(27.6,19.8,θ=56.3°)
[NAV] Retreat done after 10 ticks (reached the cell); drive FAILED (blocked).
[NAV] navigate_to: goal=(8.0,64.0) θ=any, from=(26.6,18.6), obstacles=11
[NAV] state RETREATING -> PRE_ROTATING pose=(26.6,18.6,θ=44.8°) pre_target_θ=87.6° heading_err=+42.8°
[NAV] state PRE_ROTATING -> FOLLOWING pose=(26.6,18.7,θ=45.6°) path_waypoints=71 final_wp=(8.2,63.8)
[NAV] !! NO PROGRESS (blocked): robot at (27.0,20.3,θ=58.0°) has not moved 0.5 cm or turned 3.0° in 3.0s. Treating as FAILED so the subgoal can end.
[NAV] Retreating to (23.1, 17.2)
[NAV] state FOLLOWING -> RETREATING pose=(27.0,20.2,θ=58.6°)
[NAV] Retreat done after 11 ticks (reached the cell); drive FAILED (blocked).
[NAV] navigate_to: goal=(8.0,64.0) θ=any, from=(25.9,19.0), obstacles=11
[NAV] state RETREATING -> PRE_ROTATING pose=(25.9,19.0,θ=45.4°) pre_target_θ=77.4° heading_err=+32.1°
[NAV] state PRE_ROTATING -> FOLLOWING pose=(26.1,19.2,θ=48.7°) path_waypoints=69 final_wp=(8.2,63.8)
[NAV] !! NO PROGRESS (blocked): robot at (26.8,20.4,θ=57.3°) has not moved 0.5 cm or turned 3.0° in 3.0s. Treating as FAILED so the subgoal can end.
[NAV] Retreating to (22.8, 17.4)
[NAV] state FOLLOWING -> RETREATING pose=(26.7,20.4,θ=58.6°)
[NAV] Retreat done after 11 ticks (reached the cell); drive FAILED (blocked).
[NAV] navigate_to: goal=(8.0,64.0) θ=any, from=(25.8,19.2), obstacles=11
[NAV] state RETREATING -> PRE_ROTATING pose=(25.8,19.2,θ=45.5°) pre_target_θ=74.4° heading_err=+28.9°
[NAV] state PRE_ROTATING -> FOLLOWING pose=(25.9,19.4,θ=46.6°) path_waypoints=69 final_wp=(8.2,63.8)
[NAV] !! NO PROGRESS (blocked): robot at (26.6,20.6,θ=56.8°) has not moved 0.5 cm or turned 3.0° in 3.0s. Treating as FAILED so the subgoal can end.
[NAV] Retreating to (22.6, 17.6)
[NAV] state FOLLOWING -> RETREATING pose=(26.5,20.5,θ=58.8°)
[NAV] Retreat done after 14 ticks (reached the cell); drive FAILED (blocked).
[NAV] navigate_to: goal=(8.0,64.0) θ=any, from=(25.3,19.3), obstacles=11
[NAV] state RETREATING -> PRE_ROTATING pose=(25.3,19.3,θ=41.5°) pre_target_θ=67.4° heading_err=+26.0°
[NAV] state PRE_ROTATING -> FOLLOWING pose=(25.5,19.5,θ=44.6°) path_waypoints=70 final_wp=(8.2,63.8)
[NAV] !! NO PROGRESS (blocked): robot at (26.3,20.8,θ=55.9°) has not moved 0.5 cm or turned 3.0° in 3.0s. Treating as FAILED so the subgoal can end.
[NAV] Retreating to (22.2, 17.9)
[NAV] state FOLLOWING -> RETREATING pose=(26.2,20.7,θ=57.0°)
[NAV] Retreat done after 11 ticks (reached the cell); drive FAILED (blocked).
[NAV] navigate_to: goal=(8.0,64.0) θ=any, from=(25.1,19.6), obstacles=11
[NAV] state RETREATING -> PRE_ROTATING pose=(25.1,19.6,θ=41.8°) pre_target_θ=63.1° heading_err=+21.4°
[NAV] state PRE_ROTATING -> FOLLOWING pose=(25.3,19.7,θ=40.8°) path_waypoints=69 final_wp=(8.2,63.8)
[NAV] !! NO PROGRESS (blocked): robot at (26.2,20.8,θ=55.2°) has not moved 0.5 cm or turned 3.0° in 3.0s. Treating as FAILED so the subgoal can end.
[NAV] Retreating to (22.2, 18.0)
[NAV] state FOLLOWING -> RETREATING pose=(26.2,20.8,θ=54.6°)
[NAV] Retreat done after 16 ticks (reached the cell); drive FAILED (blocked).
nav_baseline_penalise: status=failure reached=False distance_to_goal_cm=47.3 sim_time_s=27.267 -> /scratch/tdn39/real_exp/results/twohop_v3_multiobject/topology_r1/exact_med_search_all1000_margin_0p1cm_v1/med2-med2/navigation_realstack_selected_margin_0p1cm_v1/scenes/selected/twohop_multi_00143/nav_baseline_penalise
