scene                                                      movables  drives through  clear at
  real_exp/environments/v3_b2/hard_hc1/rb_00000                   2              20     never
  real_exp/environments/v3_b2/hard_hc1/rb_00001                   2              24     never
  real_exp/environments/v3_b2/hard_hc1/rb_00002                   2              29     never
  real_exp/environments/v3_b2/hard_hc1/rb_00003                   2              31     never
  real_exp/environments/v3_b2/hard_hc2/rb_00000                   2              21     never
  real_exp/environments/v3_b2/hard_hc2/rb_00001                   2              26     never
  real_exp/environments/v3_b2/hard_hc2/rb_00002                   2              28     never
  real_exp/environments/v3_b2/hard_hc2/rb_00003                   2              31     never
  real_exp/environments/v3_b2/hard_loose/rb_00059                 2              24     never
  real_exp/environments/v3_b2/hard_loose/rb_00061                 2              29     never
  real_exp/environments/v3_b2/hard_loose/rb_00062                 2              30     never
  real_exp/environments/v3_b2/hard_loose/rb_00063                 2              31     never
  real_exp/environments/v3_b2/hard_loose/rb_00064                 2              26     never
  real_exp/environments/v3_b2/hard_loose/rb_00068                 2              39     never
  real_exp/environments/v3_b2/hard_loose/rb_00070                 2              33     never
  real_exp/environments/v3_b2/hard_loose/rb_00073                 2              30     never
  real_exp/environments/v3_b2/hard_loose/rb_00074                 2              27     never
  real_exp/environments/v3_b2/hard_loose/rb_00076                 2              27     never
  real_exp/environments/v3_b2/hard_loose/rb_00079                 2              30     never
  real_exp/environments/v3_b2/hard_loose/rb_00082                 2              31      1.25
  real_exp/environments/v3_b2/hard_loose/rb_00084                 2              28     never
  real_exp/environments/v3_b2/hard_loose/rb_00085                 2              31     never
  real_exp/environments/v3_b2/hard_loose/rb_00086                 2              30     never
  real_exp/environments/v3_b2/hard_loose/rb_00087                 2              27     never
  real_exp/environments/v3_b2/hard_loose/rb_00088                 2              29     never
  real_exp/environments/v3_b2/hard_loose/rb_00094                 2              33     never
  real_exp/environments/v3_b2/hard_loose/rb_00095                 2              27     never
  real_exp/environments/v3_b2/hard_loose/rb_00096                 2              38     never
  real_exp/environments/v3_b2/hard_loose/rb_00097                 2              29     never
  real_exp/environments/v3_b2/hard_loose/rb_00100                 2               0         1
  real_exp/environments/v3_b2/hard_loose/rb_00103                 2              20     never
  real_exp/environments/v3_b2/hard_loose/rb_00105                 2              25     never
  real_exp/environments/v3_b2/hard_loose/rb_00107                 2              31     never
  real_exp/environments/v3_b2/hard_loose/rb_00108                 2              27     never
  real_exp/environments/v3_b2/hard_loose/rb_00111                 2              22     never
  real_exp/environments/v3_b2/hard_loose/rb_00112                 2              25     never
  real_exp/environments/v3_b2/hard_loose/rb_00117                 2              15     never
  real_exp/environments/v3_b2/hard_loose/rb_00122                 2              36     never
  real_exp/environments/v3_b2/hard_loose/rb_00125                 2              34     never
  real_exp/environments/v3_b2/hard_loose/rb_00126                 2              26     never
  real_exp/environments/v3_b2/hard_loose/rb_00129                 2              33     never
  real_exp/environments/v3_b2/hard_loose/rb_00132                 2              32     never
  real_exp/environments/v3_b2/hard_loose/rb_00134                 2              21     never
  real_exp/environments/v3_b2/hard_loose/rb_00135                 2              25     never
  real_exp/environments/v3_b2/hard_loose/rb_00136                 2              29     never
  real_exp/environments/v3_b2/hard_loose/rb_00137                 2              28     never
  real_exp/environments/v3_b2/hard_loose/rb_00138                 2               0         1
  real_exp/environments/v3_b2/hard_loose/rb_00142                 2              31     never
  real_exp/environments/v3_b2/hard_loose/rb_00143                 2              37     never
  real_exp/environments/v3_b2/hard_loose/rb_00144                 2              24     never
  real_exp/environments/v3_b2/hard_loose/rb_00150                 2               0         1
  real_exp/environments/v3_b2/hard_loose/rb_00153                 2              21     never
  real_exp/environments/v3_b2/hard_loose/rb_00154                 2              32     never
  real_exp/environments/v3_b2/hard_loose/rb_00159                 2              31     never
  real_exp/environments/v3_b2/hard_loose/rb_00160                 2              31     never
  real_exp/environments/v3_b2/hard_loose/rb_00163                 2              24     never
  real_exp/environments/v3_b2/hard_loose/rb_00164                 2              23     never
  real_exp/environments/v3_b2/hard_loose/rb_00165                 2              31     never
  real_exp/environments/v3_b2/hard_loose/rb_00168                 2              28     never
  real_exp/environments/v3_b2/hard_zig/rb_00075                   2              29     never
  real_exp/environments/v3_b2/hard_zig/rb_00076                   2              24     never
  real_exp/environments/v3_b2/hard_zig/rb_00077                   2              30     never
  real_exp/environments/v3_b2/hard_zig/rb_00078                   2              30     never
  real_exp/environments/v3_b2/hard_zig/rb_00079                   2              28     never
  real_exp/environments/v3_b2/hard_zig/rb_00080                   2              29     never
  real_exp/environments/v3_b2/hard_zig/rb_00082                   2              30     never
  real_exp/environments/v3_b2/hard_zig/rb_00083                   2              31     never
  real_exp/environments/v3_b2/hard_zig/rb_00084                   2              28     never
  real_exp/environments/v3_b2/hard_zig/rb_00085                   2              28     never
  real_exp/environments/v3_b2/hard_zig/rb_00086                   2              29     never
  real_exp/environments/v3_b2/hard_zig/rb_00087                   2              28     never
  real_exp/environments/v3_b2/hard_zig/rb_00089                   2              29     never
  real_exp/environments/v3_b2/hard_zig/rb_00091                   2              27     never
  real_exp/environments/v3_b2/hard_zig/rb_00092                   2              35     never
  real_exp/environments/v3_b2/hard_zig/rb_00093                   2              25     never
  real_exp/environments/v3_b2/hard_zig/rb_00095                   2              28     never
  real_exp/environments/v3_b2/hard_zig/rb_00097                   2              35     never
  real_exp/environments/v3_b2/hard_zig/rb_00098                   2              29     never
  real_exp/environments/v3_b2/hard_zig/rb_00100                   2              23     never
  real_exp/environments/v3_b2/hard_zig/rb_00101                   2              32     never
  real_exp/environments/v3_b2/hard_zig/rb_00102                   2              28     never
  real_exp/environments/v3_b2/hard_zig/rb_00104                   2              27     never
  real_exp/environments/v3_b2/hard_zig/rb_00106                   2              29     never
  real_exp/environments/v3_b2/hard_zig/rb_00108                   2              24     never
  real_exp/environments/v3_b2/hard_zig/rb_00109                   2              22     never
  real_exp/environments/v3_b2/hard_zig/rb_00110                   2              28     never
  real_exp/environments/v3_b2/hard_zig/rb_00111                   2              21     never
  real_exp/environments/v3_b2/hard_zig/rb_00112                   2              17     never
  real_exp/environments/v3_b2/hard_zig/rb_00113                   2              30     never
  real_exp/environments/v3_b2/hard_zig/rb_00114                   2              37     never
  real_exp/environments/v3_b2/hard_zig/rb_00115                   2              21     never
  real_exp/environments/v3_b2/hard_zig/rb_00116                   2              32     never
  real_exp/environments/v3_b2/hard_zig/rb_00121                   2              21     never
  real_exp/environments/v3_b2/hard_zig/rb_00124                   2              28     never
  real_exp/environments/v3_b2/hard_zig/rb_00126                   2              23     never
  real_exp/environments/v3_b2/hard_zig/rb_00129                   2              14     never
  real_exp/environments/v3_b2/hard_zig/rb_00130                   2              29     never
  real_exp/environments/v3_b2/hard_zig/rb_00131                   2              25     never
  real_exp/environments/v3_b2/hard_zig/rb_00132                   2              20     never
  real_exp/environments/v3_b2/hard_zig/rb_00133                   2              28     never
  real_exp/environments/v3_b2/hard_zig/rb_00134                   2              38     never
  real_exp/environments/v3_b2/hard_zig/rb_00135                   2              22     never
  real_exp/environments/v3_b2/hard_zig/rb_00136                   2              29     never
  real_exp/environments/v3_b2/hard_zig/rb_00137                   2              22     never
  real_exp/environments/v3_b2/hard_zig/rb_00138                   2              29     never
  real_exp/environments/v3_b2/hard_zig/rb_00139                   2              33     never
  real_exp/environments/v3_b2/hard_zig/rb_00140                   2              32     never
  real_exp/environments/v3_b2/hard_zig/rb_00141                   2              28     never
  real_exp/environments/v3_b2/hard_zig/rb_00142                   2              20     never
  real_exp/environments/v3_b2/hard_zig/rb_00143                   2              30     never
  real_exp/environments/v3_b2/hard_zig/rb_00144                   2              29     never
  real_exp/environments/v3_b2/hard_zig/rb_00145                   2              29     never
  real_exp/environments/v3_b2/hard_zig/rb_00146                   2              24     never
  real_exp/environments/v3_b2/hard_zig/rb_00147                   2              29     never
  real_exp/environments/v3_b2/hard_zig/rb_00148                   2              30     never
  real_exp/environments/v3_b2/hard_zig/rb_00149                   2              33     never
  real_exp/environments/v3_b2/hard_zig/rb_00150                   2              29     never
  real_exp/environments/v3_b2/hard_zig/rb_00151                   2              26     never
  real_exp/environments/v3_b2/hard_zig/rb_00152                   2              30     never
  real_exp/environments/v3_b2/hard_zig/rb_00155                   2              32     never
  real_exp/environments/v3_b2/hard_zig/rb_00156                   2              23     never
  real_exp/environments/v3_b2/hard_zig/rb_00158                   2              26     never
  real_exp/environments/v3_b2/hard_zig/rb_00159                   2              24     never
  real_exp/environments/v3_b2/hard_zig/rb_00160                   2              20     never
  real_exp/environments/v3_b2/hard_zig/rb_00161                   2              25     never
  real_exp/environments/v3_b2/hard_zig/rb_00163                   2              28     never
  real_exp/environments/v3_b2/hard_zig/rb_00164                   2              21     never
  real_exp/environments/v3_b2/hard_zig/rb_00165                   2              27     never
  real_exp/environments/v3_b2/hard_zig/rb_00166                   2              29     never
  real_exp/environments/v3_b2/hard_zig/rb_00167                   2              32     never
  real_exp/environments/v3_b2/hard_zig/rb_00168                   2              35     never
  real_exp/environments/v3_b2/hard_zig/rb_00170                   2              26     never
  real_exp/environments/v3_b2/hard_zig/rb_00171                   2              28     never
  real_exp/environments/v3_b2/hard_zig/rb_00172                   2              28     never
  real_exp/environments/v3_b2/hard_zig/rb_00173                   2              35     never
  real_exp/environments/v3_b2/hard_zig/rb_00174                   2              29     never
  real_exp/environments/v3_b2/hard_zig/rb_00175                   2              26     never
  real_exp/environments/v3_b2/hard_zig/rb_00176                   2              20     never
  real_exp/environments/v3_b2/hard_zig/rb_00178                   2              37     never
  real_exp/environments/v3_b2/hard_zig/rb_00181                   2              29     never
  real_exp/environments/v3_b2/hard_zig/rb_00183                   2              29     never
  real_exp/environments/v3_b2/hard_zig/rb_00184                   2              32     never
  real_exp/environments/v3_b2/hard_zig/rb_00185                   2              33     never
  real_exp/environments/v3_b2/hard_zig/rb_00186                   2              28     never
  real_exp/environments/v3_b2/hard_zig/rb_00188                   2              29     never
  real_exp/environments/v3_b2/hard_zig/rb_00189                   2              31     never
  real_exp/environments/v3_b2/hard_zig/rb_00190                   2              29     never
  real_exp/environments/v3_b2/hard_zig/rb_00191                   2              25     never
  real_exp/environments/v3_b2/hard_zig/rb_00192                   2              33     never
  real_exp/environments/v3_b2/hard_zig/rb_00193                   2              38     never
  real_exp/environments/v3_b2/hard_zig/rb_00194                   2              34     never
  real_exp/environments/v3_b2/hard_zig/rb_00195                   2              32     never
  real_exp/environments/v3_b2/hard_zig/rb_00196                   2              30     never
  real_exp/environments/v3_b2/hard_zig/rb_00197                   2              29     never
  real_exp/environments/v3_b2/hard_zig/rb_00199                   2              25     never
  real_exp/environments/v3_b2/med/rb_00107                        2              28     never
  real_exp/environments/v3_b2/med/rb_00109                        2              33     never
  real_exp/environments/v3_b2/med/rb_00110                        2              30     never
  real_exp/environments/v3_b2/med/rb_00111                        2              28     never
  real_exp/environments/v3_b2/med/rb_00112                        2              26     never
  real_exp/environments/v3_b2/med/rb_00113                        2              32     never
  real_exp/environments/v3_b2/med/rb_00115                        2              37     never
  real_exp/environments/v3_b2/med/rb_00118                        2              23     never
  real_exp/environments/v3_b2/med/rb_00122                        2              25     never
  real_exp/environments/v3_b2/med/rb_00124                        2              29     never
  real_exp/environments/v3_b2/med/rb_00125                        2              30     never
  real_exp/environments/v3_b2/med/rb_00128                        2              23     never
  real_exp/environments/v3_b2/med/rb_00129                        2              26     never
  real_exp/environments/v3_b2/med/rb_00135                        2              30     never
  real_exp/environments/v3_b2/med/rb_00136                        2              22     never
  real_exp/environments/v3_b2/med/rb_00139                        2              25     never
  real_exp/environments/v3_b2/med/rb_00140                        2              33     never
  real_exp/environments/v3_b2/med/rb_00142                        2              26     never
  real_exp/environments/v3_b2/med/rb_00145                        2              28     never
  real_exp/environments/v3_b2/med/rb_00147                        2              21     never
  real_exp/environments/v3_b2/med/rb_00148                        2              24     never
  real_exp/environments/v3_b2/med/rb_00150                        2              30     never
  real_exp/environments/v3_b2/med/rb_00152                        2              28     never
  real_exp/environments/v3_b2/med/rb_00153                        2              28     never
  real_exp/environments/v3_b2/med/rb_00154                        2              23     never
  real_exp/environments/v3_b2/med/rb_00155                        2              30     never
  real_exp/environments/v3_b2/med/rb_00156                        2              30     never
  real_exp/environments/v3_b2/med/rb_00157                        2              30     never
  real_exp/environments/v3_b2/med/rb_00158                        2              28     never
  real_exp/environments/v3_b2/med/rb_00160                        2              38     never
  real_exp/environments/v3_b2/med/rb_00161                        2              22     never
  real_exp/environments/v3_b2/med/rb_00165                        2              29     never
  real_exp/environments/v3_b2/med/rb_00171                        2              28     never
  real_exp/environments/v3_b2/med/rb_00173                        2              43     never
  real_exp/environments/v3_b2/med/rb_00175                        2              27     never
  real_exp/environments/v3_b2/med/rb_00179                        2              30     never
  real_exp/environments/v3_b2/med/rb_00180                        2              26     never
  real_exp/environments/v3_b2/med/rb_00181                        2              32     never
  real_exp/environments/v3_b2/med/rb_00183                        2              38     never
  real_exp/environments/v3_b2/med/rb_00186                        2              29     never
  real_exp/environments/v3_b2/med/rb_00188                        2              26     never
  real_exp/environments/v3_b2/med/rb_00189                        2              38     never
  real_exp/environments/v3_b2/med/rb_00190                        2              29     never
  real_exp/environments/v3_b2/med/rb_00193                        2              44     never
  real_exp/environments/v3_b2/med/rb_00195                        2              30     never
  real_exp/environments/v3_b2/med/rb_00196                        2              28     never
  real_exp/environments/v3_b2/med/rb_00197                        2              20       1.5
  real_exp/environments/v3_b2/med/rb_00198                        2              25     never
  real_exp/environments/v3_b2/med/rb_00199                        2              21     never
  real_exp/environments/v3_b2/med/rb_00201                        2              17     never
  real_exp/environments/v3_b2/med/rb_00206                        2              27     never
  real_exp/environments/v3_b2/med/rb_00207                        2              33       1.5
  real_exp/environments/v3_b2/med/rb_00208                        2              29     never
  real_exp/environments/v3_b2/med/rb_00212                        2              22     never
  real_exp/environments/v3_b2/med/rb_00216                        2              36     never
  real_exp/environments/v3_b2/med/rb_00217                        2              23     never
  real_exp/environments/v3_b2/med/rb_00218                        2              21     never
  real_exp/environments/v3_b2/med/rb_00220                        2              26     never
  real_exp/environments/v3_b2/med/rb_00223                        2              11     never
  real_exp/environments/v3_b2/med/rb_00224                        2              24     never
  real_exp/environments/v3_b2/med/rb_00227                        2              28     never
  real_exp/environments/v3_b2/med/rb_00228                        2              26     never
  real_exp/environments/v3_b2/med/rb_00234                        2              22     never
  real_exp/environments/v3_b2/med/rb_00236                        2              31     never
  real_exp/environments/v3_b2/med/rb_00239                        2              26     never
  real_exp/environments/v3_b2/med/rb_00242                        2              29     never
  real_exp/environments/v3_b2/med/rb_00243                        2              21     never
  real_exp/environments/v3_b2/med/rb_00245                        2              21     never
  real_exp/environments/v3_b2/med/rb_00248                        2              20     never

224 scenes scored, 0 skipped
  218 need a push: every route to the goal crosses a movable
  6 solvable by driving round everything

  Scenes a robot could have driven, which do not belong in a NAMO matrix:
    real_exp/environments/v3_b2/hard_loose/rb_00082  (clear at penalty 1.25)
    real_exp/environments/v3_b2/hard_loose/rb_00100  (clear at penalty 1)
    real_exp/environments/v3_b2/hard_loose/rb_00138  (clear at penalty 1)
    real_exp/environments/v3_b2/hard_loose/rb_00150  (clear at penalty 1)
    real_exp/environments/v3_b2/med/rb_00197  (clear at penalty 1.5)
    real_exp/environments/v3_b2/med/rb_00207  (clear at penalty 1.5)

wrote real_exp/navigation_sim/source_pool_v3_b2/navigation_baseline.csv
