[RemoteObserver] Connected to tcp://localhost:5556
[2J[Hcheck_build  rb_00182   20:34:47
----------------------------------------------------------------
  wall_10    brick  MISSING (camera does not see it)
  wall_11    brick  MISSING (camera does not see it)
  wall_9     brick  MISSING (camera does not see it)
  obj_4      block  MISSING (camera does not see it)
  obj_1      block  MISSING (camera does not see it)
  robot      start  MISSING (camera does not see it)
----------------------------------------------------------------
OK band: +/-2.0cm, +/-10deg (display only). Enter = run checksum. Ctrl+C = quit.
QFontDatabase: Cannot find font directory /home/dhruv/miniconda3/envs/namo312/lib/python3.12/site-packages/cv2/qt/fonts.
Note that Qt no longer ships fonts. Deploy some (from https://dejavu-fonts.github.io/ for example) or switch to fontconfig.
QFontDatabase: Cannot find font directory /home/dhruv/miniconda3/envs/namo312/lib/python3.12/site-packages/cv2/qt/fonts.
Note that Qt no longer ships fonts. Deploy some (from https://dejavu-fonts.github.io/ for example) or switch to fontconfig.
QFontDatabase: Cannot find font directory /home/dhruv/miniconda3/envs/namo312/lib/python3.12/site-packages/cv2/qt/fonts.
Note that Qt no longer ships fonts. Deploy some (from https://dejavu-fonts.github.io/ for example) or switch to fontconfig.
QFontDatabase: Cannot find font directory /home/dhruv/miniconda3/envs/namo312/lib/python3.12/site-packages/cv2/qt/fonts.
Note that Qt no longer ships fonts. Deploy some (from https://dejavu-fonts.github.io/ for example) or switch to fontconfig.
QFontDatabase: Cannot find font directory /home/dhruv/miniconda3/envs/namo312/lib/python3.12/site-packages/cv2/qt/fonts.
Note that Qt no longer ships fonts. Deploy some (from https://dejavu-fonts.github.io/ for example) or switch to fontconfig.
[2J[Hcheck_build  rb_00182   20:34:48
----------------------------------------------------------------
  wall_10    brick  dx= +0.05cm dy= -0.09cm dtheta=  -1.3deg  OK
  wall_11    brick  dx= -0.09cm dy= -0.10cm dtheta=  -1.5deg  OK
  wall_9     brick  dx= +0.08cm dy= -0.15cm dtheta=  +0.7deg  OK
  obj_4      block  dx= +0.04cm dy= -0.13cm dtheta=  -0.9deg  OK
  obj_1      block  dx= -0.02cm dy= -0.18cm dtheta=  +0.9deg  OK
  robot      start  dx= +0.88cm dy= +0.52cm dtheta= +60.9deg  ..
----------------------------------------------------------------
OK band: +/-2.0cm, +/-10deg (display only). Enter = run checksum. Ctrl+C = quit.
[2J[Hcheck_build  rb_00182   20:34:49
----------------------------------------------------------------
  wall_10    brick  dx= +0.06cm dy= -0.09cm dtheta=  -1.2deg  OK
  wall_11    brick  dx= -0.10cm dy= -0.10cm dtheta=  -1.5deg  OK
  wall_9     brick  dx= +0.08cm dy= -0.14cm dtheta=  +0.6deg  OK
  obj_4      block  dx= +0.16cm dy= -0.20cm dtheta=  -1.7deg  OK
  obj_1      block  dx= -0.06cm dy= -0.19cm dtheta=  +0.9deg  OK
  robot      start  dx= +0.88cm dy= +0.53cm dtheta= +61.0deg  ..
----------------------------------------------------------------
OK band: +/-2.0cm, +/-10deg (display only). Enter = run checksum. Ctrl+C = quit.
[2J[Hcheck_build  rb_00182   20:34:49
----------------------------------------------------------------
  wall_10    brick  dx= +0.06cm dy= -0.10cm dtheta=  -1.3deg  OK
  wall_11    brick  dx= -0.10cm dy= -0.09cm dtheta=  -1.5deg  OK
  wall_9     brick  dx= +0.08cm dy= -0.15cm dtheta=  +0.6deg  OK
  obj_4      block  dx= +0.11cm dy= -0.18cm dtheta=  -1.5deg  OK
  obj_1      block  dx= -0.03cm dy= -0.18cm dtheta=  +0.9deg  OK
  robot      start  dx= +0.87cm dy= +0.56cm dtheta= +60.9deg  ..
----------------------------------------------------------------
OK band: +/-2.0cm, +/-10deg (display only). Enter = run checksum. Ctrl+C = quit.
[2J[Hcheck_build  rb_00182   20:34:50
----------------------------------------------------------------
  wall_10    brick  dx= +0.05cm dy= -0.10cm dtheta=  -1.3deg  OK
  wall_11    brick  dx= -0.11cm dy= -0.07cm dtheta=  -1.5deg  OK
  wall_9     brick  dx= +0.08cm dy= -0.14cm dtheta=  +0.6deg  OK
  obj_4      block  dx= +0.21cm dy= -0.22cm dtheta=  -1.7deg  OK
  obj_1      block  dx= -0.01cm dy= -0.18cm dtheta=  +0.9deg  OK
  robot      start  dx= +0.85cm dy= +0.61cm dtheta= +61.0deg  ..
----------------------------------------------------------------
OK band: +/-2.0cm, +/-10deg (display only). Enter = run checksum. Ctrl+C = quit.
[2J[Hcheck_build  rb_00182   20:34:50
----------------------------------------------------------------
  wall_10    brick  dx= +0.05cm dy= -0.09cm dtheta=  -1.3deg  OK
  wall_11    brick  dx= -0.10cm dy= -0.09cm dtheta=  -1.5deg  OK
  wall_9     brick  dx= +0.08cm dy= -0.15cm dtheta=  +0.6deg  OK
  obj_4      block  dx= +0.32cm dy= -0.28cm dtheta=  -1.5deg  OK
  obj_1      block  dx= -0.08cm dy= -0.19cm dtheta=  +1.0deg  OK
  robot      start  dx= +0.87cm dy= +0.56cm dtheta= +60.9deg  ..
----------------------------------------------------------------
OK band: +/-2.0cm, +/-10deg (display only). Enter = run checksum. Ctrl+C = quit.
[2J[Hcheck_build  rb_00182   20:34:51
----------------------------------------------------------------
  wall_10    brick  dx= +0.05cm dy= -0.10cm dtheta=  -1.2deg  OK
  wall_11    brick  dx= -0.10cm dy= -0.09cm dtheta=  -1.5deg  OK
  wall_9     brick  dx= +0.08cm dy= -0.15cm dtheta=  +0.7deg  OK
  obj_4      block  dx= +0.16cm dy= -0.20cm dtheta=  -1.7deg  OK
  obj_1      block  dx= +0.02cm dy= -0.18cm dtheta=  +0.9deg  OK
  robot      start  dx= +0.88cm dy= +0.53cm dtheta= +60.9deg  ..
----------------------------------------------------------------
OK band: +/-2.0cm, +/-10deg (display only). Enter = run checksum. Ctrl+C = quit.
[2J[Hcheck_build  rb_00182   20:34:51
----------------------------------------------------------------
  wall_10    brick  dx= +0.06cm dy= -0.09cm dtheta=  -1.2deg  OK
  wall_11    brick  dx= -0.11cm dy= -0.08cm dtheta=  -1.4deg  OK
  wall_9     brick  dx= +0.08cm dy= -0.15cm dtheta=  +0.6deg  OK
  obj_4      block  dx= +0.21cm dy= -0.22cm dtheta=  -1.7deg  OK
  obj_1      block  dx= -0.05cm dy= -0.19cm dtheta=  +1.0deg  OK
  robot      start  dx= +0.88cm dy= +0.53cm dtheta= +60.9deg  ..
----------------------------------------------------------------
OK band: +/-2.0cm, +/-10deg (display only). Enter = run checksum. Ctrl+C = quit.
[2J[Hcheck_build  rb_00182   20:34:52
----------------------------------------------------------------
  wall_10    brick  dx= +0.05cm dy= -0.10cm dtheta=  -1.3deg  OK
  wall_11    brick  dx= -0.11cm dy= -0.07cm dtheta=  -1.5deg  OK
  wall_9     brick  dx= +0.08cm dy= -0.13cm dtheta=  +0.6deg  OK
  obj_4      block  dx= -0.17cm dy= -0.02cm dtheta=  +0.7deg  OK
  obj_1      block  dx= -0.03cm dy= -0.20cm dtheta=  +0.2deg  OK
  robot      start  dx= +0.83cm dy= +0.65cm dtheta= +61.0deg  ..
----------------------------------------------------------------
OK band: +/-2.0cm, +/-10deg (display only). Enter = run checksum. Ctrl+C = quit.
[2J[Hcheck_build  rb_00182   20:34:52
----------------------------------------------------------------
  wall_10    brick  dx= +0.06cm dy= -0.09cm dtheta=  -1.3deg  OK
  wall_11    brick  dx= -0.10cm dy= -0.09cm dtheta=  -1.4deg  OK
  wall_9     brick  dx= +0.08cm dy= -0.14cm dtheta=  +0.6deg  OK
  obj_4      block  dx= -0.13cm dy= -0.03cm dtheta=  +0.7deg  OK
  obj_1      block  dx= -0.02cm dy= -0.18cm dtheta=  +0.9deg  OK
  robot      start  dx= +0.89cm dy= +0.52cm dtheta= +60.9deg  ..
----------------------------------------------------------------
OK band: +/-2.0cm, +/-10deg (display only). Enter = run checksum. Ctrl+C = quit.
[2J[Hcheck_build  rb_00182   20:34:53
----------------------------------------------------------------
  wall_10    brick  dx= +0.06cm dy= -0.09cm dtheta=  -1.3deg  OK
  wall_11    brick  dx= -0.10cm dy= -0.09cm dtheta=  -1.5deg  OK
  wall_9     brick  dx= +0.08cm dy= -0.14cm dtheta=  +0.6deg  OK
  obj_4      block  dx= +0.19cm dy= -0.21cm dtheta=  -1.8deg  OK
  obj_1      block  dx= -0.03cm dy= -0.18cm dtheta=  +0.9deg  OK
  robot      start  dx= +0.89cm dy= +0.51cm dtheta= +60.9deg  ..
----------------------------------------------------------------
OK band: +/-2.0cm, +/-10deg (display only). Enter = run checksum. Ctrl+C = quit.
  no checksum columns on this sheet, cannot verify the build.
[2J[Hcheck_build  rb_00182   20:34:53
----------------------------------------------------------------
  wall_10    brick  dx= +0.05cm dy= -0.09cm dtheta=  -1.2deg  OK
  wall_11    brick  dx= -0.09cm dy= -0.11cm dtheta=  -1.5deg  OK
  wall_9     brick  dx= +0.08cm dy= -0.13cm dtheta=  +0.6deg  OK
  obj_4      block  dx= +0.17cm dy= -0.20cm dtheta=  -1.7deg  OK
  obj_1      block  dx= -0.04cm dy= -0.18cm dtheta=  +1.0deg  OK
  robot      start  dx= +0.87cm dy= +0.55cm dtheta= +61.0deg  ..
----------------------------------------------------------------
OK band: +/-2.0cm, +/-10deg (display only). Enter = run checksum. Ctrl+C = quit.
[2J[Hcheck_build  rb_00182   20:34:54
----------------------------------------------------------------
  wall_10    brick  dx= +0.05cm dy= -0.10cm dtheta=  -1.2deg  OK
  wall_11    brick  dx= -0.09cm dy= -0.11cm dtheta=  -1.5deg  OK
  wall_9     brick  dx= +0.08cm dy= -0.14cm dtheta=  +0.6deg  OK
  obj_4      block  dx= -0.15cm dy= -0.03cm dtheta=  +0.7deg  OK
  obj_1      block  dx= +0.00cm dy= -0.18cm dtheta=  +0.9deg  OK
  robot      start  dx= +0.86cm dy= +0.58cm dtheta= +60.9deg  ..
----------------------------------------------------------------
OK band: +/-2.0cm, +/-10deg (display only). Enter = run checksum. Ctrl+C = quit.
[2J[Hcheck_build  rb_00182   20:34:54
----------------------------------------------------------------
  wall_10    brick  dx= +0.05cm dy= -0.10cm dtheta=  -1.3deg  OK
  wall_11    brick  dx= -0.10cm dy= -0.09cm dtheta=  -1.5deg  OK
  wall_9     brick  dx= +0.08cm dy= -0.15cm dtheta=  +0.6deg  OK
  obj_4      block  dx= -0.06cm dy= -0.08cm dtheta=  -1.1deg  OK
  obj_1      block  dx= -0.02cm dy= -0.18cm dtheta=  +0.9deg  OK
  robot      start  dx= +0.88cm dy= +0.53cm dtheta= +61.0deg  ..
----------------------------------------------------------------
OK band: +/-2.0cm, +/-10deg (display only). Enter = run checksum. Ctrl+C = quit.
[2J[Hcheck_build  rb_00182   20:34:55
----------------------------------------------------------------
  wall_10    brick  dx= +0.06cm dy= -0.09cm dtheta=  -1.2deg  OK
  wall_11    brick  dx= -0.10cm dy= -0.09cm dtheta=  -1.5deg  OK
  wall_9     brick  dx= +0.08cm dy= -0.14cm dtheta=  +0.6deg  OK
  obj_4      block  dx= -0.02cm dy= -0.10cm dtheta=  +0.2deg  OK
  obj_1      block  dx= -0.04cm dy= -0.19cm dtheta=  +0.9deg  OK
  robot      start  dx= +0.87cm dy= +0.55cm dtheta= +60.9deg  ..
----------------------------------------------------------------
OK band: +/-2.0cm, +/-10deg (display only). Enter = run checksum. Ctrl+C = quit.
[2J[Hcheck_build  rb_00182   20:34:55
----------------------------------------------------------------
  wall_10    brick  dx= +0.06cm dy= -0.09cm dtheta=  -1.3deg  OK
  wall_11    brick  dx= -0.10cm dy= -0.10cm dtheta=  -1.5deg  OK
  wall_9     brick  dx= +0.08cm dy= -0.15cm dtheta=  +0.7deg  OK
  obj_4      block  dx= +0.01cm dy= -0.11cm dtheta=  +0.1deg  OK
  obj_1      block  dx= -0.03cm dy= -0.18cm dtheta=  +0.9deg  OK
  robot      start  dx= +0.85cm dy= +0.61cm dtheta= +61.0deg  ..
----------------------------------------------------------------
OK band: +/-2.0cm, +/-10deg (display only). Enter = run checksum. Ctrl+C = quit.
[2J[Hcheck_build  rb_00182   20:34:56
----------------------------------------------------------------
  wall_10    brick  dx= +0.06cm dy= -0.09cm dtheta=  -1.2deg  OK
  wall_11    brick  dx= -0.10cm dy= -0.09cm dtheta=  -1.5deg  OK
  wall_9     brick  dx= +0.08cm dy= -0.15cm dtheta=  +0.6deg  OK
  obj_4      block  dx= +0.20cm dy= -0.22cm dtheta=  -1.7deg  OK
  obj_1      block  dx= -0.02cm dy= -0.18cm dtheta=  +0.9deg  OK
  robot      start  dx= +0.87cm dy= +0.55cm dtheta= +61.0deg  ..
----------------------------------------------------------------
OK band: +/-2.0cm, +/-10deg (display only). Enter = run checksum. Ctrl+C = quit.
[2J[Hcheck_build  rb_00182   20:34:56
----------------------------------------------------------------
  wall_10    brick  dx= +0.06cm dy= -0.09cm dtheta=  -1.3deg  OK
  wall_11    brick  dx= -0.12cm dy= -0.07cm dtheta=  -1.4deg  OK
  wall_9     brick  dx= +0.08cm dy= -0.14cm dtheta=  +0.6deg  OK
  obj_4      block  dx= +0.29cm dy= -0.27cm dtheta=  -1.4deg  OK
  obj_1      block  dx= +0.00cm dy= -0.18cm dtheta=  +0.9deg  OK
  robot      start  dx= +0.86cm dy= +0.57cm dtheta= +60.9deg  ..
----------------------------------------------------------------
OK band: +/-2.0cm, +/-10deg (display only). Enter = run checksum. Ctrl+C = quit.
[2J[Hcheck_build  rb_00182   20:34:57
----------------------------------------------------------------
  wall_10    brick  dx= +0.05cm dy= -0.09cm dtheta=  -1.3deg  OK
  wall_11    brick  dx= -0.10cm dy= -0.09cm dtheta=  -1.5deg  OK
  wall_9     brick  dx= +0.08cm dy= -0.15cm dtheta=  +0.7deg  OK
  obj_4      block  dx= +0.15cm dy= -0.19cm dtheta=  -1.7deg  OK
  obj_1      block  dx= -0.05cm dy= -0.19cm dtheta=  +0.9deg  OK
  robot      start  dx= +0.87cm dy= +0.56cm dtheta= +61.0deg  ..
----------------------------------------------------------------
OK band: +/-2.0cm, +/-10deg (display only). Enter = run checksum. Ctrl+C = quit.
[2J[Hcheck_build  rb_00182   20:34:57
----------------------------------------------------------------
  wall_10    brick  dx= +0.05cm dy= -0.10cm dtheta=  -1.2deg  OK
  wall_11    brick  dx= -0.09cm dy= -0.10cm dtheta=  -1.5deg  OK
  wall_9     brick  dx= +0.08cm dy= -0.14cm dtheta=  +0.6deg  OK
  obj_4      block  dx= +0.14cm dy= -0.19cm dtheta=  -1.6deg  OK
  obj_1      block  dx= -0.04cm dy= -0.19cm dtheta=  +0.9deg  OK
  robot      start  dx= +0.85cm dy= +0.61cm dtheta= +61.0deg  ..
----------------------------------------------------------------
OK band: +/-2.0cm, +/-10deg (display only). Enter = run checksum. Ctrl+C = quit.
[2J[Hcheck_build  rb_00182   20:34:58
----------------------------------------------------------------
  wall_10    brick  dx= +0.06cm dy= -0.09cm dtheta=  -1.3deg  OK
  wall_11    brick  dx= -0.12cm dy= -0.07cm dtheta=  -1.4deg  OK
  wall_9     brick  dx= +0.08cm dy= -0.14cm dtheta=  +0.7deg  OK
  obj_4      block  dx= -0.25cm dy= +0.03cm dtheta=  +0.4deg  OK
  obj_1      block  dx= -0.02cm dy= -0.18cm dtheta=  +1.0deg  OK
  robot      start  dx= +0.85cm dy= +0.61cm dtheta= +61.0deg  ..
----------------------------------------------------------------
OK band: +/-2.0cm, +/-10deg (display only). Enter = run checksum. Ctrl+C = quit.
[2J[Hcheck_build  rb_00182   20:34:58
----------------------------------------------------------------
  wall_10    brick  dx= +0.05cm dy= -0.09cm dtheta=  -1.3deg  OK
  wall_11    brick  dx= -0.11cm dy= -0.08cm dtheta=  -1.4deg  OK
  wall_9     brick  dx= +0.08cm dy= -0.15cm dtheta=  +0.6deg  OK
  obj_4      block  dx= +0.30cm dy= -0.27cm dtheta=  -1.4deg  OK
  obj_1      block  dx= -0.03cm dy= -0.18cm dtheta=  +0.9deg  OK
  robot      start  dx= +0.84cm dy= +0.62cm dtheta= +61.0deg  ..
----------------------------------------------------------------
OK band: +/-2.0cm, +/-10deg (display only). Enter = run checksum. Ctrl+C = quit.
  no checksum columns on this sheet, cannot verify the build.
[2J[Hcheck_build  rb_00182   20:34:59
----------------------------------------------------------------
  wall_10    brick  dx= +0.06cm dy= -0.09cm dtheta=  -1.3deg  OK
  wall_11    brick  dx= -0.10cm dy= -0.09cm dtheta=  -1.5deg  OK
  wall_9     brick  dx= +0.08cm dy= -0.15cm dtheta=  +0.6deg  OK
  obj_4      block  dx= +0.18cm dy= -0.21cm dtheta=  -1.7deg  OK
  obj_1      block  dx= -0.02cm dy= -0.18cm dtheta=  +0.9deg  OK
  robot      start  dx= +0.89cm dy= +0.52cm dtheta= +60.9deg  ..
----------------------------------------------------------------
OK band: +/-2.0cm, +/-10deg (display only). Enter = run checksum. Ctrl+C = quit.
[2J[Hcheck_build  rb_00182   20:34:59
----------------------------------------------------------------
  wall_10    brick  dx= +0.05cm dy= -0.10cm dtheta=  -1.2deg  OK
  wall_11    brick  dx= -0.09cm dy= -0.10cm dtheta=  -1.5deg  OK
  wall_9     brick  dx= +0.08cm dy= -0.14cm dtheta=  +0.6deg  OK
  obj_4      block  dx= -0.24cm dy= +0.02cm dtheta=  +0.5deg  OK
  obj_1      block  dx= +0.00cm dy= -0.18cm dtheta=  +0.9deg  OK
  robot      start  dx= +0.83cm dy= +0.64cm dtheta= +60.9deg  ..
----------------------------------------------------------------
OK band: +/-2.0cm, +/-10deg (display only). Enter = run checksum. Ctrl+C = quit.
[2J[Hcheck_build  rb_00182   20:35:00
----------------------------------------------------------------
  wall_10    brick  dx= +0.06cm dy= -0.09cm dtheta=  -1.3deg  OK
  wall_11    brick  dx= -0.10cm dy= -0.10cm dtheta=  -1.5deg  OK
  wall_9     brick  dx= +0.08cm dy= -0.15cm dtheta=  +0.7deg  OK
  obj_4      block  dx= +0.25cm dy= -0.25cm dtheta=  -1.4deg  OK
  obj_1      block  dx= -0.05cm dy= -0.19cm dtheta=  +0.9deg  OK
  robot      start  dx= +0.88cm dy= +0.54cm dtheta= +60.9deg  ..
----------------------------------------------------------------
OK band: +/-2.0cm, +/-10deg (display only). Enter = run checksum. Ctrl+C = quit.
[2J[Hcheck_build  rb_00182   20:35:00
----------------------------------------------------------------
  wall_10    brick  dx= +0.05cm dy= -0.09cm dtheta=  -1.3deg  OK
  wall_11    brick  dx= -0.10cm dy= -0.09cm dtheta=  -1.4deg  OK
  wall_9     brick  dx= +0.08cm dy= -0.14cm dtheta=  +0.6deg  OK
  obj_4      block  dx= +0.18cm dy= -0.21cm dtheta=  -1.7deg  OK
  obj_1      block  dx= -0.03cm dy= -0.19cm dtheta=  +0.9deg  OK
  robot      start  dx= +0.90cm dy= +0.49cm dtheta= +61.0deg  ..
----------------------------------------------------------------
OK band: +/-2.0cm, +/-10deg (display only). Enter = run checksum. Ctrl+C = quit.
[2J[Hcheck_build  rb_00182   20:35:01
----------------------------------------------------------------
  wall_10    brick  dx= +0.06cm dy= -0.09cm dtheta=  -1.3deg  OK
  wall_11    brick  dx= -0.10cm dy= -0.09cm dtheta=  -1.5deg  OK
  wall_9     brick  dx= +0.08cm dy= -0.16cm dtheta=  +0.6deg  OK
  obj_4      block  dx= +0.28cm dy= -0.27cm dtheta=  -1.4deg  OK
  obj_1      block  dx= -0.02cm dy= -0.18cm dtheta=  +0.9deg  OK
  robot      start  dx= +0.90cm dy= +0.49cm dtheta= +60.9deg  ..
----------------------------------------------------------------
OK band: +/-2.0cm, +/-10deg (display only). Enter = run checksum. Ctrl+C = quit.
[2J[Hcheck_build  rb_00182   20:35:01
----------------------------------------------------------------
  wall_10    brick  dx= +0.05cm dy= -0.10cm dtheta=  -1.3deg  OK
  wall_11    brick  dx= -0.10cm dy= -0.09cm dtheta=  -1.4deg  OK
  wall_9     brick  dx= +0.08cm dy= -0.15cm dtheta=  +0.6deg  OK
  obj_4      block  dx= -0.10cm dy= -0.05cm dtheta=  -1.1deg  OK
  obj_1      block  dx= -0.01cm dy= -0.18cm dtheta=  +1.0deg  OK
  robot      start  dx= +0.88cm dy= +0.53cm dtheta= +60.9deg  ..
----------------------------------------------------------------
OK band: +/-2.0cm, +/-10deg (display only). Enter = run checksum. Ctrl+C = quit.
[2J[Hcheck_build  rb_00182   20:35:02
----------------------------------------------------------------
  wall_10    brick  dx= +0.05cm dy= -0.09cm dtheta=  -1.3deg  OK
  wall_11    brick  dx= -0.09cm dy= -0.11cm dtheta=  -1.5deg  OK
  wall_9     brick  dx= +0.08cm dy= -0.15cm dtheta=  +0.7deg  OK
  obj_4      block  dx= +0.16cm dy= -0.19cm dtheta=  -1.6deg  OK
  obj_1      block  dx= +0.04cm dy= -0.19cm dtheta=  +0.2deg  OK
  robot      start  dx= +0.88cm dy= +0.54cm dtheta= +60.9deg  ..
----------------------------------------------------------------
OK band: +/-2.0cm, +/-10deg (display only). Enter = run checksum. Ctrl+C = quit.
[2J[Hcheck_build  rb_00182   20:35:02
----------------------------------------------------------------
  wall_10    brick  dx= +0.06cm dy= -0.09cm dtheta=  -1.2deg  OK
  wall_11    brick  dx= -0.10cm dy= -0.09cm dtheta=  -1.5deg  OK
  wall_9     brick  dx= +0.08cm dy= -0.15cm dtheta=  +0.7deg  OK
  obj_4      block  dx= -0.08cm dy= -0.06cm dtheta=  -1.1deg  OK
  obj_1      block  dx= +0.00cm dy= -0.18cm dtheta=  +0.9deg  OK
  robot      start  dx= +0.88cm dy= +0.53cm dtheta= +60.9deg  ..
----------------------------------------------------------------
OK band: +/-2.0cm, +/-10deg (display only). Enter = run checksum. Ctrl+C = quit.
[2J[Hcheck_build  rb_00182   20:35:03
----------------------------------------------------------------
  wall_10    brick  dx= +0.05cm dy= -0.10cm dtheta=  -1.3deg  OK
  wall_11    brick  dx= -0.11cm dy= -0.08cm dtheta=  -1.4deg  OK
  wall_9     brick  dx= +0.08cm dy= -0.15cm dtheta=  +0.6deg  OK
  obj_4      block  dx= +0.19cm dy= -0.21cm dtheta=  -1.7deg  OK
  obj_1      block  dx= -0.02cm dy= -0.19cm dtheta=  +1.0deg  OK
  robot      start  dx= +0.86cm dy= +0.58cm dtheta= +61.0deg  ..
----------------------------------------------------------------
OK band: +/-2.0cm, +/-10deg (display only). Enter = run checksum. Ctrl+C = quit.
[2J[Hcheck_build  rb_00182   20:35:03
----------------------------------------------------------------
  wall_10    brick  dx= +0.06cm dy= -0.09cm dtheta=  -1.3deg  OK
  wall_11    brick  dx= -0.09cm dy= -0.10cm dtheta=  -1.5deg  OK
  wall_9     brick  dx= +0.08cm dy= -0.15cm dtheta=  +0.7deg  OK
  obj_4      block  dx= +0.26cm dy= -0.26cm dtheta=  -1.4deg  OK
  obj_1      block  dx= +0.03cm dy= -0.18cm dtheta=  +0.9deg  OK
  robot      start  dx= +0.87cm dy= +0.54cm dtheta= +60.9deg  ..
----------------------------------------------------------------
OK band: +/-2.0cm, +/-10deg (display only). Enter = run checksum. Ctrl+C = quit.
[2J[Hcheck_build  rb_00182   20:35:04
----------------------------------------------------------------
  wall_10    brick  dx= +0.05cm dy= -0.10cm dtheta=  -1.2deg  OK
  wall_11    brick  dx= -0.09cm dy= -0.10cm dtheta=  -1.5deg  OK
  wall_9     brick  dx= +0.08cm dy= -0.15cm dtheta=  +0.6deg  OK
  obj_4      block  dx= +0.23cm dy= -0.24cm dtheta=  -1.3deg  OK
  obj_1      block  dx= -0.05cm dy= -0.19cm dtheta=  +0.9deg  OK
  robot      start  dx= +0.89cm dy= +0.49cm dtheta= +61.0deg  ..
----------------------------------------------------------------
OK band: +/-2.0cm, +/-10deg (display only). Enter = run checksum. Ctrl+C = quit.
  no checksum columns on this sheet, cannot verify the build.
[2J[Hcheck_build  rb_00182   20:35:04
----------------------------------------------------------------
  wall_10    brick  dx= +0.06cm dy= -0.09cm dtheta=  -1.2deg  OK
  wall_11    brick  dx= -0.10cm dy= -0.09cm dtheta=  -1.5deg  OK
  wall_9     brick  dx= +0.08cm dy= -0.15cm dtheta=  +0.6deg  OK
  obj_4      block  dx= +0.19cm dy= -0.21cm dtheta=  -1.8deg  OK
  obj_1      block  dx= -0.04cm dy= -0.18cm dtheta=  +0.9deg  OK
  robot      start  dx= +0.88cm dy= +0.53cm dtheta= +61.0deg  ..
----------------------------------------------------------------
OK band: +/-2.0cm, +/-10deg (display only). Enter = run checksum. Ctrl+C = quit.
[2J[Hcheck_build  rb_00182   20:35:05
----------------------------------------------------------------
  wall_10    brick  dx= +0.05cm dy= -0.09cm dtheta=  -1.2deg  OK
  wall_11    brick  dx= -0.11cm dy= -0.08cm dtheta=  -1.4deg  OK
  wall_9     brick  dx= +0.08cm dy= -0.15cm dtheta=  +0.7deg  OK
  obj_4      block  dx= -0.22cm dy= +0.02cm dtheta=  +0.5deg  OK
  obj_1      block  dx= +0.01cm dy= -0.18cm dtheta=  +0.9deg  OK
  robot      start  dx= +0.87cm dy= +0.56cm dtheta= +61.0deg  ..
----------------------------------------------------------------
OK band: +/-2.0cm, +/-10deg (display only). Enter = run checksum. Ctrl+C = quit.
[2J[Hcheck_build  rb_00182   20:35:05
----------------------------------------------------------------
  wall_10    brick  dx= +0.05cm dy= -0.09cm dtheta=  -1.2deg  OK
  wall_11    brick  dx= -0.11cm dy= -0.08cm dtheta=  -1.5deg  OK
  wall_9     brick  dx= +0.08cm dy= -0.16cm dtheta=  +0.6deg  OK
  obj_4      block  dx= +0.20cm dy= -0.22cm dtheta=  -1.7deg  OK
  obj_1      block  dx= -0.02cm dy= -0.18cm dtheta=  +0.9deg  OK
  robot      start  dx= +0.88cm dy= +0.54cm dtheta= +60.9deg  ..
----------------------------------------------------------------
OK band: +/-2.0cm, +/-10deg (display only). Enter = run checksum. Ctrl+C = quit.
[2J[Hcheck_build  rb_00182   20:35:06
----------------------------------------------------------------
  wall_10    brick  dx= +0.06cm dy= -0.09cm dtheta=  -1.3deg  OK
  wall_11    brick  dx= -0.10cm dy= -0.09cm dtheta=  -1.5deg  OK
  wall_9     brick  dx= +0.08cm dy= -0.15cm dtheta=  +0.6deg  OK
  obj_4      block  dx= +0.18cm dy= -0.21cm dtheta=  -1.7deg  OK
  obj_1      block  dx= -0.08cm dy= -0.19cm dtheta=  +0.9deg  OK
  robot      start  dx= +0.88cm dy= +0.53cm dtheta= +60.9deg  ..
----------------------------------------------------------------
OK band: +/-2.0cm, +/-10deg (display only). Enter = run checksum. Ctrl+C = quit.
[2J[Hcheck_build  rb_00182   20:35:06
----------------------------------------------------------------
  wall_10    brick  dx= +0.05cm dy= -0.10cm dtheta=  -1.2deg  OK
  wall_11    brick  dx= -0.10cm dy= -0.10cm dtheta=  -1.4deg  OK
  wall_9     brick  dx= +0.08cm dy= -0.14cm dtheta=  +0.6deg  OK
  obj_4      block  dx= +0.16cm dy= -0.20cm dtheta=  -1.6deg  OK
  obj_1      block  dx= -0.01cm dy= -0.18cm dtheta=  +0.9deg  OK
  robot      start  dx= +0.83cm dy= +0.64cm dtheta= +61.0deg  ..
----------------------------------------------------------------
OK band: +/-2.0cm, +/-10deg (display only). Enter = run checksum. Ctrl+C = quit.
[2J[Hcheck_build  rb_00182   20:35:07
----------------------------------------------------------------
  wall_10    brick  dx= +0.06cm dy= -0.09cm dtheta=  -1.2deg  OK
  wall_11    brick  dx= -0.09cm dy= -0.10cm dtheta=  -1.5deg  OK
  wall_9     brick  dx= +0.08cm dy= -0.14cm dtheta=  +0.6deg  OK
  obj_4      block  dx= -0.09cm dy= -0.06cm dtheta=  -1.1deg  OK
  obj_1      block  dx= -0.02cm dy= -0.18cm dtheta=  +0.9deg  OK
  robot      start  dx= +0.91cm dy= +0.47cm dtheta= +60.9deg  ..
----------------------------------------------------------------
OK band: +/-2.0cm, +/-10deg (display only). Enter = run checksum. Ctrl+C = quit.
[2J[Hcheck_build  rb_00182   20:35:07
----------------------------------------------------------------
  wall_10    brick  dx= +0.05cm dy= -0.10cm dtheta=  -1.3deg  OK
  wall_11    brick  dx= -0.12cm dy= -0.07cm dtheta=  -1.5deg  OK
  wall_9     brick  dx= +0.08cm dy= -0.14cm dtheta=  +0.6deg  OK
  obj_4      block  dx= -0.02cm dy= -0.10cm dtheta=  +0.2deg  OK
  obj_1      block  dx= -0.01cm dy= -0.19cm dtheta=  +0.2deg  OK
  robot      start  dx= +0.88cm dy= +0.53cm dtheta= +61.0deg  ..
----------------------------------------------------------------
OK band: +/-2.0cm, +/-10deg (display only). Enter = run checksum. Ctrl+C = quit.
[2J[Hcheck_build  rb_00182   20:35:08
----------------------------------------------------------------
  wall_10    brick  dx= +0.05cm dy= -0.09cm dtheta=  -1.3deg  OK
  wall_11    brick  dx= -0.11cm dy= -0.08cm dtheta=  -1.4deg  OK
  wall_9     brick  dx= +0.08cm dy= -0.14cm dtheta=  +0.7deg  OK
  obj_4      block  dx= -0.08cm dy= -0.06cm dtheta=  -1.1deg  OK
  obj_1      block  dx= -0.05cm dy= -0.18cm dtheta=  +0.9deg  OK
  robot      start  dx= +0.84cm dy= +0.63cm dtheta= +60.9deg  ..
----------------------------------------------------------------
OK band: +/-2.0cm, +/-10deg (display only). Enter = run checksum. Ctrl+C = quit.
[2J[Hcheck_build  rb_00182   20:35:08
----------------------------------------------------------------
  wall_10    brick  dx= +0.05cm dy= -0.09cm dtheta=  -1.2deg  OK
  wall_11    brick  dx= -0.11cm dy= -0.08cm dtheta=  -1.5deg  OK
  wall_9     brick  dx= +0.08cm dy= -0.15cm dtheta=  +0.6deg  OK
  obj_4      block  dx= +0.17cm dy= -0.20cm dtheta=  -1.7deg  OK
  obj_1      block  dx= -0.08cm dy= -0.19cm dtheta=  +0.9deg  OK
  robot      start  dx= +0.87cm dy= +0.54cm dtheta= +60.9deg  ..
----------------------------------------------------------------
OK band: +/-2.0cm, +/-10deg (display only). Enter = run checksum. Ctrl+C = quit.
[2J[Hcheck_build  rb_00182   20:35:09
----------------------------------------------------------------
  wall_10    brick  dx= +0.05cm dy= -0.10cm dtheta=  -1.3deg  OK
  wall_11    brick  dx= -0.10cm dy= -0.10cm dtheta=  -1.5deg  OK
  wall_9     brick  dx= +0.08cm dy= -0.16cm dtheta=  +0.6deg  OK
  obj_4      block  dx= +0.17cm dy= -0.20cm dtheta=  -1.7deg  OK
  obj_1      block  dx= +0.01cm dy= -0.18cm dtheta=  +0.9deg  OK
  robot      start  dx= +0.87cm dy= +0.55cm dtheta= +60.9deg  ..
----------------------------------------------------------------
OK band: +/-2.0cm, +/-10deg (display only). Enter = run checksum. Ctrl+C = quit.
  no checksum columns on this sheet, cannot verify the build.
[2J[Hcheck_build  rb_00182   20:35:09
----------------------------------------------------------------
  wall_10    brick  dx= +0.05cm dy= -0.10cm dtheta=  -1.3deg  OK
  wall_11    brick  dx= -0.10cm dy= -0.10cm dtheta=  -1.5deg  OK
  wall_9     brick  dx= +0.08cm dy= -0.16cm dtheta=  +0.6deg  OK
  obj_4      block  dx= +0.17cm dy= -0.20cm dtheta=  -1.7deg  OK
  obj_1      block  dx= +0.01cm dy= -0.18cm dtheta=  +0.9deg  OK
  robot      start  dx= +0.87cm dy= +0.55cm dtheta= +60.9deg  ..
----------------------------------------------------------------
OK band: +/-2.0cm, +/-10deg (display only). Enter = run checksum. Ctrl+C = quit.
[2J[Hcheck_build  rb_00182   20:35:10
----------------------------------------------------------------
  wall_10    brick  dx= +0.05cm dy= -0.10cm dtheta=  -1.3deg  OK
  wall_11    brick  dx= -0.10cm dy= -0.10cm dtheta=  -1.5deg  OK
  wall_9     brick  dx= +0.08cm dy= -0.16cm dtheta=  +0.6deg  OK
  obj_4      block  dx= +0.17cm dy= -0.20cm dtheta=  -1.7deg  OK
  obj_1      block  dx= +0.01cm dy= -0.18cm dtheta=  +0.9deg  OK
  robot      start  dx= +0.87cm dy= +0.55cm dtheta= +60.9deg  ..
----------------------------------------------------------------
OK band: +/-2.0cm, +/-10deg (display only). Enter = run checksum. Ctrl+C = quit.
[2J[Hcheck_build  rb_00182   20:35:10
----------------------------------------------------------------
  wall_10    brick  dx= +0.06cm dy= -0.09cm dtheta=  -1.2deg  OK
  wall_11    brick  dx= -0.10cm dy= -0.09cm dtheta=  -1.5deg  OK
  wall_9     brick  dx= +0.08cm dy= -0.14cm dtheta=  +0.6deg  OK
  obj_4      block  dx= -0.22cm dy= +0.02cm dtheta=  +0.4deg  OK
  obj_1      block  dx= +0.06cm dy= -0.18cm dtheta=  +0.9deg  OK
  robot      start  dx= +0.69cm dy= -0.20cm dtheta= +59.1deg  ..
----------------------------------------------------------------
OK band: +/-2.0cm, +/-10deg (display only). Enter = run checksum. Ctrl+C = quit.
[2J[Hcheck_build  rb_00182   20:35:11
----------------------------------------------------------------
  wall_10    brick  dx= +0.06cm dy= -0.09cm dtheta=  -1.3deg  OK
  wall_11    brick  dx= -0.10cm dy= -0.09cm dtheta=  -1.4deg  OK
  wall_9     brick  dx= +0.08cm dy= -0.15cm dtheta=  +0.6deg  OK
  obj_4      block  dx= +0.17cm dy= -0.20cm dtheta=  -1.7deg  OK
  obj_1      block  dx= -0.03cm dy= -0.18cm dtheta=  +1.0deg  OK
  robot      start  dx= +0.70cm dy= -0.22cm dtheta= +59.1deg  ..
----------------------------------------------------------------
OK band: +/-2.0cm, +/-10deg (display only). Enter = run checksum. Ctrl+C = quit.
[2J[Hcheck_build  rb_00182   20:35:11
----------------------------------------------------------------
  wall_10    brick  dx= +0.06cm dy= -0.09cm dtheta=  -1.3deg  OK
  wall_11    brick  dx= -0.10cm dy= -0.09cm dtheta=  -1.5deg  OK
  wall_9     brick  dx= +0.08cm dy= -0.16cm dtheta=  +0.6deg  OK
  obj_4      block  dx= +0.20cm dy= -0.22cm dtheta=  -1.8deg  OK
  obj_1      block  dx= -0.06cm dy= -0.19cm dtheta=  +0.9deg  OK
  robot      start  dx= +0.70cm dy= -0.23cm dtheta= +59.2deg  ..
----------------------------------------------------------------
OK band: +/-2.0cm, +/-10deg (display only). Enter = run checksum. Ctrl+C = quit.
[2J[Hcheck_build  rb_00182   20:35:12
----------------------------------------------------------------
  wall_10    brick  dx= +0.05cm dy= -0.09cm dtheta=  -1.3deg  OK
  wall_11    brick  dx= -0.10cm dy= -0.09cm dtheta=  -1.5deg  OK
  wall_9     brick  dx= +0.08cm dy= -0.16cm dtheta=  +0.7deg  OK
  obj_4      block  dx= -0.17cm dy= -0.02cm dtheta=  +0.8deg  OK
  obj_1      block  dx= +0.02cm dy= -0.18cm dtheta=  +0.9deg  OK
  robot      start  dx= +0.64cm dy= -0.09cm dtheta= +59.2deg  ..
----------------------------------------------------------------
OK band: +/-2.0cm, +/-10deg (display only). Enter = run checksum. Ctrl+C = quit.
[2J[Hcheck_build  rb_00182   20:35:12
----------------------------------------------------------------
  wall_10    brick  dx= +0.05cm dy= -0.09cm dtheta=  -1.3deg  OK
  wall_11    brick  dx= -0.10cm dy= -0.09cm dtheta=  -1.5deg  OK
  wall_9     brick  dx= +0.08cm dy= -0.16cm dtheta=  +0.7deg  OK
  obj_4      block  dx= -0.17cm dy= -0.02cm dtheta=  +0.8deg  OK
  obj_1      block  dx= +0.02cm dy= -0.18cm dtheta=  +0.9deg  OK
  robot      start  dx= +0.64cm dy= -0.09cm dtheta= +59.2deg  ..
----------------------------------------------------------------
OK band: +/-2.0cm, +/-10deg (display only). Enter = run checksum. Ctrl+C = quit.
[2J[Hcheck_build  rb_00182   20:35:13
----------------------------------------------------------------
  wall_10    brick  dx= +0.06cm dy= -0.09cm dtheta=  -1.3deg  OK
  wall_11    brick  dx= -0.10cm dy= -0.09cm dtheta=  -1.5deg  OK
  wall_9     brick  dx= +0.08cm dy= -0.15cm dtheta=  +0.7deg  OK
  obj_4      block  dx= +0.16cm dy= -0.20cm dtheta=  -1.6deg  OK
  obj_1      block  dx= -0.04cm dy= -0.18cm dtheta=  +0.9deg  OK
  robot      start  dx= +0.57cm dy= -0.13cm dtheta= +62.8deg  ..
----------------------------------------------------------------
OK band: +/-2.0cm, +/-10deg (display only). Enter = run checksum. Ctrl+C = quit.
[2J[Hcheck_build  rb_00182   20:35:13
----------------------------------------------------------------
  wall_10    brick  dx= +0.06cm dy= -0.09cm dtheta=  -1.3deg  OK
  wall_11    brick  dx= -0.11cm dy= -0.08cm dtheta=  -1.5deg  OK
  wall_9     brick  dx= +0.08cm dy= -0.16cm dtheta=  +0.7deg  OK
  obj_4      block  dx= +0.17cm dy= -0.21cm dtheta=  -1.6deg  OK
  obj_1      block  dx= +0.02cm dy= -0.18cm dtheta=  +0.9deg  OK
  robot      start  dx= +0.50cm dy= +0.03cm dtheta= +62.8deg  ..
----------------------------------------------------------------
OK band: +/-2.0cm, +/-10deg (display only). Enter = run checksum. Ctrl+C = quit.
[2J[Hcheck_build  rb_00182   20:35:14
----------------------------------------------------------------
  wall_10    brick  dx= +0.06cm dy= -0.09cm dtheta=  -1.3deg  OK
  wall_11    brick  dx= -0.11cm dy= -0.07cm dtheta=  -1.4deg  OK
  wall_9     brick  dx= +0.08cm dy= -0.13cm dtheta=  +0.7deg  OK
  obj_4      block  dx= +0.15cm dy= -0.19cm dtheta=  -1.5deg  OK
  obj_1      block  dx= -0.02cm dy= -0.18cm dtheta=  +0.9deg  OK
  robot      start  dx= +0.52cm dy= -0.00cm dtheta= +62.9deg  ..
----------------------------------------------------------------
OK band: +/-2.0cm, +/-10deg (display only). Enter = run checksum. Ctrl+C = quit.
  no checksum columns on this sheet, cannot verify the build.
[2J[Hcheck_build  rb_00182   20:35:14
----------------------------------------------------------------
  wall_10    brick  dx= +0.06cm dy= -0.09cm dtheta=  -1.3deg  OK
  wall_11    brick  dx= -0.11cm dy= -0.08cm dtheta=  -1.4deg  OK
  wall_9     brick  dx= +0.08cm dy= -0.14cm dtheta=  +0.7deg  OK
  obj_4      block  dx= +0.16cm dy= -0.19cm dtheta=  -1.6deg  OK
  obj_1      block  dx= -0.03cm dy= -0.18cm dtheta=  +0.9deg  OK
  robot      start  dx= +0.51cm dy= +0.02cm dtheta= +62.9deg  ..
----------------------------------------------------------------
OK band: +/-2.0cm, +/-10deg (display only). Enter = run checksum. Ctrl+C = quit.
[2J[Hcheck_build  rb_00182   20:35:15
----------------------------------------------------------------
  wall_10    brick  dx= +0.06cm dy= -0.09cm dtheta=  -1.3deg  OK
  wall_11    brick  dx= -0.10cm dy= -0.09cm dtheta=  -1.5deg  OK
  wall_9     brick  dx= +0.08cm dy= -0.15cm dtheta=  +0.6deg  OK
  obj_4      block  dx= +0.18cm dy= -0.21cm dtheta=  -1.7deg  OK
  obj_1      block  dx= +0.05cm dy= -0.18cm dtheta=  +0.9deg  OK
  robot      start  dx= +0.55cm dy= -0.09cm dtheta= +62.9deg  ..
----------------------------------------------------------------
OK band: +/-2.0cm, +/-10deg (display only). Enter = run checksum. Ctrl+C = quit.
[2J[Hcheck_build  rb_00182   20:35:15
----------------------------------------------------------------
  wall_10    brick  dx= +0.05cm dy= -0.10cm dtheta=  -1.3deg  OK
  wall_11    brick  dx= -0.11cm dy= -0.08cm dtheta=  -1.4deg  OK
  wall_9     brick  dx= +0.08cm dy= -0.14cm dtheta=  +0.6deg  OK
  obj_4      block  dx= +0.26cm dy= -0.25cm dtheta=  -1.4deg  OK
  obj_1      block  dx= -0.03cm dy= -0.18cm dtheta=  +1.0deg  OK
  robot      start  dx= +0.50cm dy= +0.03cm dtheta= +63.0deg  ..
----------------------------------------------------------------
OK band: +/-2.0cm, +/-10deg (display only). Enter = run checksum. Ctrl+C = quit.
[2J[Hcheck_build  rb_00182   20:35:16
----------------------------------------------------------------
  wall_10    brick  dx= +0.06cm dy= -0.09cm dtheta=  -1.2deg  OK
  wall_11    brick  dx= -0.11cm dy= -0.08cm dtheta=  -1.4deg  OK
  wall_9     brick  dx= +0.08cm dy= -0.15cm dtheta=  +0.7deg  OK
  obj_4      block  dx= +0.25cm dy= -0.25cm dtheta=  -1.4deg  OK
  obj_1      block  dx= -0.08cm dy= -0.19cm dtheta=  +0.9deg  OK
  robot      start  dx= +0.54cm dy= -0.05cm dtheta= +62.9deg  ..
----------------------------------------------------------------
OK band: +/-2.0cm, +/-10deg (display only). Enter = run checksum. Ctrl+C = quit.
[2J[Hcheck_build  rb_00182   20:35:16
----------------------------------------------------------------
  wall_10    brick  dx= +0.06cm dy= -0.09cm dtheta=  -1.2deg  OK
  wall_11    brick  dx= -0.09cm dy= -0.10cm dtheta=  -1.5deg  OK
  wall_9     brick  dx= +0.08cm dy= -0.14cm dtheta=  +0.6deg  OK
  obj_4      block  dx= +0.18cm dy= -0.21cm dtheta=  -1.7deg  OK
  obj_1      block  dx= +0.00cm dy= -0.19cm dtheta=  +0.3deg  OK
  robot      start  dx= +0.51cm dy= +0.00cm dtheta= +62.9deg  ..
----------------------------------------------------------------
OK band: +/-2.0cm, +/-10deg (display only). Enter = run checksum. Ctrl+C = quit.
[2J[Hcheck_build  rb_00182   20:35:17
----------------------------------------------------------------
  wall_10    brick  dx= +0.06cm dy= -0.09cm dtheta=  -1.3deg  OK
  wall_11    brick  dx= -0.10cm dy= -0.10cm dtheta=  -1.4deg  OK
  wall_9     brick  dx= +0.08cm dy= -0.15cm dtheta=  +0.7deg  OK
  obj_4      block  dx= +0.14cm dy= -0.18cm dtheta=  -1.6deg  OK
  obj_1      block  dx= -0.06cm dy= -0.19cm dtheta=  +0.9deg  OK
  robot      start  dx= +0.52cm dy= -0.01cm dtheta= +63.0deg  ..
----------------------------------------------------------------
OK band: +/-2.0cm, +/-10deg (display only). Enter = run checksum. Ctrl+C = quit.
[2J[Hcheck_build  rb_00182   20:35:17
----------------------------------------------------------------
  wall_10    brick  dx= +0.05cm dy= -0.09cm dtheta=  -1.2deg  OK
  wall_11    brick  dx= -0.10cm dy= -0.10cm dtheta=  -1.5deg  OK
  wall_9     brick  dx= +0.08cm dy= -0.15cm dtheta=  +0.7deg  OK
  obj_4      block  dx= -0.07cm dy= -0.07cm dtheta=  -1.0deg  OK
  obj_1      block  dx= +0.00cm dy= -0.18cm dtheta=  +0.9deg  OK
  robot      start  dx= +0.54cm dy= -0.07cm dtheta= +62.9deg  ..
----------------------------------------------------------------
OK band: +/-2.0cm, +/-10deg (display only). Enter = run checksum. Ctrl+C = quit.
[2J[Hcheck_build  rb_00182   20:35:18
----------------------------------------------------------------
  wall_10    brick  dx= +0.06cm dy= -0.09cm dtheta=  -1.3deg  OK
  wall_11    brick  dx= -0.10cm dy= -0.10cm dtheta=  -1.4deg  OK
  wall_9     brick  dx= +0.08cm dy= -0.15cm dtheta=  +0.7deg  OK
  obj_4      block  dx= +0.17cm dy= -0.20cm dtheta=  -1.7deg  OK
  obj_1      block  dx= -0.02cm dy= -0.18cm dtheta=  +0.9deg  OK
  robot      start  dx= +0.51cm dy= +0.01cm dtheta= +62.9deg  ..
----------------------------------------------------------------
OK band: +/-2.0cm, +/-10deg (display only). Enter = run checksum. Ctrl+C = quit.
[2J[Hcheck_build  rb_00182   20:35:18
----------------------------------------------------------------
  wall_10    brick  dx= +0.05cm dy= -0.10cm dtheta=  -1.3deg  OK
  wall_11    brick  dx= -0.11cm dy= -0.08cm dtheta=  -1.4deg  OK
  wall_9     brick  dx= +0.08cm dy= -0.15cm dtheta=  +0.7deg  OK
  obj_4      block  dx= +0.10cm dy= -0.16cm dtheta=  -1.5deg  OK
  obj_1      block  dx= -0.06cm dy= -0.19cm dtheta=  +0.9deg  OK
  robot      start  dx= +0.50cm dy= +0.04cm dtheta= +62.9deg  ..
----------------------------------------------------------------
OK band: +/-2.0cm, +/-10deg (display only). Enter = run checksum. Ctrl+C = quit.
[2J[Hcheck_build  rb_00182   20:35:19
----------------------------------------------------------------
  wall_10    brick  dx= +0.06cm dy= -0.09cm dtheta=  -1.2deg  OK
  wall_11    brick  dx= -0.10cm dy= -0.10cm dtheta=  -1.5deg  OK
  wall_9     brick  dx= +0.08cm dy= -0.15cm dtheta=  +0.7deg  OK
  obj_4      block  dx= -0.24cm dy= +0.02cm dtheta=  +0.5deg  OK
  obj_1      block  dx= +0.48cm dy= -0.15cm dtheta=  -7.0deg  OK
  robot      start  dx= +0.51cm dy= +0.02cm dtheta= +63.0deg  ..
----------------------------------------------------------------
OK band: +/-2.0cm, +/-10deg (display only). Enter = run checksum. Ctrl+C = quit.
[2J[Hcheck_build  rb_00182   20:35:19
----------------------------------------------------------------
  wall_10    brick  dx= +0.06cm dy= -0.09cm dtheta=  -1.2deg  OK
  wall_11    brick  dx= -0.10cm dy= -0.09cm dtheta=  -1.5deg  OK
  wall_9     brick  dx= +0.08cm dy= -0.14cm dtheta=  +0.6deg  OK
  obj_4      block  dx= +0.15cm dy= -0.19cm dtheta=  -1.7deg  OK
  obj_1      block  dx= -0.03cm dy= -0.18cm dtheta=  +0.9deg  OK
  robot      start  dx= +0.50cm dy= +0.04cm dtheta= +63.0deg  ..
----------------------------------------------------------------
OK band: +/-2.0cm, +/-10deg (display only). Enter = run checksum. Ctrl+C = quit.
  no checksum columns on this sheet, cannot verify the build.
[2J[Hcheck_build  rb_00182   20:35:20
----------------------------------------------------------------
  wall_10    brick  dx= +0.05cm dy= -0.09cm dtheta=  -1.3deg  OK
  wall_11    brick  dx= -0.11cm dy= -0.08cm dtheta=  -1.4deg  OK
  wall_9     brick  dx= +0.08cm dy= -0.13cm dtheta=  +0.6deg  OK
  obj_4      block  dx= -0.02cm dy= -0.09cm dtheta=  -1.2deg  OK
  obj_1      block  dx= +0.02cm dy= -0.19cm dtheta=  +0.1deg  OK
  robot      start  dx= +0.51cm dy= +0.01cm dtheta= +62.9deg  ..
----------------------------------------------------------------
OK band: +/-2.0cm, +/-10deg (display only). Enter = run checksum. Ctrl+C = quit.
[2J[Hcheck_build  rb_00182   20:35:20
----------------------------------------------------------------
  wall_10    brick  dx= +0.06cm dy= -0.09cm dtheta=  -1.1deg  OK
  wall_11    brick  dx= -0.09cm dy= -0.10cm dtheta=  -1.5deg  OK
  wall_9     brick  dx= +0.08cm dy= -0.15cm dtheta=  +0.7deg  OK
  obj_4      block  dx= +0.25cm dy= -0.25cm dtheta=  -1.4deg  OK
  obj_1      block  dx= -0.03cm dy= -0.18cm dtheta=  +0.9deg  OK
  robot      start  dx= +0.54cm dy= -0.06cm dtheta= +62.9deg  ..
----------------------------------------------------------------
OK band: +/-2.0cm, +/-10deg (display only). Enter = run checksum. Ctrl+C = quit.
[2J[Hcheck_build  rb_00182   20:35:21
----------------------------------------------------------------
  wall_10    brick  dx= +0.06cm dy= -0.09cm dtheta=  -1.3deg  OK
  wall_11    brick  dx= -0.12cm dy= -0.07cm dtheta=  -1.4deg  OK
  wall_9     brick  dx= +0.08cm dy= -0.15cm dtheta=  +0.6deg  OK
  obj_4      block  dx= +0.18cm dy= -0.21cm dtheta=  -1.7deg  OK
  obj_1      block  dx= -0.01cm dy= -0.18cm dtheta=  +0.9deg  OK
  robot      start  dx= +0.51cm dy= +0.02cm dtheta= +62.9deg  ..
----------------------------------------------------------------
OK band: +/-2.0cm, +/-10deg (display only). Enter = run checksum. Ctrl+C = quit.
[2J[Hcheck_build  rb_00182   20:35:21
----------------------------------------------------------------
  wall_10    brick  dx= +0.06cm dy= -0.09cm dtheta=  -1.3deg  OK
  wall_11    brick  dx= -0.10cm dy= -0.09cm dtheta=  -1.5deg  OK
  wall_9     brick  dx= +0.08cm dy= -0.15cm dtheta=  +0.6deg  OK
  obj_4      block  dx= +0.20cm dy= -0.22cm dtheta=  -1.7deg  OK
  obj_1      block  dx= -0.03cm dy= -0.18cm dtheta=  +0.9deg  OK
  robot      start  dx= +0.51cm dy= +0.02cm dtheta= +62.9deg  ..
----------------------------------------------------------------
OK band: +/-2.0cm, +/-10deg (display only). Enter = run checksum. Ctrl+C = quit.
[2J[Hcheck_build  rb_00182   20:35:22
----------------------------------------------------------------
  wall_10    brick  dx= +0.05cm dy= -0.10cm dtheta=  -1.3deg  OK
  wall_11    brick  dx= -0.10cm dy= -0.10cm dtheta=  -1.5deg  OK
  wall_9     brick  dx= +0.08cm dy= -0.16cm dtheta=  +0.7deg  OK
  obj_4      block  dx= +0.17cm dy= -0.20cm dtheta=  -1.6deg  OK
  obj_1      block  dx= -0.02cm dy= -0.18cm dtheta=  +0.9deg  OK
  robot      start  dx= +0.54cm dy= -0.06cm dtheta= +62.9deg  ..
----------------------------------------------------------------
OK band: +/-2.0cm, +/-10deg (display only). Enter = run checksum. Ctrl+C = quit.
[2J[Hcheck_build  rb_00182   20:35:22
----------------------------------------------------------------
  wall_10    brick  dx= +0.05cm dy= -0.09cm dtheta=  -1.3deg  OK
  wall_11    brick  dx= -0.09cm dy= -0.11cm dtheta=  -1.5deg  OK
  wall_9     brick  dx= +0.08cm dy= -0.14cm dtheta=  +0.6deg  OK
  obj_4      block  dx= +0.15cm dy= -0.19cm dtheta=  -1.6deg  OK
  obj_1      block  dx= -0.01cm dy= -0.18cm dtheta=  +0.9deg  OK
  robot      start  dx= +0.51cm dy= +0.01cm dtheta= +63.0deg  ..
----------------------------------------------------------------
OK band: +/-2.0cm, +/-10deg (display only). Enter = run checksum. Ctrl+C = quit.
[2J[Hcheck_build  rb_00182   20:35:23
----------------------------------------------------------------
  wall_10    brick  dx= +0.06cm dy= -0.09cm dtheta=  -1.2deg  OK
  wall_11    brick  dx= -0.10cm dy= -0.09cm dtheta=  -1.5deg  OK
  wall_9     brick  dx= +0.08cm dy= -0.15cm dtheta=  +0.5deg  OK
  obj_4      block  dx= +0.19cm dy= -0.21cm dtheta=  -1.7deg  OK
  obj_1      block  dx= +0.02cm dy= -0.18cm dtheta=  +0.9deg  OK
  robot      start  dx= +0.53cm dy= -0.03cm dtheta= +62.9deg  ..
----------------------------------------------------------------
OK band: +/-2.0cm, +/-10deg (display only). Enter = run checksum. Ctrl+C = quit.
[2J[Hcheck_build  rb_00182   20:35:23
----------------------------------------------------------------
  wall_10    brick  dx= +0.05cm dy= -0.10cm dtheta=  -1.3deg  OK
  wall_11    brick  dx= -0.09cm dy= -0.10cm dtheta=  -1.5deg  OK
  wall_9     brick  dx= +0.08cm dy= -0.16cm dtheta=  +0.6deg  OK
  obj_4      block  dx= +0.17cm dy= -0.21cm dtheta=  -1.7deg  OK
  obj_1      block  dx= -0.06cm dy= -0.19cm dtheta=  +0.9deg  OK
  robot      start  dx= +0.51cm dy= +0.03cm dtheta= +62.8deg  ..
----------------------------------------------------------------
OK band: +/-2.0cm, +/-10deg (display only). Enter = run checksum. Ctrl+C = quit.
[2J[Hcheck_build  rb_00182   20:35:24
----------------------------------------------------------------
  wall_10    brick  dx= +0.06cm dy= -0.09cm dtheta=  -1.2deg  OK
  wall_11    brick  dx= -0.11cm dy= -0.08cm dtheta=  -1.4deg  OK
  wall_9     brick  dx= +0.08cm dy= -0.15cm dtheta=  +0.7deg  OK
  obj_4      block  dx= +0.17cm dy= -0.20cm dtheta=  -1.7deg  OK
  obj_1      block  dx= -0.05cm dy= -0.19cm dtheta=  +0.9deg  OK
  robot      start  dx= +0.51cm dy= +0.01cm dtheta= +62.9deg  ..
----------------------------------------------------------------
OK band: +/-2.0cm, +/-10deg (display only). Enter = run checksum. Ctrl+C = quit.
[2J[Hcheck_build  rb_00182   20:35:24
----------------------------------------------------------------
  wall_10    brick  dx= +0.05cm dy= -0.10cm dtheta=  -1.2deg  OK
  wall_11    brick  dx= -0.10cm dy= -0.08cm dtheta=  -1.4deg  OK
  wall_9     brick  dx= +0.08cm dy= -0.15cm dtheta=  +0.7deg  OK
  obj_4      block  dx= +0.21cm dy= -0.22cm dtheta=  -1.7deg  OK
  obj_1      block  dx= -0.07cm dy= -0.19cm dtheta=  +0.9deg  OK
  robot      start  dx= +0.52cm dy= -0.00cm dtheta= +62.9deg  ..
----------------------------------------------------------------
OK band: +/-2.0cm, +/-10deg (display only). Enter = run checksum. Ctrl+C = quit.
  no checksum columns on this sheet, cannot verify the build.
[2J[Hcheck_build  rb_00182   20:35:25
----------------------------------------------------------------
  wall_10    brick  dx= +0.06cm dy= -0.09cm dtheta=  -1.3deg  OK
  wall_11    brick  dx= -0.09cm dy= -0.10cm dtheta=  -1.5deg  OK
  wall_9     brick  dx= +0.08cm dy= -0.14cm dtheta=  +0.7deg  OK
  obj_4      block  dx= +0.17cm dy= -0.20cm dtheta=  -1.7deg  OK
  obj_1      block  dx= +0.00cm dy= -0.18cm dtheta=  +0.9deg  OK
  robot      start  dx= +0.51cm dy= +0.02cm dtheta= +62.9deg  ..
----------------------------------------------------------------
OK band: +/-2.0cm, +/-10deg (display only). Enter = run checksum. Ctrl+C = quit.
[2J[Hcheck_build  rb_00182   20:35:25
----------------------------------------------------------------
  wall_10    brick  dx= +0.05cm dy= -0.09cm dtheta=  -1.2deg  OK
  wall_11    brick  dx= -0.09cm dy= -0.11cm dtheta=  -1.4deg  OK
  wall_9     brick  dx= +0.08cm dy= -0.15cm dtheta=  +0.6deg  OK
  obj_4      block  dx= +0.23cm dy= -0.23cm dtheta=  -1.8deg  OK
  obj_1      block  dx= -0.07cm dy= -0.19cm dtheta=  +0.9deg  OK
  robot      start  dx= +0.55cm dy= -0.07cm dtheta= +62.9deg  ..
----------------------------------------------------------------
OK band: +/-2.0cm, +/-10deg (display only). Enter = run checksum. Ctrl+C = quit.
[2J[Hcheck_build  rb_00182   20:35:26
----------------------------------------------------------------
  wall_10    brick  dx= +0.05cm dy= -0.10cm dtheta=  -1.2deg  OK
  wall_11    brick  dx= -0.09cm dy= -0.11cm dtheta=  -1.5deg  OK
  wall_9     brick  dx= +0.08cm dy= -0.14cm dtheta=  +0.6deg  OK
  obj_4      block  dx= +0.05cm dy= -0.14cm dtheta=  -0.9deg  OK
  obj_1      block  dx= +0.02cm dy= -0.18cm dtheta=  +0.9deg  OK
  robot      start  dx= +0.52cm dy= -0.02cm dtheta= +62.9deg  ..
----------------------------------------------------------------
OK band: +/-2.0cm, +/-10deg (display only). Enter = run checksum. Ctrl+C = quit.
[2J[Hcheck_build  rb_00182   20:35:26
----------------------------------------------------------------
  wall_10    brick  dx= +0.05cm dy= -0.09cm dtheta=  -1.3deg  OK
  wall_11    brick  dx= -0.10cm dy= -0.09cm dtheta=  -1.4deg  OK
  wall_9     brick  dx= +0.08cm dy= -0.15cm dtheta=  +0.6deg  OK
  obj_4      block  dx= +0.15cm dy= -0.19cm dtheta=  -1.7deg  OK
  obj_1      block  dx= -0.06cm dy= -0.20cm dtheta=  +0.2deg  OK
  robot      start  dx= +0.52cm dy= -0.01cm dtheta= +62.9deg  ..
----------------------------------------------------------------
OK band: +/-2.0cm, +/-10deg (display only). Enter = run checksum. Ctrl+C = quit.
[2J[Hcheck_build  rb_00182   20:35:27
----------------------------------------------------------------
  wall_10    brick  dx= +0.06cm dy= -0.09cm dtheta=  -1.3deg  OK
  wall_11    brick  dx= -0.10cm dy= -0.09cm dtheta=  -1.4deg  OK
  wall_9     brick  dx= +0.08cm dy= -0.15cm dtheta=  +0.6deg  OK
  obj_4      block  dx= -0.09cm dy= -0.06cm dtheta=  -1.1deg  OK
  obj_1      block  dx= +0.00cm dy= -0.18cm dtheta=  +0.9deg  OK
  robot      start  dx= +0.54cm dy= -0.07cm dtheta= +62.9deg  ..
----------------------------------------------------------------
OK band: +/-2.0cm, +/-10deg (display only). Enter = run checksum. Ctrl+C = quit.
[2J[Hcheck_build  rb_00182   20:35:27
----------------------------------------------------------------
  wall_10    brick  dx= +0.06cm dy= -0.09cm dtheta=  -1.2deg  OK
  wall_11    brick  dx= -0.09cm dy= -0.11cm dtheta=  -1.5deg  OK
  wall_9     brick  dx= +0.08cm dy= -0.14cm dtheta=  +0.6deg  OK
  obj_4      block  dx= +0.15cm dy= -0.19cm dtheta=  -1.5deg  OK
  obj_1      block  dx= -0.04cm dy= -0.19cm dtheta=  +0.9deg  OK
  robot      start  dx= +0.50cm dy= +0.03cm dtheta= +62.9deg  ..
----------------------------------------------------------------
OK band: +/-2.0cm, +/-10deg (display only). Enter = run checksum. Ctrl+C = quit.
[2J[Hcheck_build  rb_00182   20:35:28
----------------------------------------------------------------
  wall_10    brick  dx= +0.06cm dy= -0.09cm dtheta=  -1.2deg  OK
  wall_11    brick  dx= -0.10cm dy= -0.10cm dtheta=  -1.5deg  OK
  wall_9     brick  dx= +0.08cm dy= -0.14cm dtheta=  +0.7deg  OK
  obj_4      block  dx= +0.28cm dy= -0.26cm dtheta=  -1.4deg  OK
  obj_1      block  dx= +0.00cm dy= -0.19cm dtheta=  +0.2deg  OK
  robot      start  dx= +0.51cm dy= +0.01cm dtheta= +62.9deg  ..
----------------------------------------------------------------
OK band: +/-2.0cm, +/-10deg (display only). Enter = run checksum. Ctrl+C = quit.
[2J[Hcheck_build  rb_00182   20:35:28
----------------------------------------------------------------
  wall_10    brick  dx= +0.05cm dy= -0.09cm dtheta=  -1.2deg  OK
  wall_11    brick  dx= -0.10cm dy= -0.09cm dtheta=  -1.5deg  OK
  wall_9     brick  dx= +0.08cm dy= -0.15cm dtheta=  +0.6deg  OK
  obj_4      block  dx= -0.06cm dy= -0.08cm dtheta=  -1.2deg  OK
  obj_1      block  dx= -0.02cm dy= -0.18cm dtheta=  +0.9deg  OK
  robot      start  dx= +0.51cm dy= +0.02cm dtheta= +63.0deg  ..
----------------------------------------------------------------
OK band: +/-2.0cm, +/-10deg (display only). Enter = run checksum. Ctrl+C = quit.
[2J[Hcheck_build  rb_00182   20:35:29
----------------------------------------------------------------
  wall_10    brick  dx= +0.06cm dy= -0.09cm dtheta=  -1.3deg  OK
  wall_11    brick  dx= -0.10cm dy= -0.09cm dtheta=  -1.5deg  OK
  wall_9     brick  dx= +0.08cm dy= -0.15cm dtheta=  +0.7deg  OK
  obj_4      block  dx= -0.25cm dy= +0.03cm dtheta=  +0.5deg  OK
  obj_1      block  dx= -0.01cm dy= -0.19cm dtheta=  +0.1deg  OK
  robot      start  dx= +0.52cm dy= +0.00cm dtheta= +62.9deg  ..
----------------------------------------------------------------
OK band: +/-2.0cm, +/-10deg (display only). Enter = run checksum. Ctrl+C = quit.
[2J[Hcheck_build  rb_00182   20:35:29
----------------------------------------------------------------
  wall_10    brick  dx= +0.06cm dy= -0.09cm dtheta=  -1.3deg  OK
  wall_11    brick  dx= -0.10cm dy= -0.09cm dtheta=  -1.4deg  OK
  wall_9     brick  dx= +0.08cm dy= -0.15cm dtheta=  +0.7deg  OK
  obj_4      block  dx= -0.07cm dy= -0.07cm dtheta=  -1.1deg  OK
  obj_1      block  dx= -0.00cm dy= -0.18cm dtheta=  +0.9deg  OK
  robot      start  dx= +0.54cm dy= -0.07cm dtheta= +62.9deg  ..
----------------------------------------------------------------
OK band: +/-2.0cm, +/-10deg (display only). Enter = run checksum. Ctrl+C = quit.
[2J[Hcheck_build  rb_00182   20:35:30
----------------------------------------------------------------
  wall_10    brick  dx= +0.05cm dy= -0.09cm dtheta=  -1.3deg  OK
  wall_11    brick  dx= -0.10cm dy= -0.08cm dtheta=  -1.4deg  OK
  wall_9     brick  dx= +0.08cm dy= -0.15cm dtheta=  +0.6deg  OK
  obj_4      block  dx= +0.18cm dy= -0.21cm dtheta=  -1.7deg  OK
  obj_1      block  dx= -0.02cm dy= -0.18cm dtheta=  +0.9deg  OK
  robot      start  dx= +0.55cm dy= -0.09cm dtheta= +62.9deg  ..
----------------------------------------------------------------
OK band: +/-2.0cm, +/-10deg (display only). Enter = run checksum. Ctrl+C = quit.
  no checksum columns on this sheet, cannot verify the build.
[2J[Hcheck_build  rb_00182   20:35:30
----------------------------------------------------------------
  wall_10    brick  dx= +0.05cm dy= -0.10cm dtheta=  -1.2deg  OK
  wall_11    brick  dx= -0.11cm dy= -0.08cm dtheta=  -1.4deg  OK
  wall_9     brick  dx= +0.08cm dy= -0.15cm dtheta=  +0.6deg  OK
  obj_4      block  dx= +0.01cm dy= -0.11cm dtheta=  +0.1deg  OK
  obj_1      block  dx= -0.01cm dy= -0.18cm dtheta=  +1.0deg  OK
  robot      start  dx= +0.50cm dy= +0.03cm dtheta= +62.9deg  ..
----------------------------------------------------------------
OK band: +/-2.0cm, +/-10deg (display only). Enter = run checksum. Ctrl+C = quit.
[2J[Hcheck_build  rb_00182   20:35:31
----------------------------------------------------------------
  wall_10    brick  dx= +0.06cm dy= -0.09cm dtheta=  -1.2deg  OK
  wall_11    brick  dx= -0.10cm dy= -0.09cm dtheta=  -1.4deg  OK
  wall_9     brick  dx= +0.08cm dy= -0.15cm dtheta=  +0.7deg  OK
  obj_4      block  dx= +0.17cm dy= -0.20cm dtheta=  -1.7deg  OK
  obj_1      block  dx= +0.00cm dy= -0.18cm dtheta=  +0.9deg  OK
  robot      start  dx= +0.55cm dy= -0.08cm dtheta= +62.9deg  ..
----------------------------------------------------------------
OK band: +/-2.0cm, +/-10deg (display only). Enter = run checksum. Ctrl+C = quit.
[2J[Hcheck_build  rb_00182   20:35:31
----------------------------------------------------------------
  wall_10    brick  dx= +0.05cm dy= -0.10cm dtheta=  -1.2deg  OK
  wall_11    brick  dx= -0.09cm dy= -0.10cm dtheta=  -1.5deg  OK
  wall_9     brick  dx= +0.08cm dy= -0.15cm dtheta=  +0.7deg  OK
  obj_4      block  dx= +0.15cm dy= -0.19cm dtheta=  -1.6deg  OK
  obj_1      block  dx= -0.02cm dy= -0.18cm dtheta=  +0.9deg  OK
  robot      start  dx= +0.52cm dy= -0.01cm dtheta= +63.0deg  ..
----------------------------------------------------------------
OK band: +/-2.0cm, +/-10deg (display only). Enter = run checksum. Ctrl+C = quit.
[2J[Hcheck_build  rb_00182   20:35:32
----------------------------------------------------------------
  wall_10    brick  dx= +0.05cm dy= -0.09cm dtheta=  -1.2deg  OK
  wall_11    brick  dx= -0.10cm dy= -0.10cm dtheta=  -1.4deg  OK
  wall_9     brick  dx= +0.08cm dy= -0.14cm dtheta=  +0.6deg  OK
  obj_4      block  dx= +0.22cm dy= -0.23cm dtheta=  -1.7deg  OK
  obj_1      block  dx= -0.05cm dy= -0.19cm dtheta=  +0.9deg  OK
  robot      start  dx= +0.50cm dy= +0.03cm dtheta= +62.9deg  ..
----------------------------------------------------------------
OK band: +/-2.0cm, +/-10deg (display only). Enter = run checksum. Ctrl+C = quit.
[2J[Hcheck_build  rb_00182   20:35:32
----------------------------------------------------------------
  wall_10    brick  dx= +0.06cm dy= -0.09cm dtheta=  -1.3deg  OK
  wall_11    brick  dx= -0.09cm dy= -0.11cm dtheta=  -1.5deg  OK
  wall_9     brick  dx= +0.08cm dy= -0.15cm dtheta=  +0.7deg  OK
  obj_4      block  dx= +0.27cm dy= -0.26cm dtheta=  -1.4deg  OK
  obj_1      block  dx= -0.02cm dy= -0.18cm dtheta=  +0.9deg  OK
  robot      start  dx= +0.53cm dy= -0.02cm dtheta= +62.9deg  ..
----------------------------------------------------------------
OK band: +/-2.0cm, +/-10deg (display only). Enter = run checksum. Ctrl+C = quit.
[2J[Hcheck_build  rb_00182   20:35:33
----------------------------------------------------------------
  wall_10    brick  dx= +0.06cm dy= -0.09cm dtheta=  -1.3deg  OK
  wall_11    brick  dx= -0.09cm dy= -0.10cm dtheta=  -1.5deg  OK
  wall_9     brick  dx= +0.08cm dy= -0.14cm dtheta=  +0.6deg  OK
  obj_4      block  dx= +0.22cm dy= -0.23cm dtheta=  -1.7deg  OK
  obj_1      block  dx= -0.02cm dy= -0.18cm dtheta=  +0.9deg  OK
  robot      start  dx= +0.52cm dy= -0.00cm dtheta= +62.9deg  ..
----------------------------------------------------------------
OK band: +/-2.0cm, +/-10deg (display only). Enter = run checksum. Ctrl+C = quit.
[2J[Hcheck_build  rb_00182   20:35:33
----------------------------------------------------------------
  wall_10    brick  dx= +0.05cm dy= -0.09cm dtheta=  -1.3deg  OK
  wall_11    brick  dx= -0.10cm dy= -0.09cm dtheta=  -1.4deg  OK
  wall_9     brick  dx= +0.08cm dy= -0.14cm dtheta=  +0.7deg  OK
  obj_4      block  dx= +0.21cm dy= -0.22cm dtheta=  -1.7deg  OK
  obj_1      block  dx= -0.06cm dy= -0.19cm dtheta=  +0.8deg  OK
  robot      start  dx= +0.52cm dy= +0.01cm dtheta= +62.9deg  ..
----------------------------------------------------------------
OK band: +/-2.0cm, +/-10deg (display only). Enter = run checksum. Ctrl+C = quit.
[2J[Hcheck_build  rb_00182   20:35:34
----------------------------------------------------------------
  wall_10    brick  dx= +0.05cm dy= -0.09cm dtheta=  -1.3deg  OK
  wall_11    brick  dx= -0.10cm dy= -0.09cm dtheta=  -1.5deg  OK
  wall_9     brick  dx= +0.08cm dy= -0.14cm dtheta=  +0.6deg  OK
  obj_4      block  dx= -0.23cm dy= +0.02cm dtheta=  +0.4deg  OK
  obj_1      block  dx= -0.04cm dy= -0.19cm dtheta=  +0.9deg  OK
  robot      start  dx= +0.54cm dy= -0.07cm dtheta= +62.9deg  ..
----------------------------------------------------------------
OK band: +/-2.0cm, +/-10deg (display only). Enter = run checksum. Ctrl+C = quit.
[2J[Hcheck_build  rb_00182   20:35:34
----------------------------------------------------------------
  wall_10    brick  dx= +0.05cm dy= -0.10cm dtheta=  -1.3deg  OK
  wall_11    brick  dx= -0.10cm dy= -0.09cm dtheta=  -1.5deg  OK
  wall_9     brick  dx= +0.08cm dy= -0.14cm dtheta=  +0.6deg  OK
  obj_4      block  dx= -0.02cm dy= -0.10cm dtheta=  -1.2deg  OK
  obj_1      block  dx= -0.02cm dy= -0.18cm dtheta=  +0.9deg  OK
  robot      start  dx= +0.54cm dy= -0.07cm dtheta= +62.9deg  ..
----------------------------------------------------------------
OK band: +/-2.0cm, +/-10deg (display only). Enter = run checksum. Ctrl+C = quit.
[2J[Hcheck_build  rb_00182   20:35:35
----------------------------------------------------------------
  wall_10    brick  dx= +0.06cm dy= -0.09cm dtheta=  -1.2deg  OK
  wall_11    brick  dx= -0.11cm dy= -0.08cm dtheta=  -1.5deg  OK
  wall_9     brick  dx= +0.08cm dy= -0.14cm dtheta=  +0.6deg  OK
  obj_4      block  dx= -0.16cm dy= -0.02cm dtheta=  +0.7deg  OK
  obj_1      block  dx= -0.01cm dy= -0.18cm dtheta=  +0.9deg  OK
  robot      start  dx= +0.55cm dy= -0.08cm dtheta= +62.9deg  ..
----------------------------------------------------------------
OK band: +/-2.0cm, +/-10deg (display only). Enter = run checksum. Ctrl+C = quit.
  no checksum columns on this sheet, cannot verify the build.
[2J[Hcheck_build  rb_00182   20:35:35
----------------------------------------------------------------
  wall_10    brick  dx= +0.06cm dy= -0.09cm dtheta=  -1.3deg  OK
  wall_11    brick  dx= -0.10cm dy= -0.10cm dtheta=  -1.5deg  OK
  wall_9     brick  dx= +0.08cm dy= -0.15cm dtheta=  +0.6deg  OK
  obj_4      block  dx= +0.17cm dy= -0.20cm dtheta=  -1.6deg  OK
  obj_1      block  dx= +0.01cm dy= -0.18cm dtheta=  +0.9deg  OK
  robot      start  dx= +0.54cm dy= -0.05cm dtheta= +62.9deg  ..
----------------------------------------------------------------
OK band: +/-2.0cm, +/-10deg (display only). Enter = run checksum. Ctrl+C = quit.
[2J[Hcheck_build  rb_00182   20:35:36
----------------------------------------------------------------
  wall_10    brick  dx= +0.05cm dy= -0.09cm dtheta=  -1.2deg  OK
  wall_11    brick  dx= -0.10cm dy= -0.09cm dtheta=  -1.4deg  OK
  wall_9     brick  dx= +0.08cm dy= -0.15cm dtheta=  +0.7deg  OK
  obj_4      block  dx= +0.19cm dy= -0.21cm dtheta=  -1.8deg  OK
  obj_1      block  dx= +0.00cm dy= -0.18cm dtheta=  +1.0deg  OK
  robot      start  dx= +0.51cm dy= +0.02cm dtheta= +62.8deg  ..
----------------------------------------------------------------
OK band: +/-2.0cm, +/-10deg (display only). Enter = run checksum. Ctrl+C = quit.
[2J[Hcheck_build  rb_00182   20:35:36
----------------------------------------------------------------
  wall_10    brick  dx= +0.06cm dy= -0.09cm dtheta=  -1.2deg  OK
  wall_11    brick  dx= -0.11cm dy= -0.08cm dtheta=  -1.5deg  OK
  wall_9     brick  dx= +0.08cm dy= -0.15cm dtheta=  +0.7deg  OK
  obj_4      block  dx= +0.16cm dy= -0.19cm dtheta=  -1.7deg  OK
  obj_1      block  dx= -0.00cm dy= -0.19cm dtheta=  +0.1deg  OK
  robot      start  dx= +0.51cm dy= +0.02cm dtheta= +62.9deg  ..
----------------------------------------------------------------
OK band: +/-2.0cm, +/-10deg (display only). Enter = run checksum. Ctrl+C = quit.
[2J[Hcheck_build  rb_00182   20:35:37
----------------------------------------------------------------
  wall_10    brick  dx= +0.05cm dy= -0.10cm dtheta=  -1.2deg  OK
  wall_11    brick  dx= -0.10cm dy= -0.09cm dtheta=  -1.4deg  OK
  wall_9     brick  dx= +0.08cm dy= -0.15cm dtheta=  +0.6deg  OK
  obj_4      block  dx= +0.30cm dy= -0.27cm dtheta=  -1.5deg  OK
  obj_1      block  dx= +0.04cm dy= -0.19cm dtheta=  +0.1deg  OK
  robot      start  dx= +0.55cm dy= -0.08cm dtheta= +62.9deg  ..
----------------------------------------------------------------
OK band: +/-2.0cm, +/-10deg (display only). Enter = run checksum. Ctrl+C = quit.
[2J[Hcheck_build  rb_00182   20:35:37
----------------------------------------------------------------
  wall_10    brick  dx= +0.06cm dy= -0.09cm dtheta=  -1.3deg  OK
  wall_11    brick  dx= -0.09cm dy= -0.10cm dtheta=  -1.5deg  OK
  wall_9     brick  dx= +0.08cm dy= -0.12cm dtheta=  +0.6deg  OK
  obj_4      block  dx= +0.25cm dy= -0.25cm dtheta=  -1.3deg  OK
  obj_1      block  dx= -0.07cm dy= -0.19cm dtheta=  +0.9deg  OK
  robot      start  dx= +0.51cm dy= +0.01cm dtheta= +62.9deg  ..
----------------------------------------------------------------
OK band: +/-2.0cm, +/-10deg (display only). Enter = run checksum. Ctrl+C = quit.
[2J[Hcheck_build  rb_00182   20:35:38
----------------------------------------------------------------
  wall_10    brick  dx= +0.05cm dy= -0.09cm dtheta=  -1.3deg  OK
  wall_11    brick  dx= -0.10cm dy= -0.10cm dtheta=  -1.5deg  OK
  wall_9     brick  dx= +0.08cm dy= -0.13cm dtheta=  +0.7deg  OK
  obj_4      block  dx= +0.17cm dy= -0.21cm dtheta=  -1.7deg  OK
  obj_1      block  dx= -0.02cm dy= -0.18cm dtheta=  +0.9deg  OK
  robot      start  dx= +0.51cm dy= +0.02cm dtheta= +63.0deg  ..
----------------------------------------------------------------
OK band: +/-2.0cm, +/-10deg (display only). Enter = run checksum. Ctrl+C = quit.
[2J[Hcheck_build  rb_00182   20:35:38
----------------------------------------------------------------
  wall_10    brick  dx= +0.05cm dy= -0.10cm dtheta=  -1.3deg  OK
  wall_11    brick  dx= -0.09cm dy= -0.10cm dtheta=  -1.5deg  OK
  wall_9     brick  dx= +0.08cm dy= -0.15cm dtheta=  +0.6deg  OK
  obj_4      block  dx= -0.22cm dy= +0.02cm dtheta=  +0.4deg  OK
  obj_1      block  dx= -0.01cm dy= -0.18cm dtheta=  +0.9deg  OK
  robot      start  dx= +0.51cm dy= +0.02cm dtheta= +63.0deg  ..
----------------------------------------------------------------
OK band: +/-2.0cm, +/-10deg (display only). Enter = run checksum. Ctrl+C = quit.
[2J[Hcheck_build  rb_00182   20:35:39
----------------------------------------------------------------
  wall_10    brick  dx= +0.06cm dy= -0.09cm dtheta=  -1.2deg  OK
  wall_11    brick  dx= -0.11cm dy= -0.08cm dtheta=  -1.4deg  OK
  wall_9     brick  dx= +0.08cm dy= -0.15cm dtheta=  +0.6deg  OK
  obj_4      block  dx= +0.21cm dy= -0.22cm dtheta=  -1.7deg  OK
  obj_1      block  dx= -0.07cm dy= -0.19cm dtheta=  +0.9deg  OK
  robot      start  dx= +0.51cm dy= +0.01cm dtheta= +62.9deg  ..
----------------------------------------------------------------
OK band: +/-2.0cm, +/-10deg (display only). Enter = run checksum. Ctrl+C = quit.
