[Diagnostics] Wrote config.json
[DIAG] Diagnostics enabled: /home/dhruv/projects_dhruv/namo/robot_control/real_exp/1hop_simple/results/real/2push__env__obstacle_0_movable__0489c6b2/nav_baseline_penalise/trial4
Goal given: (35.6, 68.3) cm

Pure navigation baseline, mode 'penalise'. No pushes will be planned.
Press ESCAPE to quit
============================================================
[Runtime] Using remote camera service at tcp://localhost:5556
[Runtime] Speeds in effect: nav=0.40, push=0.40, keyboard/follow_path=0.30
[Runtime] Safety filter: OFF
[Runtime] Starting RemoteObserverNode...
[RemoteObserver] Connected to tcp://localhost:5556
[SerialSender] Port /dev/serial/by-id/usb-Espressif_USB_JTAG_serial_debug_unit_10:51:DB:18:34:7C-if00 opened at 115200
[SerialSender] Started at 30.0 Hz
[RealEnv] Started (robot_id=1)
[SerialSender] Car 1 CONNECTED (alive now: [1])
[RemoteRecordClient] Recording started → /home/dhruv/projects_dhruv/namo/robot_control/real_exp/1hop_simple/results/real/2push__env__obstacle_0_movable__0489c6b2/nav_baseline_penalise/trial4/recordings/session_2026-09-08_02-13-06/full_run.mp4
[Runtime] Full-run video + per-subgoal meta will write to /home/dhruv/projects_dhruv/namo/robot_control/real_exp/1hop_simple/results/real/2push__env__obstacle_0_movable__0489c6b2/nav_baseline_penalise/trial4/recordings/session_2026-09-08_02-13-06
[SerialSender] ⚠️ Car 1 DISCONNECTED (alive now: [])

!!!!!!!!!!!!!!!!!!!!!!!!!!!!!!!!!!!!!!!!!!!!!!!!!!!!!!!!!!!!!!!!!!!!!!
!! ROBOT 1 OFFLINE at startup !!
!!   ap_connected=True, alive_ids=[], last_status=0.3s ago [fresh]
!!   Planning will run (sim-only), but the robot CANNOT execute.
!!   Restart the robot or check the camera_service serial link.
!!!!!!!!!!!!!!!!!!!!!!!!!!!!!!!!!!!!!!!!!!!!!!!!!!!!!!!!!!!!!!!!!!!!!!

[Diagnostics] ⚠️ scene_before.xml capture failed: no xml source path provided

==================================================
Robot Control - Real Robot (Autonomous)
==================================================
[Subgoal] --> DISPATCH NAVIGATE: target=(35.6,68.3), robot at (7.4,11.9,θ=92.5°)
[DIAG] subgoal #1 start recorded
Serial port: /dev/serial/by-id/usb-Espressif_USB_JTAG_serial_debug_unit_10:51:DB:18:34:7C-if00
[NAV] navigate_to: goal=(35.6,68.3) θ=any, from=(7.4,11.9), obstacles=4
Robot ID: 1[NAV] state - -> PRE_ROTATING pose=(7.4,11.9,θ=92.5°) pre_target_θ=44.6° heading_err=-47.9°

Dry run: False
Speed (autonomous): nav=0.40, push=0.40
==================================================
Running in autonomous mode
Press 'r' to toggle recording
Press 'space' for emergency stop
Press 'escape' to quit
==================================================

[NAV] state PRE_ROTATING -> FOLLOWING pose=(7.3,11.8,θ=86.8°) path_waypoints=93 final_wp=(35.8,68.2)
[SerialSender] Car 1 CONNECTED (alive now: [1])
[NAV] !! NO PROGRESS (blocked): robot at (25.4,30.6,θ=65.9°) has not moved 0.5 cm or turned 3.0° in 3.0s. Treating as FAILED so the subgoal can end.
[NAV] Retreating to (21.9, 27.0)
[NAV] state FOLLOWING -> RETREATING pose=(25.4,30.6,θ=65.9°)
[NAV] Retreat done after 43 ticks (reached the cell); drive FAILED (blocked).
[Subgoal] <-- DONE (FAILED) after 10.0s, robot now at (24.3,29.5,θ=42.0°)
[DIAG] subgoal #1 end recorded (outcome=failed)
[Runtime] 🔌 Robot 1 → ONLINE (alive_ids=[1], ap_connected=True, last_status=0.5s ago)
[Subgoal] --> DISPATCH NAVIGATE: target=(35.6,68.3), robot at (24.3,29.5,θ=42.0°)
[DIAG] subgoal #2 start recorded
[NAV] navigate_to: goal=(35.6,68.3) θ=any, from=(24.3,29.5), obstacles=4
[NAV] state RETREATING -> PRE_ROTATING pose=(24.3,29.5,θ=42.0°) pre_target_θ=59.0° heading_err=+17.0°
[NAV] state PRE_ROTATING -> FOLLOWING pose=(24.2,29.5,θ=42.6°) path_waypoints=59 final_wp=(35.8,68.2)
[NAV] !! NO PROGRESS (blocked): robot at (25.4,30.9,θ=61.1°) has not moved 0.5 cm or turned 3.0° in 3.0s. Treating as FAILED so the subgoal can end.
[NAV] Retreating to (21.6, 27.6)
[NAV] state FOLLOWING -> RETREATING pose=(25.4,30.9,θ=61.1°)
[NAV] Retreat done after 42 ticks (reached the cell); drive FAILED (blocked).
[Subgoal] <-- DONE (FAILED) after 5.1s, robot now at (24.2,29.9,θ=37.7°)
[DIAG] subgoal #2 end recorded (outcome=failed)
[Subgoal] --> DISPATCH NAVIGATE: target=(35.6,68.3), robot at (24.2,29.9,θ=37.7°)
[DIAG] subgoal #3 start recorded
[NAV] navigate_to: goal=(35.6,68.3) θ=any, from=(24.2,29.9), obstacles=4
[NAV] state RETREATING -> PRE_ROTATING pose=(24.2,29.9,θ=37.7°) pre_target_θ=58.1° heading_err=+20.4°
[NAV] state PRE_ROTATING -> FOLLOWING pose=(24.1,29.8,θ=38.1°) path_waypoints=58 final_wp=(35.8,68.2)
[NAV] !! NO PROGRESS (blocked): robot at (24.5,31.4,θ=61.2°) has not moved 0.5 cm or turned 3.0° in 3.0s. Treating as FAILED so the subgoal can end.
[NAV] Retreating to (20.7, 28.2)
[NAV] state FOLLOWING -> RETREATING pose=(24.5,31.4,θ=61.2°)
[NAV] Retreat done after 43 ticks (reached the cell); drive FAILED (blocked).
[Subgoal] <-- DONE (FAILED) after 5.6s, robot now at (23.3,30.5,θ=36.2°)
[DIAG] subgoal #3 end recorded (outcome=failed)
[Subgoal] --> DISPATCH NAVIGATE: target=(35.6,68.3), robot at (23.3,30.5,θ=36.2°)
[DIAG] subgoal #4 start recorded
[NAV] navigate_to: goal=(35.6,68.3) θ=any, from=(23.3,30.5), obstacles=4
[NAV] state RETREATING -> PRE_ROTATING pose=(23.3,30.5,θ=36.2°) pre_target_θ=69.7° heading_err=+33.5°
[NAV] state PRE_ROTATING -> FOLLOWING pose=(23.2,30.4,θ=37.9°) path_waypoints=60 final_wp=(35.8,68.2)
[NAV] !! NO PROGRESS (blocked): robot at (22.6,33.4,θ=57.2°) has not moved 0.5 cm or turned 3.0° in 3.0s. Treating as FAILED so the subgoal can end.
[NAV] Retreating to (18.6, 30.3)
[NAV] state FOLLOWING -> RETREATING pose=(22.6,33.4,θ=57.2°)
[NAV] Retreat done after 43 ticks (reached the cell); drive FAILED (blocked).
[Subgoal] <-- DONE (FAILED) after 14.5s, robot now at (21.3,32.5,θ=34.8°)
[DIAG] subgoal #4 end recorded (outcome=failed)
[Subgoal] --> DISPATCH NAVIGATE: target=(35.6,68.3), robot at (21.3,32.5,θ=34.8°)
[DIAG] subgoal #5 start recorded
[NAV] navigate_to: goal=(35.6,68.3) θ=any, from=(21.3,32.5), obstacles=4
[NAV] state RETREATING -> PRE_ROTATING pose=(21.3,32.5,θ=34.8°) pre_target_θ=43.8° heading_err=+9.0°
[NAV] state PRE_ROTATING -> FOLLOWING pose=(21.2,32.3,θ=35.2°) path_waypoints=59 final_wp=(35.8,68.2)
[NAV] !! NO PROGRESS (blocked): robot at (22.7,33.4,θ=49.0°) has not moved 0.5 cm or turned 3.0° in 3.0s. Treating as FAILED so the subgoal can end.
[NAV] Retreating to (18.3, 31.0)
[NAV] state FOLLOWING -> RETREATING pose=(22.7,33.4,θ=48.8°)
[NAV] Retreat done after 55 ticks (reached the cell); drive FAILED (blocked).
[Subgoal] <-- DONE (FAILED) after 5.5s, robot now at (21.3,32.7,θ=28.0°)
[DIAG] subgoal #5 end recorded (outcome=failed)
[Subgoal] --> DISPATCH NAVIGATE: target=(35.6,68.3), robot at (21.3,32.7,θ=28.0°)
[DIAG] subgoal #6 start recorded
[NAV] navigate_to: goal=(35.6,68.3) θ=any, from=(21.3,32.7), obstacles=4
[NAV] state RETREATING -> PRE_ROTATING pose=(21.3,32.7,θ=28.0°) pre_target_θ=46.1° heading_err=+18.1°
[NAV] state PRE_ROTATING -> FOLLOWING pose=(21.2,32.7,θ=31.0°) path_waypoints=58 final_wp=(35.8,68.2)
[NAV] !! NO PROGRESS (blocked): robot at (22.5,33.7,θ=51.1°) has not moved 0.5 cm or turned 3.0° in 3.0s. Treating as FAILED so the subgoal can end.
[NAV] Retreating to (18.2, 31.1)
[NAV] state FOLLOWING -> RETREATING pose=(22.5,33.7,θ=51.1°)
[NAV] Retreat done after 47 ticks (reached the cell); drive FAILED (blocked).
[Subgoal] <-- DONE (FAILED) after 5.2s, robot now at (21.0,32.9,θ=28.8°)
[DIAG] subgoal #6 end recorded (outcome=failed)
[Runtime] Planning failed - stopping robot
[Runtime] Shutting down
[Diagnostics] ⚠️ scene_after.xml capture failed: no xml source path provided
[Diagnostics] Wrote summary.json (outcome=failure)
[RemoteRecordClient] Recording stopped → /home/dhruv/projects_dhruv/namo/robot_control/real_exp/1hop_simple/results/real/2push__env__obstacle_0_movable__0489c6b2/nav_baseline_penalise/trial4/recordings/session_2026-09-08_02-13-06/full_run.mp4
[Runtime] Sending stop command to robot...
[SerialSender] Stopped
[RealEnv] Stopped
[RemoteObserver] Stopped
[Runtime] Shutdown complete

============================================================
  arm                : nav_baseline_penalise
  reached            : False
  stopped at         : (20.98, 32.86) cm
  distance to goal   : 38.3 cm
  route waypoints    : 85
  route crossed      : obj_4
  objects shoved     : obj_4
  elapsed            : 46.4 s
  failure            : stuck_retry_limit_reached
============================================================

  Driving alone did not reach the goal. Reset the scene, then
  run the NAMO trial on the same layout.

wrote /home/dhruv/projects_dhruv/namo/robot_control/real_exp/1hop_simple/results/real/2push__env__obstacle_0_movable__0489c6b2/nav_baseline_penalise/trial4/nav_baseline_penalise_1788848033.json

/home/dhruv/projects_dhruv/namo/robot_control/real_exp/1hop_simple/results/real/2push__env__obstacle_0_movable__0489c6b2/nav_verdict.json already holds a verdict; left alone.
