[Diagnostics] Wrote config.json
[DIAG] Diagnostics enabled: /home/dhruv/projects_dhruv/namo/robot_control/push_calibration/obj_1/edge59/depth6/trial1
[tier2] wheel commands will be logged to /home/dhruv/projects_dhruv/namo/robot_control/push_calibration/obj_1/edge59/depth6/trial1/wheel_commands.jsonl
[collect] 1 trial(s) loaded from push_calibration/obj_1/edge59/depth6/spec.yaml
[collect] obstacle_target = (25.0, 35.0) cm  reset_tolerance = 3.0 cm
[mid-obs] logging every camera observation → /home/dhruv/projects_dhruv/namo/robot_control/push_calibration/obj_1/edge59/depth6/trial1/mid_obs.jsonl
[Runtime] Using remote camera service at tcp://localhost:5556
[Runtime] Speeds in effect: nav=0.40, push=0.40, keyboard/follow_path=0.30
[fresh] planner.attach_obs_source(world.get) wired
[Runtime] Starting RemoteObserverNode...
[RemoteObserver] Connected to tcp://localhost:5556
[SerialSender] Port /dev/serial/by-id/usb-Espressif_USB_JTAG_serial_debug_unit_10:51:DB:18:34:7C-if00 opened at 115200
[SerialSender] Started at 30.0 Hz
[RealEnv] Started (robot_id=1)
[Runtime] Per-subgoal video + meta will write to /home/dhruv/projects_dhruv/namo/robot_control/push_calibration/obj_1/edge59/depth6/trial1/recordings/session_2026-05-25_15-31-07

!!!!!!!!!!!!!!!!!!!!!!!!!!!!!!!!!!!!!!!!!!!!!!!!!!!!!!!!!!!!!!!!!!!!!!
!! ROBOT 1 OFFLINE at startup !!
!!   ap_connected=True, alive_ids=[], last_status=0.5s ago [fresh]
!!   Planning will run (sim-only), but the robot CANNOT execute.
!!   Restart the robot or check the camera_service serial link.
!!!!!!!!!!!!!!!!!!!!!!!!!!!!!!!!!!!!!!!!!!!!!!!!!!!!!!!!!!!!!!!!!!!!!!


=== Trial 1/1 === object=obj_1 edge_idx=59 push_steps=7
  [skip_reset] start pose: (21.13, 16.29) θ=89.89°. pushing...
[Subgoal] --> DISPATCH PUSH: obj 'obj_1' at (21.1,16.3,θ=89.9°), edge=59, push_steps=7, robot at (19.2,4.5,θ=85.9°)
[DIAG] subgoal #1 start recorded
[RemoteRecordClient] Recording started → /home/dhruv/projects_dhruv/namo/robot_control/push_calibration/obj_1/edge59/depth6/trial1/recordings/session_2026-05-25_15-31-07/subgoal_001_push_obj_1_e59_s7.mp4
[Diagnostics] ⚠️ scene_before.xml capture failed: no xml source path provided

==================================================
Robot Control - Real Robot (Autonomous)
==================================================
Serial port: /dev/serial/by-id/usb-Espressif_USB_JTAG_serial_debug_unit_10:51:DB:18:34:7C-if00
Robot ID: 1
Dry run: False
Speed: 0.3
==================================================
Running in autonomous mode
Press 'r' to toggle recording
Press 'space' for emergency stop
Press 'escape' to quit
==================================================

[PUSH]   Original edge: (13.6, 8.6)
[PUSH]   Validated:     (13.6, 8.1)
[PUSH] Starting navigation: robot=(19.2,4.5) → approach=(13.6,8.1)
[NAV] navigate_to: goal=(13.6,8.1) θ=89.9°, from=(19.2,4.5), obstacles=1
[Wavefront] Saved grid image to output_dump/wavefront/wavefront_20260525_153108_001.png (98x155)
[PUSH] navigate_to() returned: True, nav_state=PRE_ROTATING
[NAV] state - -> PRE_ROTATING pose=(19.2,4.5,θ=85.9°) pre_target_θ=146.4° heading_err=+60.5°
[SerialSender] Car 1 CONNECTED (alive now: [1])
[NAV] state PRE_ROTATING -> FOLLOWING pose=(19.3,4.5,θ=104.6°) path_waypoints=10 final_wp=(13.8,8.2)
[NAV] state FOLLOWING -> POST_ROTATING pose=(14.5,7.8,θ=148.9°) goal_θ=89.9° heading_err=-59.1°
[PUSH] Navigation done - transitioning to ADVANCING (nav_state=FINISHED)
[PUSH] >>> PUSHING start: obj 'obj_1' at (21.1,16.3,θ=89.9°), robot at (13.9,7.9,θ=90.0°), edge=59, push_steps=7 (182 ticks)
[PUSH DEBUG] ========== PUSH START ==========
[PUSH DEBUG] Object: pos=(21.1,16.3) theta=89.9° size=(15x7.0)
[PUSH DEBUG] Edge 59: face=3 sample=14
[PUSH DEBUG] Theoretical: edge_pt (13.6,8.6) → mid_pt (13.6,16.3)
[PUSH DEBUG] Actual line: (13.9,7.9) → (13.9,15.6)
[PUSH DEBUG] Mode: FIXED
[PUSH DEBUG] ================================

[PUSH] ========== PUSH COMPLETE ==========
[PUSH] Robot: (14.0, 32.8) theta=90.2°
[PUSH] Δobject 'obj_1': Δpos=(+0.01,+3.09) |Δ|=3.09cm, Δθ=-79.11°
[PUSH] Robot position is FREE in wavefront
[PUSH] Object 'obj_1': (21.2, 19.3) theta=10.8° size=(15x7.0)
[PUSH]   Distance robot→object center: 15.2cm
[Wavefront] Saved grid image to /tmp/wavefront/wavefront_20260525_153119.png (98x155)
[PUSH] Wavefront saved to: /tmp/wavefront/wavefront_20260525_153119.png
[PUSH] ======================================

[PUSH] Retreat target: (11.6, 26.2) [BACKWARD]
[Subgoal] <-- DONE (SUCCESS) after 17.3s, robot now at (12.3,28.1,θ=71.8°)
[DIAG] subgoal #1 end recorded (outcome=success)
[DIAG] push recorded (obj=obj_1, Δ=3.09cm, stuck=False)
[RemoteRecordClient] Recording stopped → /home/dhruv/projects_dhruv/namo/robot_control/push_calibration/obj_1/edge59/depth6/trial1/recordings/session_2026-05-25_15-31-07/subgoal_001_push_obj_1_e59_s7.mp4
[Runtime] Plan complete - stopping robot
[Runtime] Shutting down
