[Diagnostics] Wrote config.json
[DIAG] Diagnostics enabled: /home/dhruv/projects_dhruv/namo/robot_control/real_exp/1hop_multi_int/results/real/2push__env__obstacle_0_movable__fbdce248/model_policy/trial2
planner: full_namo  |  exec mode: greedy_policy  local search: best_first/model  ckpt=/home/dhruv/projects_dhruv/namo/ranking/models/HY5U_s2.ckpt  hmax=canonical  budget=canonical  scope=inherited  device=cuda

Starting NAMO execution...
Press ESCAPE to quit
==================================================
[Runtime] Using remote camera service at tcp://localhost:5556
[Runtime] Speeds in effect: nav=0.40, push=0.40, keyboard/follow_path=0.30
[Runtime] Safety filter: OFF
[Runtime] Starting RemoteObserverNode...
[RemoteObserver] Connected to tcp://localhost:5556
[SerialSender] Port /dev/serial/by-id/usb-Espressif_USB_JTAG_serial_debug_unit_10:51:DB:18:34:7C-if00 opened at 115200
[SerialSender] Started at 30.0 Hz
[RealEnv] Started (robot_id=1)
[RemoteRecordClient] Recording started → /home/dhruv/projects_dhruv/namo/robot_control/real_exp/1hop_multi_int/results/real/2push__env__obstacle_0_movable__fbdce248/model_policy/trial2/recordings/session_2026-09-08_01-22-57/full_run.mp4
[SerialSender] Car 1 CONNECTED (alive now: [1])
[Runtime] Full-run video + per-subgoal meta will write to /home/dhruv/projects_dhruv/namo/robot_control/real_exp/1hop_multi_int/results/real/2push__env__obstacle_0_movable__fbdce248/model_policy/trial2/recordings/session_2026-09-08_01-22-57
[Runtime] 🔌 Robot 1 ONLINE at startup (alive_ids=[1], ap_connected=True)

[Trapped-start recovery] Robot at (33.2, 7.7) cm was in an inflated-obstacle cell; cleared local cells so the planner can BFS from here. Position unchanged.

[NAMOPlanner] Goal BLOCKED - running NAMO planning...
[NAMOBridge] Warming best-first scorer (checkpoint=/home/dhruv/projects_dhruv/namo/ranking/models/HY5U_s2.ckpt, device=cuda); excluded from planning time

[Trapped-start recovery] Robot at (33.2, 7.7) cm was in an inflated-obstacle cell; cleared local cells so the planner can BFS from here. Position unchanged.


==================================================
Robot Control - Real Robot (Autonomous)
==================================================
Serial port: /dev/serial/by-id/usb-Espressif_USB_JTAG_serial_debug_unit_10:51:DB:18:34:7C-if00
Robot ID: 1
Dry run: False
Speed (autonomous): nav=0.40, push=0.40
==================================================
Running in autonomous mode
Press 'r' to toggle recording
Press 'space' for emergency stop
Press 'escape' to quit
==================================================

[NAMOPlanner] Best-first scorer warmup: 3788ms (recorded separately; excluded from planning_wall_time_ms)

[Trapped-start recovery] Robot at (33.2, 7.7) cm was in an inflated-obstacle cell; cleared local cells so the planner can BFS from here. Position unchanged.

[NAMOPlanner] Plan #1: 108ms, cumulative: 108ms
[DIAG] plan #1 recorded (success=True)
[Subgoal] --> DISPATCH PUSH: obj 'obj_4' at (38.2,22.7,θ=63.2°), edge=43, push_steps=5, robot at (33.2,7.7,θ=88.6°)
[DIAG] subgoal #1 start recorded

[Trapped-start recovery] Robot at (33.2, 7.7) cm was in an inflated-obstacle cell; cleared local cells so the planner can BFS from here. Position unchanged.

[PUSH] Starting navigation: robot=(33.2,7.7) → approach=(35.2,14.9)
[NAV] navigate_to: goal=(35.2,14.9) θ=63.2°, from=(33.2,7.7), obstacles=5
[Wavefront] Saved grid image to output_dump/wavefront/wavefront_20260908_012302_001.png (98x155)
[PUSH] navigate_to() returned: True, nav_state=PRE_ROTATING
[NAV] state - -> PRE_ROTATING pose=(33.2,7.7,θ=88.6°) pre_target_θ=55.6° heading_err=-33.0°
[NAV] state PRE_ROTATING -> FOLLOWING pose=(33.1,7.7,θ=88.5°) path_waypoints=10 final_wp=(35.2,14.8)
[NAV] state FOLLOWING -> POST_ROTATING pose=(35.1,13.9,θ=89.1°) goal_θ=63.2° heading_err=-25.9°
[PUSH] Navigation done - transitioning to ADVANCING (nav_state=FINISHED)
[PUSH] >>> PUSHING start: obj 'obj_4' at (38.3,22.6,θ=63.8°), robot at (34.5,14.6,θ=60.9°), edge=43, push_steps=5 (150 ticks)
[PUSH DEBUG] ========== PUSH START ==========
[PUSH DEBUG] Object: pos=(38.3,22.6) theta=63.8° size=(12.0x7.5)
[PUSH DEBUG] Edge 43: face=3 sample=6
[PUSH DEBUG] Theoretical: edge_pt (35.5,14.8) → mid_pt (39.1,22.2)
[PUSH DEBUG] Actual line: (34.5,14.6) → (38.1,22.0)
[PUSH DEBUG] Mode: FIXED
[PUSH DEBUG] ================================

[PUSH] ========== PUSH COMPLETE ==========
[PUSH] Robot: (42.7, 33.2) theta=68.8°
[PUSH] Δobject 'obj_4': Δpos=(+5.01,+18.02) |Δ|=18.71cm, Δθ=+25.29°
[PUSH] Robot position is FREE in wavefront
[PUSH] Object 'wall_12': (12.8, 37.2) theta=227.1° size=(19.5x5.5)
[PUSH]   Distance robot→object center: 30.2cm
[PUSH] Object 'obj_4': (43.3, 40.6) theta=89.1° size=(12.0x7.5)
[PUSH]   Distance robot→object center: 7.5cm
[PUSH] Object 'wall_10': (19.6, 22.4) theta=243.7° size=(19.5x5.5)
[PUSH]   Distance robot→object center: 25.4cm
[PUSH] Object 'obj_1': (46.2, 52.2) theta=181.3° size=(15x7.0)
[PUSH]   Distance robot→object center: 19.4cm
[PUSH] Object 'wall_11': (24.9, 39.9) theta=61.2° size=(19.5x5.5)
[PUSH]   Distance robot→object center: 19.1cm
[Wavefront] Saved grid image to /tmp/wavefront/wavefront_20260908_012311.png (98x155)
[PUSH] Wavefront saved to: /tmp/wavefront/wavefront_20260908_012311.png
[PUSH] ======================================

[PUSH] Retreat target: (39.4, 29.4) [BACKWARD]
[PUSH] Retreat reached target after 123 steps: moved 3.1 cm, stopped 1.9 cm from target (tolerance 2.0 cm, commanded speed 0.15), robot at (40.4, 31.0), target (39.4, 29.4)
[Subgoal] <-- DONE (SUCCESS) after 13.2s, robot now at (40.4,31.0,θ=55.9°)
[DIAG] subgoal #1 end recorded (outcome=success)
[DIAG] push recorded (obj=obj_4, Δ=19.26cm, stuck=False)
[NAMOPlanner] Greedy policy step complete; replanning from fresh camera observation

[Trapped-start recovery] Robot at (40.4, 31.0) cm was in an inflated-obstacle cell; cleared local cells so the planner can BFS from here. Position unchanged.

[NAMOPlanner] Goal BLOCKED - running NAMO planning...

[Trapped-start recovery] Robot at (40.4, 31.0) cm was in an inflated-obstacle cell; cleared local cells so the planner can BFS from here. Position unchanged.

[NAMOPlanner] Plan #2: 84ms, cumulative: 192ms
[DIAG] plan #2 recorded (success=True)
[Subgoal] --> DISPATCH PUSH: obj 'obj_4' at (43.1,41.2,θ=89.6°), edge=47, push_steps=5, robot at (40.4,31.0,θ=55.9°)
[DIAG] subgoal #2 start recorded

[Trapped-start recovery] Robot at (40.4, 31.0) cm was in an inflated-obstacle cell; cleared local cells so the planner can BFS from here. Position unchanged.

[PUSH] Starting navigation: robot=(40.4,31.0) → approach=(42.2,33.0)
[NAV] navigate_to: goal=(42.2,33.0) θ=89.6°, from=(40.4,31.0), obstacles=5
[Wavefront] Saved grid image to output_dump/wavefront/wavefront_20260908_012315_002.png (98x155)
[NAV] navigate_to: already at goal (all 4 waypoints within 3.5cm of robot). Skipping FOLLOWING.
[PUSH] navigate_to() returned: True, nav_state=POST_ROTATING
[NAV] state - -> POST_ROTATING pose=(40.4,31.0,θ=55.9°) goal_θ=89.6° heading_err=+33.7°
[NAV] !! STALL: stuck in POST_ROTATING for 150 ticks, target_θ=89.6°, current_θ=87.8°, heading_err=+1.9°. Likely cause: rotation tolerance / stable-hold not converging.
[PUSH] Navigation done - transitioning to ADVANCING (nav_state=FINISHED)
[PUSH] >>> PUSHING start: obj 'obj_4' at (43.2,41.2,θ=89.7°), robot at (40.4,30.4,θ=87.9°), edge=47, push_steps=5 (150 ticks)
[PUSH DEBUG] ========== PUSH START ==========
[PUSH DEBUG] Object: pos=(43.2,41.2) theta=89.7° size=(12.0x7.5)
[PUSH DEBUG] Edge 47: face=3 sample=8
[PUSH DEBUG] Theoretical: edge_pt (42.3,33.0) → mid_pt (42.3,41.2)
[PUSH DEBUG] Actual line: (40.4,30.4) → (40.5,38.6)
[PUSH DEBUG] Mode: FIXED
[PUSH DEBUG] ================================

[PUSH] ========== PUSH COMPLETE ==========
[PUSH] Robot: (40.4, 51.5) theta=86.3°
[PUSH] Δobject 'obj_4': Δpos=(+0.12,+17.54) |Δ|=17.54cm, Δθ=-3.01°
[PUSH] Robot position is FREE in wavefront
[PUSH] Object 'wall_12': (12.8, 37.2) theta=227.1° size=(19.5x5.5)
[PUSH]   Distance robot→object center: 31.0cm
[PUSH] Object 'wall_10': (19.6, 22.4) theta=243.7° size=(19.5x5.5)
[PUSH]   Distance robot→object center: 35.7cm
[PUSH] Object 'obj_4': (43.3, 58.8) theta=86.7° size=(12.0x7.5)
[PUSH]   Distance robot→object center: 7.9cm
[PUSH] Object 'obj_1': (45.7, 69.9) theta=149.6° size=(15x7.0)
[PUSH]   Distance robot→object center: 19.2cm
[PUSH] Object 'wall_11': (24.9, 39.9) theta=61.2° size=(19.5x5.5)
[PUSH]   Distance robot→object center: 19.4cm
[Wavefront] Saved grid image to /tmp/wavefront/wavefront_20260908_012327.png (98x155)
[PUSH] Wavefront saved to: /tmp/wavefront/wavefront_20260908_012327.png
[PUSH] ======================================

[PUSH] Retreat target: (38.4, 46.9) [BACKWARD]
[PUSH] Retreat reached target after 91 steps: moved 3.0 cm, stopped 2.0 cm from target (tolerance 2.0 cm, commanded speed 0.15), robot at (38.9, 48.8), target (38.4, 46.9)
[Subgoal] <-- DONE (SUCCESS) after 14.5s, robot now at (38.9,48.8,θ=73.8°)
[DIAG] subgoal #2 end recorded (outcome=success)
[DIAG] push recorded (obj=obj_4, Δ=18.48cm, stuck=False)
[NAMOPlanner] Greedy policy step complete; replanning from fresh camera observation

[Trapped-start recovery] Robot at (38.9, 48.8) cm was in an inflated-obstacle cell; cleared local cells so the planner can BFS from here. Position unchanged.

[NAMOPlanner] Goal REACHABLE - navigating to (20.1, 58.6) [dist=21.2cm]
[Subgoal] --> DISPATCH NAVIGATE: target=(20.1,58.6), robot at (38.9,48.8,θ=73.8°)
[DIAG] subgoal #3 start recorded

[Trapped-start recovery] Robot at (38.9, 48.8) cm was in an inflated-obstacle cell; cleared local cells so the planner can BFS from here. Position unchanged.

[NAV] navigate_to: goal=(20.1,58.6) θ=any, from=(38.9,48.8), obstacles=5
[Wavefront] Saved grid image to output_dump/wavefront/wavefront_20260908_012330_003.png (98x155)
[NAV] state POST_ROTATING -> PRE_ROTATING pose=(38.9,48.8,θ=73.8°) pre_target_θ=152.1° heading_err=+78.2°
[NAV] state PRE_ROTATING -> FOLLOWING pose=(39.0,48.6,θ=112.6°) path_waypoints=29 final_wp=(20.2,58.8)
[Subgoal] <-- DONE (SUCCESS) after 5.2s, robot now at (21.2,58.7,θ=185.4°)
[DIAG] subgoal #3 end recorded (outcome=success)
[NAMOPlanner] GOAL REACHED! Distance: 1.2cm | Total planning: 2 calls, 192ms cumulative
[Runtime] Plan complete - stopping robot
[Runtime] Shutting down

[Trapped-start recovery] Robot at (21.2, 58.7) cm was in an inflated-obstacle cell; cleared local cells so the planner can BFS from here. Position unchanged.

[Diagnostics] Wrote summary.json (outcome=success)
[RemoteRecordClient] Recording stopped → /home/dhruv/projects_dhruv/namo/robot_control/real_exp/1hop_multi_int/results/real/2push__env__obstacle_0_movable__fbdce248/model_policy/trial2/recordings/session_2026-09-08_01-22-57/full_run.mp4
[Runtime] Sending stop command to robot...
[SerialSender] Stopped
[RealEnv] Stopped
[RemoteObserver] Stopped
[Runtime] Shutdown complete
