[Diagnostics] Wrote config.json
[DIAG] Diagnostics enabled: /home/dhruv/projects_dhruv/namo/robot_control/real_exp/results/formal_v1/hmax2/easy_020/uniform_search/trial1
planner: full_namo  |  exec mode: search  local search: best_first/uniform  hmax=canonical  budget=canonical  device=cuda

Starting NAMO execution...
Press ESCAPE to quit
==================================================
[Runtime] Using remote camera service at tcp://localhost:5556
[Runtime] Speeds in effect: nav=0.40, push=0.40, keyboard/follow_path=0.30
[Runtime] Starting RemoteObserverNode...
[RemoteObserver] Connected to tcp://localhost:5556
[SerialSender] Port /dev/serial/by-id/usb-Espressif_USB_JTAG_serial_debug_unit_10:51:DB:18:34:7C-if00 opened at 115200
[SerialSender] Started at 30.0 Hz
[RealEnv] Started (robot_id=1)
[Runtime] Per-subgoal video + meta will write to /home/dhruv/projects_dhruv/namo/robot_control/real_exp/results/formal_v1/hmax2/easy_020/uniform_search/trial1/recordings/session_2026-08-27_22-14-49
[SerialSender] Car 1 CONNECTED (alive now: [1])
[Runtime] 🔌 Robot 1 ONLINE at startup (alive_ids=[1], ap_connected=True)
[NAMOPlanner] Goal BLOCKED - running NAMO planning...

==================================================
Robot Control - Real Robot (Autonomous)
==================================================
Serial port: /dev/serial/by-id/usb-Espressif_USB_JTAG_serial_debug_unit_10:51:DB:18:34:7C-if00
Robot ID: 1
Dry run: False
Speed (autonomous): nav=0.40, push=0.40
==================================================
Running in autonomous mode
Press 'r' to toggle recording
Press 'space' for emergency stop
Press 'escape' to quit
==================================================

[SerialSender] ⚠️ Car 1 DISCONNECTED (alive now: [])
[SerialSender] Car 1 CONNECTED (alive now: [1])
[NAMOPlanner] Plan #1: 22466ms, cumulative: 22466ms
[DIAG] plan #1 recorded (success=True)
[NAMOPlanner] MPC mode: preserving 2 pushes from fresh_plan, queuing only the first for real execution
[Subgoal] --> DISPATCH PUSH: obj 'obj_1' at (20.2,27.0,θ=309.9°), edge=40, push_steps=4, robot at (29.6,13.9,θ=103.6°)
[DIAG] subgoal #1 start recorded
[RemoteRecordClient] Recording started → /home/dhruv/projects_dhruv/namo/robot_control/real_exp/results/formal_v1/hmax2/easy_020/uniform_search/trial1/recordings/session_2026-08-27_22-14-49/subgoal_001_push_obj_1_e40_s4.mp4
[PUSH] Starting navigation: robot=(29.6,13.9) → approach=(23.7,19.5)
[NAV] navigate_to: goal=(23.7,19.5) θ=129.9°, from=(29.6,13.9), obstacles=3
[Wavefront] Saved grid image to output_dump/wavefront/wavefront_20260827_221512_001.png (98x155)
[PUSH] navigate_to() returned: True, nav_state=PRE_ROTATING
[NAV] state - -> PRE_ROTATING pose=(29.6,13.9,θ=103.6°) pre_target_θ=135.6° heading_err=+32.0°
[NAV] state PRE_ROTATING -> FOLLOWING pose=(29.6,13.9,θ=103.7°) path_waypoints=13 final_wp=(23.8,19.8)
[NAV] state FOLLOWING -> POST_ROTATING pose=(24.1,19.2,θ=126.9°) goal_θ=129.9° heading_err=+3.0°
[PUSH] Navigation done - transitioning to ADVANCING (nav_state=FINISHED)
[PUSH] >>> PUSHING start: obj 'obj_1' at (20.2,27.0,θ=309.8°), robot at (23.8,19.5,θ=128.3°), edge=40, push_steps=4 (120 ticks)
[PUSH DEBUG] ========== PUSH START ==========
[PUSH DEBUG] Object: pos=(20.2,27.0) theta=309.8° size=(15x7.0)
[PUSH DEBUG] Edge 40: face=2 sample=5
[PUSH DEBUG] Theoretical: edge_pt (23.7,19.5) → mid_pt (18.6,25.6)
[PUSH DEBUG] Actual line: (23.8,19.5) → (18.7,25.7)
[PUSH DEBUG] Mode: FIXED
[PUSH DEBUG] ================================

[PUSH] ========== PUSH COMPLETE ==========
[PUSH] Robot: (20.1, 23.8) theta=126.6°
[PUSH] Δobject 'obj_1': Δpos=(-2.58,+3.53) |Δ|=4.38cm, Δθ=-2.25°
[PUSH] Robot position is BLOCKED in wavefront
[PUSH] Object 'wall_11': (13.5, 41.4) theta=161.8° size=(19.5x5.5)
[PUSH]   Distance robot→object center: 18.8cm
[PUSH] Object 'wall_10': (38.7, 31.4) theta=100.2° size=(19.5x5.5)
[PUSH]   Distance robot→object center: 20.0cm
[PUSH] Object 'obj_1': (17.6, 30.5) theta=307.5° size=(15x7.0)
[PUSH]   Distance robot→object center: 7.2cm
[Wavefront] Saved grid image to /tmp/wavefront/wavefront_20260827_221519.png (98x155)
[PUSH] Wavefront saved to: /tmp/wavefront/wavefront_20260827_221519.png
[PUSH] ======================================

[PUSH] Retreat target: (21.6, 19.0) [BACKWARD]
[PUSH] Retreat reached target after 72 steps: moved 3.0 cm, stopped 2.0 cm from target (tolerance 2.0 cm, commanded speed 0.15), robot at (21.0, 20.9), target (21.6, 19.0)
[Subgoal] <-- DONE (SUCCESS) after 9.7s, robot now at (21.0,20.9,θ=107.4°)
[DIAG] subgoal #1 end recorded (outcome=success)
[DIAG] push recorded (obj=obj_1, Δ=4.38cm, stuck=False)
[RemoteRecordClient] Recording stopped → /home/dhruv/projects_dhruv/namo/robot_control/real_exp/results/formal_v1/hmax2/easy_020/uniform_search/trial1/recordings/session_2026-08-27_22-14-49/subgoal_001_push_obj_1_e40_s4.mp4

[Trapped-start recovery] Robot at (21.0, 20.9) cm was in an inflated-obstacle cell; cleared local cells so the planner can BFS from here. Position unchanged.

[NAMOPlanner] Push complete. Will try reuse from updated real scene for remaining chain len=1

[Trapped-start recovery] Robot at (21.0, 20.9) cm was in an inflated-obstacle cell; cleared local cells so the planner can BFS from here. Position unchanged.

[NAMOPlanner] Reuse check from updated real scene: source=fresh_plan, chain_len=2

[Trapped-start recovery] Robot at (21.0, 20.9) cm was in an inflated-obstacle cell; cleared local cells so the planner can BFS from here. Position unchanged.

[DIAG] plan #2 recorded (success=True)
[NAMOPlanner] Reusing suffix chain (1 pushes) from updated real scene
[Subgoal] --> DISPATCH PUSH: obj 'obj_1' at (17.6,30.6,θ=307.7°), edge=19, push_steps=5, robot at (21.0,20.9,θ=107.4°)
[DIAG] subgoal #2 start recorded
[RemoteRecordClient] Recording started → /home/dhruv/projects_dhruv/namo/robot_control/real_exp/results/formal_v1/hmax2/easy_020/uniform_search/trial1/recordings/session_2026-08-27_22-14-49/subgoal_002_push_obj_1_e19_s5.mp4

[Trapped-start recovery] Robot at (21.0, 20.9) cm was in an inflated-obstacle cell; cleared local cells so the planner can BFS from here. Position unchanged.

[PUSH] Starting navigation: robot=(21.0,20.9) → approach=(8.8,22.4)
[NAV] navigate_to: goal=(8.8,22.4) θ=37.7°, from=(21.0,20.9), obstacles=3
[Wavefront] Saved grid image to output_dump/wavefront/wavefront_20260827_221522_002.png (98x155)
[PUSH] navigate_to() returned: True, nav_state=PRE_ROTATING
[NAV] state POST_ROTATING -> PRE_ROTATING pose=(21.0,20.9,θ=107.4°) pre_target_θ=-130.5° heading_err=+122.1°
[NAV] state PRE_ROTATING -> FOLLOWING pose=(21.3,20.7,θ=185.6°) path_waypoints=26 final_wp=(8.8,22.2)
[NAV] state FOLLOWING -> POST_ROTATING pose=(8.3,21.2,θ=92.2°) goal_θ=37.7° heading_err=-54.5°
[PUSH] Navigation done - transitioning to ADVANCING (nav_state=FINISHED)
[PUSH] >>> PUSHING start: obj 'obj_1' at (17.6,30.6,θ=307.7°), robot at (8.1,21.7,θ=35.4°), edge=19, push_steps=5 (150 ticks)
[PUSH DEBUG] ========== PUSH START ==========
[PUSH DEBUG] Object: pos=(17.6,30.6) theta=307.7° size=(15x7.0)
[PUSH DEBUG] Edge 19: face=1 sample=9
[PUSH DEBUG] Theoretical: edge_pt (8.8,22.4) → mid_pt (18.2,29.8)
[PUSH DEBUG] Actual line: (8.1,21.7) → (17.6,29.1)
[PUSH DEBUG] Mode: FIXED
[PUSH DEBUG] ================================

[PUSH] ========== PUSH COMPLETE ==========
[PUSH] Robot: (28.7, 37.9) theta=35.0°
[PUSH] Δobject 'obj_1': Δpos=(+19.34,+14.92) |Δ|=24.43cm, Δθ=+0.51°
[PUSH] Robot position is BLOCKED in wavefront
[PUSH] Object 'wall_11': (13.5, 41.4) theta=161.9° size=(19.5x5.5)
[PUSH]   Distance robot→object center: 15.6cm
[PUSH] Object 'obj_1': (37.0, 45.5) theta=308.2° size=(15x7.0)
[PUSH]   Distance robot→object center: 11.2cm
[PUSH] Object 'wall_10': (38.6, 31.4) theta=100.2° size=(19.5x5.5)
[PUSH]   Distance robot→object center: 11.9cm
[Wavefront] Saved grid image to /tmp/wavefront/wavefront_20260827_221534.png (98x155)
[PUSH] Wavefront saved to: /tmp/wavefront/wavefront_20260827_221534.png
[PUSH] ======================================

[PUSH] Retreat target: (23.9, 36.6) [BACKWARD]
[PUSH] Retreat reached target after 95 steps: moved 3.1 cm, stopped 2.0 cm from target (tolerance 2.0 cm, commanded speed 0.15), robot at (25.7, 37.3), target (23.9, 36.6)
[Subgoal] <-- DONE (SUCCESS) after 15.3s, robot now at (25.7,37.3,θ=19.4°)
[DIAG] subgoal #2 end recorded (outcome=success)
[DIAG] push recorded (obj=obj_1, Δ=25.41cm, stuck=False)
[RemoteRecordClient] Recording stopped → /home/dhruv/projects_dhruv/namo/robot_control/real_exp/results/formal_v1/hmax2/easy_020/uniform_search/trial1/recordings/session_2026-08-27_22-14-49/subgoal_002_push_obj_1_e19_s5.mp4

[Trapped-start recovery] Robot at (25.7, 37.3) cm was in an inflated-obstacle cell; cleared local cells so the planner can BFS from here. Position unchanged.

[NAMOPlanner] Goal is NOW REACHABLE - skipping committed-chain reuse

[Trapped-start recovery] Robot at (25.7, 37.3) cm was in an inflated-obstacle cell; cleared local cells so the planner can BFS from here. Position unchanged.

[NAMOPlanner] Goal REACHABLE - navigating to (29.7, 71.0) [dist=34.0cm]
[Subgoal] --> DISPATCH NAVIGATE: target=(29.7,71.0), robot at (25.7,37.3,θ=19.4°)
[DIAG] subgoal #3 start recorded
[RemoteRecordClient] Recording started → /home/dhruv/projects_dhruv/namo/robot_control/real_exp/results/formal_v1/hmax2/easy_020/uniform_search/trial1/recordings/session_2026-08-27_22-14-49/subgoal_003_navigate.mp4

[Trapped-start recovery] Robot at (25.7, 37.3) cm was in an inflated-obstacle cell; cleared local cells so the planner can BFS from here. Position unchanged.

[NAV] navigate_to: goal=(29.7,71.0) θ=any, from=(25.7,37.3), obstacles=3
[Wavefront] Saved grid image to output_dump/wavefront/wavefront_20260827_221537_003.png (98x155)
[NAV] state POST_ROTATING -> PRE_ROTATING pose=(25.7,37.3,θ=19.4°) pre_target_θ=125.2° heading_err=+105.8°
[NAV] state PRE_ROTATING -> FOLLOWING pose=(25.6,37.1,θ=82.7°) path_waypoints=43 final_wp=(29.8,70.8)
[Subgoal] <-- DONE (SUCCESS) after 8.6s, robot now at (29.7,69.7,θ=87.0°)
[DIAG] subgoal #3 end recorded (outcome=success)
[RemoteRecordClient] Recording stopped → /home/dhruv/projects_dhruv/namo/robot_control/real_exp/results/formal_v1/hmax2/easy_020/uniform_search/trial1/recordings/session_2026-08-27_22-14-49/subgoal_003_navigate.mp4
[NAMOPlanner] GOAL REACHED! Distance: 1.3cm | Total planning: 2 calls, 22745ms cumulative
[Runtime] Plan complete - stopping robot
[Runtime] Shutting down

[Trapped-start recovery] Robot at (29.7, 69.7) cm was in an inflated-obstacle cell; cleared local cells so the planner can BFS from here. Position unchanged.

[Diagnostics] Wrote summary.json (outcome=success)
[Runtime] Sending stop command to robot...
[SerialSender] Stopped
[RealEnv] Stopped
[RemoteObserver] Stopped
[Runtime] Shutdown complete
