[NAV_PATH] 0.2075,0.0925 0.2075,0.0875
[NAV_END]
[PUSH_PATH] 0 0.2075,0.0875 0.209649,0.207481 0.218605,0.707401
[PUSH_CTRL] 0 3.57133 3.57133 TRACK
[PUSH_CTRL] 1 3.57133 3.57133 TRACK
[PUSH_CTRL] 2 3.57133 3.57133 TRACK
[PUSH_CTRL] 3 3.57133 3.57133 TRACK
[PUSH_CTRL] 4 3.57133 3.57133 TRACK
[PUSH_CTRL] 5 3.57133 3.57133 TRACK
[PUSH_CTRL] 6 3.57133 3.57133 TRACK
[PUSH_CTRL] 7 3.57133 3.57133 TRACK
[PUSH_CTRL] 8 3.57133 3.57133 TRACK
[PUSH_CTRL] 9 3.57133 3.57133 TRACK
[PUSH_CTRL] 10 3.57133 3.57133 TRACK
[PUSH_CTRL] 11 3.57133 3.57133 TRACK
[PUSH_CTRL] 12 3.57133 3.57133 TRACK
[PUSH_CTRL] 13 3.57133 3.57133 TRACK
[PUSH_CTRL] 14 3.57133 3.57133 TRACK
[PUSH_CTRL] 15 3.57133 3.57133 TRACK
[PUSH_CTRL] 16 3.57133 3.57133 TRACK
[PUSH_CTRL] 17 3.57133 3.57133 TRACK
[PUSH_CTRL] 18 3.57133 3.57133 TRACK
[PUSH_CTRL] 19 3.57133 3.57133 TRACK
[PUSH_CTRL] 20 3.57133 3.57133 TRACK
[PUSH_CTRL] 21 3.57133 3.57133 TRACK
[PUSH_CTRL] 22 3.57133 3.57133 TRACK
[PUSH_CTRL] 23 3.57133 3.57133 TRACK
[PUSH_CTRL] 24 3.57133 3.57133 TRACK
[PUSH_CTRL] 25 3.57133 3.57133 TRACK
[PUSH_CTRL] 26 3.57133 3.57133 TRACK
[PUSH_CTRL] 27 3.57133 3.57133 TRACK
[PUSH_CTRL] 28 3.57133 3.57133 TRACK
[PUSH_CTRL] 29 3.57133 3.57133 TRACK
[PUSH_CTRL] 30 3.57133 3.57133 TRACK
[PUSH_CTRL] 31 3.57133 3.57133 TRACK
[PUSH_CTRL] 32 3.57133 3.57133 TRACK
[PUSH_CTRL] 33 3.57133 3.57133 TRACK
[PUSH_CTRL] 34 3.57133 3.57133 TRACK
[PUSH_CTRL] 35 3.57133 3.57133 TRACK
[PUSH_CTRL] 36 3.57133 3.57133 TRACK
[PUSH_CTRL] 37 3.57133 3.57133 TRACK
[PUSH_CTRL] 38 3.57133 3.57133 TRACK
[PUSH_CTRL] 39 3.57133 3.57133 TRACK
[PUSH_CTRL] 40 3.57133 3.57133 TRACK
[PUSH_CTRL] 41 3.57133 3.57133 TRACK
[PUSH_CTRL] 42 3.57133 3.57133 TRACK
[PUSH_CTRL] 43 3.57133 3.57133 TRACK
[PUSH_CTRL] 44 3.57133 3.57133 TRACK
[PUSH_CTRL] 45 3.57133 3.57133 TRACK
[PUSH_CTRL] 46 3.57133 3.57133 TRACK
[PUSH_CTRL] 47 3.57133 3.57133 TRACK
[PUSH_CTRL] 48 3.57133 3.57133 TRACK
[PUSH_CTRL] 49 3.57133 3.57133 TRACK
[PUSH_CTRL] 50 3.57133 3.57133 TRACK
[PUSH_CTRL] 51 3.57133 3.57133 TRACK
[PUSH_CTRL] 52 3.57133 3.57133 TRACK
[PUSH_CTRL] 53 3.57133 3.57133 TRACK
[PUSH_CTRL] 54 3.57133 3.57133 TRACK
[PUSH_CTRL] 55 3.57133 3.57133 TRACK
[PUSH_CTRL] 56 3.57133 3.57133 TRACK
[PUSH_CTRL] 57 3.57133 3.57133 TRACK
[PUSH_CTRL] 58 3.57133 3.57133 TRACK
[PUSH_CTRL] 59 3.57133 3.57133 TRACK
[PUSH_CTRL] 60 3.57133 3.57133 TRACK
[PUSH_CTRL] 61 3.57133 3.57133 TRACK
[PUSH_CTRL] 62 3.57133 3.57133 TRACK
[PUSH_CTRL] 63 3.57133 3.57133 TRACK
[PUSH_CTRL] 64 3.57133 3.57133 TRACK
[PUSH_CTRL] 65 3.57133 3.57133 TRACK
[PUSH_CTRL] 66 3.57133 3.57133 TRACK
[PUSH_CTRL] 67 3.57133 3.57133 TRACK
[PUSH_CTRL] 68 3.57133 3.57133 TRACK
[PUSH_CTRL] 69 3.57133 3.57133 TRACK
[PUSH_CTRL] 70 3.57133 3.57133 TRACK
[PUSH_CTRL] 71 3.57133 3.57133 TRACK
[PUSH_CTRL] 72 3.57133 3.57133 TRACK
[PUSH_CTRL] 73 3.57133 3.57133 TRACK
[PUSH_CTRL] 74 3.57133 3.57133 TRACK
[PUSH_CTRL] 75 3.57133 3.57133 TRACK
[PUSH_CTRL] 76 3.57133 3.57133 TRACK
[PUSH_CTRL] 77 3.57133 3.57133 TRACK
[PUSH_CTRL] 78 3.57133 3.57133 TRACK
[PUSH_CTRL] 79 3.57133 3.57133 TRACK
[PUSH_CTRL] 80 3.57133 3.57133 TRACK
[PUSH_CTRL] 81 3.57133 3.57133 TRACK
[PUSH_CTRL] 82 3.57133 3.57133 TRACK
[PUSH_CTRL] 83 3.57133 3.57133 TRACK
[PUSH_CTRL] 84 3.57133 3.57133 TRACK
[PUSH_CTRL] 85 3.57133 3.57133 TRACK
[PUSH_CTRL] 86 3.57133 3.57133 TRACK
[PUSH_CTRL] 87 3.57133 3.57133 TRACK
[PUSH_CTRL] 88 3.57133 3.57133 TRACK
[PUSH_CTRL] 89 3.57133 3.57133 TRACK
[PUSH_CTRL] 90 3.57133 3.57133 TRACK
[PUSH_CTRL] 91 3.57133 3.57133 TRACK
[PUSH_CTRL] 92 3.57133 3.57133 TRACK
[PUSH_CTRL] 93 3.57133 3.57133 TRACK
[PUSH_CTRL] 94 3.57133 3.57133 TRACK
[PUSH_CTRL] 95 3.57133 3.57133 TRACK
[PUSH_CTRL] 96 3.57133 3.57133 TRACK
[PUSH_CTRL] 97 3.57133 3.57133 TRACK
[PUSH_CTRL] 98 3.57133 3.57133 TRACK
[PUSH_CTRL] 99 3.57133 3.57133 TRACK
[PUSH_CTRL] 100 3.57133 3.57133 TRACK
[PUSH_CTRL] 101 3.57133 3.57133 TRACK
[PUSH_CTRL] 102 3.57133 3.57133 TRACK
[PUSH_CTRL] 103 3.57133 3.57133 TRACK
[PUSH_CTRL] 104 3.57133 3.57133 TRACK
[PUSH_CTRL] 105 3.57133 3.57133 TRACK
[PUSH_CTRL] 106 3.57133 3.57133 TRACK
[PUSH_CTRL] 107 3.57133 3.57133 TRACK
[PUSH_CTRL] 108 3.57133 3.57133 TRACK
[PUSH_CTRL] 109 3.57133 3.57133 TRACK
[PUSH_CTRL] 110 3.57133 3.57133 TRACK
[PUSH_CTRL] 111 3.57133 3.57133 TRACK
[PUSH_CTRL] 112 3.57133 3.57133 TRACK
[PUSH_CTRL] 113 3.57133 3.57133 TRACK
[PUSH_CTRL] 114 3.57133 3.57133 TRACK
[PUSH_CTRL] 115 3.57133 3.57133 TRACK
[PUSH_CTRL] 116 3.57133 3.57133 TRACK
[PUSH_CTRL] 117 3.57133 3.57133 TRACK
[PUSH_CTRL] 118 3.57133 3.57133 TRACK
[PUSH_CTRL] 119 3.57133 3.57133 TRACK
[PUSH_CTRL] 120 3.57133 3.57133 TRACK
[PUSH_CTRL] 121 3.57133 3.57133 TRACK
[PUSH_CTRL] 122 3.57133 3.57133 TRACK
[PUSH_CTRL] 123 3.57133 3.57133 TRACK
[PUSH_CTRL] 124 3.57133 3.57133 TRACK
[PUSH_CTRL] 125 3.57133 3.57133 TRACK
[PUSH_CTRL] 126 3.57133 3.57133 TRACK
[PUSH_CTRL] 127 3.57133 3.57133 TRACK
[PUSH_CTRL] 128 3.57133 3.57133 TRACK
[PUSH_CTRL] 129 3.57133 3.57133 TRACK
[PUSH_CTRL] 130 3.57133 3.57133 TRACK
[PUSH_CTRL] 131 3.57133 3.57133 TRACK
[PUSH_CTRL] 132 3.57133 3.57133 TRACK
[PUSH_CTRL] 133 3.57133 3.57133 TRACK
[PUSH_CTRL] 134 3.57133 3.57133 TRACK
[PUSH_CTRL] 135 3.57133 3.57133 TRACK
[PUSH_CTRL] 136 3.57133 3.57133 TRACK
[PUSH_CTRL] 137 3.57133 3.57133 TRACK
[PUSH_CTRL] 138 3.57133 3.57133 TRACK
[PUSH_CTRL] 139 3.57133 3.57133 TRACK
[PUSH_CTRL] 140 3.57133 3.57133 TRACK
[PUSH_CTRL] 141 3.57133 3.57133 TRACK
[PUSH_CTRL] 142 3.57133 3.57133 TRACK
[PUSH_CTRL] 143 3.57133 3.57133 TRACK
[PUSH_CTRL] 144 3.57133 3.57133 TRACK
[PUSH_CTRL] 145 3.57133 3.57133 TRACK
[PUSH_CTRL] 146 3.57133 3.57133 TRACK
[PUSH_CTRL] 147 3.57133 3.57133 TRACK
[PUSH_CTRL] 148 3.57133 3.57133 TRACK
[PUSH_CTRL] 149 3.57133 3.57133 TRACK
[PUSH_CTRL] 150 3.57133 3.57133 TRACK
[PUSH_CTRL] 151 3.57133 3.57133 TRACK
[PUSH_CTRL] 152 3.57133 3.57133 TRACK
[PUSH_CTRL] 153 3.57133 3.57133 TRACK
[PUSH_CTRL] 154 3.57133 3.57133 TRACK
[PUSH_CTRL] 155 3.57133 3.57133 TRACK
[PUSH_CTRL] 156 3.57133 3.57133 TRACK
[PUSH_CTRL] 157 3.57133 3.57133 TRACK
[PUSH_CTRL] 158 3.57133 3.57133 TRACK
[PUSH_CTRL] 159 3.57133 3.57133 TRACK
[PUSH_CTRL] 160 3.57133 3.57133 TRACK
[PUSH_CTRL] 161 3.57133 3.57133 TRACK
[PUSH_CTRL] 162 3.57133 3.57133 TRACK
[PUSH_CTRL] 163 3.57133 3.57133 TRACK
[PUSH_CTRL] 164 3.57133 3.57133 TRACK
[PUSH_CTRL] 165 3.57133 3.57133 TRACK
[PUSH_CTRL] 166 3.57133 3.57133 TRACK
[PUSH_CTRL] 167 3.5713 3.57133 TRACK
[PUSH_CTRL] 168 3.57123 3.57133 TRACK
[PUSH_CTRL] 169 3.57114 3.57133 TRACK
[PUSH_CTRL] 170 3.57104 3.57133 TRACK
[PUSH_CTRL] 171 3.57092 3.57133 TRACK
[PUSH_CTRL] 172 3.5708 3.57133 TRACK
[PUSH_CTRL] 173 3.57067 3.57133 TRACK
[PUSH_CTRL] 174 3.57055 3.57133 TRACK
[PUSH_CTRL] 175 3.57038 3.57133 TRACK
[PUSH_CTRL] 176 3.57023 3.57133 TRACK
[PUSH_CTRL] 177 3.57008 3.57133 TRACK
[PUSH_CTRL] 178 3.56993 3.57133 TRACK
[PUSH_CTRL] 179 3.56991 3.57133 TRACK
[PUSH_CTRL] 180 3.56987 3.57133 TRACK
[PUSH_CTRL] 181 3.56979 3.57133 TRACK
[PUSH_CTRL] 182 3.56972 3.57133 TRACK
[PUSH_CTRL] 183 3.56966 3.57133 TRACK
[PUSH_CTRL] 184 3.56969 3.57133 TRACK
[PUSH_CTRL] 185 3.56965 3.57133 TRACK
[PUSH_CTRL] 186 3.56961 3.57133 TRACK
[PUSH_CTRL] 187 3.56816 3.57133 TRACK
[PUSH_CTRL] 188 3.56695 3.57133 TRACK
[PUSH_CTRL] 189 3.5662 3.57133 TRACK
[PUSH_CTRL] 190 3.56587 3.57133 TRACK
[PUSH_CTRL] 191 3.56534 3.57133 TRACK
[PUSH_CTRL] 192 3.56477 3.57133 TRACK
[PUSH_CTRL] 193 3.5642 3.57133 TRACK
[PUSH_CTRL] 194 3.56356 3.57133 TRACK
[PUSH_CTRL] 195 3.56296 3.57133 TRACK
[PUSH_CTRL] 196 3.56241 3.57133 TRACK
[PUSH_CTRL] 197 3.56172 3.57133 TRACK
[PUSH_CTRL] 198 3.56107 3.57133 TRACK
[PUSH_CTRL] 199 3.56069 3.57133 TRACK
[PUSH_CTRL] 200 3.56177 3.57133 TRACK
[PUSH_CTRL] 201 3.56295 3.57133 TRACK
[PUSH_CTRL] 202 3.56424 3.57133 TRACK
[PUSH_CTRL] 203 3.56539 3.57133 TRACK
[PUSH_CTRL] 204 3.56669 3.57133 TRACK
[PUSH_CTRL] 205 3.56753 3.57133 TRACK
[PUSH_CTRL] 206 3.56818 3.57133 TRACK
[PUSH_CTRL] 207 3.56885 3.57133 TRACK
[PUSH_CTRL] 208 3.57001 3.57133 TRACK
[PUSH_CTRL] 209 3.57062 3.57133 TRACK
[PUSH_CTRL] 210 3.57062 3.57133 TRACK
[PUSH_CTRL] 211 3.56883 3.57133 TRACK
[PUSH_CTRL] 212 3.56807 3.57133 TRACK
[PUSH_CTRL] 213 3.57067 3.57133 TRACK
[PUSH_CTRL] 214 3.57133 3.56992 TRACK
[PUSH_CTRL] 215 3.57133 3.56944 TRACK
[PUSH_CTRL] 216 3.57133 3.57028 TRACK
[PUSH_CTRL] 217 3.57133 3.57054 TRACK
[PUSH_CTRL] 218 3.57133 3.57001 TRACK
[PUSH_CTRL] 219 3.57133 3.56883 TRACK
[PUSH_CTRL] 220 3.57133 3.56689 TRACK
[PUSH_CTRL] 221 3.57133 3.56365 TRACK
[PUSH_CTRL] 222 3.57133 3.55891 TRACK
[PUSH_CTRL] 223 3.57133 3.5534 TRACK
[PUSH_CTRL] 224 3.57133 3.54651 TRACK
[PUSH_CTRL] 225 3.57133 3.53852 TRACK
[PUSH_CTRL] 226 3.57133 3.53367 TRACK
[PUSH_CTRL] 227 3.57133 3.53201 TRACK
[PUSH_CTRL] 228 3.57133 3.53311 TRACK
[PUSH_CTRL] 229 3.57133 3.5347 TRACK
[PUSH_CTRL] 230 3.57133 3.53681 TRACK
[PUSH_CTRL] 231 3.57133 3.53904 TRACK
[PUSH_CTRL] 232 3.57133 3.54192 TRACK
[PUSH_CTRL] 233 3.57133 3.54406 TRACK
[PUSH_CTRL] 234 3.57133 3.5466 TRACK
[PUSH_CTRL] 235 3.57133 3.54906 TRACK
[PUSH_CTRL] 236 3.57133 3.55152 TRACK
[PUSH_CTRL] 237 3.57133 3.55394 TRACK
[PUSH_CTRL] 238 3.57133 3.55601 TRACK
[PUSH_CTRL] 239 3.57133 3.55744 TRACK
[PUSH_CTRL] 240 3.57133 3.55836 TRACK
[PUSH_CTRL] 241 3.57133 3.55937 TRACK
[PUSH_CTRL] 242 3.57133 3.55987 TRACK
[PUSH_CTRL] 243 3.57133 3.56034 TRACK
[PUSH_CTRL] 244 3.57133 3.56043 TRACK
[PUSH_CTRL] 245 3.57133 3.56043 TRACK
[PUSH_CTRL] 246 3.57133 3.55963 TRACK
[PUSH_CTRL] 247 3.57133 3.55894 TRACK
[PUSH_CTRL] 248 3.57133 3.55783 TRACK
[PUSH_CTRL] 249 3.57133 3.55681 TRACK
[PUSH_CTRL] 250 3.57133 3.55542 TRACK
[PUSH_CTRL] 251 3.57133 3.55428 TRACK
[PUSH_CTRL] 252 3.57133 3.55249 TRACK
[PUSH_CTRL] 253 3.57133 3.55105 TRACK
[PUSH_CTRL] 254 3.57133 3.54846 TRACK
[PUSH_CTRL] 255 3.57133 3.54622 TRACK
[PUSH_CTRL] 256 3.57133 3.54418 TRACK
[PUSH_CTRL] 257 3.57133 3.54243 TRACK
[PUSH_CTRL] 258 3.57133 3.54212 TRACK
[PUSH_CTRL] 259 3.57133 3.54104 TRACK
[PUSH_CTRL] 260 3.57133 3.5408 TRACK
[PUSH_CTRL] 261 3.57133 3.54586 TRACK
[PUSH_CTRL] 262 3.57133 3.55022 TRACK
[PUSH_CTRL] 263 3.57133 3.55174 TRACK
[PUSH_CTRL] 264 3.57133 3.55266 TRACK
[PUSH_CTRL] 265 3.57133 3.55308 TRACK
[PUSH_CTRL] 266 3.57133 3.55326 TRACK
[PUSH_CTRL] 267 3.57133 3.55287 TRACK
[PUSH_CTRL] 268 3.57133 3.55088 TRACK
[PUSH_CTRL] 269 3.57133 3.54925 TRACK
[PUSH_CTRL] 270 3.57133 3.54773 TRACK
[PUSH_CTRL] 271 3.57133 3.54676 TRACK
[PUSH_CTRL] 272 3.57133 3.54591 TRACK
[PUSH_CTRL] 273 3.57133 3.54533 TRACK
[PUSH_CTRL] 274 3.57133 3.54488 TRACK
[PUSH_CTRL] 275 3.57133 3.5445 TRACK
[PUSH_CTRL] 276 3.57133 3.54414 TRACK
[PUSH_CTRL] 277 3.57133 3.54503 TRACK
[PUSH_CTRL] 278 3.57133 3.54341 TRACK
[PUSH_CTRL] 279 3.57133 3.54021 TRACK
[PUSH_CTRL] 280 3.57133 3.5372 TRACK
[PUSH_CTRL] 281 3.57133 3.53463 TRACK
[PUSH_CTRL] 282 3.57133 3.53258 TRACK
[PUSH_CTRL] 283 3.57133 3.53099 TRACK
[PUSH_CTRL] 284 3.57133 3.53038 TRACK
[PUSH_CTRL] 285 3.57133 3.53129 TRACK
[PUSH_CTRL] 286 3.57133 3.53363 TRACK
[PUSH_CTRL] 287 3.57133 3.53389 TRACK
[PUSH_CTRL] 288 3.57133 3.53379 TRACK
[PUSH_CTRL] 289 3.57133 3.53349 TRACK
[PUSH_CTRL] 290 3.57133 3.53359 TRACK
[PUSH_CTRL] 291 3.57133 3.53364 TRACK
[PUSH_CTRL] 292 3.57133 3.53393 TRACK
[PUSH_CTRL] 293 3.57133 3.53434 TRACK
[PUSH_CTRL] 294 3.57133 3.53473 TRACK
[PUSH_CTRL] 295 3.57133 3.53501 TRACK
[PUSH_CTRL] 296 3.57133 3.53422 TRACK
[PUSH_CTRL] 297 3.57133 3.53429 TRACK
[PUSH_CTRL] 298 3.57133 3.53151 TRACK
[PUSH_CTRL] 299 3.57133 3.52733 TRACK
[PUSH_CTRL] 300 3.57133 3.52412 TRACK
[PUSH_CTRL] 301 3.57133 3.52275 TRACK
[PUSH_CTRL] 302 3.57133 3.52253 TRACK
[PUSH_CTRL] 303 3.57133 3.52197 TRACK
[PUSH_CTRL] 304 3.57133 3.52152 TRACK
[PUSH_CTRL] 305 3.57133 3.52115 TRACK
[PUSH_CTRL] 306 3.57133 3.52085 TRACK
[PUSH_CTRL] 307 3.57133 3.52082 TRACK
[PUSH_CTRL] 308 3.57133 3.52359 TRACK
[PUSH_CTRL] 309 3.57133 3.52498 TRACK
[PUSH_CTRL] 310 3.57133 3.52682 TRACK
[PUSH_CTRL] 311 3.57133 3.52968 TRACK
[PUSH_CTRL] 312 3.57133 3.53392 TRACK
[PUSH_CTRL] 313 3.57133 3.5403 TRACK
[PUSH_CTRL] 314 3.57133 3.54579 TRACK
[PUSH_CTRL] 315 3.57133 3.55027 TRACK
[PUSH_CTRL] 316 3.57133 3.55389 TRACK
[PUSH_CTRL] 317 3.57133 3.55783 TRACK
[PUSH_CTRL] 318 3.57133 3.55981 TRACK
[PUSH_CTRL] 319 3.57133 3.56119 TRACK
[PUSH_CTRL] 320 3.57133 3.56208 TRACK
[PUSH_CTRL] 321 3.57133 3.56189 TRACK
[PUSH_CTRL] 322 3.57133 3.5595 TRACK
[PUSH_CTRL] 323 3.57133 3.55656 TRACK
[PUSH_CTRL] 324 3.57133 3.55274 TRACK
[PUSH_CTRL] 325 3.57133 3.54844 TRACK
[PUSH_CTRL] 326 3.57133 3.54448 TRACK
[PUSH_CTRL] 327 3.57133 3.54143 TRACK
[PUSH_CTRL] 328 3.57133 3.5391 TRACK
[PUSH_CTRL] 329 3.57133 3.53754 TRACK
[PUSH_CTRL] 330 3.57133 3.53733 TRACK
[PUSH_CTRL] 331 3.57133 3.53701 TRACK
[PUSH_CTRL] 332 3.57133 3.53619 TRACK
[PUSH_CTRL] 333 3.57133 3.53677 TRACK
[PUSH_CTRL] 334 3.57133 3.53644 TRACK
[PUSH_CTRL] 335 3.57133 3.53705 TRACK
[PUSH_CTRL] 336 3.57133 3.53981 TRACK
[PUSH_CTRL] 337 3.57133 3.54222 TRACK
[PUSH_CTRL] 338 3.57133 3.54152 TRACK
[PUSH_CTRL] 339 3.57133 3.54096 TRACK
[PUSH_CTRL] 340 3.57133 3.54029 TRACK
[PUSH_CTRL] 341 3.57133 3.53934 TRACK
[PUSH_CTRL] 342 3.57133 3.53973 TRACK
[PUSH_CTRL] 343 3.57133 3.5379 TRACK
[PUSH_CTRL] 344 3.57133 3.53673 TRACK
[PUSH_CTRL] 345 3.57133 3.5375 TRACK
[PUSH_CTRL] 346 3.57133 3.54095 TRACK
[PUSH_CTRL] 347 3.57133 3.54566 TRACK
[PUSH_CTRL] 348 3.57133 3.55118 TRACK
[PUSH_CTRL] 349 3.57133 3.55601 TRACK
[PUSH_CTRL] 350 3.57133 3.56118 TRACK
[PUSH_CTRL] 351 3.57133 3.56556 TRACK
[PUSH_CTRL] 352 3.57133 3.56906 TRACK
[PUSH_CTRL] 353 3.57133 3.57112 TRACK
[PUSH_CTRL] 354 3.57133 3.57114 TRACK
[PUSH_CTRL] 355 3.57124 3.57133 TRACK
[PUSH_CTRL] 356 3.57084 3.57133 TRACK
[PUSH_CTRL] 357 3.57077 3.57133 TRACK
[PUSH_CTRL] 358 3.57075 3.57133 TRACK
[PUSH_CTRL] 359 3.57078 3.57133 TRACK
[PUSH_CTRL] 360 3.57055 3.57133 TRACK
[PUSH_CTRL] 361 3.57111 3.57133 TRACK
[PUSH_CTRL] 362 3.57133 3.56957 TRACK
[PUSH_CTRL] 363 3.57133 3.56674 TRACK
[PUSH_CTRL] 364 3.57133 3.56312 TRACK
[PUSH_CTRL] 365 3.57133 3.55982 TRACK
[PUSH_CTRL] 366 3.57133 3.55729 TRACK
[PUSH_CTRL] 367 3.57133 3.55534 TRACK
[PUSH_CTRL] 368 3.57133 3.55397 TRACK
[PUSH_CTRL] 369 3.57133 3.55319 TRACK
[PUSH_CTRL] 370 3.57133 3.55384 TRACK
[PUSH_CTRL] 371 3.57133 3.55397 TRACK
[PUSH_CTRL] 372 3.57133 3.55411 TRACK
[PUSH_CTRL] 373 3.57133 3.55391 TRACK
[PUSH_CTRL] 374 3.57133 3.55425 TRACK
[PUSH_CTRL] 375 3.57133 3.5545 TRACK
[PUSH_CTRL] 376 3.57133 3.55495 TRACK
[PUSH_CTRL] 377 3.57133 3.55536 TRACK
[PUSH_CTRL] 378 3.57133 3.55573 TRACK
[PUSH_CTRL] 379 3.57133 3.55685 TRACK
[PUSH_CTRL] 380 3.57133 3.55711 TRACK
[PUSH_CTRL] 381 3.57133 3.5573 TRACK
[PUSH_CTRL] 382 3.57133 3.55745 TRACK
[PUSH_CTRL] 383 3.57133 3.55753 TRACK
[PUSH_CTRL] 384 3.57133 3.55756 TRACK
[PUSH_CTRL] 385 3.57133 3.55761 TRACK
[PUSH_CTRL] 386 3.57133 3.55767 TRACK
[PUSH_CTRL] 387 3.57133 3.55848 TRACK
[PUSH_CTRL] 388 3.57133 3.55853 TRACK
[PUSH_CTRL] 389 3.57133 3.55855 TRACK
[PUSH_CTRL] 390 3.57133 3.55854 TRACK
[PUSH_CTRL] 391 3.57133 3.55853 TRACK
[PUSH_CTRL] 392 3.57133 3.55851 TRACK
[PUSH_CTRL] 393 3.57133 3.55851 TRACK
[PUSH_CTRL] 394 3.57133 3.55924 TRACK
[PUSH_CTRL] 395 3.57133 3.55926 TRACK
[PUSH_CTRL] 396 3.57133 3.5593 TRACK
[PUSH_CTRL] 397 3.57133 3.55936 TRACK
[PUSH_CTRL] 398 3.57133 3.55946 TRACK
[PUSH_CTRL] 399 3.57133 3.55954 TRACK
[PUSH_CTRL] 400 3.57133 3.55962 TRACK
[PUSH_CTRL] 401 3.57133 3.5597 TRACK
[PUSH_CTRL] 402 3.57133 3.55977 TRACK
[PUSH_CTRL] 403 3.57133 3.56052 TRACK
[PUSH_CTRL] 404 3.57133 3.56058 TRACK
[PUSH_CTRL] 405 3.57133 3.56067 TRACK
[PUSH_CTRL] 406 3.57133 3.56073 TRACK
[PUSH_CTRL] 407 3.57133 3.56078 TRACK
[PUSH_CTRL] 408 3.57133 3.56083 TRACK
[PUSH_CTRL] 409 3.57133 3.56086 TRACK
[PUSH_CTRL] 410 3.57133 3.56089 TRACK
[PUSH_CTRL] 411 3.57133 3.56154 TRACK
[PUSH_CTRL] 412 3.57133 3.56155 TRACK
[PUSH_CTRL] 413 3.57133 3.56153 TRACK
[PUSH_CTRL] 414 3.57133 3.56154 TRACK
[PUSH_CTRL] 415 3.57133 3.56158 TRACK
[PUSH_CTRL] 416 3.57133 3.56164 TRACK
[PUSH_CTRL] 417 3.57133 3.55905 TRACK
[PUSH_CTRL] 418 3.57133 3.55751 TRACK
[PUSH_CTRL] 419 3.57133 3.5571 TRACK
[PUSH_CTRL] 420 3.57133 3.5563 TRACK
[PUSH_CTRL] 421 3.57133 3.55563 TRACK
[PUSH_CTRL] 422 3.57133 3.55705 TRACK
[PUSH_CTRL] 423 3.57133 3.56025 TRACK
[PUSH_CTRL] 424 3.57133 3.5628 TRACK
[PUSH_CTRL] 425 3.57133 3.56481 TRACK
[PUSH_CTRL] 426 3.57133 3.56638 TRACK
[PUSH_CTRL] 427 3.57133 3.56758 TRACK
[PUSH_CTRL] 428 3.57133 3.56892 TRACK
[PUSH_CTRL] 429 3.57133 3.56966 TRACK
[PUSH_CTRL] 430 3.57133 3.5701 TRACK
[PUSH_CTRL] 431 3.57133 3.56948 TRACK
[PUSH_CTRL] 432 3.57133 3.56698 TRACK
[PUSH_CTRL] 433 3.57133 3.56451 TRACK
[PUSH_CTRL] 434 3.57133 3.56239 TRACK
[PUSH_CTRL] 435 3.57133 3.56059 TRACK
[PUSH_CTRL] 436 3.57133 3.55906 TRACK
[PUSH_CTRL] 437 3.57133 3.55856 TRACK
[PUSH_CTRL] 438 3.57133 3.5573 TRACK
[PUSH_CTRL] 439 3.57133 3.55624 TRACK
[PUSH_CTRL] 440 3.57133 3.55521 TRACK
[PUSH_CTRL] 441 3.57133 3.55433 TRACK
[PUSH_CTRL] 442 3.57133 3.55364 TRACK
[PUSH_CTRL] 443 3.57133 3.55311 TRACK
[PUSH_CTRL] 444 3.57133 3.55272 TRACK
[PUSH_CTRL] 445 3.57133 3.55339 TRACK
[PUSH_CTRL] 446 3.57133 3.55317 TRACK
[PUSH_CTRL] 447 3.57133 3.55298 TRACK
[PUSH_CTRL] 448 3.57133 3.55282 TRACK
[PUSH_CTRL] 449 3.57133 3.55291 TRACK
[PUSH_CTRL] 450 3.57133 3.55309 TRACK
[PUSH_CTRL] 451 3.57133 3.55431 TRACK
[PUSH_CTRL] 452 3.57133 3.55729 TRACK
[PUSH_CTRL] 453 3.57133 3.56221 TRACK
[PUSH_CTRL] 454 3.57133 3.56524 TRACK
[PUSH_CTRL] 455 3.57133 3.5674 TRACK
[PUSH_CTRL] 456 3.57133 3.56887 TRACK
[PUSH_CTRL] 457 3.57133 3.56987 TRACK
[PUSH_CTRL] 458 3.57133 3.56939 TRACK
[PUSH_CTRL] 459 3.57133 3.56791 TRACK
[PUSH_CTRL] 460 3.57133 3.56576 TRACK
[PUSH_CTRL] 461 3.57133 3.56435 TRACK
[PUSH_CTRL] 462 3.57133 3.56279 TRACK
[PUSH_CTRL] 463 3.57133 3.56185 TRACK
[PUSH_CTRL] 464 3.57133 3.56125 TRACK
[PUSH_CTRL] 465 3.57133 3.56084 TRACK
[PUSH_CTRL] 466 3.57133 3.56076 TRACK
[PUSH_CTRL] 467 3.57133 3.56047 TRACK
[PUSH_CTRL] 468 3.57133 3.56007 TRACK
[PUSH_CTRL] 469 3.57133 3.56053 TRACK
[PUSH_CTRL] 470 3.57133 3.56197 TRACK
[PUSH_CTRL] 471 3.57133 3.56299 TRACK
[PUSH_CTRL] 472 3.57133 3.56402 TRACK
[PUSH_CTRL] 473 3.57133 3.56509 TRACK
[PUSH_CTRL] 474 3.57133 3.56597 TRACK
[PUSH_CTRL] 475 3.57133 3.5667 TRACK
[PUSH_CTRL] 476 3.57133 3.56775 TRACK
[PUSH_CTRL] 477 3.57133 3.56909 TRACK
[PUSH_CTRL] 478 3.57133 3.57083 TRACK
[PUSH_CTRL] 479 3.56972 3.57133 TRACK
[PUSH_CTRL] 480 3.56699 3.57133 TRACK
[PUSH_CTRL] 481 3.56491 3.57133 TRACK
[PUSH_CTRL] 482 3.56334 3.57133 TRACK
[PUSH_CTRL] 483 3.5623 3.57133 TRACK
[PUSH_CTRL] 484 3.56168 3.57133 TRACK
[PUSH_CTRL] 485 3.56142 3.57133 TRACK
[PUSH_CTRL] 486 3.56139 3.57133 TRACK
[PUSH_CTRL] 487 3.56052 3.57133 TRACK
[PUSH_CTRL] 488 3.5588 3.57133 TRACK
[PUSH_CTRL] 489 3.5562 3.57133 TRACK
[PUSH_CTRL] 490 3.55354 3.57133 TRACK
[PUSH_CTRL] 491 3.5512 3.57133 TRACK
[PUSH_CTRL] 492 3.5492 3.57133 TRACK
[PUSH_CTRL] 493 3.54976 3.57133 TRACK
[PUSH_CTRL] 494 3.55047 3.57133 TRACK
[PUSH_CTRL] 495 3.55069 3.57133 TRACK
[PUSH_CTRL] 496 3.5508 3.57133 TRACK
[PUSH_CTRL] 497 3.55064 3.57133 TRACK
[PUSH_CTRL] 498 3.55018 3.57133 TRACK
[PUSH_CTRL] 499 3.55126 3.57133 TRACK
[PUSH_CTRL] 500 3.55307 3.57133 TRACK
[PUSH_CTRL] 501 3.55471 3.57133 TRACK
[PUSH_CTRL] 502 3.55634 3.57133 TRACK
[PUSH_CTRL] 503 3.55733 3.57133 TRACK
[PUSH_CTRL] 504 3.55841 3.57133 TRACK
[PUSH_CTRL] 505 3.55885 3.57133 TRACK
[PUSH_CTRL] 506 3.55883 3.57133 TRACK
[PUSH_CTRL] 507 3.55836 3.57133 TRACK
[PUSH_CTRL] 508 3.55756 3.57133 TRACK
[PUSH_CTRL] 509 3.55604 3.57133 TRACK
[PUSH_CTRL] 510 3.55336 3.57133 TRACK
[PUSH_CTRL] 511 3.54932 3.57133 TRACK
[PUSH_CTRL] 512 3.5448 3.57133 TRACK
[PUSH_CTRL] 513 3.54087 3.57133 TRACK
[PUSH_CTRL] 514 3.53789 3.57133 TRACK
[PUSH_CTRL] 515 3.53579 3.57133 TRACK
[PUSH_CTRL] 516 3.5344 3.57133 TRACK
[PUSH_CTRL] 517 3.53345 3.57133 TRACK
[PUSH_CTRL] 518 3.53282 3.57133 TRACK
[PUSH_CTRL] 519 3.53236 3.57133 TRACK
[PUSH_CTRL] 520 3.53079 3.57133 TRACK
[PUSH_CTRL] 521 3.52926 3.57133 TRACK
[PUSH_CTRL] 522 3.52798 3.57133 TRACK
[PUSH_CTRL] 523 3.52685 3.57133 TRACK
[PUSH_CTRL] 524 3.52561 3.57133 TRACK
[PUSH_CTRL] 525 3.52443 3.57133 TRACK
[PUSH_CTRL] 526 3.52333 3.57133 TRACK
[PUSH_CTRL] 527 3.52338 3.57133 TRACK
[PUSH_CTRL] 528 3.52251 3.57133 TRACK
[PUSH_CTRL] 529 3.52176 3.57133 TRACK
[PUSH_CTRL] 530 3.52117 3.57133 TRACK
[PUSH_CTRL] 531 3.52069 3.57133 TRACK
[PUSH_CTRL] 532 3.52004 3.57133 TRACK
[PUSH_CTRL] 533 3.51945 3.57133 TRACK
[PUSH_CTRL] 534 3.51892 3.57133 TRACK
[PUSH_CTRL] 535 3.5194 3.57133 TRACK
[PUSH_CTRL] 536 3.51857 3.57133 TRACK
[PUSH_CTRL] 537 3.51781 3.57133 TRACK
[PUSH_CTRL] 538 3.51717 3.57133 TRACK
[PUSH_CTRL] 539 3.5166 3.57133 TRACK
[PUSH_CTRL] 540 3.51609 3.57133 TRACK
[PUSH_CTRL] 541 3.51563 3.57133 TRACK
[PUSH_CTRL] 542 3.5168 3.57133 TRACK
[PUSH_CTRL] 543 3.51583 3.57133 TRACK
[PUSH_CTRL] 544 3.51491 3.57133 TRACK
[PUSH_CTRL] 545 3.5144 3.57133 TRACK
[PUSH_CTRL] 546 3.51403 3.57133 TRACK
[PUSH_CTRL] 547 3.51391 3.57133 TRACK
[PUSH_CTRL] 548 3.51397 3.57133 TRACK
[PUSH_CTRL] 549 3.51402 3.57133 TRACK
[PUSH_CTRL] 550 3.5142 3.57133 TRACK
[PUSH_CTRL] 551 3.51586 3.57133 TRACK
[PUSH_CTRL] 552 3.51599 3.57133 TRACK
[PUSH_CTRL] 553 3.51607 3.57133 TRACK
[PUSH_CTRL] 554 3.51619 3.57133 TRACK
[PUSH_CTRL] 555 3.51631 3.57133 TRACK
[PUSH_CTRL] 556 3.51635 3.57133 TRACK
[PUSH_CTRL] 557 3.51629 3.57133 TRACK
[PUSH_CTRL] 558 3.51761 3.57133 TRACK
[PUSH_CTRL] 559 3.51739 3.57133 TRACK
[PUSH_CTRL] 560 3.5171 3.57133 TRACK
[PUSH_CTRL] 561 3.51676 3.57133 TRACK
[PUSH_CTRL] 562 3.51642 3.57133 TRACK
[PUSH_CTRL] 563 3.51541 3.57133 TRACK
[PUSH_CTRL] 564 3.51247 3.57133 TRACK
[PUSH_CTRL] 565 3.50983 3.57133 TRACK
[PUSH_CTRL] 566 3.50926 3.57133 TRACK
[PUSH_CTRL] 567 3.50704 3.57133 TRACK
[PUSH_CTRL] 568 3.50508 3.57133 TRACK
[PUSH_CTRL] 569 3.50342 3.57133 TRACK
[PUSH_CTRL] 570 3.50207 3.57133 TRACK
[PUSH_CTRL] 571 3.50117 3.57133 TRACK
[PUSH_CTRL] 572 3.50123 3.57133 TRACK
[PUSH_CTRL] 573 3.50125 3.57133 TRACK
[PUSH_CTRL] 574 3.50323 3.57133 TRACK
[PUSH_CTRL] 575 3.50309 3.57133 TRACK
[PUSH_CTRL] 576 3.50291 3.57133 TRACK
[PUSH_CTRL] 577 3.50272 3.57133 TRACK
[PUSH_CTRL] 578 3.50236 3.57133 TRACK
[PUSH_CTRL] 579 3.50175 3.57133 TRACK
[PUSH_CTRL] 580 3.50114 3.57133 TRACK
[PUSH_CTRL] 581 3.50269 3.57133 TRACK
[PUSH_CTRL] 582 3.50209 3.57133 TRACK
[PUSH_CTRL] 583 3.50147 3.57133 TRACK
[PUSH_CTRL] 584 3.50099 3.57133 TRACK
[PUSH_CTRL] 585 3.50139 3.57133 TRACK
[PUSH_CTRL] 586 3.50259 3.57133 TRACK
[PUSH_CTRL] 587 3.5035 3.57133 TRACK
[PUSH_CTRL] 588 3.50399 3.57133 TRACK
[PUSH_CTRL] 589 3.50653 3.57133 TRACK
[PUSH_CTRL] 590 3.50766 3.57133 TRACK
[PUSH_CTRL] 591 3.50911 3.57133 TRACK
[PUSH_CTRL] 592 3.51065 3.57133 TRACK
[PUSH_CTRL] 593 3.51212 3.57133 TRACK
[PUSH_CTRL] 594 3.5134 3.57133 TRACK
[PUSH_CTRL] 595 3.51542 3.57133 TRACK
[PUSH_CTRL] 596 3.51803 3.57133 TRACK
[PUSH_CTRL] 597 3.52191 3.57133 TRACK
[PUSH_CTRL] 598 3.5234 3.57133 TRACK
[PUSH_CTRL] 599 3.52442 3.57133 TRACK
[PUSH_CTRL] 600 3.52505 3.57133 TRACK
[PUSH_CTRL] 601 3.52529 3.57133 TRACK
[PUSH_CTRL] 602 3.52517 3.57133 TRACK
[PUSH_CTRL] 603 3.52478 3.57133 TRACK
[PUSH_CTRL] 604 3.52596 3.57133 TRACK
[PUSH_CTRL] 605 3.52544 3.57133 TRACK
[PUSH_CTRL] 606 3.52424 3.57133 TRACK
[PUSH_CTRL] 607 3.52228 3.57133 TRACK
[PUSH_CTRL] 608 3.51953 3.57133 TRACK
[PUSH_CTRL] 609 3.51699 3.57133 TRACK
[PUSH_CTRL] 610 3.51505 3.57133 TRACK
[PUSH_CTRL] 611 3.51338 3.57133 TRACK
[PUSH_CTRL] 612 3.51383 3.57133 TRACK
[PUSH_CTRL] 613 3.51275 3.57133 TRACK
[PUSH_CTRL] 614 3.51316 3.57133 TRACK
[PUSH_CTRL] 615 3.51385 3.57133 TRACK
[PUSH_CTRL] 616 3.51465 3.57133 TRACK
[PUSH_CTRL] 617 3.51552 3.57133 TRACK
[PUSH_CTRL] 618 3.51645 3.57133 TRACK
[PUSH_CTRL] 619 3.51732 3.57133 TRACK
[PUSH_CTRL] 620 3.51862 3.57133 TRACK
[PUSH_CTRL] 621 3.51638 3.57133 TRACK
[PUSH_CTRL] 622 3.51474 3.57133 TRACK
[PUSH_CTRL] 623 3.51328 3.57133 TRACK
[PUSH_CTRL] 624 3.51199 3.57133 TRACK
[PUSH_CTRL] 625 3.51084 3.57133 TRACK
[PUSH_CTRL] 626 3.50966 3.57133 TRACK
[PUSH_CTRL] 627 3.50866 3.57133 TRACK
[PUSH_CTRL] 628 3.51026 3.57133 TRACK
[PUSH_CTRL] 629 3.51029 3.57133 TRACK
[PUSH_CTRL] 630 3.51003 3.57133 TRACK
[PUSH_CTRL] 631 3.50958 3.57133 TRACK
[PUSH_CTRL] 632 3.50907 3.57133 TRACK
[PUSH_CTRL] 633 3.50851 3.57133 TRACK
[PUSH_CTRL] 634 3.50801 3.57133 TRACK
[PUSH_CTRL] 635 3.5076 3.57133 TRACK
[PUSH_CTRL] 636 3.50925 3.57133 TRACK
[PUSH_CTRL] 637 3.50854 3.57133 TRACK
[PUSH_CTRL] 638 3.50786 3.57133 TRACK
[PUSH_CTRL] 639 3.50747 3.57133 TRACK
[PUSH_CTRL] 640 3.50729 3.57133 TRACK
[PUSH_CTRL] 641 3.50735 3.57133 TRACK
[PUSH_CTRL] 642 3.50729 3.57133 TRACK
[PUSH_CTRL] 643 3.50976 3.57133 TRACK
[PUSH_CTRL] 644 3.50886 3.57133 TRACK
[PUSH_CTRL] 645 3.50791 3.57133 TRACK
[PUSH_CTRL] 646 3.50697 3.57133 TRACK
[PUSH_CTRL] 647 3.50591 3.57133 TRACK
[PUSH_CTRL] 648 3.50505 3.57133 TRACK
[PUSH_CTRL] 649 3.50428 3.57133 TRACK
[PUSH_CTRL] 650 3.50331 3.57133 TRACK
[PUSH_CTRL] 651 3.50244 3.57133 TRACK
[PUSH_CTRL] 652 3.50439 3.57133 TRACK
[PUSH_CTRL] 653 3.50378 3.57133 TRACK
[PUSH_CTRL] 654 3.50325 3.57133 TRACK
[PUSH_CTRL] 655 3.50291 3.57133 TRACK
[PUSH_CTRL] 656 3.50273 3.57133 TRACK
[PUSH_CTRL] 657 3.50289 3.57133 TRACK
[PUSH_CTRL] 658 3.50291 3.57133 TRACK
[PUSH_CTRL] 659 3.50549 3.57133 TRACK
[PUSH_CTRL] 660 3.50529 3.57133 TRACK
[PUSH_CTRL] 661 3.50515 3.57133 TRACK
[PUSH_CTRL] 662 3.50499 3.57133 TRACK
[PUSH_CTRL] 663 3.50484 3.57133 TRACK
[PUSH_CTRL] 664 3.50458 3.57133 TRACK
[PUSH_CTRL] 665 3.50421 3.57133 TRACK
[PUSH_CTRL] 666 3.50377 3.57133 TRACK
[PUSH_CTRL] 667 3.50601 3.57133 TRACK
[PUSH_CTRL] 668 3.50547 3.57133 TRACK
[PUSH_CTRL] 669 3.50493 3.57133 TRACK
[PUSH_CTRL] 670 3.50361 3.57133 TRACK
[PUSH_CTRL] 671 3.50145 3.57133 TRACK
[PUSH_CTRL] 672 3.49845 3.57133 TRACK
[PUSH_CTRL] 673 3.49539 3.57133 TRACK
[PUSH_CTRL] 674 3.49269 3.57133 TRACK
[PUSH_CTRL] 675 3.49355 3.57133 TRACK
[PUSH_CTRL] 676 3.49195 3.57133 TRACK
[PUSH_CTRL] 677 3.49052 3.57133 TRACK
[PUSH_CTRL] 678 3.48923 3.57133 TRACK
[PUSH_CTRL] 679 3.48806 3.57133 TRACK
[PUSH_CTRL] 680 3.48698 3.57133 TRACK
[PUSH_CTRL] 681 3.48575 3.57133 TRACK
[PUSH_CTRL] 682 3.48464 3.57133 TRACK
[PUSH_CTRL] 683 3.48719 3.57133 TRACK
[PUSH_CTRL] 684 3.48634 3.57133 TRACK
[PUSH_CTRL] 685 3.48564 3.57133 TRACK
[PUSH_CTRL] 686 3.48513 3.57133 TRACK
[PUSH_CTRL] 687 3.48478 3.57133 TRACK
[PUSH_CTRL] 688 3.4843 3.57133 TRACK
[PUSH_CTRL] 689 3.48375 3.57133 TRACK
[PUSH_CTRL] 690 3.48675 3.57133 TRACK
[PUSH_CTRL] 691 3.48614 3.57133 TRACK
[PUSH_CTRL] 692 3.4855 3.57133 TRACK
[PUSH_CTRL] 693 3.48483 3.57133 TRACK
[PUSH_CTRL] 694 3.48415 3.57133 TRACK
[PUSH_CTRL] 695 3.48274 3.57133 TRACK
[PUSH_CTRL] 696 3.47955 3.57133 TRACK
[PUSH_CTRL] 697 3.47492 3.57133 TRACK
[PUSH_CTRL] 698 3.4749 3.57133 TRACK
[PUSH_CTRL] 699 3.47189 3.57133 TRACK
[PUSH_CTRL] 700 3.46964 3.57133 TRACK
[PUSH_CTRL] 701 3.468 3.57133 TRACK
[PUSH_CTRL] 702 3.46678 3.57133 TRACK
[PUSH_CTRL] 703 3.46584 3.57133 TRACK
[PUSH_CTRL] 704 3.46395 3.57133 TRACK
[PUSH_CTRL] 705 3.46253 3.57133 TRACK
[PUSH_CTRL] 706 3.46673 3.57133 TRACK
[PUSH_CTRL] 707 3.46673 3.57133 TRACK
[PUSH_CTRL] 708 3.46723 3.57133 TRACK
[PUSH_CTRL] 709 3.46824 3.57133 TRACK
[PUSH_CTRL] 710 3.46972 3.57133 TRACK
[PUSH_CTRL] 711 3.47214 3.57133 TRACK
[PUSH_CTRL] 712 3.47411 3.57133 TRACK
[PUSH_CTRL] 713 3.47568 3.57133 TRACK
[PUSH_CTRL] 714 3.48095 3.57133 TRACK
[PUSH_CTRL] 715 3.48161 3.57133 TRACK
[PUSH_CTRL] 716 3.48105 3.57133 TRACK
[PUSH_CTRL] 717 3.48045 3.57133 TRACK
[PUSH_CTRL] 718 3.47981 3.57133 TRACK
[PUSH_CTRL] 719 3.47915 3.57133 TRACK
[PUSH_CTRL] 720 3.47826 3.57133 TRACK
[PUSH_CTRL] 721 3.48154 3.57133 TRACK
[PUSH_CTRL] 722 3.48066 3.57133 TRACK
[PUSH_CTRL] 723 3.47981 3.57133 TRACK
[PUSH_CTRL] 724 3.4791 3.57133 TRACK
[PUSH_CTRL] 725 3.47857 3.57133 TRACK
[PUSH_CTRL] 726 3.47799 3.57133 TRACK
[PUSH_CTRL] 727 3.47738 3.57133 TRACK
[PUSH_CTRL] 728 3.47648 3.57133 TRACK
[PUSH_CTRL] 729 3.47956 3.57133 TRACK
[PUSH_CTRL] 730 3.47863 3.57133 TRACK
[PUSH_CTRL] 731 3.47865 3.57133 TRACK
[PUSH_CTRL] 732 3.4778 3.57133 TRACK
[PUSH_CTRL] 733 3.47722 3.57133 TRACK
[PUSH_CTRL] 734 3.47686 3.57133 TRACK
[PUSH_CTRL] 735 3.47686 3.57133 TRACK
[PUSH_CTRL] 736 3.48136 3.57133 TRACK
[PUSH_CTRL] 737 3.48139 3.57133 TRACK
[PUSH_CTRL] 738 3.48126 3.57133 TRACK
[PUSH_CTRL] 739 3.48099 3.57133 TRACK
[PUSH_CTRL] 740 3.48063 3.57133 TRACK
[PUSH_CTRL] 741 3.4802 3.57133 TRACK
[PUSH_CTRL] 742 3.47971 3.57133 TRACK
[PUSH_CTRL] 743 3.47894 3.57133 TRACK
[PUSH_CTRL] 744 3.4825 3.57133 TRACK
[PUSH_CTRL] 745 3.48028 3.57133 TRACK
[PUSH_CTRL] 746 3.4768 3.57133 TRACK
[PUSH_CTRL] 747 3.47353 3.57133 TRACK
[PUSH_CTRL] 748 3.47055 3.57133 TRACK
[PUSH_CTRL] 749 3.46799 3.57133 TRACK
[PUSH_CTRL] 750 3.46582 3.57133 TRACK
[PUSH_CTRL] 751 3.46878 3.57133 TRACK
[PUSH_CTRL] 752 3.46671 3.57133 TRACK
[PUSH_CTRL] 753 3.46399 3.57133 TRACK
[PUSH_CTRL] 754 3.46192 3.57133 TRACK
[PUSH_CTRL] 755 3.46114 3.57133 TRACK
[PUSH_CTRL] 756 3.4602 3.57133 TRACK
[PUSH_CTRL] 757 3.45946 3.57133 TRACK
[PUSH_CTRL] 758 3.45919 3.57133 TRACK
[PUSH_CTRL] 759 3.46446 3.57133 TRACK
[PUSH_CTRL] 760 3.46514 3.57133 TRACK
[PUSH_CTRL] 761 3.46569 3.57133 TRACK
[PUSH_CTRL] 762 3.46601 3.57133 TRACK
[PUSH_CTRL] 763 3.46636 3.57133 TRACK
[PUSH_CTRL] 764 3.46736 3.57133 TRACK
[PUSH_CTRL] 765 3.46783 3.57133 TRACK
[PUSH_CTRL] 766 3.46792 3.57133 TRACK
[PUSH_CTRL] 767 3.47275 3.57133 TRACK
[PUSH_CTRL] 768 3.47231 3.57133 TRACK
[PUSH_CTRL] 769 3.47086 3.57133 TRACK
[PUSH_CTRL] 770 3.46886 3.57133 TRACK
[PUSH_CTRL] 771 3.46681 3.57133 TRACK
[PUSH_CTRL] 772 3.46471 3.57133 TRACK
[PUSH_CTRL] 773 3.46259 3.57133 TRACK
[PUSH_CTRL] 774 3.46583 3.57133 TRACK
[PUSH_CTRL] 775 3.46393 3.57133 TRACK
[PUSH_CTRL] 776 3.4617 3.57133 TRACK
[PUSH_CTRL] 777 3.45944 3.57133 TRACK
[PUSH_CTRL] 778 3.45732 3.57133 TRACK
[PUSH_CTRL] 779 3.45604 3.57133 TRACK
[PUSH_CTRL] 780 3.45537 3.57133 TRACK
[PUSH_CTRL] 781 3.46152 3.57133 TRACK
[PUSH_CTRL] 782 3.4629 3.57133 TRACK
[PUSH_CTRL] 783 3.4648 3.57133 TRACK
[PUSH_CTRL] 784 3.46639 3.57133 TRACK
[PUSH_CTRL] 785 3.4676 3.57133 TRACK
[PUSH_CTRL] 786 3.46947 3.57133 TRACK
[PUSH_CTRL] 787 3.47062 3.57133 TRACK
[PUSH_CTRL] 788 3.47109 3.57133 TRACK
[PUSH_CTRL] 789 3.47617 3.57133 TRACK
[PUSH_CTRL] 790 3.47583 3.57133 TRACK
[PUSH_CTRL] 791 3.47528 3.57133 TRACK
[PUSH_CTRL] 792 3.47464 3.57133 TRACK
[PUSH_CTRL] 793 3.47322 3.57133 TRACK
[PUSH_CTRL] 794 3.47117 3.57133 TRACK
[PUSH_CTRL] 795 3.46928 3.57133 TRACK
[PUSH_CTRL] 796 3.47286 3.57133 TRACK
[PUSH_CTRL] 797 3.47162 3.57133 TRACK
[PUSH_CTRL] 798 3.47067 3.57133 TRACK
[PUSH_CTRL] 799 3.47002 3.57133 TRACK
[PUSH_CTRL] 800 3.46954 3.57133 TRACK
[PUSH_CTRL] 801 3.46832 3.57133 TRACK
[PUSH_CTRL] 802 3.46743 3.57133 TRACK
[PUSH_CTRL] 803 3.47281 3.57133 TRACK
[PUSH_CTRL] 804 3.47239 3.57133 TRACK
[PUSH_CTRL] 805 3.47187 3.57133 TRACK
[PUSH_CTRL] 806 3.47131 3.57133 TRACK
[PUSH_CTRL] 807 3.47076 3.57133 TRACK
[PUSH_CTRL] 808 3.47024 3.57133 TRACK
[PUSH_CTRL] 809 3.46967 3.57133 TRACK
[PUSH_CTRL] 810 3.4743 3.57133 TRACK
[PUSH_CTRL] 811 3.47446 3.57133 TRACK
[PUSH_CTRL] 812 3.47442 3.57133 TRACK
[PUSH_CTRL] 813 3.47417 3.57133 TRACK
[PUSH_CTRL] 814 3.4741 3.57133 TRACK
[PUSH_CTRL] 815 3.4738 3.57133 TRACK
[PUSH_CTRL] 816 3.47338 3.57133 TRACK
[PUSH_CTRL] 817 3.47291 3.57133 TRACK
[PUSH_CTRL] 818 3.47772 3.57133 TRACK
[PUSH_CTRL] 819 3.47815 3.57133 TRACK
[PUSH_CTRL] 820 3.47854 3.57133 TRACK
[PUSH_CTRL] 821 3.47808 3.57133 TRACK
[PUSH_CTRL] 822 3.47757 3.57133 TRACK
[PUSH_CTRL] 823 3.47694 3.57133 TRACK
[PUSH_CTRL] 824 3.47632 3.57133 TRACK
[PUSH_CTRL] 825 3.48089 3.57133 TRACK
[PUSH_CTRL] 826 3.48052 3.57133 TRACK
[PUSH_CTRL] 827 3.47979 3.57133 TRACK
[PUSH_CTRL] 828 3.47926 3.57133 TRACK
[PUSH_CTRL] 829 3.47889 3.57133 TRACK
[PUSH_CTRL] 830 3.47824 3.57133 TRACK
[PUSH_CTRL] 831 3.4776 3.57133 TRACK
[PUSH_CTRL] 832 3.48135 3.57133 TRACK
[PUSH_CTRL] 833 3.47977 3.57133 TRACK
[PUSH_CTRL] 834 3.47847 3.57133 TRACK
[PUSH_CTRL] 835 3.47748 3.57133 TRACK
[PUSH_CTRL] 836 3.47672 3.57133 TRACK
[PUSH_CTRL] 837 3.47615 3.57133 TRACK
[PUSH_CTRL] 838 3.47596 3.57133 TRACK
[PUSH_CTRL] 839 3.47661 3.57133 TRACK
[PUSH_CTRL] 840 3.48226 3.57133 TRACK
[PUSH_CTRL] 841 3.4825 3.57133 TRACK
[PUSH_CTRL] 842 3.48251 3.57133 TRACK
[PUSH_CTRL] 843 3.48151 3.57133 TRACK
[PUSH_CTRL] 844 3.48076 3.57133 TRACK
[PUSH_CTRL] 845 3.4802 3.57133 TRACK
[PUSH_CTRL] 846 3.48 3.57133 TRACK
[PUSH_CTRL] 847 3.48419 3.57133 TRACK
[PUSH_CTRL] 848 3.48335 3.57133 TRACK
[PUSH_CTRL] 849 3.4825 3.57133 TRACK
[PUSH_CTRL] 850 3.48165 3.57133 TRACK
[PUSH_CTRL] 851 3.4808 3.57133 TRACK
[PUSH_CTRL] 852 3.48006 3.57133 TRACK
[PUSH_CTRL] 853 3.47942 3.57133 TRACK
[PUSH_CTRL] 854 3.48417 3.57133 TRACK
[PUSH_CTRL] 855 3.48377 3.57133 TRACK
[PUSH_CTRL] 856 3.48286 3.57133 TRACK
[PUSH_CTRL] 857 3.4817 3.57133 TRACK
[PUSH_CTRL] 858 3.48026 3.57133 TRACK
[PUSH_CTRL] 859 3.47897 3.57133 TRACK
[PUSH_CTRL] 860 3.47805 3.57133 TRACK
[PUSH_CTRL] 861 3.47742 3.57133 TRACK
[PUSH_CTRL] 862 3.48252 3.57133 TRACK
[PUSH_CTRL] 863 3.48237 3.57133 TRACK
[PUSH_CTRL] 864 3.48198 3.57133 TRACK
[PUSH_CTRL] 865 3.48149 3.57133 TRACK
[PUSH_CTRL] 866 3.48091 3.57133 TRACK
[PUSH_CTRL] 867 3.48028 3.57133 TRACK
[PUSH_CTRL] 868 3.47967 3.57133 TRACK
[PUSH_CTRL] 869 3.48435 3.57133 TRACK
[PUSH_CTRL] 870 3.48377 3.57133 TRACK
[PUSH_CTRL] 871 3.48322 3.57133 TRACK
[PUSH_CTRL] 872 3.4826 3.57133 TRACK
[PUSH_CTRL] 873 3.48194 3.57133 TRACK
[PUSH_CTRL] 874 3.48124 3.57133 TRACK
[PUSH_CTRL] 875 3.4805 3.57133 TRACK
[PUSH_CTRL] 876 3.48521 3.57133 TRACK
[PUSH_CTRL] 877 3.48472 3.57133 TRACK
[PUSH_CTRL] 878 3.48434 3.57133 TRACK
[PUSH_CTRL] 879 3.48405 3.57133 TRACK
[PUSH_CTRL] 880 3.48375 3.57133 TRACK
[PUSH_CTRL] 881 3.48292 3.57133 TRACK
[PUSH_CTRL] 882 3.48169 3.57133 TRACK
[PUSH_CTRL] 883 3.48054 3.57133 TRACK
[PUSH_CTRL] 884 3.48499 3.57133 TRACK
[PUSH_CTRL] 885 3.48428 3.57133 TRACK
[PUSH_CTRL] 886 3.48376 3.57133 TRACK
[PUSH_CTRL] 887 3.48341 3.57133 TRACK
[PUSH_CTRL] 888 3.48297 3.57133 TRACK
[PUSH_CTRL] 889 3.48245 3.57133 TRACK
[PUSH_CTRL] 890 3.48186 3.57133 TRACK
[PUSH_CTRL] 891 3.48648 3.57133 TRACK
[PUSH_CTRL] 892 3.4858 3.57133 TRACK
[PUSH_CTRL] 893 3.48509 3.57133 TRACK
[PUSH_CTRL] 894 3.48448 3.57133 TRACK
[PUSH_CTRL] 895 3.48401 3.57133 TRACK
[PUSH_CTRL] 896 3.48347 3.57133 TRACK
[PUSH_CTRL] 897 3.48245 3.57133 TRACK
[PUSH_CTRL] 898 3.48109 3.57133 TRACK
[PUSH_CTRL] 899 3.48486 3.57133 TRACK
[PUSH_CTRL] 900 3.48347 3.57133 TRACK
[PUSH_CTRL] 901 3.48142 3.57133 TRACK
[PUSH_CTRL] 902 3.47869 3.57133 TRACK
[PUSH_CTRL] 903 3.47579 3.57133 TRACK
[PUSH_CTRL] 904 3.47275 3.57133 TRACK
[PUSH_CTRL] 905 3.46919 3.57133 TRACK
[PUSH_CTRL] 906 3.472 3.57133 TRACK
[PUSH_CTRL] 907 3.46978 3.57133 TRACK
[PUSH_CTRL] 908 3.46809 3.57133 TRACK
[PUSH_CTRL] 909 3.46686 3.57133 TRACK
[PUSH_CTRL] 910 3.466 3.57133 TRACK
[PUSH_CTRL] 911 3.46571 3.57133 TRACK
[PUSH_CTRL] 912 3.46641 3.57133 TRACK
[PUSH_CTRL] 913 3.46681 3.57133 TRACK
[PUSH_CTRL] 914 3.47275 3.57133 TRACK
[PUSH_CTRL] 915 3.47268 3.57133 TRACK
[PUSH_CTRL] 916 3.47146 3.57133 TRACK
[PUSH_CTRL] 917 3.4705 3.57133 TRACK
[PUSH_CTRL] 918 3.46976 3.57133 TRACK
[PUSH_CTRL] 919 3.4694 3.57133 TRACK
[PUSH_CTRL] 920 3.46903 3.57133 TRACK
[PUSH_CTRL] 921 3.47435 3.57133 TRACK
[PUSH_CTRL] 922 3.47386 3.57133 TRACK
[PUSH_CTRL] 923 3.47328 3.57133 TRACK
[PUSH_CTRL] 924 3.47262 3.57133 TRACK
[PUSH_CTRL] 925 3.47198 3.57133 TRACK
[PUSH_CTRL] 926 3.47139 3.57133 TRACK
[PUSH_CTRL] 927 3.47086 3.57133 TRACK
[PUSH_CTRL] 928 3.47041 3.57133 TRACK
[PUSH_CTRL] 929 3.47566 3.57133 TRACK
[PUSH_CTRL] 930 3.47511 3.57133 TRACK
[PUSH_CTRL] 931 3.47453 3.57133 TRACK
[PUSH_CTRL] 932 3.47402 3.57133 TRACK
[PUSH_CTRL] 933 3.47345 3.57133 TRACK
[PUSH_CTRL] 934 3.47282 3.57133 TRACK
[PUSH_CTRL] 935 3.47215 3.57133 TRACK
[PUSH_CTRL] 936 3.47717 3.57133 TRACK
[PUSH_CTRL] 937 3.47633 3.57133 TRACK
[PUSH_CTRL] 938 3.47556 3.57133 TRACK
[PUSH_CTRL] 939 3.47492 3.57133 TRACK
[PUSH_CTRL] 940 3.47426 3.57133 TRACK
[PUSH_CTRL] 941 3.47356 3.57133 TRACK
[PUSH_CTRL] 942 3.47284 3.57133 TRACK
[PUSH_CTRL] 943 3.47761 3.57133 TRACK
[PUSH_CTRL] 944 3.47658 3.57133 TRACK
[PUSH_CTRL] 945 3.47552 3.57133 TRACK
[PUSH_CTRL] 946 3.47453 3.57133 TRACK
[PUSH_CTRL] 947 3.47373 3.57133 TRACK
[PUSH_CTRL] 948 3.47315 3.57133 TRACK
[PUSH_CTRL] 949 3.47258 3.57133 TRACK
[PUSH_CTRL] 950 3.47197 3.57133 TRACK
[PUSH_CTRL] 951 3.47709 3.57133 TRACK
[PUSH_CTRL] 952 3.47641 3.57133 TRACK
[PUSH_CTRL] 953 3.47566 3.57133 TRACK
[PUSH_CTRL] 954 3.47458 3.57133 TRACK
[PUSH_CTRL] 955 3.4728 3.57133 TRACK
[PUSH_CTRL] 956 3.47071 3.57133 TRACK
[PUSH_CTRL] 957 3.46813 3.57133 TRACK
[PUSH_CTRL] 958 3.4714 3.57133 TRACK
[PUSH_CTRL] 959 3.46848 3.57133 TRACK
[PUSH_CTRL] 960 3.46504 3.57133 TRACK
[PUSH_CTRL] 961 3.46211 3.57133 TRACK
[PUSH_CTRL] 962 3.46 3.57133 TRACK
[PUSH_CTRL] 963 3.45819 3.57133 TRACK
[PUSH_CTRL] 964 3.45661 3.57133 TRACK
[PUSH_CTRL] 965 3.45521 3.57133 TRACK
[PUSH_CTRL] 966 3.46043 3.57133 TRACK
[PUSH_CTRL] 967 3.46033 3.57133 TRACK
[PUSH_CTRL] 968 3.45997 3.57133 TRACK
[PUSH_CTRL] 969 3.45947 3.57133 TRACK
[PUSH_CTRL] 970 3.45891 3.57133 TRACK
[PUSH_CTRL] 971 3.45924 3.57133 TRACK
[PUSH_CTRL] 972 3.45932 3.57133 TRACK
[PUSH_CTRL] 973 3.46542 3.57133 TRACK
[PUSH_CTRL] 974 3.46491 3.57133 TRACK
[PUSH_CTRL] 975 3.46404 3.57133 TRACK
[PUSH_CTRL] 976 3.46298 3.57133 TRACK
[PUSH_CTRL] 977 3.46188 3.57133 TRACK
[PUSH_CTRL] 978 3.46083 3.57133 TRACK
[PUSH_CTRL] 979 3.45989 3.57133 TRACK
[PUSH_CTRL] 980 3.46522 3.57133 TRACK
[PUSH_CTRL] 981 3.4643 3.57133 TRACK
[PUSH_CTRL] 982 3.46337 3.57133 TRACK
[PUSH_CTRL] 983 3.46242 3.57133 TRACK
[PUSH_CTRL] 984 3.46147 3.57133 TRACK
[PUSH_CTRL] 985 3.46052 3.57133 TRACK
[PUSH_CTRL] 986 3.45955 3.57133 TRACK
[PUSH_CTRL] 987 3.45859 3.57133 TRACK
[PUSH_CTRL] 988 3.46404 3.57133 TRACK
[PUSH_CTRL] 989 3.46317 3.57133 TRACK
[PUSH_CTRL] 990 3.4623 3.57133 TRACK
[PUSH_CTRL] 991 3.46156 3.57133 TRACK
[PUSH_CTRL] 992 3.46078 3.57133 TRACK
[PUSH_CTRL] 993 3.45997 3.57133 TRACK
[PUSH_CTRL] 994 3.45931 3.57133 TRACK
[PUSH_CTRL] 995 3.46526 3.57133 TRACK
[PUSH_CTRL] 996 3.46481 3.57133 TRACK
[PUSH_CTRL] 997 3.46429 3.57133 TRACK
[PUSH_CTRL] 998 3.46367 3.57133 TRACK
[PUSH_CTRL] 999 3.46298 3.57133 TRACK
[PUSH_CTRL] 1000 3.46242 3.57133 TRACK
[PUSH_CTRL] 1001 3.46188 3.57133 TRACK
[PUSH_CTRL] 1002 3.4675 3.57133 TRACK
[PUSH_CTRL] 1003 3.46707 3.57133 TRACK
[PUSH_CTRL] 1004 3.46677 3.57133 TRACK
[PUSH_CTRL] 1005 3.46644 3.57133 TRACK
[PUSH_CTRL] 1006 3.466 3.57133 TRACK
[PUSH_CTRL] 1007 3.46547 3.57133 TRACK
[PUSH_CTRL] 1008 3.4647 3.57133 TRACK
[PUSH_CTRL] 1009 3.4639 3.57133 TRACK
[PUSH_CTRL] 1010 3.46938 3.57133 TRACK
[PUSH_CTRL] 1011 3.46858 3.57133 TRACK
[PUSH_CTRL] 1012 3.46781 3.57133 TRACK
[PUSH_CTRL] 1013 3.46717 3.57133 TRACK
[PUSH_CTRL] 1014 3.46647 3.57133 TRACK
[PUSH_CTRL] 1015 3.46572 3.57133 TRACK
[PUSH_CTRL] 1016 3.46493 3.57133 TRACK
[PUSH_CTRL] 1017 3.47032 3.57133 TRACK
[PUSH_CTRL] 1018 3.46948 3.57133 TRACK
[PUSH_CTRL] 1019 3.46882 3.57133 TRACK
[PUSH_CTRL] 1020 3.46823 3.57133 TRACK
[PUSH_CTRL] 1021 3.4679 3.57133 TRACK
[PUSH_CTRL] 1022 3.46774 3.57133 TRACK
[PUSH_CTRL] 1023 3.46672 3.57133 TRACK
[PUSH_CTRL] 1024 3.4714 3.57133 TRACK
[PUSH_CTRL] 1025 3.46974 3.57133 TRACK
[PUSH_CTRL] 1026 3.46826 3.57133 TRACK
[PUSH_CTRL] 1027 3.46696 3.57133 TRACK
[PUSH_CTRL] 1028 3.46598 3.57133 TRACK
[PUSH_CTRL] 1029 3.4653 3.57133 TRACK
[PUSH_CTRL] 1030 3.46487 3.57133 TRACK
[PUSH_CTRL] 1031 3.46463 3.57133 TRACK
[PUSH_CTRL] 1032 3.47102 3.57133 TRACK
[PUSH_CTRL] 1033 3.47101 3.57133 TRACK
[PUSH_CTRL] 1034 3.47039 3.57133 TRACK
[PUSH_CTRL] 1035 3.46931 3.57133 TRACK
[PUSH_CTRL] 1036 3.46827 3.57133 TRACK
[PUSH_CTRL] 1037 3.46726 3.57133 TRACK
[PUSH_CTRL] 1038 3.46652 3.57133 TRACK
[PUSH_CTRL] 1039 3.47222 3.57133 TRACK
[PUSH_CTRL] 1040 3.47169 3.57133 TRACK
