[Diagnostics] Wrote config.json
[DIAG] Diagnostics enabled: /home/dhruv/projects_dhruv/namo/robot_control/real_exp/results/real_2mov/v3_snap/hard_zig/rb_00020_mirror_x/model_pure_policy/trial4
planner: full_namo  |  exec mode: greedy_policy  local search: best_first/model  ckpt=/home/dhruv/projects_dhruv/namo/ranking/models/HY5U_s2.ckpt  hmax=2  budget=canonical  scope=inherited  device=cuda

Starting NAMO execution...
Press ESCAPE to quit
==================================================
[Runtime] Using remote camera service at tcp://localhost:5556
[Runtime] Speeds in effect: nav=0.40, push=0.40, keyboard/follow_path=0.30
[Runtime] Starting RemoteObserverNode...
[RemoteObserver] Connected to tcp://localhost:5556
[SerialSender] Port /dev/serial/by-id/usb-Espressif_USB_JTAG_serial_debug_unit_10:51:DB:18:34:7C-if00 opened at 115200
[SerialSender] Started at 30.0 Hz
[RealEnv] Started (robot_id=1)
[RemoteRecordClient] Recording started → /home/dhruv/projects_dhruv/namo/robot_control/real_exp/results/real_2mov/v3_snap/hard_zig/rb_00020_mirror_x/model_pure_policy/trial4/recordings/session_2026-09-02_23-50-59/full_run.mp4
[Runtime] Full-run video + per-subgoal meta will write to /home/dhruv/projects_dhruv/namo/robot_control/real_exp/results/real_2mov/v3_snap/hard_zig/rb_00020_mirror_x/model_pure_policy/trial4/recordings/session_2026-09-02_23-50-59

!!!!!!!!!!!!!!!!!!!!!!!!!!!!!!!!!!!!!!!!!!!!!!!!!!!!!!!!!!!!!!!!!!!!!!
!! ROBOT 1 OFFLINE at startup !!
!!   ap_connected=True, alive_ids=[], last_status=0.5s ago [fresh]
!!   Planning will run (sim-only), but the robot CANNOT execute.
!!   Restart the robot or check the camera_service serial link.
!!!!!!!!!!!!!!!!!!!!!!!!!!!!!!!!!!!!!!!!!!!!!!!!!!!!!!!!!!!!!!!!!!!!!!


[Trapped-start recovery] Robot at (19.0, 5.8) cm was in an inflated-obstacle cell; cleared local cells so the planner can BFS from here. Position unchanged.


[Trapped-start recovery] Robot at (19.0, 5.8) cm was in an inflated-obstacle cell; cleared local cells so the planner can BFS from here. Position unchanged.


==================================================
Robot Control - Real Robot (Autonomous)
==================================================
Serial port: /dev/serial/by-id/usb-Espressif_USB_JTAG_serial_debug_unit_10:51:DB:18:34:7C-if00
Robot ID: 1
Dry run: False
Speed (autonomous): nav=0.40, push=0.40
==================================================
Running in autonomous mode
Press 'r' to toggle recording
Press 'space' for emergency stop
Press 'escape' to quit
==================================================

[NAMOPlanner] Goal BLOCKED - running NAMO planning...
[NAMOBridge] Warming best-first scorer (checkpoint=/home/dhruv/projects_dhruv/namo/ranking/models/HY5U_s2.ckpt, device=cuda); excluded from planning time
[SerialSender] Car 1 CONNECTED (alive now: [1])
[NAMOPlanner] Best-first scorer warmup: 4604ms (recorded separately; excluded from planning_wall_time_ms)

[Trapped-start recovery] Robot at (19.0, 5.8) cm was in an inflated-obstacle cell; cleared local cells so the planner can BFS from here. Position unchanged.

[NAMOPlanner] Plan #1: 167ms, cumulative: 167ms
[DIAG] plan #1 recorded (success=True)
[Subgoal] --> DISPATCH PUSH: obj 'obj_1' at (20.4,22.3,θ=181.6°), edge=16, push_steps=5, robot at (19.0,5.8,θ=102.9°)
[DIAG] subgoal #1 start recorded

[Trapped-start recovery] Robot at (19.0, 5.8) cm was in an inflated-obstacle cell; cleared local cells so the planner can BFS from here. Position unchanged.

[PUSH] Starting navigation: robot=(19.0,5.8) → approach=(20.2,10.3)
[NAV] navigate_to: goal=(20.2,10.3) θ=91.6°, from=(19.0,5.8), obstacles=4
[Wavefront] Saved grid image to output_dump/wavefront/wavefront_20260902_235104_001.png (98x155)
[PUSH] navigate_to() returned: True, nav_state=PRE_ROTATING
[NAV] state - -> PRE_ROTATING pose=(19.0,5.8,θ=102.9°) pre_target_θ=69.6° heading_err=-33.3°
[NAV] state PRE_ROTATING -> FOLLOWING pose=(18.9,5.8,θ=102.9°) path_waypoints=7 final_wp=(20.2,10.2)
[NAV] state FOLLOWING -> POST_ROTATING pose=(20.0,9.3,θ=70.9°) goal_θ=91.6° heading_err=+20.6°
[PUSH] Navigation done - transitioning to ADVANCING (nav_state=FINISHED)
[PUSH] >>> PUSHING start: obj 'obj_1' at (20.4,22.3,θ=181.5°), robot at (20.2,9.8,θ=90.4°), edge=16, push_steps=5 (150 ticks)
[PUSH DEBUG] ========== PUSH START ==========
[PUSH DEBUG] Object: pos=(20.4,22.3) theta=181.5° size=(15x7.0)
[PUSH DEBUG] Edge 16: face=0 sample=8
[PUSH DEBUG] Theoretical: edge_pt (20.2,10.3) → mid_pt (19.9,22.3)
[PUSH DEBUG] Actual line: (20.2,9.8) → (19.9,21.8)
[PUSH DEBUG] Mode: FIXED
[PUSH DEBUG] ================================

[PUSH] ========== PUSH COMPLETE ==========
[PUSH] Robot: (20.0, 24.7) theta=90.3°
[PUSH] Δobject 'obj_1': Δpos=(-0.11,+13.08) |Δ|=13.08cm, Δθ=-0.69°
[PUSH] Robot position is BLOCKED in wavefront
[PUSH] Object 'obj_4': (8.5, 22.1) theta=55.5° size=(12.0x7.5)
[PUSH]   Distance robot→object center: 11.7cm
[PUSH] Object 'wall_11': (10.1, 47.0) theta=81.4° size=(19.5x5.5)
[PUSH]   Distance robot→object center: 24.4cm
[PUSH] Object 'obj_1': (20.3, 35.4) theta=180.8° size=(15x7.0)
[PUSH]   Distance robot→object center: 10.8cm
[PUSH] Object 'wall_10': (35.6, 25.6) theta=101.4° size=(19.5x5.5)
[PUSH]   Distance robot→object center: 15.7cm
[Wavefront] Saved grid image to /tmp/wavefront/wavefront_20260902_235112.png (98x155)
[PUSH] Wavefront saved to: /tmp/wavefront/wavefront_20260902_235112.png
[PUSH] ======================================

[PUSH] Retreat target: (18.7, 19.8) [BACKWARD]
[PUSH] Retreat reached target after 93 steps: moved 3.0 cm, stopped 2.0 cm from target (tolerance 2.0 cm, commanded speed 0.15), robot at (19.1, 21.8), target (18.7, 19.8)
[Subgoal] <-- DONE (SUCCESS) after 11.2s, robot now at (19.1,21.8,θ=76.3°)
[DIAG] subgoal #1 end recorded (outcome=success)
[DIAG] push recorded (obj=obj_1, Δ=13.04cm, stuck=False)
[NAMOPlanner] Greedy policy step complete; replanning from fresh camera observation
[Runtime] 🔌 Robot 1 → ONLINE (alive_ids=[1], ap_connected=True, last_status=0.8s ago)

[Trapped-start recovery] Robot at (19.1, 21.8) cm was in an inflated-obstacle cell; cleared local cells so the planner can BFS from here. Position unchanged.

[NAMOPlanner] Goal BLOCKED - running NAMO planning...

[Trapped-start recovery] Robot at (19.1, 21.8) cm was in an inflated-obstacle cell; cleared local cells so the planner can BFS from here. Position unchanged.

[NAMOPlanner] Plan #2: 88ms, cumulative: 255ms
[DIAG] plan #2 recorded (success=True)
[Subgoal] --> DISPATCH PUSH: obj 'obj_1' at (20.4,35.4,θ=183.5°), edge=14, push_steps=5, robot at (19.1,21.8,θ=76.3°)
[DIAG] subgoal #2 start recorded

[Trapped-start recovery] Robot at (19.1, 21.8) cm was in an inflated-obstacle cell; cleared local cells so the planner can BFS from here. Position unchanged.

[PUSH] Starting navigation: robot=(19.1,21.8) → approach=(21.1,23.4)
[NAV] navigate_to: goal=(21.1,23.4) θ=93.5°, from=(19.1,21.8), obstacles=4
[WavefrontPathPlanner] Start blocked at (19.1, 21.8) cm — applied trapped-start recovery (now FREE)
[Wavefront] Saved grid image to output_dump/wavefront/wavefront_20260902_235116_002.png (98x155)
[NAV] navigate_to: already at goal (all 5 waypoints within 3.5cm of robot). Skipping FOLLOWING.
[PUSH] navigate_to() returned: True, nav_state=POST_ROTATING
[NAV] state - -> POST_ROTATING pose=(19.1,21.8,θ=76.3°) goal_θ=93.5° heading_err=+17.2°
[PUSH] Navigation done - transitioning to ADVANCING (nav_state=FINISHED)
[PUSH] >>> PUSHING start: obj 'obj_1' at (20.4,35.4,θ=183.5°), robot at (19.2,22.3,θ=94.3°), edge=14, push_steps=5 (150 ticks)
[PUSH DEBUG] ========== PUSH START ==========
[PUSH DEBUG] Object: pos=(20.4,35.4) theta=183.5° size=(15x7.0)
[PUSH DEBUG] Edge 14: face=0 sample=7
[PUSH DEBUG] Theoretical: edge_pt (21.1,23.4) → mid_pt (20.4,35.4)
[PUSH DEBUG] Actual line: (19.2,22.3) → (18.5,34.3)
[PUSH DEBUG] Mode: FIXED
[PUSH DEBUG] ================================

[PUSH] ========== PUSH COMPLETE ==========
[PUSH] Robot: (19.0, 24.6) theta=92.3°
[PUSH] Δobject 'obj_1': Δpos=(-0.03,+0.07) |Δ|=0.08cm, Δθ=-0.42°
[PUSH] !! STUCK: object moved 0.08cm (<2.0cm) AND rotated -0.42° (<5.0°). Marking subgoal as FAILED for blacklist.
[PUSH] Robot position is BLOCKED in wavefront
[PUSH] Object 'obj_4': (8.5, 22.1) theta=55.6° size=(12.0x7.5)
[PUSH]   Distance robot→object center: 10.8cm
[PUSH] Object 'wall_11': (10.1, 47.0) theta=81.5° size=(19.5x5.5)
[PUSH]   Distance robot→object center: 24.2cm
[PUSH] Object 'obj_1': (20.4, 35.5) theta=183.1° size=(15x7.0)
[PUSH]   Distance robot→object center: 10.9cm
[PUSH] Object 'wall_10': (35.6, 25.6) theta=101.4° size=(19.5x5.5)
[PUSH]   Distance robot→object center: 16.6cm
[Wavefront] Saved grid image to /tmp/wavefront/wavefront_20260902_235123.png (98x155)
[PUSH] Wavefront saved to: /tmp/wavefront/wavefront_20260902_235123.png
[PUSH] ======================================

[PUSH] Retreat target: (18.8, 19.6) [BACKWARD]
[PUSH] Retreat reached target after 87 steps: moved 3.0 cm, stopped 2.0 cm from target (tolerance 2.0 cm, commanded speed 0.15), robot at (18.9, 21.6), target (18.8, 19.6)
[Subgoal] <-- DONE (FAILED) after 9.8s, robot now at (18.9,21.6,θ=87.5°)
[DIAG] subgoal #2 end recorded (outcome=failed)
[DIAG] push recorded (obj=obj_1, Δ=0.07cm, stuck=True)
[NAMOPlanner] Subgoal FAILED: obj_1 edge=14
[NAMOPlanner] Blacklisted (obj_1, edge=14); blacklist size now 1
[NAMOPlanner] Replanning (attempt 1/20) with new random seed...

[Trapped-start recovery] Robot at (18.9, 21.6) cm was in an inflated-obstacle cell; cleared local cells so the planner can BFS from here. Position unchanged.

[NAMOPlanner] Goal BLOCKED - running NAMO planning...
[NAMOPlanner] Using shuffle_seed=4 for replan attempt 1

[Trapped-start recovery] Robot at (18.9, 21.6) cm was in an inflated-obstacle cell; cleared local cells so the planner can BFS from here. Position unchanged.

[NAMOPlanner] Plan #3: 84ms, cumulative: 339ms
[DIAG] plan #3 recorded (success=True)
[Subgoal] --> DISPATCH PUSH: obj 'obj_1' at (20.3,35.4,θ=182.7°), edge=12, push_steps=5, robot at (18.9,21.6,θ=87.5°)
[DIAG] subgoal #3 start recorded

[Trapped-start recovery] Robot at (18.9, 21.6) cm was in an inflated-obstacle cell; cleared local cells so the planner can BFS from here. Position unchanged.

[PUSH] Starting navigation: robot=(18.9,21.6) → approach=(21.4,23.5)
[NAV] navigate_to: goal=(21.4,23.5) θ=92.7°, from=(18.9,21.6), obstacles=4
[WavefrontPathPlanner] Start blocked at (18.9, 21.6) cm — applied trapped-start recovery (now FREE)
[Wavefront] Saved grid image to output_dump/wavefront/wavefront_20260902_235126_003.png (98x155)
[NAV] navigate_to: already at goal (all 5 waypoints within 3.5cm of robot). Skipping FOLLOWING.
[PUSH] navigate_to() returned: True, nav_state=POST_ROTATING
[NAV] state - -> POST_ROTATING pose=(18.9,21.6,θ=87.5°) goal_θ=92.7° heading_err=+5.2°
[PUSH] Navigation done - transitioning to ADVANCING (nav_state=FINISHED)
[PUSH] >>> PUSHING start: obj 'obj_1' at (20.3,35.4,θ=182.7°), robot at (18.9,21.6,θ=93.0°), edge=12, push_steps=5 (150 ticks)
[PUSH DEBUG] ========== PUSH START ==========
[PUSH DEBUG] Object: pos=(20.3,35.4) theta=182.7° size=(15x7.0)
[PUSH DEBUG] Edge 12: face=0 sample=6
[PUSH DEBUG] Theoretical: edge_pt (21.4,23.5) → mid_pt (20.8,35.4)
[PUSH DEBUG] Actual line: (18.9,21.6) → (18.3,33.6)
[PUSH DEBUG] Mode: FIXED
[PUSH DEBUG] ================================

[PUSH] ========== PUSH COMPLETE ==========
[PUSH] Robot: (18.6, 24.6) theta=92.0°
[PUSH] Δobject 'obj_1': Δpos=(-0.06,-0.00) |Δ|=0.06cm, Δθ=-0.58°
[PUSH] !! STUCK: object moved 0.06cm (<2.0cm) AND rotated -0.58° (<5.0°). Marking subgoal as FAILED for blacklist.
[PUSH] Robot position is BLOCKED in wavefront
[PUSH] Object 'wall_11': (10.1, 47.0) theta=81.4° size=(19.5x5.5)
[PUSH]   Distance robot→object center: 24.0cm
[PUSH] Object 'obj_4': (8.5, 22.1) theta=55.6° size=(12.0x7.5)
[PUSH]   Distance robot→object center: 10.4cm
[PUSH] Object 'obj_1': (20.3, 35.4) theta=182.1° size=(15x7.0)
[PUSH]   Distance robot→object center: 10.9cm
[PUSH] Object 'wall_10': (35.6, 25.6) theta=101.4° size=(19.5x5.5)
[PUSH]   Distance robot→object center: 17.0cm
[Wavefront] Saved grid image to /tmp/wavefront/wavefront_20260902_235132.png (98x155)
[PUSH] Wavefront saved to: /tmp/wavefront/wavefront_20260902_235132.png
[PUSH] ======================================

[PUSH] Retreat target: (18.8, 19.6) [BACKWARD]
[PUSH] Retreat reached target after 83 steps: moved 3.0 cm, stopped 2.0 cm from target (tolerance 2.0 cm, commanded speed 0.15), robot at (18.7, 21.6), target (18.8, 19.6)
[Subgoal] <-- DONE (FAILED) after 8.8s, robot now at (18.7,21.6,θ=91.3°)
[DIAG] subgoal #3 end recorded (outcome=failed)
[DIAG] push recorded (obj=obj_1, Δ=0.10cm, stuck=True)
[NAMOPlanner] Subgoal FAILED: obj_1 edge=12
[NAMOPlanner] Blacklisted (obj_1, edge=12); blacklist size now 2
[NAMOPlanner] Replanning (attempt 2/20) with new random seed...

[Trapped-start recovery] Robot at (18.7, 21.6) cm was in an inflated-obstacle cell; cleared local cells so the planner can BFS from here. Position unchanged.

[NAMOPlanner] Goal BLOCKED - running NAMO planning...
[NAMOPlanner] Using shuffle_seed=5 for replan attempt 2

[Trapped-start recovery] Robot at (18.7, 21.6) cm was in an inflated-obstacle cell; cleared local cells so the planner can BFS from here. Position unchanged.

[NAMOPlanner] Plan #4: 86ms, cumulative: 425ms
[DIAG] plan #4 recorded (success=True)
[Subgoal] --> DISPATCH PUSH: obj 'obj_1' at (20.2,35.4,θ=181.9°), edge=10, push_steps=5, robot at (18.7,21.6,θ=91.3°)
[DIAG] subgoal #4 start recorded

[Trapped-start recovery] Robot at (18.7, 21.6) cm was in an inflated-obstacle cell; cleared local cells so the planner can BFS from here. Position unchanged.

[PUSH] Starting navigation: robot=(18.7,21.6) → approach=(21.6,23.4)
[NAV] navigate_to: goal=(21.6,23.4) θ=91.9°, from=(18.7,21.6), obstacles=4
[WavefrontPathPlanner] Start blocked at (18.7, 21.6) cm — applied trapped-start recovery (now FREE)
[Wavefront] Saved grid image to output_dump/wavefront/wavefront_20260902_235135_004.png (98x155)
[NAV] navigate_to: already at goal (all 7 waypoints within 3.5cm of robot). Skipping FOLLOWING.
[PUSH] navigate_to() returned: True, nav_state=POST_ROTATING
[NAV] state - -> POST_ROTATING pose=(18.7,21.6,θ=91.3°) goal_θ=91.9° heading_err=+0.6°
[PUSH] Navigation done - transitioning to ADVANCING (nav_state=FINISHED)
[PUSH] >>> PUSHING start: obj 'obj_1' at (20.2,35.4,θ=181.8°), robot at (18.7,21.4,θ=91.3°), edge=10, push_steps=5 (150 ticks)
[PUSH DEBUG] ========== PUSH START ==========
[PUSH DEBUG] Object: pos=(20.2,35.4) theta=181.8° size=(15x7.0)
[PUSH DEBUG] Edge 10: face=0 sample=5
[PUSH DEBUG] Theoretical: edge_pt (21.6,23.4) → mid_pt (21.2,35.4)
[PUSH DEBUG] Actual line: (18.7,21.4) → (18.4,33.4)
[PUSH DEBUG] Mode: FIXED
[PUSH DEBUG] ================================

[PUSH] ========== PUSH COMPLETE ==========
[PUSH] Robot: (18.5, 24.6) theta=91.1°
[PUSH] Δobject 'obj_1': Δpos=(+0.00,+0.01) |Δ|=0.02cm, Δθ=-0.14°
[PUSH] !! STUCK: object moved 0.02cm (<2.0cm) AND rotated -0.14° (<5.0°). Marking subgoal as FAILED for blacklist.
[PUSH] Robot position is BLOCKED in wavefront
[PUSH] Object 'obj_4': (8.5, 22.2) theta=55.5° size=(12.0x7.5)
[PUSH]   Distance robot→object center: 10.3cm
[PUSH] Object 'wall_11': (10.1, 47.0) theta=81.5° size=(19.5x5.5)
[PUSH]   Distance robot→object center: 23.9cm
[PUSH] Object 'wall_10': (35.6, 25.6) theta=101.4° size=(19.5x5.5)
[PUSH]   Distance robot→object center: 17.2cm
[PUSH] Object 'obj_1': (20.2, 35.4) theta=181.7° size=(15x7.0)
[PUSH]   Distance robot→object center: 10.9cm
[Wavefront] Saved grid image to /tmp/wavefront/wavefront_20260902_235140.png (98x155)
[PUSH] Wavefront saved to: /tmp/wavefront/wavefront_20260902_235140.png
[PUSH] ======================================

[PUSH] Retreat target: (18.6, 19.6) [BACKWARD]
[PUSH] Retreat reached target after 88 steps: moved 3.0 cm, stopped 2.0 cm from target (tolerance 2.0 cm, commanded speed 0.15), robot at (18.5, 21.6), target (18.6, 19.6)
[Subgoal] <-- DONE (FAILED) after 8.6s, robot now at (18.5,21.6,θ=90.4°)
[DIAG] subgoal #4 end recorded (outcome=failed)
[DIAG] push recorded (obj=obj_1, Δ=0.04cm, stuck=True)
[NAMOPlanner] Subgoal FAILED: obj_1 edge=10
[NAMOPlanner] Blacklisted (obj_1, edge=10); blacklist size now 3
[NAMOPlanner] Replanning (attempt 3/20) with new random seed...

[Trapped-start recovery] Robot at (18.5, 21.6) cm was in an inflated-obstacle cell; cleared local cells so the planner can BFS from here. Position unchanged.

[NAMOPlanner] Goal BLOCKED - running NAMO planning...
[NAMOPlanner] Using shuffle_seed=6 for replan attempt 3

[Trapped-start recovery] Robot at (18.5, 21.6) cm was in an inflated-obstacle cell; cleared local cells so the planner can BFS from here. Position unchanged.

[NAMOPlanner] Plan #5: 91ms, cumulative: 516ms
[DIAG] plan #5 recorded (success=True)
[Subgoal] --> DISPATCH PUSH: obj 'obj_1' at (20.2,35.4,θ=181.7°), edge=16, push_steps=5, robot at (18.5,21.6,θ=90.4°)
[DIAG] subgoal #5 start recorded

[Trapped-start recovery] Robot at (18.5, 21.6) cm was in an inflated-obstacle cell; cleared local cells so the planner can BFS from here. Position unchanged.

[PUSH] Starting navigation: robot=(18.5,21.6) → approach=(20.1,23.4)
[NAV] navigate_to: goal=(20.1,23.4) θ=91.7°, from=(18.5,21.6), obstacles=4
[WavefrontPathPlanner] Start blocked at (18.5, 21.6) cm — applied trapped-start recovery (now FREE)
[Wavefront] Saved grid image to output_dump/wavefront/wavefront_20260902_235143_005.png (98x155)
[NAV] navigate_to: already at goal (all 4 waypoints within 3.5cm of robot). Skipping FOLLOWING.
[PUSH] navigate_to() returned: True, nav_state=POST_ROTATING
[NAV] state - -> POST_ROTATING pose=(18.5,21.6,θ=90.4°) goal_θ=91.7° heading_err=+1.2°
[PUSH] Navigation done - transitioning to ADVANCING (nav_state=FINISHED)
[PUSH] >>> PUSHING start: obj 'obj_1' at (20.2,35.4,θ=181.7°), robot at (18.5,21.5,θ=90.7°), edge=16, push_steps=5 (150 ticks)
[PUSH DEBUG] ========== PUSH START ==========
[PUSH DEBUG] Object: pos=(20.2,35.4) theta=181.7° size=(15x7.0)
[PUSH DEBUG] Edge 16: face=0 sample=8
[PUSH DEBUG] Theoretical: edge_pt (20.1,23.4) → mid_pt (19.7,35.4)
[PUSH DEBUG] Actual line: (18.5,21.5) → (18.1,33.5)
[PUSH DEBUG] Mode: FIXED
[PUSH DEBUG] ================================

[PUSH] ========== PUSH COMPLETE ==========
[PUSH] Robot: (18.3, 24.6) theta=90.8°
[PUSH] Δobject 'obj_1': Δpos=(+0.01,+0.02) |Δ|=0.02cm, Δθ=-0.12°
[PUSH] !! STUCK: object moved 0.02cm (<2.0cm) AND rotated -0.12° (<5.0°). Marking subgoal as FAILED for blacklist.
[PUSH] Robot position is BLOCKED in wavefront
[PUSH] Object 'obj_4': (8.5, 22.1) theta=55.5° size=(12.0x7.5)
[PUSH]   Distance robot→object center: 10.1cm
[PUSH] Object 'wall_11': (10.1, 47.0) theta=81.5° size=(19.5x5.5)
[PUSH]   Distance robot→object center: 23.9cm
[PUSH] Object 'wall_10': (35.6, 25.6) theta=101.4° size=(19.5x5.5)
[PUSH]   Distance robot→object center: 17.3cm
[PUSH] Object 'obj_1': (20.2, 35.4) theta=181.6° size=(15x7.0)
[PUSH]   Distance robot→object center: 11.0cm
[Wavefront] Saved grid image to /tmp/wavefront/wavefront_20260902_235149.png (98x155)
[PUSH] Wavefront saved to: /tmp/wavefront/wavefront_20260902_235149.png
[PUSH] ======================================

[PUSH] Retreat target: (18.8, 19.6) [BACKWARD]
[PUSH] Retreat reached target after 84 steps: moved 3.1 cm, stopped 1.9 cm from target (tolerance 2.0 cm, commanded speed 0.15), robot at (18.5, 21.5), target (18.8, 19.6)
[Subgoal] <-- DONE (FAILED) after 8.4s, robot now at (18.5,21.5,θ=95.1°)
[DIAG] subgoal #5 end recorded (outcome=failed)
[DIAG] push recorded (obj=obj_1, Δ=0.06cm, stuck=True)
[NAMOPlanner] Subgoal FAILED: obj_1 edge=16
[NAMOPlanner] Blacklisted (obj_1, edge=16); blacklist size now 4
[NAMOPlanner] Replanning (attempt 4/20) with new random seed...

[Trapped-start recovery] Robot at (18.5, 21.5) cm was in an inflated-obstacle cell; cleared local cells so the planner can BFS from here. Position unchanged.

[NAMOPlanner] Goal BLOCKED - running NAMO planning...
[NAMOPlanner] Using shuffle_seed=7 for replan attempt 4

[Trapped-start recovery] Robot at (18.5, 21.5) cm was in an inflated-obstacle cell; cleared local cells so the planner can BFS from here. Position unchanged.

[NAMOPlanner] Plan #6: 83ms, cumulative: 599ms
[DIAG] plan #6 recorded (success=True)
[Subgoal] --> DISPATCH PUSH: obj 'obj_1' at (20.1,35.4,θ=181.4°), edge=8, push_steps=5, robot at (18.5,21.5,θ=95.1°)
[DIAG] subgoal #6 start recorded

[Trapped-start recovery] Robot at (18.5, 21.5) cm was in an inflated-obstacle cell; cleared local cells so the planner can BFS from here. Position unchanged.

[PUSH] Starting navigation: robot=(18.5,21.5) → approach=(21.9,23.4)
[NAV] navigate_to: goal=(21.9,23.4) θ=91.4°, from=(18.5,21.5), obstacles=4
[WavefrontPathPlanner] Start blocked at (18.5, 21.5) cm — applied trapped-start recovery (now FREE)
[Wavefront] Saved grid image to output_dump/wavefront/wavefront_20260902_235152_006.png (98x155)
[PUSH] navigate_to() returned: True, nav_state=PRE_ROTATING
[NAV] state POST_ROTATING -> PRE_ROTATING pose=(18.5,21.5,θ=95.1°) pre_target_θ=27.9° heading_err=-67.2°
[NAV] state PRE_ROTATING -> FOLLOWING pose=(18.5,21.2,θ=72.4°) path_waypoints=7 final_wp=(21.8,23.2)
[NAV] state FOLLOWING -> POST_ROTATING pose=(21.2,22.4,θ=15.3°) goal_θ=91.4° heading_err=+76.0°
[PUSH] Navigation done - transitioning to ADVANCING (nav_state=FINISHED)
[PUSH] >>> PUSHING start: obj 'obj_1' at (20.1,35.4,θ=181.3°), robot at (21.6,22.8,θ=91.4°), edge=8, push_steps=5 (150 ticks)
[PUSH DEBUG] ========== PUSH START ==========
[PUSH DEBUG] Object: pos=(20.1,35.4) theta=181.3° size=(15x7.0)
[PUSH DEBUG] Edge 8: face=0 sample=4
[PUSH DEBUG] Theoretical: edge_pt (21.9,23.4) → mid_pt (21.6,35.4)
[PUSH DEBUG] Actual line: (21.6,22.8) → (21.4,34.8)
[PUSH DEBUG] Mode: FIXED
[PUSH DEBUG] ================================

[PUSH] ========== PUSH COMPLETE ==========
[PUSH] Robot: (21.7, 24.7) theta=89.2°
[PUSH] Δobject 'obj_1': Δpos=(+0.14,+0.02) |Δ|=0.14cm, Δθ=+0.99°
[PUSH] !! STUCK: object moved 0.14cm (<2.0cm) AND rotated 0.99° (<5.0°). Marking subgoal as FAILED for blacklist.
[PUSH] Robot position is BLOCKED in wavefront
[PUSH] Object 'obj_4': (8.5, 22.1) theta=55.5° size=(12.0x7.5)
[PUSH]   Distance robot→object center: 13.4cm
[PUSH] Object 'wall_11': (10.1, 47.0) theta=81.5° size=(19.5x5.5)
[PUSH]   Distance robot→object center: 25.2cm
[PUSH] Object 'wall_10': (35.6, 25.6) theta=101.3° size=(19.5x5.5)
[PUSH]   Distance robot→object center: 14.0cm
[PUSH] Object 'obj_1': (20.3, 35.4) theta=182.3° size=(15x7.0)
[PUSH]   Distance robot→object center: 10.8cm
[Wavefront] Saved grid image to /tmp/wavefront/wavefront_20260902_235201.png (98x155)
[PUSH] Wavefront saved to: /tmp/wavefront/wavefront_20260902_235201.png
[PUSH] ======================================

[PUSH] Retreat target: (19.9, 20.0) [BACKWARD]
[PUSH] Retreat reached target after 89 steps: moved 3.1 cm, stopped 1.9 cm from target (tolerance 2.0 cm, commanded speed 0.15), robot at (20.5, 21.8), target (19.9, 20.0)
[Subgoal] <-- DONE (FAILED) after 12.1s, robot now at (20.5,21.8,θ=69.8°)
[DIAG] subgoal #6 end recorded (outcome=failed)
[DIAG] push recorded (obj=obj_1, Δ=0.15cm, stuck=True)
[NAMOPlanner] Subgoal FAILED: obj_1 edge=8
[NAMOPlanner] Blacklisted (obj_1, edge=8); blacklist size now 5
[NAMOPlanner] Replanning (attempt 5/20) with new random seed...

[Trapped-start recovery] Robot at (20.5, 21.8) cm was in an inflated-obstacle cell; cleared local cells so the planner can BFS from here. Position unchanged.

[NAMOPlanner] Goal BLOCKED - running NAMO planning...
[NAMOPlanner] Using shuffle_seed=8 for replan attempt 5

[Trapped-start recovery] Robot at (20.5, 21.8) cm was in an inflated-obstacle cell; cleared local cells so the planner can BFS from here. Position unchanged.

[NAMOPlanner] Plan #7: 183ms, cumulative: 782ms
[DIAG] plan #7 recorded (success=True)
[Subgoal] --> DISPATCH PUSH: obj 'obj_4' at (8.5,22.1,θ=55.6°), edge=43, push_steps=5, robot at (20.5,21.8,θ=69.8°)
[DIAG] subgoal #7 start recorded

[Trapped-start recovery] Robot at (20.5, 21.8) cm was in an inflated-obstacle cell; cleared local cells so the planner can BFS from here. Position unchanged.

[PUSH] Starting navigation: robot=(20.5,21.8) → approach=(4.6,14.8)
[NAV] navigate_to: goal=(4.6,14.8) θ=55.6°, from=(20.5,21.8), obstacles=4
[Wavefront] Saved grid image to output_dump/wavefront/wavefront_20260902_235204_007.png (98x155)
[PUSH] navigate_to() returned: True, nav_state=PRE_ROTATING
[NAV] state POST_ROTATING -> PRE_ROTATING pose=(20.5,21.8,θ=69.8°) pre_target_θ=-101.7° heading_err=-171.5°
[NAV] state PRE_ROTATING -> FOLLOWING pose=(20.0,21.8,θ=303.1°) path_waypoints=32 final_wp=(4.8,14.3)
[NAV] state FOLLOWING -> POST_ROTATING pose=(5.1,13.7,θ=132.7°) goal_θ=55.6° heading_err=-77.1°
[PUSH] Navigation done - transitioning to ADVANCING (nav_state=FINISHED)
[PUSH] >>> PUSHING start: obj 'obj_4' at (8.5,22.2,θ=55.5°), robot at (4.6,14.0,θ=53.8°), edge=43, push_steps=5 (150 ticks)
[PUSH DEBUG] ========== PUSH START ==========
[PUSH DEBUG] Object: pos=(8.5,22.2) theta=55.5° size=(12.0x7.5)
[PUSH DEBUG] Edge 43: face=3 sample=6
[PUSH DEBUG] Theoretical: edge_pt (4.6,14.9) → mid_pt (9.2,21.7)
[PUSH DEBUG] Actual line: (4.6,14.0) → (9.3,20.8)
[PUSH DEBUG] Mode: FIXED
[PUSH DEBUG] ================================

[PUSH] ========== PUSH COMPLETE ==========
[PUSH] Robot: (17.0, 31.2) theta=44.9°
[PUSH] Δobject 'obj_4': Δpos=(+13.29,+14.54) |Δ|=19.69cm, Δθ=-13.54°
[PUSH] Robot position is BLOCKED in wavefront
[PUSH] Object 'wall_11': (10.1, 47.0) theta=82.4° size=(19.5x5.5)
[PUSH]   Distance robot→object center: 17.2cm
[PUSH] Object 'wall_10': (35.6, 25.6) theta=101.4° size=(19.5x5.5)
[PUSH]   Distance robot→object center: 19.4cm
[PUSH] Object 'obj_4': (21.8, 36.7) theta=42.0° size=(12.0x7.5)
[PUSH]   Distance robot→object center: 7.3cm
[PUSH] Object 'obj_1': (28.1, 41.0) theta=222.8° size=(15x7.0)
[PUSH]   Distance robot→object center: 14.7cm
[Wavefront] Saved grid image to /tmp/wavefront/wavefront_20260902_235220.png (98x155)
[PUSH] Wavefront saved to: /tmp/wavefront/wavefront_20260902_235220.png
[PUSH] ======================================

[PUSH] Retreat target: (12.5, 29.1) [BACKWARD]
[PUSH] Retreat reached target after 85 steps: moved 3.0 cm, stopped 2.0 cm from target (tolerance 2.0 cm, commanded speed 0.15), robot at (14.2, 30.1), target (12.5, 29.1)
[Subgoal] <-- DONE (SUCCESS) after 18.1s, robot now at (14.2,30.1,θ=24.8°)
[DIAG] subgoal #7 end recorded (outcome=success)
[DIAG] push recorded (obj=obj_4, Δ=19.86cm, stuck=False)
[NAMOPlanner] Dropped 5 blacklist entry/entries for ['obj_1', 'obj_4'] (their body frames moved); 0 retained
[NAMOPlanner] Greedy policy step complete; replanning from fresh camera observation

[Trapped-start recovery] Robot at (14.2, 30.1) cm was in an inflated-obstacle cell; cleared local cells so the planner can BFS from here. Position unchanged.

[NAMOPlanner] Goal BLOCKED - running NAMO planning...

[Trapped-start recovery] Robot at (14.2, 30.1) cm was in an inflated-obstacle cell; cleared local cells so the planner can BFS from here. Position unchanged.

[NAMOPlanner] Plan #8: 100ms, cumulative: 882ms
[DIAG] plan #8 recorded (success=True)
[Subgoal] --> DISPATCH PUSH: obj 'obj_4' at (22.0,36.8,θ=45.7°), edge=41, push_steps=5, robot at (14.2,30.1,θ=24.8°)
[DIAG] subgoal #8 start recorded

[Trapped-start recovery] Robot at (14.2, 30.1) cm was in an inflated-obstacle cell; cleared local cells so the planner can BFS from here. Position unchanged.

[PUSH] Starting navigation: robot=(14.2,30.1) → approach=(17.4,29.7)
[NAV] navigate_to: goal=(17.4,29.7) θ=45.7°, from=(14.2,30.1), obstacles=4
[Wavefront] Saved grid image to output_dump/wavefront/wavefront_20260902_235223_008.png (98x155)
[NAV] navigate_to: already at goal (all 5 waypoints within 3.5cm of robot). Skipping FOLLOWING.
[PUSH] navigate_to() returned: True, nav_state=POST_ROTATING
[NAV] state - -> POST_ROTATING pose=(14.2,30.1,θ=24.8°) goal_θ=45.7° heading_err=+20.9°
[PUSH] Navigation done - transitioning to ADVANCING (nav_state=FINISHED)
[PUSH] >>> PUSHING start: obj 'obj_4' at (22.0,36.8,θ=47.3°), robot at (14.2,30.0,θ=48.2°), edge=41, push_steps=5 (150 ticks)
[PUSH DEBUG] ========== PUSH START ==========
[PUSH DEBUG] Object: pos=(22.0,36.8) theta=47.3° size=(12.0x7.5)
[PUSH DEBUG] Edge 41: face=3 sample=5
[PUSH DEBUG] Theoretical: edge_pt (17.6,29.5) → mid_pt (23.2,35.6)
[PUSH DEBUG] Actual line: (14.2,30.0) → (19.8,36.1)
[PUSH DEBUG] Mode: FIXED
[PUSH DEBUG] ================================

[PUSH] ========== PUSH COMPLETE ==========
[PUSH] Robot: (28.6, 45.6) theta=46.7°
[PUSH] Δobject 'obj_4': Δpos=(+13.91,+12.59) |Δ|=18.76cm, Δθ=-19.58°
[PUSH] Robot position is FREE in wavefront
[PUSH] Object 'wall_11': (10.1, 47.0) theta=81.4° size=(19.5x5.5)
[PUSH]   Distance robot→object center: 18.6cm
[PUSH] Object 'obj_1': (43.3, 51.9) theta=206.8° size=(15x7.0)
[PUSH]   Distance robot→object center: 16.0cm
[PUSH] Object 'wall_10': (35.6, 25.6) theta=101.3° size=(19.5x5.5)
[PUSH]   Distance robot→object center: 21.2cm
[PUSH] Object 'obj_4': (35.9, 49.4) theta=27.7° size=(12.0x7.5)
[PUSH]   Distance robot→object center: 8.2cm
[Wavefront] Saved grid image to /tmp/wavefront/wavefront_20260902_235229.png (98x155)
[PUSH] Wavefront saved to: /tmp/wavefront/wavefront_20260902_235229.png
[PUSH] ======================================

[PUSH] Retreat target: (24.2, 43.3) [BACKWARD]
[PUSH] Retreat reached target after 106 steps: moved 3.0 cm, stopped 2.0 cm from target (tolerance 2.0 cm, commanded speed 0.15), robot at (25.8, 44.4), target (24.2, 43.3)
[Subgoal] <-- DONE (SUCCESS) after 9.9s, robot now at (25.8,44.4,θ=30.3°)
[DIAG] subgoal #8 end recorded (outcome=success)
[DIAG] push recorded (obj=obj_4, Δ=19.06cm, stuck=False)
[NAMOPlanner] Greedy policy step complete; replanning from fresh camera observation

[Trapped-start recovery] Robot at (25.8, 44.4) cm was in an inflated-obstacle cell; cleared local cells so the planner can BFS from here. Position unchanged.

[NAMOPlanner] Goal REACHABLE - navigating to (25.7, 68.8) [dist=24.4cm]
[Subgoal] --> DISPATCH NAVIGATE: target=(25.7,68.8), robot at (25.8,44.4,θ=30.3°)
[DIAG] subgoal #9 start recorded

[Trapped-start recovery] Robot at (25.8, 44.4) cm was in an inflated-obstacle cell; cleared local cells so the planner can BFS from here. Position unchanged.

[NAV] navigate_to: goal=(25.7,68.8) θ=any, from=(25.8,44.4), obstacles=4
[Wavefront] Saved grid image to output_dump/wavefront/wavefront_20260902_235233_009.png (98x155)
[NAV] state POST_ROTATING -> PRE_ROTATING pose=(25.8,44.4,θ=30.3°) pre_target_θ=90.9° heading_err=+60.6°
[NAV] state PRE_ROTATING -> FOLLOWING pose=(25.8,44.3,θ=47.9°) path_waypoints=31 final_wp=(25.8,68.2)
[Subgoal] <-- DONE (SUCCESS) after 6.7s, robot now at (25.5,66.1,θ=85.8°)
[DIAG] subgoal #9 end recorded (outcome=success)
[NAMOPlanner] GOAL REACHED! Distance: 2.7cm | Total planning: 8 calls, 882ms cumulative
[Runtime] Plan complete - stopping robot
[Runtime] Shutting down

[Trapped-start recovery] Robot at (25.5, 66.1) cm was in an inflated-obstacle cell; cleared local cells so the planner can BFS from here. Position unchanged.

[Diagnostics] Wrote summary.json (outcome=success)
[RemoteRecordClient] Recording stopped → /home/dhruv/projects_dhruv/namo/robot_control/real_exp/results/real_2mov/v3_snap/hard_zig/rb_00020_mirror_x/model_pure_policy/trial4/recordings/session_2026-09-02_23-50-59/full_run.mp4
[Runtime] Sending stop command to robot...
[SerialSender] Stopped
[RealEnv] Stopped
[RemoteObserver] Stopped
[Runtime] Shutdown complete
