[Diagnostics] Wrote config.json
[DIAG] Diagnostics enabled: /home/dhruv/projects_dhruv/namo/robot_control/real_exp/1hop_2obj/results/real/2push__env__obstacle_1_movable__f110e8c4/nav_baseline_ignore/trial2
Goal given: (24.4, 67.0) cm

Pure navigation baseline, mode 'ignore'. No pushes will be planned.
Press ESCAPE to quit
============================================================
[Runtime] Using remote camera service at tcp://localhost:5556
[Runtime] Speeds in effect: nav=0.40, push=0.40, keyboard/follow_path=0.30
[Runtime] Starting RemoteObserverNode...
[RemoteObserver] Connected to tcp://localhost:5556
[SerialSender] Port /dev/serial/by-id/usb-Espressif_USB_JTAG_serial_debug_unit_10:51:DB:18:34:7C-if00 opened at 115200
[SerialSender] Started at 30.0 Hz
[RealEnv] Started (robot_id=1)
[RemoteRecordClient] Recording started → /home/dhruv/projects_dhruv/namo/robot_control/real_exp/1hop_2obj/results/real/2push__env__obstacle_1_movable__f110e8c4/nav_baseline_ignore/trial2/recordings/session_2026-09-05_18-40-35/full_run.mp4
[Runtime] Full-run video + per-subgoal meta will write to /home/dhruv/projects_dhruv/namo/robot_control/real_exp/1hop_2obj/results/real/2push__env__obstacle_1_movable__f110e8c4/nav_baseline_ignore/trial2/recordings/session_2026-09-05_18-40-35
[SerialSender] Car 1 CONNECTED (alive now: [1])
[Runtime] 🔌 Robot 1 ONLINE at startup (alive_ids=[1], ap_connected=True)
[Diagnostics] ⚠️ scene_before.xml capture failed: no xml source path provided

==================================================
Robot Control - Real Robot (Autonomous)
==================================================
Serial port: /dev/serial/by-id/usb-Espressif_USB_JTAG_serial_debug_unit_10:51:DB:18:34:7C-if00
Robot ID: 1
Dry run: False
Speed (autonomous): nav=0.40, push=0.40
==================================================
Running in autonomous mode
Press 'r' to toggle recording
Press 'space' for emergency stop
Press 'escape' to quit
==================================================

[Subgoal] --> DISPATCH NAVIGATE: target=(24.4,67.0), robot at (24.2,8.1,θ=99.0°)
[DIAG] subgoal #1 start recorded
[NAV] navigate_to: goal=(24.4,67.0) θ=any, from=(24.2,8.1), obstacles=5
[NAV] state - -> PRE_ROTATING pose=(24.2,8.1,θ=99.0°) pre_target_θ=97.4° heading_err=-1.6°
[NAV] state PRE_ROTATING -> FOLLOWING pose=(24.2,8.0,θ=99.0°) path_waypoints=69 final_wp=(24.2,67.2)
[NAV] !! NO PROGRESS (blocked): robot at (20.7,28.0,θ=88.0°) has not moved 0.5 cm or turned 3.0° in 3.0s. Treating as FAILED so the subgoal can end.
[NAV] Retreating to (18.8, 23.4)
[NAV] state FOLLOWING -> RETREATING pose=(20.7,28.0,θ=88.1°)
[NAV] Retreat done after 55 ticks (reached the cell); drive FAILED (blocked).
[Subgoal] <-- DONE (FAILED) after 16.4s, robot now at (20.1,26.6,θ=69.0°)
[DIAG] subgoal #1 end recorded (outcome=failed)
[Subgoal] --> DISPATCH NAVIGATE: target=(24.4,67.0), robot at (20.1,26.6,θ=69.0°)
[DIAG] subgoal #2 start recorded
[NAV] navigate_to: goal=(24.4,67.0) θ=any, from=(20.1,26.6), obstacles=5
[NAV] state RETREATING -> PRE_ROTATING pose=(20.1,26.6,θ=69.0°) pre_target_θ=44.8° heading_err=-24.2°
[NAV] state PRE_ROTATING -> FOLLOWING pose=(20.0,26.5,θ=70.3°) path_waypoints=53 final_wp=(24.2,66.8)
[NAV] !! NO PROGRESS (blocked): robot at (21.9,29.2,θ=76.4°) has not moved 0.5 cm or turned 3.0° in 3.0s. Treating as FAILED so the subgoal can end.
[NAV] Retreating to (19.1, 25.0)
[NAV] state FOLLOWING -> RETREATING pose=(21.9,29.2,θ=76.3°)
[NAV] Retreat done after 53 ticks (reached the cell); drive FAILED (blocked).
[Subgoal] <-- DONE (FAILED) after 7.6s, robot now at (21.0,27.9,θ=57.3°)
[DIAG] subgoal #2 end recorded (outcome=failed)
[Subgoal] --> DISPATCH NAVIGATE: target=(24.4,67.0), robot at (21.0,27.9,θ=57.3°)
[DIAG] subgoal #3 start recorded
[NAV] navigate_to: goal=(24.4,67.0) θ=any, from=(21.0,27.9), obstacles=5
[NAV] state RETREATING -> PRE_ROTATING pose=(21.0,27.9,θ=57.3°) pre_target_θ=46.3° heading_err=-11.0°
[NAV] state PRE_ROTATING -> FOLLOWING pose=(20.9,27.7,θ=58.3°) path_waypoints=52 final_wp=(24.2,66.8)
[NAV] !! NO PROGRESS (blocked): robot at (22.7,29.6,θ=68.8°) has not moved 0.5 cm or turned 3.0° in 3.0s. Treating as FAILED so the subgoal can end.
[NAV] Retreating to (19.4, 25.8)
[NAV] state FOLLOWING -> RETREATING pose=(22.7,29.6,θ=68.9°)
[NAV] Retreat done after 51 ticks (reached the cell); drive FAILED (blocked).
[Subgoal] <-- DONE (FAILED) after 6.1s, robot now at (21.6,28.4,θ=50.2°)
[DIAG] subgoal #3 end recorded (outcome=failed)
[Subgoal] --> DISPATCH NAVIGATE: target=(24.4,67.0), robot at (21.6,28.4,θ=50.2°)
[DIAG] subgoal #4 start recorded
[NAV] navigate_to: goal=(24.4,67.0) θ=any, from=(21.6,28.4), obstacles=5
[NAV] state RETREATING -> PRE_ROTATING pose=(21.6,28.4,θ=50.2°) pre_target_θ=53.1° heading_err=+2.9°
[NAV] state PRE_ROTATING -> FOLLOWING pose=(21.6,28.3,θ=51.0°) path_waypoints=50 final_wp=(24.2,66.8)
[NAV] !! NO PROGRESS (blocked): robot at (24.3,32.9,θ=85.8°) has not moved 0.5 cm or turned 3.0° in 3.0s. Treating as FAILED so the subgoal can end.
[NAV] Retreating to (22.3, 28.4)
[NAV] state FOLLOWING -> RETREATING pose=(24.3,32.9,θ=85.8°)
[NAV] Retreat done after 49 ticks (reached the cell); drive FAILED (blocked).
[Subgoal] <-- DONE (FAILED) after 10.3s, robot now at (23.7,31.5,θ=67.5°)
[DIAG] subgoal #4 end recorded (outcome=failed)
[Subgoal] --> DISPATCH NAVIGATE: target=(24.4,67.0), robot at (23.7,31.5,θ=67.5°)
[DIAG] subgoal #5 start recorded
[NAV] navigate_to: goal=(24.4,67.0) θ=any, from=(23.7,31.5), obstacles=5
[NAV] state RETREATING -> PRE_ROTATING pose=(23.7,31.5,θ=67.5°) pre_target_θ=89.6° heading_err=+22.1°
[NAV] state PRE_ROTATING -> FOLLOWING pose=(23.6,31.3,θ=68.1°) path_waypoints=44 final_wp=(24.2,66.8)
[NAV] !! NO PROGRESS (blocked): robot at (24.5,33.2,θ=85.0°) has not moved 0.5 cm or turned 3.0° in 3.0s. Treating as FAILED so the subgoal can end.
[NAV] Retreating to (22.3, 28.6)
[NAV] state FOLLOWING -> RETREATING pose=(24.5,33.2,θ=85.0°)
[NAV] Retreat done after 49 ticks (reached the cell); drive FAILED (blocked).
[Subgoal] <-- DONE (FAILED) after 5.3s, robot now at (23.8,31.7,θ=66.0°)
[DIAG] subgoal #5 end recorded (outcome=failed)
[Subgoal] --> DISPATCH NAVIGATE: target=(24.4,67.0), robot at (23.8,31.7,θ=66.0°)
[DIAG] subgoal #6 start recorded
[NAV] navigate_to: goal=(24.4,67.0) θ=any, from=(23.8,31.7), obstacles=5
[NAV] state RETREATING -> PRE_ROTATING pose=(23.8,31.7,θ=66.0°) pre_target_θ=90.7° heading_err=+24.8°
[NAV] state PRE_ROTATING -> FOLLOWING pose=(23.8,31.6,θ=66.6°) path_waypoints=44 final_wp=(24.2,66.8)
[NAV] !! NO PROGRESS (blocked): robot at (24.5,33.4,θ=86.2°) has not moved 0.5 cm or turned 3.0° in 3.0s. Treating as FAILED so the subgoal can end.
[NAV] Retreating to (22.5, 28.8)
[NAV] state FOLLOWING -> RETREATING pose=(24.5,33.4,θ=86.1°)
[NAV] Retreat done after 45 ticks (reached the cell); drive FAILED (blocked).
[Subgoal] <-- DONE (FAILED) after 5.2s, robot now at (23.8,32.0,θ=67.8°)
[DIAG] subgoal #6 end recorded (outcome=failed)
[Runtime] Planning failed - stopping robot
[Runtime] Shutting down
[Diagnostics] ⚠️ scene_after.xml capture failed: no xml source path provided
[Diagnostics] Wrote summary.json (outcome=failure)
[RemoteRecordClient] Recording stopped → /home/dhruv/projects_dhruv/namo/robot_control/real_exp/1hop_2obj/results/real/2push__env__obstacle_1_movable__f110e8c4/nav_baseline_ignore/trial2/recordings/session_2026-09-05_18-40-35/full_run.mp4
[Runtime] Sending stop command to robot...
[SerialSender] Stopped
[RealEnv] Stopped
[RemoteObserver] Stopped
[Runtime] Shutdown complete

============================================================
  arm                : nav_baseline_ignore
  reached            : False
  stopped at         : (23.84, 32.0) cm
  distance to goal   : 35.0 cm
  route waypoints    : 72
  route crossed      : obj_1,obj_4
  objects shoved     : obj_1,obj_4
  elapsed            : 51.4 s
  failure            : stuck_retry_limit_reached
============================================================

  Driving alone did not reach the goal. Reset the scene, then
  run the NAMO trial on the same layout.

wrote /home/dhruv/projects_dhruv/namo/robot_control/real_exp/1hop_2obj/results/real/2push__env__obstacle_1_movable__f110e8c4/nav_baseline_ignore/trial2/nav_baseline_ignore_1788648087.json

real_exp/1hop_2obj/results/real/2push__env__obstacle_1_movable__f110e8c4/nav_verdict.json already holds a verdict; left alone.
