[Diagnostics] Wrote config.json
[DIAG] Diagnostics enabled: /home/dhruv/projects_dhruv/namo/robot_control/push_calibration/obj_1/edge59/depth2/trial2
[tier2] wheel commands will be logged to /home/dhruv/projects_dhruv/namo/robot_control/push_calibration/obj_1/edge59/depth2/trial2/wheel_commands.jsonl
[collect] 1 trial(s) loaded from push_calibration/obj_1/edge59/depth2/spec.yaml
[collect] obstacle_target = (25.0, 35.0) cm  reset_tolerance = 3.0 cm
[mid-obs] logging every camera observation → /home/dhruv/projects_dhruv/namo/robot_control/push_calibration/obj_1/edge59/depth2/trial2/mid_obs.jsonl
[Runtime] Using remote camera service at tcp://localhost:5556
[Runtime] Speeds in effect: nav=0.40, push=0.40, keyboard/follow_path=0.30
[fresh] planner.attach_obs_source(world.get) wired
[Runtime] Starting RemoteObserverNode...
[RemoteObserver] Connected to tcp://localhost:5556
[SerialSender] Port /dev/serial/by-id/usb-Espressif_USB_JTAG_serial_debug_unit_10:51:DB:18:34:7C-if00 opened at 115200
[SerialSender] Started at 30.0 Hz
[RealEnv] Started (robot_id=1)
[Runtime] Per-subgoal video + meta will write to /home/dhruv/projects_dhruv/namo/robot_control/push_calibration/obj_1/edge59/depth2/trial2/recordings/session_2026-05-25_15-30-12
[SerialSender] Car 1 CONNECTED (alive now: [1])
[Runtime] 🔌 Robot 1 ONLINE at startup (alive_ids=[1], ap_connected=True)

=== Trial 1/1 === object=obj_1 edge_idx=59 push_steps=3
  [skip_reset] start pose: (21.92, 18.23) θ=88.94°. pushing...
[Subgoal] --> DISPATCH PUSH: obj 'obj_1' at (21.9,18.2,θ=88.9°), edge=59, push_steps=3, robot at (18.9,7.3,θ=86.7°)
[DIAG] subgoal #1 start recorded
[RemoteRecordClient] Recording started → /home/dhruv/projects_dhruv/namo/robot_control/push_calibration/obj_1/edge59/depth2/trial2/recordings/session_2026-05-25_15-30-12/subgoal_001_push_obj_1_e59_s3.mp4
[PUSH]   Original edge: (14.3, 10.7)
[PUSH]   Validated:     (14.3, 10.2)
[PUSH] Starting navigation: robot=(18.9,7.3) → approach=(14.3,10.2)
[NAV] navigate_to: goal=(14.3,10.2) θ=88.9°, from=(18.9,7.3), obstacles=1
[Diagnostics] ⚠️ scene_before.xml capture failed: no xml source path provided

==================================================
Robot Control - Real Robot (Autonomous)
==================================================
Serial port: /dev/serial/by-id/usb-Espressif_USB_JTAG_serial_debug_unit_10:51:DB:18:34:7C-if00
Robot ID: 1
Dry run: False
Speed: 0.3
==================================================
Running in autonomous mode
Press 'r' to toggle recording
Press 'space' for emergency stop
Press 'escape' to quit
==================================================

[Wavefront] Saved grid image to output_dump/wavefront/wavefront_20260525_153013_001.png (98x155)
[PUSH] navigate_to() returned: True, nav_state=PRE_ROTATING
[NAV] state - -> PRE_ROTATING pose=(18.9,7.3,θ=86.7°) pre_target_θ=152.3° heading_err=+65.6°
[NAV] state PRE_ROTATING -> FOLLOWING pose=(19.0,7.2,θ=108.6°) path_waypoints=8 final_wp=(14.3,10.2)
[NAV] state FOLLOWING -> POST_ROTATING pose=(15.1,9.8,θ=148.3°) goal_θ=88.9° heading_err=-59.3°
[PUSH] Navigation done - transitioning to ADVANCING (nav_state=FINISHED)
[PUSH] >>> PUSHING start: obj 'obj_1' at (21.9,18.2,θ=88.8°), robot at (14.5,9.8,θ=89.0°), edge=59, push_steps=3 (78 ticks)
[PUSH DEBUG] ========== PUSH START ==========
[PUSH DEBUG] Object: pos=(21.9,18.2) theta=88.8° size=(15x7.0)
[PUSH DEBUG] Edge 59: face=3 sample=14
[PUSH DEBUG] Theoretical: edge_pt (14.3,10.7) → mid_pt (14.4,18.4)
[PUSH DEBUG] Actual line: (14.5,9.8) → (14.6,17.5)
[PUSH DEBUG] Mode: FIXED
[PUSH DEBUG] ================================

[PUSH] ========== PUSH COMPLETE ==========
[PUSH] Robot: (14.7, 19.8) theta=88.3°
[PUSH] Δobject 'obj_1': Δpos=(-0.16,+2.46) |Δ|=2.47cm, Δθ=-61.77°
[PUSH] Robot position is BLOCKED in wavefront
[PUSH] Object 'obj_1': (21.7, 20.7) theta=27.1° size=(15x7.0)
[PUSH]   Distance robot→object center: 7.1cm
[Wavefront] Saved grid image to /tmp/wavefront/wavefront_20260525_153020.png (98x155)
[PUSH] Wavefront saved to: /tmp/wavefront/wavefront_20260525_153020.png
[PUSH] ======================================

[PUSH] Retreat target: (12.9, 15.1) [BACKWARD]
[Subgoal] <-- DONE (SUCCESS) after 11.9s, robot now at (13.6,16.9,θ=70.9°)
[DIAG] subgoal #1 end recorded (outcome=success)
[DIAG] push recorded (obj=obj_1, Δ=2.66cm, stuck=False)
[RemoteRecordClient] Recording stopped → /home/dhruv/projects_dhruv/namo/robot_control/push_calibration/obj_1/edge59/depth2/trial2/recordings/session_2026-05-25_15-30-12/subgoal_001_push_obj_1_e59_s3.mp4
[Runtime] Plan complete - stopping robot
[Runtime] Shutting down
