[Diagnostics] Wrote config.json
[DIAG] Diagnostics enabled: /home/dhruv/projects_dhruv/namo/robot_control/real_exp/results/real_2mov/v4_snap/b3_a/rb_00182_mirror_x/model_pure_policy/trial2
planner: full_namo  |  exec mode: greedy_policy  local search: best_first/model  ckpt=/home/dhruv/projects_dhruv/namo/ranking/models/HY5U_s2.ckpt  hmax=2  budget=canonical  scope=inherited  device=cuda

Starting NAMO execution...
Press ESCAPE to quit
==================================================
[Runtime] Using remote camera service at tcp://localhost:5556
[Runtime] Speeds in effect: nav=0.40, push=0.40, keyboard/follow_path=0.30
[Runtime] Starting RemoteObserverNode...
[RemoteObserver] Connected to tcp://localhost:5556
[SerialSender] Port /dev/serial/by-id/usb-Espressif_USB_JTAG_serial_debug_unit_10:51:DB:18:34:7C-if00 opened at 115200
[SerialSender] Started at 30.0 Hz
[RealEnv] Started (robot_id=1)
[RemoteRecordClient] Recording started → /home/dhruv/projects_dhruv/namo/robot_control/real_exp/results/real_2mov/v4_snap/b3_a/rb_00182_mirror_x/model_pure_policy/trial2/recordings/session_2026-09-02_21-29-15/full_run.mp4
[Runtime] Full-run video + per-subgoal meta will write to /home/dhruv/projects_dhruv/namo/robot_control/real_exp/results/real_2mov/v4_snap/b3_a/rb_00182_mirror_x/model_pure_policy/trial2/recordings/session_2026-09-02_21-29-15
[SerialSender] Car 1 CONNECTED (alive now: [1])
[Runtime] 🔌 Robot 1 ONLINE at startup (alive_ids=[1], ap_connected=True)

[Trapped-start recovery] Robot at (25.1, 13.4) cm was in an inflated-obstacle cell; cleared local cells so the planner can BFS from here. Position unchanged.


[Trapped-start recovery] Robot at (25.2, 13.4) cm was in an inflated-obstacle cell; cleared local cells so the planner can BFS from here. Position unchanged.


==================================================
Robot Control - Real Robot (Autonomous)
==================================================
Serial port: /dev/serial/by-id/usb-Espressif_USB_JTAG_serial_debug_unit_10:51:DB:18:34:7C-if00
Robot ID: 1
Dry run: False
Speed (autonomous): nav=0.40, push=0.40
==================================================
Running in autonomous mode
Press 'r' to toggle recording
Press 'space' for emergency stop
Press 'escape' to quit
==================================================

[NAMOPlanner] Goal BLOCKED - running NAMO planning...
[NAMOBridge] Warming best-first scorer (checkpoint=/home/dhruv/projects_dhruv/namo/ranking/models/HY5U_s2.ckpt, device=cuda); excluded from planning time
[NAMOPlanner] Best-first scorer warmup: 3667ms (recorded separately; excluded from planning_wall_time_ms)

[Trapped-start recovery] Robot at (25.1, 13.4) cm was in an inflated-obstacle cell; cleared local cells so the planner can BFS from here. Position unchanged.

[NAMOPlanner] Plan #1: 140ms, cumulative: 140ms
[DIAG] plan #1 recorded (success=True)
[Subgoal] --> DISPATCH PUSH: obj 'obj_4' at (14.6,28.8,θ=24.4°), edge=1, push_steps=5, robot at (25.1,13.4,θ=105.6°)
[DIAG] subgoal #1 start recorded

[Trapped-start recovery] Robot at (25.1, 13.4) cm was in an inflated-obstacle cell; cleared local cells so the planner can BFS from here. Position unchanged.

[PUSH] Starting navigation: robot=(25.1,13.4) → approach=(15.5,17.7)
[NAV] navigate_to: goal=(15.5,17.7) θ=114.4°, from=(25.1,13.4), obstacles=5
[Wavefront] Saved grid image to output_dump/wavefront/wavefront_20260902_212920_001.png (98x155)
[PUSH] navigate_to() returned: True, nav_state=PRE_ROTATING
[NAV] state - -> PRE_ROTATING pose=(25.1,13.4,θ=105.6°) pre_target_θ=135.9° heading_err=+30.2°
[NAV] state PRE_ROTATING -> FOLLOWING pose=(25.1,13.4,θ=105.6°) path_waypoints=15 final_wp=(15.2,17.8)
[NAV] state FOLLOWING -> POST_ROTATING pose=(16.1,17.3,θ=160.8°) goal_θ=114.4° heading_err=-46.4°
[PUSH] Navigation done - transitioning to ADVANCING (nav_state=FINISHED)
[PUSH] >>> PUSHING start: obj 'obj_4' at (14.5,28.8,θ=24.4°), robot at (15.5,17.6,θ=115.3°), edge=1, push_steps=5 (150 ticks)
[PUSH DEBUG] ========== PUSH START ==========
[PUSH DEBUG] Object: pos=(14.5,28.8) theta=24.4° size=(12.0x7.5)
[PUSH DEBUG] Edge 1: face=1 sample=0
[PUSH DEBUG] Theoretical: edge_pt (15.5,17.7) → mid_pt (11.1,27.3)
[PUSH DEBUG] Actual line: (15.5,17.6) → (11.1,27.1)
[PUSH DEBUG] Mode: FIXED
[PUSH DEBUG] ================================

[PUSH] ========== PUSH COMPLETE ==========
[PUSH] Robot: (5.3, 35.3) theta=97.5°
[PUSH] Δobject 'obj_4': Δpos=(-1.74,+11.42) |Δ|=11.55cm, Δθ=-77.13°
[PUSH] Robot position is BLOCKED in wavefront
[PUSH] Object 'wall_11': (26.6, 28.0) theta=37.7° size=(19.5x5.5)
[PUSH]   Distance robot→object center: 22.5cm
[PUSH] Object 'obj_1': (7.9, 47.9) theta=110.1° size=(15x7.0)
[PUSH]   Distance robot→object center: 12.9cm
[PUSH] Object 'wall_10': (27.0, 47.8) theta=95.2° size=(19.5x5.5)
[PUSH]   Distance robot→object center: 25.1cm
[PUSH] Object 'wall_9': (37.5, 28.6) theta=136.6° size=(5.5x19.0)
[PUSH]   Distance robot→object center: 32.9cm
[PUSH] Object 'obj_4': (12.8, 40.3) theta=307.3° size=(12.0x7.5)
[PUSH]   Distance robot→object center: 9.0cm
[Wavefront] Saved grid image to /tmp/wavefront/wavefront_20260902_212929.png (98x155)
[PUSH] Wavefront saved to: /tmp/wavefront/wavefront_20260902_212929.png
[PUSH] ======================================

[PUSH] Retreat target: (4.2, 30.4) [BACKWARD]
[PUSH] Retreat TIMEOUT after 200 steps: moved 0.6 cm, stopped 5.4 cm from target (tolerance 2.0 cm, commanded speed 0.15), robot at (4.9, 35.7), target (4.2, 30.4)
[Subgoal] <-- DONE (SUCCESS) after 16.5s, robot now at (4.9,35.7,θ=94.1°)
[DIAG] subgoal #1 end recorded (outcome=success)
[DIAG] push recorded (obj=obj_4, Δ=11.74cm, stuck=False)
[NAMOPlanner] Greedy policy step complete; replanning from fresh camera observation

[Trapped-start recovery] Robot at (4.9, 35.7) cm was in an inflated-obstacle cell; cleared local cells so the planner can BFS from here. Position unchanged.

[NAMOPlanner] Goal BLOCKED - running NAMO planning...

[Trapped-start recovery] Robot at (4.9, 35.7) cm was in an inflated-obstacle cell; cleared local cells so the planner can BFS from here. Position unchanged.

[NAMOPlanner] Plan #2: 104ms, cumulative: 244ms
[DIAG] plan #2 recorded (success=True)
[Subgoal] --> DISPATCH PUSH: obj 'obj_4' at (12.7,40.4,θ=305.4°), edge=36, push_steps=5, robot at (4.9,35.7,θ=94.1°)
[DIAG] subgoal #2 start recorded

[Trapped-start recovery] Robot at (4.9, 35.7) cm was in an inflated-obstacle cell; cleared local cells so the planner can BFS from here. Position unchanged.

[PUSH] Starting navigation: robot=(4.9,35.7) → approach=(14.6,31.7)
[NAV] navigate_to: goal=(14.6,31.7) θ=125.4°, from=(4.9,35.7), obstacles=5
[WavefrontPathPlanner] Start blocked at (4.9, 35.7) cm — applied trapped-start recovery (now FREE)
[Wavefront] Saved grid image to output_dump/wavefront/wavefront_20260902_212936_002.png (98x155)
[PUSH] navigate_to() returned: True, nav_state=PRE_ROTATING
[NAV] state POST_ROTATING -> PRE_ROTATING pose=(4.9,35.7,θ=94.1°) pre_target_θ=-77.1° heading_err=-171.2°
[NAV] state PRE_ROTATING -> FOLLOWING pose=(3.3,36.2,θ=323.4°) path_waypoints=24 final_wp=(14.8,31.8)
[NAV] state FOLLOWING -> POST_ROTATING pose=(14.4,31.0,θ=48.2°) goal_θ=125.4° heading_err=+77.1°
[PUSH] Navigation done - transitioning to ADVANCING (nav_state=FINISHED)
[PUSH] >>> PUSHING start: obj 'obj_4' at (13.2,39.9,θ=311.4°), robot at (14.9,31.5,θ=127.1°), edge=36, push_steps=5 (150 ticks)
[PUSH DEBUG] ========== PUSH START ==========
[PUSH DEBUG] Object: pos=(13.2,39.9) theta=311.4° size=(12.0x7.5)
[PUSH DEBUG] Edge 36: face=2 sample=3
[PUSH DEBUG] Theoretical: edge_pt (16.0,31.4) → mid_pt (10.6,37.6)
[PUSH DEBUG] Actual line: (14.9,31.5) → (9.5,37.7)
[PUSH DEBUG] Mode: FIXED
[PUSH DEBUG] ================================

[PUSH] ========== PUSH COMPLETE ==========
[PUSH] Robot: (2.9, 45.5) theta=125.2°
[PUSH] Δobject 'obj_4': Δpos=(-6.74,+11.43) |Δ|=13.27cm, Δθ=-66.84°
[PUSH] Robot position is BLOCKED in wavefront
[PUSH] Object 'obj_4': (6.4, 51.3) theta=244.6° size=(12.0x7.5)
[PUSH]   Distance robot→object center: 6.8cm
[PUSH] Object 'obj_1': (8.6, 58.6) theta=64.1° size=(15x7.0)
[PUSH]   Distance robot→object center: 14.3cm
[PUSH] Object 'wall_10': (27.0, 47.8) theta=95.0° size=(19.5x5.5)
[PUSH]   Distance robot→object center: 24.2cm
[PUSH] Object 'wall_9': (37.5, 28.6) theta=136.6° size=(5.5x19.0)
[PUSH]   Distance robot→object center: 38.5cm
[PUSH] Object 'wall_11': (26.6, 28.0) theta=37.7° size=(19.5x5.5)
[PUSH]   Distance robot→object center: 29.4cm
[Wavefront] Saved grid image to /tmp/wavefront/wavefront_20260902_212951.png (98x155)
[PUSH] Wavefront saved to: /tmp/wavefront/wavefront_20260902_212951.png
[PUSH] ======================================

[PUSH] Retreat target: (4.2, 40.7) [BACKWARD]
[PUSH] Retreat reached target after 115 steps: moved 3.0 cm, stopped 2.0 cm from target (tolerance 2.0 cm, commanded speed 0.15), robot at (3.7, 42.6), target (4.2, 40.7)
[Subgoal] <-- DONE (SUCCESS) after 18.2s, robot now at (3.7,42.6,θ=103.8°)
[DIAG] subgoal #2 end recorded (outcome=success)
[DIAG] push recorded (obj=obj_4, Δ=13.23cm, stuck=False)
[NAMOPlanner] Greedy policy step complete; replanning from fresh camera observation

[Trapped-start recovery] Robot at (3.7, 42.6) cm was in an inflated-obstacle cell; cleared local cells so the planner can BFS from here. Position unchanged.

[NAMOPlanner] Goal BLOCKED - running NAMO planning...

[Trapped-start recovery] Robot at (3.7, 42.6) cm was in an inflated-obstacle cell; cleared local cells so the planner can BFS from here. Position unchanged.

[NAMOPlanner] Plan #3: 100ms, cumulative: 345ms
[DIAG] plan #3 recorded (success=True)
[Subgoal] --> DISPATCH PUSH: obj 'obj_4' at (6.6,51.4,θ=245.1°), edge=50, push_steps=5, robot at (3.7,42.6,θ=103.8°)
[DIAG] subgoal #3 start recorded

[Trapped-start recovery] Robot at (3.7, 42.6) cm was in an inflated-obstacle cell; cleared local cells so the planner can BFS from here. Position unchanged.

[PUSH] Starting navigation: robot=(3.7,42.6) → approach=(5.4,42.8)
[NAV] navigate_to: goal=(5.4,42.8) θ=65.1°, from=(3.7,42.6), obstacles=5
[WavefrontPathPlanner] Start blocked at (3.7, 42.6) cm — applied trapped-start recovery (now FREE)
[Wavefront] Saved grid image to output_dump/wavefront/wavefront_20260902_212955_003.png (98x155)
[NAV] navigate_to: already at goal (all 2 waypoints within 3.5cm of robot). Skipping FOLLOWING.
[PUSH] navigate_to() returned: True, nav_state=POST_ROTATING
[NAV] state - -> POST_ROTATING pose=(3.7,42.6,θ=103.8°) goal_θ=65.1° heading_err=-38.7°
[PUSH] Navigation done - transitioning to ADVANCING (nav_state=FINISHED)
[PUSH] >>> PUSHING start: obj 'obj_4' at (6.6,51.4,θ=245.1°), robot at (3.5,42.0,θ=62.9°), edge=50, push_steps=5 (150 ticks)
[PUSH DEBUG] ========== PUSH START ==========
[PUSH DEBUG] Object: pos=(6.6,51.4) theta=245.1° size=(12.0x7.5)
[PUSH DEBUG] Edge 50: face=2 sample=10
[PUSH DEBUG] Theoretical: edge_pt (5.4,42.8) → mid_pt (8.9,50.3)
[PUSH DEBUG] Actual line: (3.5,42.0) → (7.0,49.5)
[PUSH DEBUG] Mode: FIXED
[PUSH DEBUG] ================================

[PUSH] ========== PUSH COMPLETE ==========
[PUSH] Robot: (11.7, 58.6) theta=77.5°
[PUSH] Δobject 'obj_4': Δpos=(+5.80,+14.45) |Δ|=15.57cm, Δθ=+15.78°
[PUSH] Robot position is BLOCKED in wavefront
[PUSH] Object 'obj_1': (12.4, 73.7) theta=80.3° size=(15x7.0)
[PUSH]   Distance robot→object center: 15.2cm
[PUSH] Object 'wall_10': (27.0, 47.8) theta=95.2° size=(19.5x5.5)
[PUSH]   Distance robot→object center: 18.8cm
[PUSH] Object 'obj_4': (12.4, 65.8) theta=260.9° size=(12.0x7.5)
[PUSH]   Distance robot→object center: 7.3cm
[PUSH] Object 'wall_11': (26.6, 28.0) theta=37.7° size=(19.5x5.5)
[PUSH]   Distance robot→object center: 34.0cm
[PUSH] Object 'wall_9': (37.5, 28.6) theta=136.4° size=(5.5x19.0)
[PUSH]   Distance robot→object center: 39.6cm
[Wavefront] Saved grid image to /tmp/wavefront/wavefront_20260902_213001.png (98x155)
[PUSH] Wavefront saved to: /tmp/wavefront/wavefront_20260902_213001.png
[PUSH] ======================================

[PUSH] Retreat target: (9.0, 54.4) [BACKWARD]
[PUSH] Retreat reached target after 87 steps: moved 3.1 cm, stopped 1.9 cm from target (tolerance 2.0 cm, commanded speed 0.15), robot at (10.0, 56.0), target (9.0, 54.4)
[Subgoal] <-- DONE (SUCCESS) after 9.5s, robot now at (10.0,56.0,θ=55.0°)
[DIAG] subgoal #3 end recorded (outcome=success)
[DIAG] push recorded (obj=obj_4, Δ=15.62cm, stuck=False)
[NAMOPlanner] Greedy policy step complete; replanning from fresh camera observation
[NAMOPlanner] Goal point BLOCKED but region is open - retargeting to (22.2, 65.2) [3.5cm from goal, cap=12.0cm]
[DIAG] plan #4 recorded (success=True)
[Subgoal] --> DISPATCH NAVIGATE: target=(22.2,65.2), robot at (10.0,56.0,θ=55.0°)
[DIAG] subgoal #4 start recorded

[Trapped-start recovery] Robot at (10.0, 56.0) cm was in an inflated-obstacle cell; cleared local cells so the planner can BFS from here. Position unchanged.

[NAV] navigate_to: goal=(22.2,65.2) θ=any, from=(10.0,56.0), obstacles=5
[Wavefront] Saved grid image to output_dump/wavefront/wavefront_20260902_213004_004.png (98x155)
[NAV] state POST_ROTATING -> PRE_ROTATING pose=(10.0,56.0,θ=55.0°) pre_target_θ=-11.7° heading_err=-66.7°
[NAV] state PRE_ROTATING -> FOLLOWING pose=(9.7,56.0,θ=31.2°) path_waypoints=27 final_wp=(22.8,65.2)
[Subgoal] <-- DONE (SUCCESS) after 6.1s, robot now at (23.6,64.7,θ=128.6°)
[DIAG] subgoal #4 end recorded (outcome=success)
[NAMOPlanner] GOAL REACHED (success-with-retarget)! Distance to retarget point: 1.5cm | Total planning: 3 calls, 345ms cumulative
[Runtime] Plan complete - stopping robot
[Runtime] Shutting down

[Trapped-start recovery] Robot at (23.6, 64.7) cm was in an inflated-obstacle cell; cleared local cells so the planner can BFS from here. Position unchanged.

[Diagnostics] Wrote summary.json (outcome=success)
[RemoteRecordClient] Recording stopped → /home/dhruv/projects_dhruv/namo/robot_control/real_exp/results/real_2mov/v4_snap/b3_a/rb_00182_mirror_x/model_pure_policy/trial2/recordings/session_2026-09-02_21-29-15/full_run.mp4
[Runtime] Sending stop command to robot...
[SerialSender] Stopped
[RealEnv] Stopped
[RemoteObserver] Stopped
[Runtime] Shutdown complete
