[Diagnostics] Wrote config.json
[DIAG] Diagnostics enabled: /home/dhruv/projects_dhruv/namo/robot_control/real_exp/1hop_simple/results/real/2push__env__obstacle_0_movable__0489c6b2/model_pure_policy/trial3
planner: full_namo  |  exec mode: greedy_policy  local search: best_first/model  ckpt=/home/dhruv/projects_dhruv/namo/ranking/models/HY5U_s2.ckpt  hmax=canonical  budget=canonical  scope=inherited  device=cuda

Starting NAMO execution...
Press ESCAPE to quit
==================================================
[Runtime] Using remote camera service at tcp://localhost:5556
[Runtime] Speeds in effect: nav=0.40, push=0.40, keyboard/follow_path=0.30
[Runtime] Safety filter: OFF
[Runtime] Starting RemoteObserverNode...
[RemoteObserver] Connected to tcp://localhost:5556
[SerialSender] Port /dev/serial/by-id/usb-Espressif_USB_JTAG_serial_debug_unit_10:51:DB:18:34:7C-if00 opened at 115200
[SerialSender] Started at 30.0 Hz
[RealEnv] Started (robot_id=1)
[SerialSender] Car 1 CONNECTED (alive now: [1])
[RemoteRecordClient] Recording started → /home/dhruv/projects_dhruv/namo/robot_control/real_exp/1hop_simple/results/real/2push__env__obstacle_0_movable__0489c6b2/model_pure_policy/trial3/recordings/session_2026-09-08_02-20-18/full_run.mp4
[Runtime] Full-run video + per-subgoal meta will write to /home/dhruv/projects_dhruv/namo/robot_control/real_exp/1hop_simple/results/real/2push__env__obstacle_0_movable__0489c6b2/model_pure_policy/trial3/recordings/session_2026-09-08_02-20-18
[Runtime] 🔌 Robot 1 ONLINE at startup (alive_ids=[1], ap_connected=True)
[NAMOPlanner] Goal BLOCKED - running NAMO planning...
[NAMOBridge] Warming best-first scorer (checkpoint=/home/dhruv/projects_dhruv/namo/ranking/models/HY5U_s2.ckpt, device=cuda); excluded from planning time

==================================================
Robot Control - Real Robot (Autonomous)
==================================================
Serial port: /dev/serial/by-id/usb-Espressif_USB_JTAG_serial_debug_unit_10:51:DB:18:34:7C-if00
Robot ID: 1
Dry run: False
Speed (autonomous): nav=0.40, push=0.40
==================================================
Running in autonomous mode
Press 'r' to toggle recording
Press 'space' for emergency stop
Press 'escape' to quit
==================================================

[NAMOPlanner] Best-first scorer warmup: 3785ms (recorded separately; excluded from planning_wall_time_ms)
[NAMOPlanner] Plan #1: 153ms, cumulative: 153ms
[DIAG] plan #1 recorded (success=True)
[Subgoal] --> DISPATCH PUSH: obj 'obj_4' at (27.4,35.7,θ=73.4°), edge=0, push_steps=5, robot at (24.6,16.0,θ=79.7°)
[DIAG] subgoal #1 start recorded
[PUSH] Starting navigation: robot=(24.6,16.0) → approach=(16.2,35.2)
[NAV] navigate_to: goal=(16.2,35.2) θ=-16.6°, from=(24.6,16.0), obstacles=4
[Wavefront] Saved grid image to output_dump/wavefront/wavefront_20260908_022022_001.png (98x155)
[PUSH] navigate_to() returned: True, nav_state=PRE_ROTATING
[NAV] state - -> PRE_ROTATING pose=(24.6,16.0,θ=79.7°) pre_target_θ=130.2° heading_err=+50.5°
[NAV] state PRE_ROTATING -> FOLLOWING pose=(24.7,15.8,θ=86.5°) path_waypoints=33 final_wp=(16.2,35.2)
[NAV] state FOLLOWING -> POST_ROTATING pose=(15.6,34.9,θ=45.6°) goal_θ=-16.6° heading_err=-62.3°
[PUSH] Navigation done - transitioning to ADVANCING (nav_state=FINISHED)
[PUSH] >>> PUSHING start: obj 'obj_4' at (27.4,35.7,θ=73.4°), robot at (15.8,35.3,θ=342.1°), edge=0, push_steps=5 (150 ticks)
[PUSH DEBUG] ========== PUSH START ==========
[PUSH DEBUG] Object: pos=(27.4,35.7) theta=73.4° size=(12.0x7.5)
[PUSH DEBUG] Edge 0: face=0 sample=0
[PUSH DEBUG] Theoretical: edge_pt (16.2,35.1) → mid_pt (26.3,32.2)
[PUSH DEBUG] Actual line: (15.8,35.3) → (25.9,32.3)
[PUSH DEBUG] Mode: FIXED
[PUSH DEBUG] ================================

[PUSH] ========== PUSH COMPLETE ==========
[PUSH] Robot: (26.5, 32.3) theta=355.1°
[PUSH] Δobject 'obj_4': Δpos=(+8.76,-1.31) |Δ|=8.85cm, Δθ=+13.04°
[PUSH] Robot position is FREE in wavefront
[PUSH] Object 'obj_4': (36.1, 34.4) theta=86.5° size=(12.0x7.5)
[PUSH]   Distance robot→object center: 9.9cm
[PUSH] Object 'wall_10': (9.7, 40.9) theta=281.8° size=(19.5x5.5)
[PUSH]   Distance robot→object center: 18.8cm
[PUSH] Object 'obj_1': (45.7, 29.9) theta=176.5° size=(15x7.0)
[PUSH]   Distance robot→object center: 19.4cm
[PUSH] Object 'wall_11': (33.4, 49.3) theta=15.1° size=(19.5x5.5)
[PUSH]   Distance robot→object center: 18.4cm
[Wavefront] Saved grid image to /tmp/wavefront/wavefront_20260908_022035.png (98x155)
[PUSH] Wavefront saved to: /tmp/wavefront/wavefront_20260908_022035.png
[PUSH] ======================================

[PUSH] Retreat target: (21.9, 34.4) [BACKWARD]
[PUSH] Retreat reached target after 79 steps: moved 3.1 cm, stopped 1.9 cm from target (tolerance 2.0 cm, commanded speed 0.15), robot at (23.7, 33.6), target (21.9, 34.4)
[Subgoal] <-- DONE (SUCCESS) after 14.7s, robot now at (23.7,33.6,θ=334.5°)
[DIAG] subgoal #1 end recorded (outcome=success)
[DIAG] push recorded (obj=obj_4, Δ=8.76cm, stuck=False)
[NAMOPlanner] Greedy policy step complete; replanning from fresh camera observation

[Trapped-start recovery] Robot at (23.7, 33.6) cm was in an inflated-obstacle cell; cleared local cells so the planner can BFS from here. Position unchanged.

[NAMOPlanner] Goal REACHABLE - navigating to (35.6, 68.3) [dist=36.6cm]
[Subgoal] --> DISPATCH NAVIGATE: target=(35.6,68.3), robot at (23.7,33.6,θ=334.5°)
[DIAG] subgoal #2 start recorded

[Trapped-start recovery] Robot at (23.7, 33.6) cm was in an inflated-obstacle cell; cleared local cells so the planner can BFS from here. Position unchanged.

[NAV] navigate_to: goal=(35.6,68.3) θ=any, from=(23.7,33.6), obstacles=4
[Wavefront] Saved grid image to output_dump/wavefront/wavefront_20260908_022037_002.png (98x155)
[NAV] state POST_ROTATING -> PRE_ROTATING pose=(23.7,33.6,θ=334.5°) pre_target_θ=66.8° heading_err=+92.3°
[NAV] state PRE_ROTATING -> FOLLOWING pose=(23.6,33.5,θ=31.0°) path_waypoints=53 final_wp=(35.8,68.2)
[Subgoal] <-- DONE (SUCCESS) after 10.5s, robot now at (35.1,68.8,θ=338.6°)
[DIAG] subgoal #2 end recorded (outcome=success)
[NAMOPlanner] GOAL REACHED! Distance: 0.7cm | Total planning: 1 calls, 153ms cumulative
[Runtime] Plan complete - stopping robot
[Runtime] Shutting down

[Trapped-start recovery] Robot at (35.1, 68.8) cm was in an inflated-obstacle cell; cleared local cells so the planner can BFS from here. Position unchanged.

[Diagnostics] Wrote summary.json (outcome=success)
[RemoteRecordClient] Recording stopped → /home/dhruv/projects_dhruv/namo/robot_control/real_exp/1hop_simple/results/real/2push__env__obstacle_0_movable__0489c6b2/model_pure_policy/trial3/recordings/session_2026-09-08_02-20-18/full_run.mp4
[Runtime] Sending stop command to robot...
[SerialSender] Stopped
[RealEnv] Stopped
[RemoteObserver] Stopped
[Runtime] Shutdown complete
