[Diagnostics] Wrote config.json
[DIAG] Diagnostics enabled: /home/dhruv/projects_dhruv/namo/robot_control/real_exp/results/formal_v2/rb_00164/nav_penalise
Goal given: (8.4, 60.2) cm

Pure navigation baseline, mode 'penalise'. No pushes will be planned.
Press ESCAPE to quit
============================================================
[Runtime] Using remote camera service at tcp://localhost:5556
[Runtime] Speeds in effect: nav=0.40, push=0.40, keyboard/follow_path=0.30
[Runtime] Starting RemoteObserverNode...
[RemoteObserver] Connected to tcp://localhost:5556
[SerialSender] Port /dev/serial/by-id/usb-Espressif_USB_JTAG_serial_debug_unit_10:51:DB:18:34:7C-if00 opened at 115200
[SerialSender] Started at 30.0 Hz
[RealEnv] Started (robot_id=1)
[SerialSender] Car 1 CONNECTED (alive now: [1])
[RemoteRecordClient] Recording started → /home/dhruv/projects_dhruv/namo/robot_control/real_exp/results/formal_v2/rb_00164/nav_penalise/recordings/session_2026-08-31_06-38-04/full_run.mp4
[Runtime] Full-run video + per-subgoal meta will write to /home/dhruv/projects_dhruv/namo/robot_control/real_exp/results/formal_v2/rb_00164/nav_penalise/recordings/session_2026-08-31_06-38-04
[Runtime] 🔌 Robot 1 ONLINE at startup (alive_ids=[1], ap_connected=True)
[Diagnostics] ⚠️ scene_before.xml capture failed: no xml source path provided

==================================================
Robot Control - Real Robot (Autonomous)
==================================================[Subgoal] --> DISPATCH NAVIGATE: target=(8.4,60.2), robot at (12.6,9.2,θ=1.2°)
[DIAG] subgoal #1 start recorded

Serial port: /dev/serial/by-id/usb-Espressif_USB_JTAG_serial_debug_unit_10:51:DB:18:34:7C-if00
Robot ID: 1
[NAV] navigate_to: goal=(8.4,60.2) θ=any, from=(12.6,9.2), obstacles=4
Dry run: False
[NAV] state - -> PRE_ROTATING pose=(12.6,9.2,θ=1.2°) pre_target_θ=133.1° heading_err=+131.9°
Speed (autonomous): nav=0.40, push=0.40
==================================================
Running in autonomous mode
Press 'r' to toggle recording
Press 'space' for emergency stop
Press 'escape' to quit
==================================================

[NAV] state PRE_ROTATING -> FOLLOWING pose=(14.9,11.3,θ=88.8°) path_waypoints=89 final_wp=(8.8,60.2)
[NAV] !! NO PROGRESS (blocked): robot at (18.4,27.2,θ=78.1°) has not moved 0.5 cm or turned 3.0° in 3.0s. Treating as FAILED so the subgoal can end.
[NAV] Retreating to (15.8, 23.0)
[NAV] state FOLLOWING -> RETREATING pose=(18.4,27.2,θ=78.1°)
[NAV] Retreat done after 60 ticks (reached the cell); drive FAILED (blocked).
[Subgoal] <-- DONE (FAILED) after 18.3s, robot now at (17.7,25.9,θ=59.6°)
[DIAG] subgoal #1 end recorded (outcome=failed)
[Subgoal] --> DISPATCH NAVIGATE: target=(8.4,60.2), robot at (17.7,25.9,θ=59.6°)
[DIAG] subgoal #2 start recorded
[NAV] navigate_to: goal=(8.4,60.2) θ=any, from=(17.7,25.9), obstacles=4
[NAV] state RETREATING -> PRE_ROTATING pose=(17.7,25.9,θ=59.6°) pre_target_θ=-2.1° heading_err=-61.7°
[NAV] state PRE_ROTATING -> FOLLOWING pose=(17.6,25.8,θ=41.4°) path_waypoints=71 final_wp=(8.8,60.2)
[NAV] !! NO PROGRESS (blocked): robot at (31.8,28.0,θ=71.4°) has not moved 0.5 cm or turned 3.0° in 3.0s. Treating as FAILED so the subgoal can end.
[NAV] No free cell behind the robot; backing out blind.
[NAV] state FOLLOWING -> RETREATING pose=(31.8,28.0,θ=71.4°)
[NAV] Retreat done after 90 ticks (ran out of ticks); drive FAILED (blocked).
[Subgoal] <-- DONE (FAILED) after 11.7s, robot now at (31.8,28.0,θ=71.4°)
[DIAG] subgoal #2 end recorded (outcome=failed)
[Subgoal] --> DISPATCH NAVIGATE: target=(8.4,60.2), robot at (31.8,28.0,θ=71.4°)
[DIAG] subgoal #3 start recorded
[NAV] navigate_to: goal=(8.4,60.2) θ=any, from=(31.8,28.0), obstacles=4
[NAV] state RETREATING -> PRE_ROTATING pose=(31.8,28.0,θ=71.4°) pre_target_θ=65.3° heading_err=-6.1°
[NAV] state PRE_ROTATING -> FOLLOWING pose=(31.8,28.0,θ=71.4°) path_waypoints=53 final_wp=(8.8,60.2)
[NAV] !! NO PROGRESS (blocked): robot at (31.8,28.0,θ=71.4°) has not moved 0.5 cm or turned 3.0° in 3.0s. Treating as FAILED so the subgoal can end.
[NAV] No free cell behind the robot; backing out blind.
[NAV] state FOLLOWING -> RETREATING pose=(31.8,28.0,θ=71.4°)
[NAV] Retreat done after 90 ticks (ran out of ticks); drive FAILED (blocked).
[Subgoal] <-- DONE (FAILED) after 6.1s, robot now at (14.7,9.1,θ=52.7°)
[DIAG] subgoal #3 end recorded (outcome=failed)
[Subgoal] --> DISPATCH NAVIGATE: target=(8.4,60.2), robot at (14.7,9.1,θ=52.7°)
[DIAG] subgoal #4 start recorded
[NAV] navigate_to: goal=(8.4,60.2) θ=any, from=(14.7,9.1), obstacles=4
[NAV] state RETREATING -> PRE_ROTATING pose=(14.7,9.1,θ=52.7°) pre_target_θ=121.9° heading_err=+69.1°
[NAV] state PRE_ROTATING -> FOLLOWING pose=(14.7,8.8,θ=77.2°) path_waypoints=87 final_wp=(8.8,60.2)

[baseline] signal 2, stopping and recording where we got to
[RemoteRecordClient] Recording stopped → /home/dhruv/projects_dhruv/namo/robot_control/real_exp/results/formal_v2/rb_00164/nav_penalise/recordings/session_2026-08-31_06-38-04/full_run.mp4
[Runtime] Sending stop command to robot...
[SerialSender] Stopped
[RealEnv] Stopped
[RemoteObserver] Stopped
[Runtime] Shutdown complete
[Diagnostics] ⚠️ scene_after.xml capture failed: no xml source path provided
[Diagnostics] Wrote summary.json (outcome=aborted)

============================================================
  arm                : nav_baseline_penalise
  reached            : False
  stopped at         : (14.69, 9.13) cm
  distance to goal   : 51.46 cm
  route waypoints    : 121
  route crossed      : obj_1,obj_4
  objects shoved     : obj_4
  elapsed            : 36.4 s
  failure            : wall_clock_timeout
============================================================

  Driving alone did not reach the goal. Reset the scene, then
  run the NAMO trial on the same layout.

wrote /home/dhruv/projects_dhruv/namo/robot_control/real_exp/results/formal_v2/rb_00164/nav_penalise/nav_baseline_penalise_1788172729.json
wrote real_exp/results/formal_v2/rb_00164/nav_verdict.json (qualifies is unset, waiting on your call)
