[Diagnostics] Wrote config.json
[DIAG] Diagnostics enabled: /home/dhruv/projects_dhruv/namo/robot_control/real_exp/results/formal_v2/med_079/nav_penalise
Goal given: (7.5, 62.6) cm

Pure navigation baseline, mode 'penalise'. No pushes will be planned.
Press ESCAPE to quit
============================================================
[Runtime] Using remote camera service at tcp://localhost:5556
[Runtime] Speeds in effect: nav=0.40, push=0.40, keyboard/follow_path=0.30
[Runtime] Starting RemoteObserverNode...
[RemoteObserver] Connected to tcp://localhost:5556
[SerialSender] Port /dev/serial/by-id/usb-Espressif_USB_JTAG_serial_debug_unit_10:51:DB:18:34:7C-if00 opened at 115200
[SerialSender] Started at 30.0 Hz
[RealEnv] Started (robot_id=1)
[SerialSender] Car 1 CONNECTED (alive now: [1])
[RemoteRecordClient] Recording started → /home/dhruv/projects_dhruv/namo/robot_control/real_exp/results/formal_v2/med_079/nav_penalise/recordings/session_2026-08-31_11-44-20/full_run.mp4
[Runtime] Full-run video + per-subgoal meta will write to /home/dhruv/projects_dhruv/namo/robot_control/real_exp/results/formal_v2/med_079/nav_penalise/recordings/session_2026-08-31_11-44-20
[Runtime] 🔌 Robot 1 ONLINE at startup (alive_ids=[1], ap_connected=True)
[Subgoal] --> DISPATCH NAVIGATE: target=(7.5,62.6), robot at (18.0,12.6,θ=2.2°)
[DIAG] subgoal #1 start recorded
[NAV] navigate_to: goal=(7.5,62.6) θ=any, from=(18.0,12.6), obstacles=3
[NAV] state - -> PRE_ROTATING pose=(18.0,12.6,θ=2.2°) pre_target_θ=43.9° heading_err=+41.7°
[NAV] state PRE_ROTATING -> FOLLOWING pose=(18.0,12.6,θ=2.2°) path_waypoints=85 final_wp=(7.8,63.3)
[Diagnostics] ⚠️ scene_before.xml capture failed: no xml source path provided

==================================================
Robot Control - Real Robot (Autonomous)
==================================================
Serial port: /dev/serial/by-id/usb-Espressif_USB_JTAG_serial_debug_unit_10:51:DB:18:34:7C-if00
Robot ID: 1
Dry run: False
Speed (autonomous): nav=0.40, push=0.40
==================================================
Running in autonomous mode
Press 'r' to toggle recording
Press 'space' for emergency stop
Press 'escape' to quit
==================================================

[NAV] !! NO PROGRESS (blocked): robot at (22.2,30.9,θ=125.5°) has not moved 0.5 cm or turned 3.0° in 3.0s. Treating as FAILED so the subgoal can end.
[NAV] Retreating to (23.5, 26.1)
[NAV] state FOLLOWING -> RETREATING pose=(22.2,30.9,θ=125.5°)
[NAV] Retreat done after 45 ticks (reached the cell); drive FAILED (blocked).
[Subgoal] <-- DONE (FAILED) after 11.5s, robot now at (22.6,29.4,θ=102.6°)
[DIAG] subgoal #1 end recorded (outcome=failed)
[Subgoal] --> DISPATCH NAVIGATE: target=(7.5,62.6), robot at (22.6,29.4,θ=102.6°)
[DIAG] subgoal #2 start recorded
[NAV] navigate_to: goal=(7.5,62.6) θ=any, from=(22.6,29.4), obstacles=3
[NAV] state RETREATING -> PRE_ROTATING pose=(22.6,29.4,θ=102.6°) pre_target_θ=87.7° heading_err=-15.0°
[NAV] state PRE_ROTATING -> FOLLOWING pose=(22.6,29.2,θ=103.6°) path_waypoints=63 final_wp=(7.8,63.3)
[NAV] !! NO PROGRESS (blocked): robot at (29.3,32.2,θ=110.8°) has not moved 0.5 cm or turned 3.0° in 3.0s. Treating as FAILED so the subgoal can end.
[NAV] Retreating to (29.4, 27.2)
[NAV] state FOLLOWING -> RETREATING pose=(29.3,32.2,θ=110.8°)
[NAV] Retreat done after 90 ticks (ran out of ticks); drive FAILED (blocked).
[Subgoal] <-- DONE (FAILED) after 7.7s, robot now at (29.3,32.2,θ=110.8°)
[DIAG] subgoal #2 end recorded (outcome=failed)
[Subgoal] --> DISPATCH NAVIGATE: target=(7.5,62.6), robot at (29.3,32.2,θ=110.8°)
[DIAG] subgoal #3 start recorded
[NAV] navigate_to: goal=(7.5,62.6) θ=any, from=(29.3,32.2), obstacles=3
[NAV] state RETREATING -> PRE_ROTATING pose=(29.3,32.2,θ=110.8°) pre_target_θ=-136.1° heading_err=+113.1°
[NAV] !! STALL: stuck in PRE_ROTATING for 150 ticks, target_θ=-136.1°, current_θ=287.1°, heading_err=-63.2°. Likely cause: rotation tolerance / stable-hold not converging.

[baseline] signal 2, stopping and recording where we got to
[RemoteRecordClient] Recording stopped → /home/dhruv/projects_dhruv/namo/robot_control/real_exp/results/formal_v2/med_079/nav_penalise/recordings/session_2026-08-31_11-44-20/full_run.mp4
[Runtime] Sending stop command to robot...
[SerialSender] Stopped
[RealEnv] Stopped
[RemoteObserver] Stopped
[Runtime] Shutdown complete
[Diagnostics] ⚠️ scene_after.xml capture failed: no xml source path provided
[Diagnostics] Wrote summary.json (outcome=aborted)

============================================================
  arm                : nav_baseline_penalise
  reached            : False
  stopped at         : (29.33, 32.24) cm
  distance to goal   : 37.4 cm
  route waypoints    : 110
  route crossed      : obj_4
  objects shoved     : obj_4
  elapsed            : 19.3 s
  failure            : wall_clock_timeout
============================================================

  Driving alone did not reach the goal. Reset the scene, then
  run the NAMO trial on the same layout.

wrote /home/dhruv/projects_dhruv/namo/robot_control/real_exp/results/formal_v2/med_079/nav_penalise/nav_baseline_penalise_1788191087.json
wrote real_exp/results/formal_v2/med_079/nav_verdict.json (qualifies is unset, waiting on your call)
