[Diagnostics] Wrote config.json
[DIAG] Diagnostics enabled: /home/dhruv/projects_dhruv/namo/robot_control/real_exp/results/formal_v2/med_077/nav_penalise
Goal given: (29.8, 64.0) cm

Pure navigation baseline, mode 'penalise'. No pushes will be planned.
Press ESCAPE to quit
============================================================
[Runtime] Using remote camera service at tcp://localhost:5556
[Runtime] Speeds in effect: nav=0.40, push=0.40, keyboard/follow_path=0.30
[Runtime] Starting RemoteObserverNode...
[RemoteObserver] Connected to tcp://localhost:5556
[SerialSender] Port /dev/serial/by-id/usb-Espressif_USB_JTAG_serial_debug_unit_10:51:DB:18:34:7C-if00 opened at 115200
[SerialSender] Started at 30.0 Hz
[RealEnv] Started (robot_id=1)
[RemoteRecordClient] Recording started → /home/dhruv/projects_dhruv/namo/robot_control/real_exp/results/formal_v2/med_077/nav_penalise/recordings/session_2026-08-31_11-29-29/full_run.mp4
[Runtime] Full-run video + per-subgoal meta will write to /home/dhruv/projects_dhruv/namo/robot_control/real_exp/results/formal_v2/med_077/nav_penalise/recordings/session_2026-08-31_11-29-29
[SerialSender] Car 1 CONNECTED (alive now: [1])
[SerialSender] ⚠️ Car 1 DISCONNECTED (alive now: [])

!!!!!!!!!!!!!!!!!!!!!!!!!!!!!!!!!!!!!!!!!!!!!!!!!!!!!!!!!!!!!!!!!!!!!!
!! ROBOT 1 OFFLINE at startup !!
!!   ap_connected=True, alive_ids=[], last_status=0.2s ago [fresh]
!!   Planning will run (sim-only), but the robot CANNOT execute.
!!   Restart the robot or check the camera_service serial link.
!!!!!!!!!!!!!!!!!!!!!!!!!!!!!!!!!!!!!!!!!!!!!!!!!!!!!!!!!!!!!!!!!!!!!!

[Diagnostics] ⚠️ scene_before.xml capture failed: no xml source path provided

==================================================
Robot Control - Real Robot (Autonomous)
==================================================
Serial port: /dev/serial/by-id/usb-Espressif_USB_JTAG_serial_debug_unit_10:51:DB:18:34:7C-if00
Robot ID: 1
Dry run: False
Speed (autonomous): nav=0.40, push=0.40
==================================================
Running in autonomous mode
Press 'r' to toggle recording
Press 'space' for emergency stop
Press 'escape' to quit
==================================================

[Subgoal] --> DISPATCH NAVIGATE: target=(29.8,64.0), robot at (15.6,9.5,θ=4.1°)
[DIAG] subgoal #1 start recorded
[NAV] navigate_to: goal=(29.8,64.0) θ=any, from=(15.6,9.5), obstacles=3
[NAV] state - -> PRE_ROTATING pose=(15.6,9.5,θ=4.1°) pre_target_θ=130.4° heading_err=+126.3°
[SerialSender] Car 1 CONNECTED (alive now: [1])
[NAV] state PRE_ROTATING -> FOLLOWING pose=(15.6,9.2,θ=87.4°) path_waypoints=88 final_wp=(29.8,64.2)
[NAV] !! NO PROGRESS (blocked): robot at (3.8,35.2,θ=31.8°) has not moved 0.5 cm or turned 3.0° in 3.0s. Treating as FAILED so the subgoal can end.
[NAV] No free cell behind the robot; backing out blind.
[NAV] state FOLLOWING -> RETREATING pose=(3.8,35.2,θ=31.8°)
[NAV] Retreat done after 90 ticks (ran out of ticks); drive FAILED (blocked).
[Subgoal] <-- DONE (FAILED) after 16.5s, robot now at (3.0,34.6,θ=30.6°)
[DIAG] subgoal #1 end recorded (outcome=failed)
[Runtime] 🔌 Robot 1 → ONLINE (alive_ids=[1], ap_connected=True, last_status=0.8s ago)
[Subgoal] --> DISPATCH NAVIGATE: target=(29.8,64.0), robot at (3.0,34.6,θ=30.6°)
[DIAG] subgoal #2 start recorded
[NAV] navigate_to: goal=(29.8,64.0) θ=any, from=(3.0,34.6), obstacles=3
[NAV] state RETREATING -> PRE_ROTATING pose=(3.0,34.6,θ=30.6°) pre_target_θ=26.3° heading_err=-4.4°
[NAV] state PRE_ROTATING -> FOLLOWING pose=(3.0,34.6,θ=30.6°) path_waypoints=56 final_wp=(29.8,64.2)
[NAV] !! NO PROGRESS (blocked): robot at (3.9,35.1,θ=25.7°) has not moved 0.5 cm or turned 3.0° in 3.0s. Treating as FAILED so the subgoal can end.
[NAV] No free cell behind the robot; backing out blind.
[NAV] state FOLLOWING -> RETREATING pose=(3.9,35.1,θ=25.7°)
[NAV] Retreat done after 90 ticks (ran out of ticks); drive FAILED (blocked).
[Subgoal] <-- DONE (FAILED) after 6.5s, robot now at (2.7,34.2,θ=17.3°)
[DIAG] subgoal #2 end recorded (outcome=failed)
[Subgoal] --> DISPATCH NAVIGATE: target=(29.8,64.0), robot at (2.7,34.2,θ=17.3°)
[DIAG] subgoal #3 start recorded
[NAV] navigate_to: goal=(29.8,64.0) θ=any, from=(2.7,34.2), obstacles=3
[NAV] state RETREATING -> PRE_ROTATING pose=(2.7,34.2,θ=17.3°) pre_target_θ=23.4° heading_err=+6.1°
[NAV] state PRE_ROTATING -> FOLLOWING pose=(2.7,34.2,θ=17.2°) path_waypoints=57 final_wp=(29.8,64.2)
[NAV] !! NO PROGRESS (blocked): robot at (4.1,34.6,θ=25.1°) has not moved 0.5 cm or turned 3.0° in 3.0s. Treating as FAILED so the subgoal can end.
[NAV] No free cell behind the robot; backing out blind.
[NAV] state FOLLOWING -> RETREATING pose=(4.1,34.6,θ=25.1°)
[NAV] Retreat done after 90 ticks (ran out of ticks); drive FAILED (blocked).
[Subgoal] <-- DONE (FAILED) after 6.5s, robot now at (2.8,33.9,θ=19.0°)
[DIAG] subgoal #3 end recorded (outcome=failed)
[Subgoal] --> DISPATCH NAVIGATE: target=(29.8,64.0), robot at (2.8,33.9,θ=19.0°)
[DIAG] subgoal #4 start recorded
[NAV] navigate_to: goal=(29.8,64.0) θ=any, from=(2.8,33.9), obstacles=3
[NAV] state RETREATING -> PRE_ROTATING pose=(2.8,33.9,θ=19.0°) pre_target_θ=22.0° heading_err=+3.0°
[NAV] state PRE_ROTATING -> FOLLOWING pose=(2.8,33.9,θ=18.7°) path_waypoints=57 final_wp=(29.8,64.2)
[NAV] !! NO PROGRESS (blocked): robot at (4.3,34.2,θ=24.2°) has not moved 0.5 cm or turned 3.0° in 3.0s. Treating as FAILED so the subgoal can end.
[NAV] No free cell behind the robot; backing out blind.
[NAV] state FOLLOWING -> RETREATING pose=(4.3,34.2,θ=23.9°)
[NAV] Retreat done after 90 ticks (ran out of ticks); drive FAILED (blocked).
[Subgoal] <-- DONE (FAILED) after 6.6s, robot now at (2.6,33.4,θ=17.1°)
[DIAG] subgoal #4 end recorded (outcome=failed)
[Subgoal] --> DISPATCH NAVIGATE: target=(29.8,64.0), robot at (2.6,33.4,θ=17.1°)
[DIAG] subgoal #5 start recorded
[NAV] navigate_to: goal=(29.8,64.0) θ=any, from=(2.6,33.4), obstacles=3
[NAV] state RETREATING -> PRE_ROTATING pose=(2.6,33.4,θ=17.1°) pre_target_θ=20.8° heading_err=+3.7°
[NAV] state PRE_ROTATING -> FOLLOWING pose=(2.7,33.4,θ=16.7°) path_waypoints=57 final_wp=(29.8,64.2)
[NAV] !! NO PROGRESS (blocked): robot at (4.6,33.6,θ=24.3°) has not moved 0.5 cm or turned 3.0° in 3.0s. Treating as FAILED so the subgoal can end.
[NAV] No free cell behind the robot; backing out blind.
[NAV] state FOLLOWING -> RETREATING pose=(4.6,33.6,θ=24.3°)
[NAV] Retreat done after 90 ticks (ran out of ticks); drive FAILED (blocked).
[Subgoal] <-- DONE (FAILED) after 6.6s, robot now at (2.6,32.8,θ=17.3°)
[DIAG] subgoal #5 end recorded (outcome=failed)
[Subgoal] --> DISPATCH NAVIGATE: target=(29.8,64.0), robot at (2.6,32.8,θ=17.3°)
[DIAG] subgoal #6 start recorded
[NAV] navigate_to: goal=(29.8,64.0) θ=any, from=(2.6,32.8), obstacles=3
[NAV] state RETREATING -> PRE_ROTATING pose=(2.6,32.8,θ=17.3°) pre_target_θ=22.2° heading_err=+5.0°
[NAV] state PRE_ROTATING -> FOLLOWING pose=(2.6,32.8,θ=17.3°) path_waypoints=58 final_wp=(29.8,64.2)
[NAV] !! NO PROGRESS (blocked): robot at (4.7,33.4,θ=25.9°) has not moved 0.5 cm or turned 3.0° in 3.0s. Treating as FAILED so the subgoal can end.
[NAV] No free cell behind the robot; backing out blind.
[NAV] state FOLLOWING -> RETREATING pose=(4.7,33.4,θ=25.5°)
[NAV] Retreat done after 90 ticks (ran out of ticks); drive FAILED (blocked).
[Subgoal] <-- DONE (FAILED) after 6.7s, robot now at (2.7,32.3,θ=19.7°)
[DIAG] subgoal #6 end recorded (outcome=failed)
[Runtime] Planning failed - stopping robot
[Runtime] Shutting down
[Diagnostics] ⚠️ scene_after.xml capture failed: no xml source path provided
[Diagnostics] Wrote summary.json (outcome=failure)
[RemoteRecordClient] Recording stopped → /home/dhruv/projects_dhruv/namo/robot_control/real_exp/results/formal_v2/med_077/nav_penalise/recordings/session_2026-08-31_11-29-29/full_run.mp4
[Runtime] Sending stop command to robot...
[SerialSender] Stopped
[RealEnv] Stopped
[RemoteObserver] Stopped
[Runtime] Shutdown complete

============================================================
  arm                : nav_baseline_penalise
  reached            : False
  stopped at         : (2.7, 32.32) cm
  distance to goal   : 41.69 cm
  route waypoints    : 80
  route crossed      : obj_4
  objects shoved     : obj_4
  elapsed            : 49.8 s
  failure            : stuck_retry_limit_reached
============================================================

  Driving alone did not reach the goal. Reset the scene, then
  run the NAMO trial on the same layout.

wrote /home/dhruv/projects_dhruv/namo/robot_control/real_exp/results/formal_v2/med_077/nav_penalise/nav_baseline_penalise_1788190220.json
wrote real_exp/results/formal_v2/med_077/nav_verdict.json (qualifies is unset, waiting on your call)
