[Wavefront] Saved grid image to /scratch/tdn39/real_exp/results/twohop_v3_multiobject/navigation_grid_all100_margin_0p1cm_v1/images/twohop_candidates_topology_distinct_100_med2-med2_twohop_multi_00236_ignored.png (98x155)
[Wavefront] Saved grid image to /scratch/tdn39/real_exp/results/twohop_v3_multiobject/navigation_grid_all100_margin_0p1cm_v1/images/twohop_candidates_topology_distinct_100_med2-med2_twohop_multi_00236_penalised.png (98x155)
[Wavefront] Saved grid image to /scratch/tdn39/real_exp/results/twohop_v3_multiobject/navigation_grid_all100_margin_0p1cm_v1/images/twohop_candidates_topology_distinct_100_med2-med2_twohop_multi_00282_ignored.png (98x155)
[Wavefront] Saved grid image to /scratch/tdn39/real_exp/results/twohop_v3_multiobject/navigation_grid_all100_margin_0p1cm_v1/images/twohop_candidates_topology_distinct_100_med2-med2_twohop_multi_00282_penalised.png (98x155)
[Wavefront] Saved grid image to /scratch/tdn39/real_exp/results/twohop_v3_multiobject/navigation_grid_all100_margin_0p1cm_v1/images/twohop_candidates_topology_distinct_100_med2-med2_twohop_multi_00284_ignored.png (98x155)
[Wavefront] Saved grid image to /scratch/tdn39/real_exp/results/twohop_v3_multiobject/navigation_grid_all100_margin_0p1cm_v1/images/twohop_candidates_topology_distinct_100_med2-med2_twohop_multi_00284_penalised.png (98x155)
[Wavefront] Saved grid image to /scratch/tdn39/real_exp/results/twohop_v3_multiobject/navigation_grid_all100_margin_0p1cm_v1/images/twohop_candidates_topology_distinct_100_med2-med2_twohop_multi_00293_ignored.png (98x155)
[Wavefront] Saved grid image to /scratch/tdn39/real_exp/results/twohop_v3_multiobject/navigation_grid_all100_margin_0p1cm_v1/images/twohop_candidates_topology_distinct_100_med2-med2_twohop_multi_00293_penalised.png (98x155)
[Wavefront] Saved grid image to /scratch/tdn39/real_exp/results/twohop_v3_multiobject/navigation_grid_all100_margin_0p1cm_v1/images/twohop_candidates_topology_distinct_100_med2-med2_twohop_multi_00312_ignored.png (98x155)
[Wavefront] Saved grid image to /scratch/tdn39/real_exp/results/twohop_v3_multiobject/navigation_grid_all100_margin_0p1cm_v1/images/twohop_candidates_topology_distinct_100_med2-med2_twohop_multi_00312_penalised.png (98x155)
scene                                                      movables  drives through  clear at
  dates_topology_distinct_100/med2-med2/twohop_multi_00236        3              50     never
  dates_topology_distinct_100/med2-med2/twohop_multi_00282        3              60     never
  dates_topology_distinct_100/med2-med2/twohop_multi_00284        3              59     never
  dates_topology_distinct_100/med2-med2/twohop_multi_00293        3              50     never
  dates_topology_distinct_100/med2-med2/twohop_multi_00312        3              50     never

5 scenes scored, 0 skipped
  5 need a push: every route to the goal crosses a movable
  0 solvable by driving round everything

wrote /scratch/tdn39/real_exp/results/twohop_v3_multiobject/navigation_grid_all100_margin_0p1cm_v1/shards/shard_12.csv
wrote route images to /scratch/tdn39/real_exp/results/twohop_v3_multiobject/navigation_grid_all100_margin_0p1cm_v1/images/
