[Wavefront] Saved grid image to /scratch/tdn39/real_exp/results/twohop_v3_multiobject/navigation_grid_all100_margin_0p1cm_v1/images/twohop_candidates_topology_distinct_100_med2-med2_twohop_multi_00532_ignored.png (98x155)
[Wavefront] Saved grid image to /scratch/tdn39/real_exp/results/twohop_v3_multiobject/navigation_grid_all100_margin_0p1cm_v1/images/twohop_candidates_topology_distinct_100_med2-med2_twohop_multi_00532_penalised.png (98x155)
[Wavefront] Saved grid image to /scratch/tdn39/real_exp/results/twohop_v3_multiobject/navigation_grid_all100_margin_0p1cm_v1/images/twohop_candidates_topology_distinct_100_med2-med2_twohop_multi_00540_ignored.png (98x155)
[Wavefront] Saved grid image to /scratch/tdn39/real_exp/results/twohop_v3_multiobject/navigation_grid_all100_margin_0p1cm_v1/images/twohop_candidates_topology_distinct_100_med2-med2_twohop_multi_00540_penalised.png (98x155)
[Wavefront] Saved grid image to /scratch/tdn39/real_exp/results/twohop_v3_multiobject/navigation_grid_all100_margin_0p1cm_v1/images/twohop_candidates_topology_distinct_100_med2-med2_twohop_multi_00563_ignored.png (98x155)
[Wavefront] Saved grid image to /scratch/tdn39/real_exp/results/twohop_v3_multiobject/navigation_grid_all100_margin_0p1cm_v1/images/twohop_candidates_topology_distinct_100_med2-med2_twohop_multi_00563_penalised.png (98x155)
[Wavefront] Saved grid image to /scratch/tdn39/real_exp/results/twohop_v3_multiobject/navigation_grid_all100_margin_0p1cm_v1/images/twohop_candidates_topology_distinct_100_med2-med2_twohop_multi_00574_ignored.png (98x155)
[Wavefront] Saved grid image to /scratch/tdn39/real_exp/results/twohop_v3_multiobject/navigation_grid_all100_margin_0p1cm_v1/images/twohop_candidates_topology_distinct_100_med2-med2_twohop_multi_00574_penalised.png (98x155)
[Wavefront] Saved grid image to /scratch/tdn39/real_exp/results/twohop_v3_multiobject/navigation_grid_all100_margin_0p1cm_v1/images/twohop_candidates_topology_distinct_100_med2-med2_twohop_multi_00612_ignored.png (98x155)
[Wavefront] Saved grid image to /scratch/tdn39/real_exp/results/twohop_v3_multiobject/navigation_grid_all100_margin_0p1cm_v1/images/twohop_candidates_topology_distinct_100_med2-med2_twohop_multi_00612_penalised.png (98x155)
scene                                                      movables  drives through  clear at
  dates_topology_distinct_100/med2-med2/twohop_multi_00532        3              60     never
  dates_topology_distinct_100/med2-med2/twohop_multi_00540        3              57     never
  dates_topology_distinct_100/med2-med2/twohop_multi_00563        3              58     never
  dates_topology_distinct_100/med2-med2/twohop_multi_00574        3              52     never
  dates_topology_distinct_100/med2-med2/twohop_multi_00612        3              50     never

5 scenes scored, 0 skipped
  5 need a push: every route to the goal crosses a movable
  0 solvable by driving round everything

wrote /scratch/tdn39/real_exp/results/twohop_v3_multiobject/navigation_grid_all100_margin_0p1cm_v1/shards/shard_16.csv
wrote route images to /scratch/tdn39/real_exp/results/twohop_v3_multiobject/navigation_grid_all100_margin_0p1cm_v1/images/
