[Wavefront] Saved grid image to /scratch/tdn39/real_exp/results/twohop_v3_multiobject/navigation_grid_all100_margin_0p1cm_v1/images/twohop_candidates_topology_distinct_100_hard1-hard1_twohop_multi_00003_ignored.png (98x155)
[Wavefront] Saved grid image to /scratch/tdn39/real_exp/results/twohop_v3_multiobject/navigation_grid_all100_margin_0p1cm_v1/images/twohop_candidates_topology_distinct_100_hard1-hard1_twohop_multi_00003_penalised.png (98x155)
[Wavefront] Saved grid image to /scratch/tdn39/real_exp/results/twohop_v3_multiobject/navigation_grid_all100_margin_0p1cm_v1/images/twohop_candidates_topology_distinct_100_hard1-hard1_twohop_multi_00074_ignored.png (98x155)
[Wavefront] Saved grid image to /scratch/tdn39/real_exp/results/twohop_v3_multiobject/navigation_grid_all100_margin_0p1cm_v1/images/twohop_candidates_topology_distinct_100_hard1-hard1_twohop_multi_00074_penalised.png (98x155)
[Wavefront] Saved grid image to /scratch/tdn39/real_exp/results/twohop_v3_multiobject/navigation_grid_all100_margin_0p1cm_v1/images/twohop_candidates_topology_distinct_100_hard1-hard1_twohop_multi_00086_ignored.png (98x155)
[Wavefront] Saved grid image to /scratch/tdn39/real_exp/results/twohop_v3_multiobject/navigation_grid_all100_margin_0p1cm_v1/images/twohop_candidates_topology_distinct_100_hard1-hard1_twohop_multi_00086_penalised.png (98x155)
[Wavefront] Saved grid image to /scratch/tdn39/real_exp/results/twohop_v3_multiobject/navigation_grid_all100_margin_0p1cm_v1/images/twohop_candidates_topology_distinct_100_hard1-hard1_twohop_multi_00142_ignored.png (98x155)
[Wavefront] Saved grid image to /scratch/tdn39/real_exp/results/twohop_v3_multiobject/navigation_grid_all100_margin_0p1cm_v1/images/twohop_candidates_topology_distinct_100_hard1-hard1_twohop_multi_00142_penalised.png (98x155)
[Wavefront] Saved grid image to /scratch/tdn39/real_exp/results/twohop_v3_multiobject/navigation_grid_all100_margin_0p1cm_v1/images/twohop_candidates_topology_distinct_100_hard1-hard1_twohop_multi_00179_ignored.png (98x155)
[Wavefront] Saved grid image to /scratch/tdn39/real_exp/results/twohop_v3_multiobject/navigation_grid_all100_margin_0p1cm_v1/images/twohop_candidates_topology_distinct_100_hard1-hard1_twohop_multi_00179_penalised.png (98x155)
scene                                                      movables  drives through  clear at
  tes_topology_distinct_100/hard1-hard1/twohop_multi_00003        3              53     never
  tes_topology_distinct_100/hard1-hard1/twohop_multi_00074        3              46     never
  tes_topology_distinct_100/hard1-hard1/twohop_multi_00086        3              47     never
  tes_topology_distinct_100/hard1-hard1/twohop_multi_00142        3              51     never
  tes_topology_distinct_100/hard1-hard1/twohop_multi_00179        3              67     never

5 scenes scored, 0 skipped
  5 need a push: every route to the goal crosses a movable
  0 solvable by driving round everything

wrote /scratch/tdn39/real_exp/results/twohop_v3_multiobject/navigation_grid_all100_margin_0p1cm_v1/shards/shard_0.csv
wrote route images to /scratch/tdn39/real_exp/results/twohop_v3_multiobject/navigation_grid_all100_margin_0p1cm_v1/images/
