[Wavefront] Saved grid image to /scratch/tdn39/real_exp/results/twohop_v3_multiobject/navigation_grid_all100_margin_0p1cm_v1/images/twohop_candidates_topology_distinct_100_med2-med2_twohop_multi_00897_ignored.png (98x155)
[Wavefront] Saved grid image to /scratch/tdn39/real_exp/results/twohop_v3_multiobject/navigation_grid_all100_margin_0p1cm_v1/images/twohop_candidates_topology_distinct_100_med2-med2_twohop_multi_00897_penalised.png (98x155)
[Wavefront] Saved grid image to /scratch/tdn39/real_exp/results/twohop_v3_multiobject/navigation_grid_all100_margin_0p1cm_v1/images/twohop_candidates_topology_distinct_100_med2-med2_twohop_multi_00902_ignored.png (98x155)
[Wavefront] Saved grid image to /scratch/tdn39/real_exp/results/twohop_v3_multiobject/navigation_grid_all100_margin_0p1cm_v1/images/twohop_candidates_topology_distinct_100_med2-med2_twohop_multi_00902_penalised.png (98x155)
[Wavefront] Saved grid image to /scratch/tdn39/real_exp/results/twohop_v3_multiobject/navigation_grid_all100_margin_0p1cm_v1/images/twohop_candidates_topology_distinct_100_med2-med2_twohop_multi_00933_ignored.png (98x155)
[Wavefront] Saved grid image to /scratch/tdn39/real_exp/results/twohop_v3_multiobject/navigation_grid_all100_margin_0p1cm_v1/images/twohop_candidates_topology_distinct_100_med2-med2_twohop_multi_00933_penalised.png (98x155)
[Wavefront] Saved grid image to /scratch/tdn39/real_exp/results/twohop_v3_multiobject/navigation_grid_all100_margin_0p1cm_v1/images/twohop_candidates_topology_distinct_100_med2-med2_twohop_multi_00972_ignored.png (98x155)
[Wavefront] Saved grid image to /scratch/tdn39/real_exp/results/twohop_v3_multiobject/navigation_grid_all100_margin_0p1cm_v1/images/twohop_candidates_topology_distinct_100_med2-med2_twohop_multi_00972_penalised.png (98x155)
[Wavefront] Saved grid image to /scratch/tdn39/real_exp/results/twohop_v3_multiobject/navigation_grid_all100_margin_0p1cm_v1/images/twohop_candidates_topology_distinct_100_med2-med2_twohop_multi_00998_ignored.png (98x155)
[Wavefront] Saved grid image to /scratch/tdn39/real_exp/results/twohop_v3_multiobject/navigation_grid_all100_margin_0p1cm_v1/images/twohop_candidates_topology_distinct_100_med2-med2_twohop_multi_00998_penalised.png (98x155)
scene                                                      movables  drives through  clear at
  dates_topology_distinct_100/med2-med2/twohop_multi_00897        3              76     never
  dates_topology_distinct_100/med2-med2/twohop_multi_00902        3              50     never
  dates_topology_distinct_100/med2-med2/twohop_multi_00933        3              53     never
  dates_topology_distinct_100/med2-med2/twohop_multi_00972        3              43     never
  dates_topology_distinct_100/med2-med2/twohop_multi_00998        3              48     never

5 scenes scored, 0 skipped
  5 need a push: every route to the goal crosses a movable
  0 solvable by driving round everything

wrote /scratch/tdn39/real_exp/results/twohop_v3_multiobject/navigation_grid_all100_margin_0p1cm_v1/shards/shard_19.csv
wrote route images to /scratch/tdn39/real_exp/results/twohop_v3_multiobject/navigation_grid_all100_margin_0p1cm_v1/images/
