[Wavefront] Saved grid image to /scratch/tdn39/real_exp/results/twohop_v3_multiobject/navigation_grid_all100_margin_0p1cm_v1/images/twohop_candidates_topology_distinct_100_hard1-hard1_twohop_multi_00584_ignored.png (98x155)
[Wavefront] Saved grid image to /scratch/tdn39/real_exp/results/twohop_v3_multiobject/navigation_grid_all100_margin_0p1cm_v1/images/twohop_candidates_topology_distinct_100_hard1-hard1_twohop_multi_00584_penalised.png (98x155)
[Wavefront] Saved grid image to /scratch/tdn39/real_exp/results/twohop_v3_multiobject/navigation_grid_all100_margin_0p1cm_v1/images/twohop_candidates_topology_distinct_100_hard1-hard1_twohop_multi_00588_ignored.png (98x155)
[Wavefront] Saved grid image to /scratch/tdn39/real_exp/results/twohop_v3_multiobject/navigation_grid_all100_margin_0p1cm_v1/images/twohop_candidates_topology_distinct_100_hard1-hard1_twohop_multi_00588_penalised.png (98x155)
[Wavefront] Saved grid image to /scratch/tdn39/real_exp/results/twohop_v3_multiobject/navigation_grid_all100_margin_0p1cm_v1/images/twohop_candidates_topology_distinct_100_hard1-hard1_twohop_multi_00589_ignored.png (98x155)
[Wavefront] Saved grid image to /scratch/tdn39/real_exp/results/twohop_v3_multiobject/navigation_grid_all100_margin_0p1cm_v1/images/twohop_candidates_topology_distinct_100_hard1-hard1_twohop_multi_00589_penalised.png (98x155)
[Wavefront] Saved grid image to /scratch/tdn39/real_exp/results/twohop_v3_multiobject/navigation_grid_all100_margin_0p1cm_v1/images/twohop_candidates_topology_distinct_100_hard1-hard1_twohop_multi_00606_ignored.png (98x155)
[Wavefront] Saved grid image to /scratch/tdn39/real_exp/results/twohop_v3_multiobject/navigation_grid_all100_margin_0p1cm_v1/images/twohop_candidates_topology_distinct_100_hard1-hard1_twohop_multi_00606_penalised.png (98x155)
[Wavefront] Saved grid image to /scratch/tdn39/real_exp/results/twohop_v3_multiobject/navigation_grid_all100_margin_0p1cm_v1/images/twohop_candidates_topology_distinct_100_hard1-hard1_twohop_multi_00620_ignored.png (98x155)
[Wavefront] Saved grid image to /scratch/tdn39/real_exp/results/twohop_v3_multiobject/navigation_grid_all100_margin_0p1cm_v1/images/twohop_candidates_topology_distinct_100_hard1-hard1_twohop_multi_00620_penalised.png (98x155)
scene                                                      movables  drives through  clear at
  tes_topology_distinct_100/hard1-hard1/twohop_multi_00584        3              49     never
  tes_topology_distinct_100/hard1-hard1/twohop_multi_00588        3              54     never
  tes_topology_distinct_100/hard1-hard1/twohop_multi_00589        3              51     never
  tes_topology_distinct_100/hard1-hard1/twohop_multi_00606        3              54     never
  tes_topology_distinct_100/hard1-hard1/twohop_multi_00620        3              58     never

5 scenes scored, 0 skipped
  5 need a push: every route to the goal crosses a movable
  0 solvable by driving round everything

wrote /scratch/tdn39/real_exp/results/twohop_v3_multiobject/navigation_grid_all100_margin_0p1cm_v1/shards/shard_5.csv
wrote route images to /scratch/tdn39/real_exp/results/twohop_v3_multiobject/navigation_grid_all100_margin_0p1cm_v1/images/
