[Diagnostics] Wrote config.json
[DIAG] Diagnostics enabled: /home/dhruv/projects_dhruv/namo/robot_control/real_exp/results/formal_v2/hard_005/nav_penalise
Goal given: (31.1, 60.6) cm

Pure navigation baseline, mode 'penalise'. No pushes will be planned.
Press ESCAPE to quit
============================================================
[Runtime] Using remote camera service at tcp://localhost:5556
[Runtime] Speeds in effect: nav=0.40, push=0.40, keyboard/follow_path=0.30
[Runtime] Starting RemoteObserverNode...
[RemoteObserver] Connected to tcp://localhost:5556
[SerialSender] Port /dev/serial/by-id/usb-Espressif_USB_JTAG_serial_debug_unit_10:51:DB:18:34:7C-if00 opened at 115200
[SerialSender] Started at 30.0 Hz
[RealEnv] Started (robot_id=1)
[SerialSender] Car 1 CONNECTED (alive now: [1])
[RemoteRecordClient] Recording started → /home/dhruv/projects_dhruv/namo/robot_control/real_exp/results/formal_v2/hard_005/nav_penalise/recordings/session_2026-08-31_06-50-47/full_run.mp4
[Runtime] Full-run video + per-subgoal meta will write to /home/dhruv/projects_dhruv/namo/robot_control/real_exp/results/formal_v2/hard_005/nav_penalise/recordings/session_2026-08-31_06-50-47
[Runtime] 🔌 Robot 1 ONLINE at startup (alive_ids=[1], ap_connected=True)
[Subgoal] --> DISPATCH NAVIGATE: target=(31.1,60.6), robot at (21.1,13.0,θ=1.5°)
[DIAG] subgoal #1 start recorded
[Diagnostics] ⚠️ scene_before.xml capture failed: no xml source path provided[NAV] navigate_to: goal=(31.1,60.6) θ=any, from=(21.1,13.0), obstacles=3
[NAV] state - -> PRE_ROTATING pose=(21.1,13.0,θ=1.5°) pre_target_θ=45.7° heading_err=+44.1°
[NAV] state PRE_ROTATING -> FOLLOWING pose=(21.1,13.0,θ=1.4°) path_waypoints=85 final_wp=(31.2,60.2)


==================================================
Robot Control - Real Robot (Autonomous)
==================================================
Serial port: /dev/serial/by-id/usb-Espressif_USB_JTAG_serial_debug_unit_10:51:DB:18:34:7C-if00
Robot ID: 1
Dry run: False
Speed (autonomous): nav=0.40, push=0.40
==================================================
Running in autonomous mode
Press 'r' to toggle recording
Press 'space' for emergency stop
Press 'escape' to quit
==================================================

[NAV] !! NO PROGRESS (blocked): robot at (31.3,32.2,θ=166.7°) has not moved 0.5 cm or turned 3.0° in 3.0s. Treating as FAILED so the subgoal can end.
[NAV] Retreating to (35.4, 29.4)
[NAV] state FOLLOWING -> RETREATING pose=(31.3,32.2,θ=166.5°)
[NAV] Retreat done after 90 ticks (ran out of ticks); drive FAILED (blocked).
[Subgoal] <-- DONE (FAILED) after 16.2s, robot now at (32.0,31.6,θ=140.1°)
[DIAG] subgoal #1 end recorded (outcome=failed)
[Subgoal] --> DISPATCH NAVIGATE: target=(31.1,60.6), robot at (32.0,31.6,θ=140.1°)
[DIAG] subgoal #2 start recorded
[NAV] navigate_to: goal=(31.1,60.6) θ=any, from=(32.0,31.6), obstacles=3
[NAV] state RETREATING -> PRE_ROTATING pose=(32.0,31.6,θ=140.1°) pre_target_θ=136.6° heading_err=-3.5°
[NAV] state PRE_ROTATING -> FOLLOWING pose=(32.0,31.6,θ=140.1°) path_waypoints=49 final_wp=(31.2,60.2)
[NAV] !! NO PROGRESS (blocked): robot at (31.3,32.9,θ=172.0°) has not moved 0.5 cm or turned 3.0° in 3.0s. Treating as FAILED so the subgoal can end.
[NAV] No free cell behind the robot; backing out blind.
[NAV] state FOLLOWING -> RETREATING pose=(31.3,32.9,θ=172.0°)
[NAV] Retreat done after 90 ticks (ran out of ticks); drive FAILED (blocked).
[Subgoal] <-- DONE (FAILED) after 10.5s, robot now at (32.2,32.5,θ=147.8°)
[DIAG] subgoal #2 end recorded (outcome=failed)
[Subgoal] --> DISPATCH NAVIGATE: target=(31.1,60.6), robot at (32.2,32.5,θ=147.8°)
[DIAG] subgoal #3 start recorded
[NAV] navigate_to: goal=(31.1,60.6) θ=any, from=(32.2,32.5), obstacles=3
[NAV] state RETREATING -> PRE_ROTATING pose=(32.2,32.5,θ=147.8°) pre_target_θ=147.1° heading_err=-0.7°
[NAV] state PRE_ROTATING -> FOLLOWING pose=(32.3,32.5,θ=147.0°) path_waypoints=48 final_wp=(31.2,60.2)
[NAV] !! NO PROGRESS (blocked): robot at (30.3,33.6,θ=163.2°) has not moved 0.5 cm or turned 3.0° in 3.0s. Treating as FAILED so the subgoal can end.
[NAV] Retreating to (34.3, 30.6)
[NAV] state FOLLOWING -> RETREATING pose=(30.3,33.6,θ=163.2°)
[NAV] Retreat done after 90 ticks (ran out of ticks); drive FAILED (blocked).
[Subgoal] <-- DONE (FAILED) after 7.3s, robot now at (31.0,33.1,θ=137.6°)
[DIAG] subgoal #3 end recorded (outcome=failed)
[Subgoal] --> DISPATCH NAVIGATE: target=(31.1,60.6), robot at (31.0,33.1,θ=137.6°)
[DIAG] subgoal #4 start recorded
[NAV] navigate_to: goal=(31.1,60.6) θ=any, from=(31.0,33.1), obstacles=3
[NAV] state RETREATING -> PRE_ROTATING pose=(31.0,33.1,θ=137.6°) pre_target_θ=135.9° heading_err=-1.6°
[NAV] state PRE_ROTATING -> FOLLOWING pose=(31.0,33.1,θ=137.5°) path_waypoints=45 final_wp=(31.2,60.2)
[Subgoal] <-- DONE (SUCCESS) after 10.3s, robot now at (31.3,59.2,θ=91.8°)
[DIAG] subgoal #4 end recorded (outcome=success)
[Runtime] Plan complete - stopping robot
[Runtime] Shutting down
[Diagnostics] ⚠️ scene_after.xml capture failed: no xml source path provided
[Diagnostics] Wrote summary.json (outcome=success)
[RemoteRecordClient] Recording stopped → /home/dhruv/projects_dhruv/namo/robot_control/real_exp/results/formal_v2/hard_005/nav_penalise/recordings/session_2026-08-31_06-50-47/full_run.mp4
[Runtime] Sending stop command to robot...
[SerialSender] Stopped
[RealEnv] Stopped
[RemoteObserver] Stopped
[Runtime] Shutdown complete

============================================================
  arm                : nav_baseline_penalise
  reached            : True
  stopped at         : (31.25, 59.16) cm
  distance to goal   : 1.45 cm
  route waypoints    : 58
  route crossed      : obj_4
  objects shoved     : obj_4
  elapsed            : 44.6 s
  failure            : none
============================================================

  Driving alone reached the goal. This scene did NOT need NAMO.

wrote /home/dhruv/projects_dhruv/namo/robot_control/real_exp/results/formal_v2/hard_005/nav_penalise/nav_baseline_penalise_1788173492.json
wrote real_exp/results/formal_v2/hard_005/nav_verdict.json (qualifies is unset, waiting on your call)
