[Wavefront] Saved grid image to /scratch/tdn39/real_exp/results/twohop_v3_multiobject/topology_r1/exact_labels_v2_100/navigation_grid_margin_0p1cm_v1/images/med2-med2_selected_twohop_multi_00001_ignored.png (98x155)
[Wavefront] Saved grid image to /scratch/tdn39/real_exp/results/twohop_v3_multiobject/topology_r1/exact_labels_v2_100/navigation_grid_margin_0p1cm_v1/images/med2-med2_selected_twohop_multi_00001_penalised.png (98x155)
[Wavefront] Saved grid image to /scratch/tdn39/real_exp/results/twohop_v3_multiobject/topology_r1/exact_labels_v2_100/navigation_grid_margin_0p1cm_v1/images/med2-med2_selected_twohop_multi_00087_ignored.png (98x155)
[Wavefront] Saved grid image to /scratch/tdn39/real_exp/results/twohop_v3_multiobject/topology_r1/exact_labels_v2_100/navigation_grid_margin_0p1cm_v1/images/med2-med2_selected_twohop_multi_00087_penalised.png (98x155)
[Wavefront] Saved grid image to /scratch/tdn39/real_exp/results/twohop_v3_multiobject/topology_r1/exact_labels_v2_100/navigation_grid_margin_0p1cm_v1/images/med2-med2_selected_twohop_multi_00385_ignored.png (98x155)
[Wavefront] Saved grid image to /scratch/tdn39/real_exp/results/twohop_v3_multiobject/topology_r1/exact_labels_v2_100/navigation_grid_margin_0p1cm_v1/images/med2-med2_selected_twohop_multi_00385_penalised.png (98x155)
[Wavefront] Saved grid image to /scratch/tdn39/real_exp/results/twohop_v3_multiobject/topology_r1/exact_labels_v2_100/navigation_grid_margin_0p1cm_v1/images/med2-med2_selected_twohop_multi_00933_ignored.png (98x155)
[Wavefront] Saved grid image to /scratch/tdn39/real_exp/results/twohop_v3_multiobject/topology_r1/exact_labels_v2_100/navigation_grid_margin_0p1cm_v1/images/med2-med2_selected_twohop_multi_00933_penalised.png (98x155)
[Wavefront] Saved grid image to /scratch/tdn39/real_exp/results/twohop_v3_multiobject/topology_r1/exact_labels_v2_100/navigation_grid_margin_0p1cm_v1/images/med2-med2_selected_twohop_multi_00972_ignored.png (98x155)
[Wavefront] Saved grid image to /scratch/tdn39/real_exp/results/twohop_v3_multiobject/topology_r1/exact_labels_v2_100/navigation_grid_margin_0p1cm_v1/images/med2-med2_selected_twohop_multi_00972_penalised.png (98x155)
scene                                                      movables  drives through  clear at
  xact_labels_v2_100/med2-med2/selected/twohop_multi_00001        3              56     never
  xact_labels_v2_100/med2-med2/selected/twohop_multi_00087        3              52     never
  xact_labels_v2_100/med2-med2/selected/twohop_multi_00385        3              50     never
  xact_labels_v2_100/med2-med2/selected/twohop_multi_00933        3              53     never
  xact_labels_v2_100/med2-med2/selected/twohop_multi_00972        3              43     never

5 scenes scored, 0 skipped
  5 need a push: every route to the goal crosses a movable
  0 solvable by driving round everything

wrote /scratch/tdn39/real_exp/results/twohop_v3_multiobject/topology_r1/exact_labels_v2_100/navigation_grid_margin_0p1cm_v1/navigation.csv
wrote route images to /scratch/tdn39/real_exp/results/twohop_v3_multiobject/topology_r1/exact_labels_v2_100/navigation_grid_margin_0p1cm_v1/images/
