[NAV_PATH] 0.1675,0.1025
[NAV_END]
[PUSH_PATH] 0 0.1675,0.1025 0.165898,0.182484 0.155887,0.682384
[PUSH_CTRL] 0 3.57133 3.57133 TRACK
[PUSH_CTRL] 1 3.57133 3.57133 TRACK
[PUSH_CTRL] 2 3.57133 3.57133 TRACK
[PUSH_CTRL] 3 3.57133 3.57133 TRACK
[PUSH_CTRL] 4 3.57133 3.57133 TRACK
[PUSH_CTRL] 5 3.57133 3.57133 TRACK
[PUSH_CTRL] 6 3.57133 3.57133 TRACK
[PUSH_CTRL] 7 3.57133 3.57133 TRACK
[PUSH_CTRL] 8 3.57133 3.57133 TRACK
[PUSH_CTRL] 9 3.57133 3.57133 TRACK
[PUSH_CTRL] 10 3.57133 3.57133 TRACK
[PUSH_CTRL] 11 3.57133 3.57133 TRACK
[PUSH_CTRL] 12 3.57133 3.57133 TRACK
[PUSH_CTRL] 13 3.57133 3.57133 TRACK
[PUSH_CTRL] 14 3.57133 3.57133 TRACK
[PUSH_CTRL] 15 3.57133 3.57133 TRACK
[PUSH_CTRL] 16 3.57133 3.57133 TRACK
[PUSH_CTRL] 17 3.57133 3.57133 TRACK
[PUSH_CTRL] 18 3.57133 3.57133 TRACK
[PUSH_CTRL] 19 3.57133 3.57133 TRACK
[PUSH_CTRL] 20 3.57133 3.57133 TRACK
[PUSH_CTRL] 21 3.57133 3.57133 TRACK
[PUSH_CTRL] 22 3.57133 3.57133 TRACK
[PUSH_CTRL] 23 3.57133 3.57133 TRACK
[PUSH_CTRL] 24 3.57133 3.57133 TRACK
[PUSH_CTRL] 25 3.57133 3.57133 TRACK
[PUSH_CTRL] 26 3.57133 3.57133 TRACK
[PUSH_CTRL] 27 3.57133 3.57133 TRACK
[PUSH_CTRL] 28 3.57133 3.57133 TRACK
[PUSH_CTRL] 29 3.57133 3.57133 TRACK
[PUSH_CTRL] 30 3.57133 3.57133 TRACK
[PUSH_CTRL] 31 3.57133 3.57133 TRACK
[PUSH_CTRL] 32 3.57133 3.57133 TRACK
[PUSH_CTRL] 33 3.57133 3.57133 TRACK
[PUSH_CTRL] 34 3.57133 3.57133 TRACK
[PUSH_CTRL] 35 3.57133 3.57133 TRACK
[PUSH_CTRL] 36 3.57133 3.57133 TRACK
[PUSH_CTRL] 37 3.57133 3.57133 TRACK
[PUSH_CTRL] 38 3.57133 3.57133 TRACK
[PUSH_CTRL] 39 3.57133 3.57133 TRACK
[PUSH_CTRL] 40 3.57133 3.57133 TRACK
[PUSH_CTRL] 41 3.57133 3.57133 TRACK
[PUSH_CTRL] 42 3.57133 3.57133 TRACK
[PUSH_CTRL] 43 3.57133 3.57133 TRACK
[PUSH_CTRL] 44 3.57133 3.57133 TRACK
[PUSH_CTRL] 45 3.57133 3.57133 TRACK
[PUSH_CTRL] 46 3.57133 3.57133 TRACK
[PUSH_CTRL] 47 3.57133 3.57133 TRACK
[PUSH_CTRL] 48 3.57133 3.57133 TRACK
[PUSH_CTRL] 49 3.57133 3.57133 TRACK
[PUSH_CTRL] 50 3.57133 3.57133 TRACK
[PUSH_CTRL] 51 3.57133 3.57133 TRACK
[PUSH_CTRL] 52 3.57133 3.57133 TRACK
[PUSH_CTRL] 53 3.57133 3.57133 TRACK
[PUSH_CTRL] 54 3.57133 3.57133 TRACK
[PUSH_CTRL] 55 3.57133 3.57133 TRACK
[PUSH_CTRL] 56 3.57133 3.57133 TRACK
[PUSH_CTRL] 57 3.57133 3.57133 TRACK
[PUSH_CTRL] 58 3.57133 3.57133 TRACK
[PUSH_CTRL] 59 3.57133 3.57133 TRACK
[PUSH_CTRL] 60 3.57133 3.57133 TRACK
[PUSH_CTRL] 61 3.57133 3.57133 TRACK
[PUSH_CTRL] 62 3.57133 3.57133 TRACK
[PUSH_CTRL] 63 3.57133 3.57133 TRACK
[PUSH_CTRL] 64 3.57133 3.57133 TRACK
[PUSH_CTRL] 65 3.57133 3.57133 TRACK
[PUSH_CTRL] 66 3.57133 3.57133 TRACK
[PUSH_CTRL] 67 3.57133 3.57133 TRACK
[PUSH_CTRL] 68 3.57133 3.57133 TRACK
[PUSH_CTRL] 69 3.57133 3.57133 TRACK
[PUSH_CTRL] 70 3.57133 3.57133 TRACK
[PUSH_CTRL] 71 3.57133 3.57133 TRACK
[PUSH_CTRL] 72 3.57133 3.57133 TRACK
[PUSH_CTRL] 73 3.57133 3.57133 TRACK
[PUSH_CTRL] 74 3.57133 3.57133 TRACK
[PUSH_CTRL] 75 3.57133 3.57133 TRACK
[PUSH_CTRL] 76 3.57133 3.57133 TRACK
[PUSH_CTRL] 77 3.57133 3.57133 TRACK
[PUSH_CTRL] 78 3.57133 3.57133 TRACK
[PUSH_CTRL] 79 3.57133 3.57133 TRACK
[PUSH_CTRL] 80 3.57133 3.57133 TRACK
[PUSH_CTRL] 81 3.57133 3.57133 TRACK
[PUSH_CTRL] 82 3.57133 3.57133 TRACK
[PUSH_CTRL] 83 3.57133 3.57133 TRACK
[PUSH_CTRL] 84 3.57133 3.57133 TRACK
[PUSH_CTRL] 85 3.57133 3.57133 TRACK
[PUSH_CTRL] 86 3.57133 3.57133 TRACK
[PUSH_CTRL] 87 3.57133 3.57133 TRACK
[PUSH_CTRL] 88 3.57133 3.57133 TRACK
[PUSH_CTRL] 89 3.57133 3.57133 TRACK
[PUSH_CTRL] 90 3.57133 3.57133 TRACK
[PUSH_CTRL] 91 3.57133 3.57133 TRACK
[PUSH_CTRL] 92 3.57133 3.57133 TRACK
[PUSH_CTRL] 93 3.57133 3.57133 TRACK
[PUSH_CTRL] 94 3.57133 3.57133 TRACK
[PUSH_CTRL] 95 3.57133 3.57133 TRACK
[PUSH_CTRL] 96 3.57133 3.57133 TRACK
[PUSH_CTRL] 97 3.57133 3.57133 TRACK
[PUSH_CTRL] 98 3.57133 3.57133 TRACK
[PUSH_CTRL] 99 3.57133 3.57133 TRACK
[PUSH_CTRL] 100 3.57133 3.57133 TRACK
[PUSH_CTRL] 101 3.57133 3.57133 TRACK
[PUSH_CTRL] 102 3.57133 3.57133 TRACK
[PUSH_CTRL] 103 3.57133 3.57133 TRACK
[PUSH_CTRL] 104 3.57133 3.57133 TRACK
[PUSH_CTRL] 105 3.57133 3.57133 TRACK
[PUSH_CTRL] 106 3.57133 3.57133 TRACK
[PUSH_CTRL] 107 3.57133 3.57133 TRACK
[PUSH_CTRL] 108 3.57133 3.57133 TRACK
[PUSH_CTRL] 109 3.57133 3.57133 TRACK
[PUSH_CTRL] 110 3.57133 3.57133 TRACK
[PUSH_CTRL] 111 3.57133 3.57133 TRACK
[PUSH_CTRL] 112 3.57065 3.57133 TRACK
[PUSH_CTRL] 113 3.56942 3.57133 TRACK
[PUSH_CTRL] 114 3.56773 3.57133 TRACK
[PUSH_CTRL] 115 3.5656 3.57133 TRACK
[PUSH_CTRL] 116 3.56313 3.57133 TRACK
[PUSH_CTRL] 117 3.55964 3.57133 TRACK
[PUSH_CTRL] 118 3.55684 3.57133 TRACK
[PUSH_CTRL] 119 3.55267 3.57133 TRACK
[PUSH_CTRL] 120 3.54745 3.57133 TRACK
[PUSH_CTRL] 121 3.54141 3.57133 TRACK
[PUSH_CTRL] 122 3.53467 3.57133 TRACK
[PUSH_CTRL] 123 3.527 3.57133 TRACK
[PUSH_CTRL] 124 3.51968 3.57133 TRACK
[PUSH_CTRL] 125 3.51372 3.57133 TRACK
[PUSH_CTRL] 126 3.50757 3.57133 TRACK
[PUSH_CTRL] 127 3.50199 3.57133 TRACK
[PUSH_CTRL] 128 3.50084 3.57133 TRACK
[PUSH_CTRL] 129 3.50219 3.57133 TRACK
[PUSH_CTRL] 130 3.50443 3.57133 TRACK
[PUSH_CTRL] 131 3.50539 3.57133 TRACK
[PUSH_CTRL] 132 3.5052 3.57133 TRACK
[PUSH_CTRL] 133 3.50405 3.57133 TRACK
[PUSH_CTRL] 134 3.50138 3.57133 TRACK
[PUSH_CTRL] 135 3.49741 3.57133 TRACK
[PUSH_CTRL] 136 3.49184 3.57133 TRACK
[PUSH_CTRL] 137 3.48487 3.57133 TRACK
[PUSH_CTRL] 138 3.47756 3.57133 TRACK
[PUSH_CTRL] 139 3.47087 3.57133 TRACK
[PUSH_CTRL] 140 3.46587 3.57133 TRACK
[PUSH_CTRL] 141 3.46092 3.57133 TRACK
[PUSH_CTRL] 142 3.45611 3.57133 TRACK
[PUSH_CTRL] 143 3.45176 3.57133 TRACK
[PUSH_CTRL] 144 3.44813 3.57133 TRACK
[PUSH_CTRL] 145 3.44528 3.57133 TRACK
[PUSH_CTRL] 146 3.44558 3.57133 TRACK
[PUSH_CTRL] 147 3.44505 3.57133 TRACK
[PUSH_CTRL] 148 3.44481 3.57133 TRACK
[PUSH_CTRL] 149 3.44267 3.57133 TRACK
[PUSH_CTRL] 150 3.43978 3.57133 TRACK
[PUSH_CTRL] 151 3.43552 3.57133 TRACK
[PUSH_CTRL] 152 3.42945 3.57133 TRACK
[PUSH_CTRL] 153 3.42281 3.57133 TRACK
[PUSH_CTRL] 154 3.41573 3.57133 TRACK
[PUSH_CTRL] 155 3.41078 3.57133 TRACK
[PUSH_CTRL] 156 3.40349 3.57133 TRACK
[PUSH_CTRL] 157 3.39576 3.57133 TRACK
[PUSH_CTRL] 158 3.38745 3.57133 TRACK
[PUSH_CTRL] 159 3.37937 3.57133 TRACK
[PUSH_CTRL] 160 3.37078 3.57133 TRACK
[PUSH_CTRL] 161 3.36121 3.57133 TRACK
[PUSH_CTRL] 162 3.35072 3.57133 TRACK
[PUSH_CTRL] 163 3.33865 3.57133 TRACK
[PUSH_CTRL] 164 3.32774 3.57133 TRACK
[PUSH_CTRL] 165 3.31873 3.57133 TRACK
[PUSH_CTRL] 166 3.31117 3.57133 TRACK
[PUSH_CTRL] 167 3.30985 3.57133 TRACK
[PUSH_CTRL] 168 3.30469 3.57133 TRACK
[PUSH_CTRL] 169 3.29996 3.57133 TRACK
[PUSH_CTRL] 170 3.29544 3.57133 TRACK
[PUSH_CTRL] 171 3.29075 3.57133 TRACK
[PUSH_CTRL] 172 3.28595 3.57133 TRACK
[PUSH_CTRL] 173 3.28147 3.57133 TRACK
[PUSH_CTRL] 174 3.27607 3.57133 TRACK
[PUSH_CTRL] 175 3.26997 3.57133 TRACK
[PUSH_CTRL] 176 3.2628 3.57133 TRACK
[PUSH_CTRL] 177 3.25455 3.57133 TRACK
[PUSH_CTRL] 178 3.24531 3.57133 TRACK
[PUSH_CTRL] 179 3.24243 3.57133 TRACK
[PUSH_CTRL] 180 3.2328 3.57133 TRACK
[PUSH_CTRL] 181 3.22465 3.57133 TRACK
[PUSH_CTRL] 182 3.21847 3.57133 TRACK
[PUSH_CTRL] 183 3.21286 3.57133 TRACK
[PUSH_CTRL] 184 3.20833 3.57133 TRACK
[PUSH_CTRL] 185 3.20452 3.57133 TRACK
[PUSH_CTRL] 186 3.20114 3.57133 TRACK
[PUSH_CTRL] 187 3.19649 3.57133 TRACK
[PUSH_CTRL] 188 3.19085 3.57133 TRACK
[PUSH_CTRL] 189 3.19409 3.57133 TRACK
[PUSH_CTRL] 190 3.18844 3.57133 TRACK
[PUSH_CTRL] 191 3.1827 3.57133 TRACK
[PUSH_CTRL] 192 3.17683 3.57133 TRACK
[PUSH_CTRL] 193 3.17018 3.57133 TRACK
[PUSH_CTRL] 194 3.1628 3.57133 TRACK
[PUSH_CTRL] 195 3.15475 3.57133 TRACK
[PUSH_CTRL] 196 3.14683 3.57133 TRACK
[PUSH_CTRL] 197 3.13917 3.57133 TRACK
[PUSH_CTRL] 198 3.1331 3.57133 TRACK
[PUSH_CTRL] 199 3.12867 3.57133 TRACK
[PUSH_CTRL] 200 3.12407 3.57133 TRACK
[PUSH_CTRL] 201 3.12991 3.57133 TRACK
[PUSH_CTRL] 202 3.12673 3.57133 TRACK
[PUSH_CTRL] 203 3.12312 3.57133 TRACK
[PUSH_CTRL] 204 3.11809 3.57133 TRACK
[PUSH_CTRL] 205 3.11109 3.57133 TRACK
[PUSH_CTRL] 206 3.10213 3.57133 TRACK
[PUSH_CTRL] 207 3.09146 3.57133 TRACK
[PUSH_CTRL] 208 3.08104 3.57133 TRACK
[PUSH_CTRL] 209 3.07076 3.57133 TRACK
[PUSH_CTRL] 210 3.06132 3.57133 TRACK
[PUSH_CTRL] 211 3.0527 3.57133 TRACK
[PUSH_CTRL] 212 3.05751 3.57133 TRACK
[PUSH_CTRL] 213 3.05097 3.57133 TRACK
[PUSH_CTRL] 214 3.04469 3.57133 TRACK
[PUSH_CTRL] 215 3.03875 3.57133 TRACK
[PUSH_CTRL] 216 3.03261 3.57133 TRACK
[PUSH_CTRL] 217 3.02688 3.57133 TRACK
[PUSH_CTRL] 218 3.02154 3.57133 TRACK
[PUSH_CTRL] 219 3.01642 3.57133 TRACK
[PUSH_CTRL] 220 3.01127 3.57133 TRACK
[PUSH_CTRL] 221 3.00565 3.57133 TRACK
[PUSH_CTRL] 222 2.99931 3.57133 TRACK
[PUSH_CTRL] 223 2.99176 3.57133 TRACK
[PUSH_CTRL] 224 2.99815 3.57133 TRACK
[PUSH_CTRL] 225 2.99056 3.57133 TRACK
[PUSH_CTRL] 226 2.98312 3.57133 TRACK
[PUSH_CTRL] 227 2.97713 3.57133 TRACK
[PUSH_CTRL] 228 2.97146 3.57133 TRACK
[PUSH_CTRL] 229 2.96612 3.57133 TRACK
[PUSH_CTRL] 230 2.96053 3.57133 TRACK
[PUSH_CTRL] 231 2.95458 3.57133 TRACK
[PUSH_CTRL] 232 2.94832 3.57133 TRACK
[PUSH_CTRL] 233 2.94192 3.57133 TRACK
[PUSH_CTRL] 234 2.95094 3.57133 TRACK
[PUSH_CTRL] 235 2.94587 3.57133 TRACK
[PUSH_CTRL] 236 2.9406 3.57133 TRACK
[PUSH_CTRL] 237 2.93485 3.57133 TRACK
[PUSH_CTRL] 238 2.9281 3.57133 TRACK
[PUSH_CTRL] 239 2.92131 3.57133 TRACK
[PUSH_CTRL] 240 2.91483 3.57133 TRACK
[PUSH_CTRL] 241 2.90776 3.57133 TRACK
[PUSH_CTRL] 242 2.90023 3.57133 TRACK
[PUSH_CTRL] 243 2.89261 3.57133 TRACK
[PUSH_CTRL] 244 2.88521 3.57133 TRACK
[PUSH_CTRL] 245 2.89585 3.57133 TRACK
[PUSH_CTRL] 246 2.88847 3.57133 TRACK
[PUSH_CTRL] 247 2.88099 3.57133 TRACK
[PUSH_CTRL] 248 2.87288 3.57133 TRACK
[PUSH_CTRL] 249 2.86442 3.57133 TRACK
[PUSH_CTRL] 250 2.85539 3.57133 TRACK
[PUSH_CTRL] 251 2.84618 3.57133 TRACK
[PUSH_CTRL] 252 2.83734 3.57133 TRACK
[PUSH_CTRL] 253 2.82998 3.57133 TRACK
[PUSH_CTRL] 254 2.82301 3.57133 TRACK
[PUSH_CTRL] 255 2.81613 3.57133 TRACK
[PUSH_CTRL] 256 2.80964 3.57133 TRACK
[PUSH_CTRL] 257 2.82351 3.57133 TRACK
[PUSH_CTRL] 258 2.81687 3.57133 TRACK
[PUSH_CTRL] 259 2.80998 3.57133 TRACK
[PUSH_CTRL] 260 2.80327 3.57133 TRACK
[PUSH_CTRL] 261 2.79647 3.57133 TRACK
[PUSH_CTRL] 262 2.78858 3.57133 TRACK
[PUSH_CTRL] 263 2.77977 3.57133 TRACK
[PUSH_CTRL] 264 2.77069 3.57133 TRACK
[PUSH_CTRL] 265 2.76142 3.57133 TRACK
[PUSH_CTRL] 266 2.75249 3.57133 TRACK
[PUSH_CTRL] 267 2.74417 3.57133 TRACK
[PUSH_CTRL] 268 2.73656 3.57133 TRACK
[PUSH_CTRL] 269 2.75217 3.57133 TRACK
[PUSH_CTRL] 270 2.74517 3.57133 TRACK
[PUSH_CTRL] 271 2.73796 3.57133 TRACK
[PUSH_CTRL] 272 2.73102 3.57133 TRACK
[PUSH_CTRL] 273 2.72424 3.57133 TRACK
[PUSH_CTRL] 274 2.7177 3.57133 TRACK
[PUSH_CTRL] 275 2.71137 3.57133 TRACK
[PUSH_CTRL] 276 2.70507 3.57133 TRACK
[PUSH_CTRL] 277 2.69818 3.57133 TRACK
[PUSH_CTRL] 278 2.69109 3.57133 TRACK
[PUSH_CTRL] 279 2.68413 3.57133 TRACK
[PUSH_CTRL] 280 2.67737 3.57133 TRACK
[PUSH_CTRL] 281 2.69539 3.57133 TRACK
[PUSH_CTRL] 282 2.68854 3.57133 TRACK
[PUSH_CTRL] 283 2.6821 3.57133 TRACK
[PUSH_CTRL] 284 2.67566 3.57133 TRACK
[PUSH_CTRL] 285 2.66864 3.57133 TRACK
[PUSH_CTRL] 286 2.66102 3.57133 TRACK
[PUSH_CTRL] 287 2.6533 3.57133 TRACK
[PUSH_CTRL] 288 2.64565 3.57133 TRACK
[PUSH_CTRL] 289 2.63829 3.57133 TRACK
[PUSH_CTRL] 290 2.63135 3.57133 TRACK
[PUSH_CTRL] 291 2.62488 3.57133 TRACK
[PUSH_CTRL] 292 2.61845 3.57133 TRACK
[PUSH_CTRL] 293 2.63835 3.57133 TRACK
[PUSH_CTRL] 294 2.6316 3.57133 TRACK
[PUSH_CTRL] 295 2.62477 3.57133 TRACK
[PUSH_CTRL] 296 2.61847 3.57133 TRACK
[PUSH_CTRL] 297 2.61239 3.57133 TRACK
[PUSH_CTRL] 298 2.60643 3.57133 TRACK
[PUSH_CTRL] 299 2.60002 3.57133 TRACK
[PUSH_CTRL] 300 2.59361 3.57133 TRACK
[PUSH_CTRL] 301 2.58833 3.57133 TRACK
[PUSH_CTRL] 302 2.58297 3.57133 TRACK
[PUSH_CTRL] 303 2.57781 3.57133 TRACK
[PUSH_CTRL] 304 2.60052 3.57133 TRACK
[PUSH_CTRL] 305 2.59423 3.57133 TRACK
[PUSH_CTRL] 306 2.58734 3.57133 TRACK
[PUSH_CTRL] 307 2.58013 3.57133 TRACK
[PUSH_CTRL] 308 2.57297 3.57133 TRACK
[PUSH_CTRL] 309 2.56608 3.57133 TRACK
[PUSH_CTRL] 310 2.55957 3.57133 TRACK
[PUSH_CTRL] 311 2.55319 3.57133 TRACK
[PUSH_CTRL] 312 2.54667 3.57133 TRACK
[PUSH_CTRL] 313 2.53951 3.57133 TRACK
[PUSH_CTRL] 314 2.53179 3.57133 TRACK
[PUSH_CTRL] 315 2.52405 3.57133 TRACK
[PUSH_CTRL] 316 2.51624 3.57133 TRACK
[PUSH_CTRL] 317 2.53931 3.57133 TRACK
[PUSH_CTRL] 318 2.53146 3.57133 TRACK
[PUSH_CTRL] 319 2.52319 3.57133 TRACK
[PUSH_CTRL] 320 2.51708 3.57133 TRACK
[PUSH_CTRL] 321 2.51106 3.57133 TRACK
[PUSH_CTRL] 322 2.50488 3.57133 TRACK
[PUSH_CTRL] 323 2.49827 3.57133 TRACK
[PUSH_CTRL] 324 2.49112 3.57133 TRACK
[PUSH_CTRL] 325 2.48351 3.57133 TRACK
[PUSH_CTRL] 326 2.47592 3.57133 TRACK
[PUSH_CTRL] 327 2.46858 3.57133 TRACK
[PUSH_CTRL] 328 2.46257 3.57133 TRACK
[PUSH_CTRL] 329 2.48866 3.57133 TRACK
[PUSH_CTRL] 330 2.48247 3.57133 TRACK
[PUSH_CTRL] 331 2.47553 3.57133 TRACK
[PUSH_CTRL] 332 2.4684 3.57133 TRACK
[PUSH_CTRL] 333 2.46088 3.57133 TRACK
[PUSH_CTRL] 334 2.45324 3.57133 TRACK
[PUSH_CTRL] 335 2.44578 3.57133 TRACK
[PUSH_CTRL] 336 2.43872 3.57133 TRACK
[PUSH_CTRL] 337 2.43233 3.57133 TRACK
[PUSH_CTRL] 338 2.42714 3.57133 TRACK
[PUSH_CTRL] 339 2.42221 3.57133 TRACK
[PUSH_CTRL] 340 2.41747 3.57133 TRACK
[PUSH_CTRL] 341 2.44562 3.57133 TRACK
[PUSH_CTRL] 342 2.43909 3.57133 TRACK
[PUSH_CTRL] 343 2.43198 3.57133 TRACK
[PUSH_CTRL] 344 2.42493 3.57133 TRACK
[PUSH_CTRL] 345 2.41793 3.57133 TRACK
[PUSH_CTRL] 346 2.4105 3.57133 TRACK
[PUSH_CTRL] 347 2.40286 3.57133 TRACK
[PUSH_CTRL] 348 2.39537 3.57133 TRACK
[PUSH_CTRL] 349 2.38794 3.57133 TRACK
[PUSH_CTRL] 350 2.3807 3.57133 TRACK
[PUSH_CTRL] 351 2.37385 3.57133 TRACK
[PUSH_CTRL] 352 2.36746 3.57133 TRACK
[PUSH_CTRL] 353 2.39663 3.57133 TRACK
[PUSH_CTRL] 354 2.39132 3.57133 TRACK
[PUSH_CTRL] 355 2.38555 3.57133 TRACK
[PUSH_CTRL] 356 2.37966 3.57133 TRACK
[PUSH_CTRL] 357 2.37335 3.57133 TRACK
[PUSH_CTRL] 358 2.36705 3.57133 TRACK
[PUSH_CTRL] 359 2.36099 3.57133 TRACK
[PUSH_CTRL] 360 2.3551 3.57133 TRACK
[PUSH_CTRL] 361 2.34946 3.57133 TRACK
[PUSH_CTRL] 362 2.34385 3.57133 TRACK
[PUSH_CTRL] 363 2.33788 3.57133 TRACK
[PUSH_CTRL] 364 2.33159 3.57133 TRACK
[PUSH_CTRL] 365 2.36143 3.57133 TRACK
[PUSH_CTRL] 366 2.35385 3.57133 TRACK
[PUSH_CTRL] 367 2.34572 3.57133 TRACK
[PUSH_CTRL] 368 2.33757 3.57133 TRACK
[PUSH_CTRL] 369 2.32978 3.57133 TRACK
[PUSH_CTRL] 370 2.32354 3.57133 TRACK
[PUSH_CTRL] 371 2.31931 3.57133 TRACK
[PUSH_CTRL] 372 2.31491 3.57133 TRACK
[PUSH_CTRL] 373 2.31047 3.57133 TRACK
[PUSH_CTRL] 374 2.30577 3.57133 TRACK
[PUSH_CTRL] 375 2.30059 3.57133 TRACK
[PUSH_CTRL] 376 2.29484 3.57133 TRACK
[PUSH_CTRL] 377 2.2887 3.57133 TRACK
[PUSH_CTRL] 378 2.3206 3.57133 TRACK
[PUSH_CTRL] 379 2.31357 3.57133 TRACK
[PUSH_CTRL] 380 2.30663 3.57133 TRACK
[PUSH_CTRL] 381 2.2997 3.57133 TRACK
[PUSH_CTRL] 382 2.29287 3.57133 TRACK
[PUSH_CTRL] 383 2.28598 3.57133 TRACK
[PUSH_CTRL] 384 2.27912 3.57133 TRACK
[PUSH_CTRL] 385 2.27242 3.57133 TRACK
[PUSH_CTRL] 386 2.2678 3.57133 TRACK
[PUSH_CTRL] 387 2.26312 3.57133 TRACK
[PUSH_CTRL] 388 2.25849 3.57133 TRACK
[PUSH_CTRL] 389 2.25423 3.57133 TRACK
[PUSH_CTRL] 390 2.28898 3.57133 TRACK
[PUSH_CTRL] 391 2.28356 3.57133 TRACK
[PUSH_CTRL] 392 2.2774 3.57133 TRACK
[PUSH_CTRL] 393 2.27195 3.57133 TRACK
[PUSH_CTRL] 394 2.26693 3.57133 TRACK
[PUSH_CTRL] 395 2.26164 3.57133 TRACK
[PUSH_CTRL] 396 2.25648 3.57133 TRACK
[PUSH_CTRL] 397 2.25124 3.57133 TRACK
[PUSH_CTRL] 398 2.24576 3.57133 TRACK
[PUSH_CTRL] 399 2.23991 3.57133 TRACK
[PUSH_CTRL] 400 2.23366 3.57133 TRACK
[PUSH_CTRL] 401 2.22729 3.57133 TRACK
[PUSH_CTRL] 402 2.26131 3.57133 TRACK
[PUSH_CTRL] 403 2.25496 3.57133 TRACK
[PUSH_CTRL] 404 2.24893 3.57133 TRACK
[PUSH_CTRL] 405 2.24251 3.57133 TRACK
[PUSH_CTRL] 406 2.23605 3.57133 TRACK
[PUSH_CTRL] 407 2.22956 3.57133 TRACK
[PUSH_CTRL] 408 2.22291 3.57133 TRACK
[PUSH_CTRL] 409 2.21607 3.57133 TRACK
[PUSH_CTRL] 410 2.20902 3.57133 TRACK
[PUSH_CTRL] 411 2.20188 3.57133 TRACK
[PUSH_CTRL] 412 2.19482 3.57133 TRACK
[PUSH_CTRL] 413 2.18805 3.57133 TRACK
[PUSH_CTRL] 414 2.18173 3.57133 TRACK
[PUSH_CTRL] 415 2.21789 3.57133 TRACK
[PUSH_CTRL] 416 2.21094 3.57133 TRACK
[PUSH_CTRL] 417 2.20353 3.57133 TRACK
[PUSH_CTRL] 418 2.19554 3.57133 TRACK
[PUSH_CTRL] 419 2.18752 3.57133 TRACK
[PUSH_CTRL] 420 2.18021 3.57133 TRACK
[PUSH_CTRL] 421 2.17336 3.57133 TRACK
[PUSH_CTRL] 422 2.16685 3.57133 TRACK
[PUSH_CTRL] 423 2.16096 3.57133 TRACK
[PUSH_CTRL] 424 2.15564 3.57133 TRACK
[PUSH_CTRL] 425 2.15274 3.57133 TRACK
[PUSH_CTRL] 426 2.15139 3.57133 TRACK
[PUSH_CTRL] 427 2.14921 3.57133 TRACK
[PUSH_CTRL] 428 2.18952 3.57133 TRACK
[PUSH_CTRL] 429 2.18535 3.57133 TRACK
[PUSH_CTRL] 430 2.1803 3.57133 TRACK
[PUSH_CTRL] 431 2.17435 3.57133 TRACK
[PUSH_CTRL] 432 2.16799 3.57133 TRACK
[PUSH_CTRL] 433 2.16164 3.57133 TRACK
[PUSH_CTRL] 434 2.15653 3.57133 TRACK
[PUSH_CTRL] 435 2.15317 3.57133 TRACK
[PUSH_CTRL] 436 2.14892 3.57133 TRACK
[PUSH_CTRL] 437 2.14412 3.57133 TRACK
[PUSH_CTRL] 438 2.1389 3.57133 TRACK
[PUSH_CTRL] 439 2.13353 3.57133 TRACK
[PUSH_CTRL] 440 2.17225 3.57133 TRACK
[PUSH_CTRL] 441 2.16535 3.57133 TRACK
[PUSH_CTRL] 442 2.158 3.57133 TRACK
[PUSH_CTRL] 443 2.15038 3.57133 TRACK
[PUSH_CTRL] 444 2.14265 3.57133 TRACK
[PUSH_CTRL] 445 2.13518 3.57133 TRACK
[PUSH_CTRL] 446 2.12821 3.57133 TRACK
[PUSH_CTRL] 447 2.12182 3.57133 TRACK
[PUSH_CTRL] 448 2.11806 3.57133 TRACK
[PUSH_CTRL] 449 2.11402 3.57133 TRACK
[PUSH_CTRL] 450 2.10955 3.57133 TRACK
[PUSH_CTRL] 451 2.10477 3.57133 TRACK
[PUSH_CTRL] 452 2.09962 3.57133 TRACK
[PUSH_CTRL] 453 2.13968 3.57133 TRACK
[PUSH_CTRL] 454 2.13309 3.57133 TRACK
[PUSH_CTRL] 455 2.12681 3.57133 TRACK
[PUSH_CTRL] 456 2.12183 3.57133 TRACK
[PUSH_CTRL] 457 2.11657 3.57133 TRACK
[PUSH_CTRL] 458 2.11008 3.57133 TRACK
[PUSH_CTRL] 459 2.10353 3.57133 TRACK
[PUSH_CTRL] 460 2.09715 3.57133 TRACK
[PUSH_CTRL] 461 2.09106 3.57133 TRACK
[PUSH_CTRL] 462 2.08555 3.57133 TRACK
[PUSH_CTRL] 463 2.08244 3.57133 TRACK
[PUSH_CTRL] 464 2.0796 3.57133 TRACK
[PUSH_CTRL] 465 2.12234 3.57133 TRACK
[PUSH_CTRL] 466 2.11667 3.57133 TRACK
[PUSH_CTRL] 467 2.11001 3.57133 TRACK
[PUSH_CTRL] 468 2.10311 3.57133 TRACK
[PUSH_CTRL] 469 2.09639 3.57133 TRACK
[PUSH_CTRL] 470 2.08995 3.57133 TRACK
[PUSH_CTRL] 471 2.08377 3.57133 TRACK
[PUSH_CTRL] 472 2.07773 3.57133 TRACK
[PUSH_CTRL] 473 2.07174 3.57133 TRACK
[PUSH_CTRL] 474 2.0657 3.57133 TRACK
[PUSH_CTRL] 475 2.05974 3.57133 TRACK
[PUSH_CTRL] 476 2.05399 3.57133 TRACK
[PUSH_CTRL] 477 2.05032 3.57133 TRACK
[PUSH_CTRL] 478 2.09572 3.57133 TRACK
[PUSH_CTRL] 479 2.09149 3.57133 TRACK
[PUSH_CTRL] 480 2.0865 3.57133 TRACK
[PUSH_CTRL] 481 2.08159 3.57133 TRACK
[PUSH_CTRL] 482 2.07644 3.57133 TRACK
[PUSH_CTRL] 483 2.07062 3.57133 TRACK
[PUSH_CTRL] 484 2.06468 3.57133 TRACK
[PUSH_CTRL] 485 2.05889 3.57133 TRACK
[PUSH_CTRL] 486 2.05338 3.57133 TRACK
[PUSH_CTRL] 487 2.04819 3.57133 TRACK
[PUSH_CTRL] 488 2.04307 3.57133 TRACK
[PUSH_CTRL] 489 2.08617 3.57133 TRACK
[PUSH_CTRL] 490 2.07989 3.57133 TRACK
[PUSH_CTRL] 491 2.07286 3.57133 TRACK
[PUSH_CTRL] 492 2.06524 3.57133 TRACK
[PUSH_CTRL] 493 2.05734 3.57133 TRACK
[PUSH_CTRL] 494 2.04952 3.57133 TRACK
[PUSH_CTRL] 495 2.04229 3.57133 TRACK
[PUSH_CTRL] 496 2.03578 3.57133 TRACK
[PUSH_CTRL] 497 2.03177 3.57133 TRACK
[PUSH_CTRL] 498 2.02823 3.57133 TRACK
[PUSH_CTRL] 499 2.02413 3.57133 TRACK
[PUSH_CTRL] 500 2.0197 3.57133 TRACK
[PUSH_CTRL] 501 2.01515 3.57133 TRACK
[PUSH_CTRL] 502 2.01067 3.57133 TRACK
[PUSH_CTRL] 503 2.05644 3.57133 TRACK
[PUSH_CTRL] 504 2.05125 3.57133 TRACK
[PUSH_CTRL] 505 2.04666 3.57133 TRACK
[PUSH_CTRL] 506 2.04213 3.57133 TRACK
[PUSH_CTRL] 507 2.03728 3.57133 TRACK
[PUSH_CTRL] 508 2.03187 3.57133 TRACK
[PUSH_CTRL] 509 2.02625 3.57133 TRACK
[PUSH_CTRL] 510 2.02071 3.57133 TRACK
[PUSH_CTRL] 511 2.0154 3.57133 TRACK
[PUSH_CTRL] 512 2.01048 3.57133 TRACK
[PUSH_CTRL] 513 2.00555 3.57133 TRACK
[PUSH_CTRL] 514 2.05052 3.57133 TRACK
[PUSH_CTRL] 515 2.04324 3.57133 TRACK
[PUSH_CTRL] 516 2.03503 3.57133 TRACK
[PUSH_CTRL] 517 2.02678 3.57133 TRACK
[PUSH_CTRL] 518 2.01862 3.57133 TRACK
[PUSH_CTRL] 519 2.01082 3.57133 TRACK
[PUSH_CTRL] 520 2.00362 3.57133 TRACK
[PUSH_CTRL] 521 1.9971 3.57133 TRACK
[PUSH_CTRL] 522 1.99302 3.57133 TRACK
[PUSH_CTRL] 523 1.99071 3.57133 TRACK
[PUSH_CTRL] 524 1.98775 3.57133 TRACK
[PUSH_CTRL] 525 1.98438 3.57133 TRACK
[PUSH_CTRL] 526 1.98052 3.57133 TRACK
[PUSH_CTRL] 527 1.9764 3.57133 TRACK
[PUSH_CTRL] 528 2.02366 3.57133 TRACK
[PUSH_CTRL] 529 2.01891 3.57133 TRACK
[PUSH_CTRL] 530 2.0135 3.57133 TRACK
[PUSH_CTRL] 531 2.0075 3.57133 TRACK
[PUSH_CTRL] 532 2.00127 3.57133 TRACK
[PUSH_CTRL] 533 1.9951 3.57133 TRACK
[PUSH_CTRL] 534 1.98903 3.57133 TRACK
[PUSH_CTRL] 535 1.98294 3.57133 TRACK
[PUSH_CTRL] 536 1.97682 3.57133 TRACK
[PUSH_CTRL] 537 1.97097 3.57133 TRACK
[PUSH_CTRL] 538 1.9655 3.57133 TRACK
[PUSH_CTRL] 539 1.96045 3.57133 TRACK
[PUSH_CTRL] 540 1.95555 3.57133 TRACK
[PUSH_CTRL] 541 2.00294 3.57133 TRACK
[PUSH_CTRL] 542 1.99639 3.57133 TRACK
[PUSH_CTRL] 543 1.989 3.57133 TRACK
[PUSH_CTRL] 544 1.98158 3.57133 TRACK
[PUSH_CTRL] 545 1.97459 3.57133 TRACK
[PUSH_CTRL] 546 1.96824 3.57133 TRACK
[PUSH_CTRL] 547 1.9644 3.57133 TRACK
[PUSH_CTRL] 548 1.96119 3.57133 TRACK
[PUSH_CTRL] 549 1.95735 3.57133 TRACK
[PUSH_CTRL] 550 1.95318 3.57133 TRACK
[PUSH_CTRL] 551 1.94867 3.57133 TRACK
[PUSH_CTRL] 552 1.94408 3.57133 TRACK
[PUSH_CTRL] 553 1.99264 3.57133 TRACK
[PUSH_CTRL] 554 1.98657 3.57133 TRACK
[PUSH_CTRL] 555 1.98024 3.57133 TRACK
[PUSH_CTRL] 556 1.97391 3.57133 TRACK
[PUSH_CTRL] 557 1.96738 3.57133 TRACK
[PUSH_CTRL] 558 1.96077 3.57133 TRACK
[PUSH_CTRL] 559 1.95421 3.57133 TRACK
[PUSH_CTRL] 560 1.94783 3.57133 TRACK
[PUSH_CTRL] 561 1.9418 3.57133 TRACK
[PUSH_CTRL] 562 1.93625 3.57133 TRACK
[PUSH_CTRL] 563 1.93288 3.57133 TRACK
[PUSH_CTRL] 564 1.93108 3.57133 TRACK
[PUSH_CTRL] 565 1.92862 3.57133 TRACK
[PUSH_CTRL] 566 1.97978 3.57133 TRACK
[PUSH_CTRL] 567 1.97525 3.57133 TRACK
[PUSH_CTRL] 568 1.96937 3.57133 TRACK
[PUSH_CTRL] 569 1.9639 3.57133 TRACK
[PUSH_CTRL] 570 1.95823 3.57133 TRACK
[PUSH_CTRL] 571 1.95239 3.57133 TRACK
[PUSH_CTRL] 572 1.94638 3.57133 TRACK
[PUSH_CTRL] 573 1.94022 3.57133 TRACK
[PUSH_CTRL] 574 1.93402 3.57133 TRACK
[PUSH_CTRL] 575 1.92789 3.57133 TRACK
[PUSH_CTRL] 576 1.922 3.57133 TRACK
[PUSH_CTRL] 577 1.91647 3.57133 TRACK
[PUSH_CTRL] 578 1.91143 3.57133 TRACK
[PUSH_CTRL] 579 1.9615 3.57133 TRACK
[PUSH_CTRL] 580 1.95477 3.57133 TRACK
[PUSH_CTRL] 581 1.9472 3.57133 TRACK
[PUSH_CTRL] 582 1.93939 3.57133 TRACK
[PUSH_CTRL] 583 1.93156 3.57133 TRACK
[PUSH_CTRL] 584 1.92404 3.57133 TRACK
[PUSH_CTRL] 585 1.91708 3.57133 TRACK
[PUSH_CTRL] 586 1.91249 3.57133 TRACK
[PUSH_CTRL] 587 1.90971 3.57133 TRACK
[PUSH_CTRL] 588 1.90822 3.57133 TRACK
[PUSH_CTRL] 589 1.90646 3.57133 TRACK
[PUSH_CTRL] 590 1.90454 3.57133 TRACK
[PUSH_CTRL] 591 1.90254 3.57133 TRACK
[PUSH_CTRL] 592 1.95622 3.57133 TRACK
[PUSH_CTRL] 593 1.95318 3.57133 TRACK
[PUSH_CTRL] 594 1.94945 3.57133 TRACK
[PUSH_CTRL] 595 1.94504 3.57133 TRACK
[PUSH_CTRL] 596 1.93976 3.57133 TRACK
[PUSH_CTRL] 597 1.93401 3.57133 TRACK
[PUSH_CTRL] 598 1.92814 3.57133 TRACK
[PUSH_CTRL] 599 1.92254 3.57133 TRACK
[PUSH_CTRL] 600 1.91704 3.57133 TRACK
[PUSH_CTRL] 601 1.91147 3.57133 TRACK
[PUSH_CTRL] 602 1.90577 3.57133 TRACK
[PUSH_CTRL] 603 1.89992 3.57133 TRACK
[PUSH_CTRL] 604 1.94999 3.57133 TRACK
[PUSH_CTRL] 605 1.94219 3.57133 TRACK
[PUSH_CTRL] 606 1.93378 3.57133 TRACK
[PUSH_CTRL] 607 1.92559 3.57133 TRACK
[PUSH_CTRL] 608 1.91785 3.57133 TRACK
[PUSH_CTRL] 609 1.91046 3.57133 TRACK
[PUSH_CTRL] 610 1.90332 3.57133 TRACK
[PUSH_CTRL] 611 1.8964 3.57133 TRACK
[PUSH_CTRL] 612 1.8898 3.57133 TRACK
[PUSH_CTRL] 613 1.88381 3.57133 TRACK
[PUSH_CTRL] 614 1.87844 3.57133 TRACK
[PUSH_CTRL] 615 1.87357 3.57133 TRACK
[PUSH_CTRL] 616 1.86968 3.57133 TRACK
[PUSH_CTRL] 617 1.86647 3.57133 TRACK
[PUSH_CTRL] 618 1.86328 3.57133 TRACK
[PUSH_CTRL] 619 1.91679 3.57133 TRACK
[PUSH_CTRL] 620 1.91088 3.57133 TRACK
[PUSH_CTRL] 621 1.90411 3.57133 TRACK
[PUSH_CTRL] 622 1.89771 3.57133 TRACK
[PUSH_CTRL] 623 1.8934 3.57133 TRACK
[PUSH_CTRL] 624 1.88985 3.57133 TRACK
[PUSH_CTRL] 625 1.88585 3.57133 TRACK
[PUSH_CTRL] 626 1.88131 3.57133 TRACK
[PUSH_CTRL] 627 1.87655 3.57133 TRACK
[PUSH_CTRL] 628 1.87178 3.57133 TRACK
[PUSH_CTRL] 629 1.86715 3.57133 TRACK
[PUSH_CTRL] 630 1.86271 3.57133 TRACK
[PUSH_CTRL] 631 1.91636 3.57133 TRACK
[PUSH_CTRL] 632 1.91096 3.57133 TRACK
[PUSH_CTRL] 633 1.90486 3.57133 TRACK
[PUSH_CTRL] 634 1.89857 3.57133 TRACK
[PUSH_CTRL] 635 1.89196 3.57133 TRACK
[PUSH_CTRL] 636 1.88528 3.57133 TRACK
[PUSH_CTRL] 637 1.87869 3.57133 TRACK
[PUSH_CTRL] 638 1.87246 3.57133 TRACK
[PUSH_CTRL] 639 1.86735 3.57133 TRACK
[PUSH_CTRL] 640 1.86369 3.57133 TRACK
[PUSH_CTRL] 641 1.8617 3.57133 TRACK
[PUSH_CTRL] 642 1.86085 3.57133 TRACK
[PUSH_CTRL] 643 1.8581 3.57133 TRACK
[PUSH_CTRL] 644 1.91308 3.57133 TRACK
[PUSH_CTRL] 645 1.90743 3.57133 TRACK
[PUSH_CTRL] 646 1.90072 3.57133 TRACK
[PUSH_CTRL] 647 1.89378 3.57133 TRACK
[PUSH_CTRL] 648 1.88708 3.57133 TRACK
[PUSH_CTRL] 649 1.88089 3.57133 TRACK
[PUSH_CTRL] 650 1.87498 3.57133 TRACK
[PUSH_CTRL] 651 1.86922 3.57133 TRACK
[PUSH_CTRL] 652 1.86354 3.57133 TRACK
[PUSH_CTRL] 653 1.85792 3.57133 TRACK
[PUSH_CTRL] 654 1.85244 3.57133 TRACK
[PUSH_CTRL] 655 1.84812 3.57133 TRACK
[PUSH_CTRL] 656 1.84381 3.57133 TRACK
[PUSH_CTRL] 657 1.8989 3.57133 TRACK
[PUSH_CTRL] 658 1.8939 3.57133 TRACK
[PUSH_CTRL] 659 1.88783 3.57133 TRACK
[PUSH_CTRL] 660 1.88166 3.57133 TRACK
[PUSH_CTRL] 661 1.87544 3.57133 TRACK
[PUSH_CTRL] 662 1.86922 3.57133 TRACK
[PUSH_CTRL] 663 1.863 3.57133 TRACK
[PUSH_CTRL] 664 1.85779 3.57133 TRACK
[PUSH_CTRL] 665 1.85267 3.57133 TRACK
[PUSH_CTRL] 666 1.84762 3.57133 TRACK
[PUSH_CTRL] 667 1.84276 3.57133 TRACK
[PUSH_CTRL] 668 1.83895 3.57133 TRACK
[PUSH_CTRL] 669 1.8955 3.57133 TRACK
[PUSH_CTRL] 670 1.89024 3.57133 TRACK
[PUSH_CTRL] 671 1.88369 3.57133 TRACK
[PUSH_CTRL] 672 1.87669 3.57133 TRACK
[PUSH_CTRL] 673 1.86979 3.57133 TRACK
[PUSH_CTRL] 674 1.86329 3.57133 TRACK
[PUSH_CTRL] 675 1.85733 3.57133 TRACK
[PUSH_CTRL] 676 1.85191 3.57133 TRACK
[PUSH_CTRL] 677 1.84675 3.57133 TRACK
[PUSH_CTRL] 678 1.84162 3.57133 TRACK
[PUSH_CTRL] 679 1.83657 3.57133 TRACK
[PUSH_CTRL] 680 1.83151 3.57133 TRACK
[PUSH_CTRL] 681 1.82632 3.57133 TRACK
[PUSH_CTRL] 682 1.82108 3.57133 TRACK
[PUSH_CTRL] 683 1.87747 3.57133 TRACK
[PUSH_CTRL] 684 1.87254 3.57133 TRACK
[PUSH_CTRL] 685 1.86657 3.57133 TRACK
[PUSH_CTRL] 686 1.86039 3.57133 TRACK
[PUSH_CTRL] 687 1.85445 3.57133 TRACK
[PUSH_CTRL] 688 1.84881 3.57133 TRACK
[PUSH_CTRL] 689 1.8433 3.57133 TRACK
[PUSH_CTRL] 690 1.83783 3.57133 TRACK
[PUSH_CTRL] 691 1.83235 3.57133 TRACK
[PUSH_CTRL] 692 1.82684 3.57133 TRACK
[PUSH_CTRL] 693 1.8211 3.57133 TRACK
[PUSH_CTRL] 694 1.81543 3.57133 TRACK
[PUSH_CTRL] 695 1.81011 3.57133 TRACK
[PUSH_CTRL] 696 1.86806 3.57133 TRACK
[PUSH_CTRL] 697 1.86306 3.57133 TRACK
[PUSH_CTRL] 698 1.85835 3.57133 TRACK
[PUSH_CTRL] 699 1.85325 3.57133 TRACK
[PUSH_CTRL] 700 1.84797 3.57133 TRACK
[PUSH_CTRL] 701 1.8438 3.57133 TRACK
[PUSH_CTRL] 702 1.83934 3.57133 TRACK
[PUSH_CTRL] 703 1.83463 3.57133 TRACK
[PUSH_CTRL] 704 1.82991 3.57133 TRACK
[PUSH_CTRL] 705 1.82527 3.57133 TRACK
[PUSH_CTRL] 706 1.82083 3.57133 TRACK
[PUSH_CTRL] 707 1.81642 3.57133 TRACK
[PUSH_CTRL] 708 1.87359 3.57133 TRACK
[PUSH_CTRL] 709 1.86783 3.57133 TRACK
[PUSH_CTRL] 710 1.86141 3.57133 TRACK
[PUSH_CTRL] 711 1.85451 3.57133 TRACK
[PUSH_CTRL] 712 1.84749 3.57133 TRACK
[PUSH_CTRL] 713 1.8407 3.57133 TRACK
[PUSH_CTRL] 714 1.8344 3.57133 TRACK
[PUSH_CTRL] 715 1.83028 3.57133 TRACK
[PUSH_CTRL] 716 1.82788 3.57133 TRACK
[PUSH_CTRL] 717 1.82495 3.57133 TRACK
[PUSH_CTRL] 718 1.82186 3.57133 TRACK
[PUSH_CTRL] 719 1.81821 3.57133 TRACK
[PUSH_CTRL] 720 1.81423 3.57133 TRACK
[PUSH_CTRL] 721 1.81105 3.57133 TRACK
[PUSH_CTRL] 722 1.87041 3.57133 TRACK
[PUSH_CTRL] 723 1.86656 3.57133 TRACK
[PUSH_CTRL] 724 1.8627 3.57133 TRACK
[PUSH_CTRL] 725 1.85703 3.57133 TRACK
[PUSH_CTRL] 726 1.85099 3.57133 TRACK
[PUSH_CTRL] 727 1.84481 3.57133 TRACK
[PUSH_CTRL] 728 1.83878 3.57133 TRACK
[PUSH_CTRL] 729 1.83311 3.57133 TRACK
[PUSH_CTRL] 730 1.82784 3.57133 TRACK
[PUSH_CTRL] 731 1.82292 3.57133 TRACK
[PUSH_CTRL] 732 1.81809 3.57133 TRACK
[PUSH_CTRL] 733 1.81323 3.57133 TRACK
[PUSH_CTRL] 734 1.87102 3.57133 TRACK
[PUSH_CTRL] 735 1.86445 3.57133 TRACK
[PUSH_CTRL] 736 1.85708 3.57133 TRACK
[PUSH_CTRL] 737 1.85041 3.57133 TRACK
[PUSH_CTRL] 738 1.84523 3.57133 TRACK
[PUSH_CTRL] 739 1.83998 3.57133 TRACK
[PUSH_CTRL] 740 1.83475 3.57133 TRACK
[PUSH_CTRL] 741 1.82974 3.57133 TRACK
[PUSH_CTRL] 742 1.82499 3.57133 TRACK
[PUSH_CTRL] 743 1.82028 3.57133 TRACK
[PUSH_CTRL] 744 1.81549 3.57133 TRACK
[PUSH_CTRL] 745 1.81057 3.57133 TRACK
[PUSH_CTRL] 746 1.80561 3.57133 TRACK
[PUSH_CTRL] 747 1.80079 3.57133 TRACK
[PUSH_CTRL] 748 1.86129 3.57133 TRACK
[PUSH_CTRL] 749 1.85593 3.57133 TRACK
[PUSH_CTRL] 750 1.84953 3.57133 TRACK
[PUSH_CTRL] 751 1.84458 3.57133 TRACK
[PUSH_CTRL] 752 1.83901 3.57133 TRACK
[PUSH_CTRL] 753 1.83394 3.57133 TRACK
[PUSH_CTRL] 754 1.82858 3.57133 TRACK
[PUSH_CTRL] 755 1.82322 3.57133 TRACK
[PUSH_CTRL] 756 1.81804 3.57133 TRACK
[PUSH_CTRL] 757 1.81314 3.57133 TRACK
[PUSH_CTRL] 758 1.80854 3.57133 TRACK
[PUSH_CTRL] 759 1.80421 3.57133 TRACK
[PUSH_CTRL] 760 1.86395 3.57133 TRACK
[PUSH_CTRL] 761 1.85894 3.57133 TRACK
[PUSH_CTRL] 762 1.85321 3.57133 TRACK
[PUSH_CTRL] 763 1.84706 3.57133 TRACK
[PUSH_CTRL] 764 1.84043 3.57133 TRACK
[PUSH_CTRL] 765 1.83354 3.57133 TRACK
[PUSH_CTRL] 766 1.82684 3.57133 TRACK
[PUSH_CTRL] 767 1.82072 3.57133 TRACK
[PUSH_CTRL] 768 1.81524 3.57133 TRACK
[PUSH_CTRL] 769 1.81195 3.57133 TRACK
[PUSH_CTRL] 770 1.80938 3.57133 TRACK
[PUSH_CTRL] 771 1.80648 3.57133 TRACK
[PUSH_CTRL] 772 1.80294 3.57133 TRACK
[PUSH_CTRL] 773 1.79907 3.57133 TRACK
[PUSH_CTRL] 774 1.85964 3.57133 TRACK
[PUSH_CTRL] 775 1.85357 3.57133 TRACK
[PUSH_CTRL] 776 1.84669 3.57133 TRACK
[PUSH_CTRL] 777 1.84074 3.57133 TRACK
[PUSH_CTRL] 778 1.83516 3.57133 TRACK
[PUSH_CTRL] 779 1.82928 3.57133 TRACK
[PUSH_CTRL] 780 1.82348 3.57133 TRACK
[PUSH_CTRL] 781 1.81796 3.57133 TRACK
[PUSH_CTRL] 782 1.8128 3.57133 TRACK
[PUSH_CTRL] 783 1.80797 3.57133 TRACK
[PUSH_CTRL] 784 1.80319 3.57133 TRACK
[PUSH_CTRL] 785 1.79845 3.57133 TRACK
[PUSH_CTRL] 786 1.85846 3.57133 TRACK
[PUSH_CTRL] 787 1.85194 3.57133 TRACK
[PUSH_CTRL] 788 1.84457 3.57133 TRACK
[PUSH_CTRL] 789 1.8371 3.57133 TRACK
[PUSH_CTRL] 790 1.82997 3.57133 TRACK
[PUSH_CTRL] 791 1.825 3.57133 TRACK
[PUSH_CTRL] 792 1.821 3.57133 TRACK
[PUSH_CTRL] 793 1.81661 3.57133 TRACK
[PUSH_CTRL] 794 1.81187 3.57133 TRACK
[PUSH_CTRL] 795 1.80704 3.57133 TRACK
[PUSH_CTRL] 796 1.80246 3.57133 TRACK
[PUSH_CTRL] 797 1.79819 3.57133 TRACK
[PUSH_CTRL] 798 1.79465 3.57133 TRACK
[PUSH_CTRL] 799 1.85702 3.57133 TRACK
[PUSH_CTRL] 800 1.85212 3.57133 TRACK
[PUSH_CTRL] 801 1.84632 3.57133 TRACK
[PUSH_CTRL] 802 1.84001 3.57133 TRACK
[PUSH_CTRL] 803 1.83325 3.57133 TRACK
[PUSH_CTRL] 804 1.82652 3.57133 TRACK
[PUSH_CTRL] 805 1.82014 3.57133 TRACK
[PUSH_CTRL] 806 1.81439 3.57133 TRACK
[PUSH_CTRL] 807 1.80927 3.57133 TRACK
[PUSH_CTRL] 808 1.8047 3.57133 TRACK
[PUSH_CTRL] 809 1.80091 3.57133 TRACK
[PUSH_CTRL] 810 1.797 3.57133 TRACK
[PUSH_CTRL] 811 1.79294 3.57133 TRACK
[PUSH_CTRL] 812 1.85459 3.57133 TRACK
[PUSH_CTRL] 813 1.84962 3.57133 TRACK
[PUSH_CTRL] 814 1.84353 3.57133 TRACK
[PUSH_CTRL] 815 1.83682 3.57133 TRACK
[PUSH_CTRL] 816 1.83004 3.57133 TRACK
[PUSH_CTRL] 817 1.82356 3.57133 TRACK
[PUSH_CTRL] 818 1.81921 3.57133 TRACK
[PUSH_CTRL] 819 1.81493 3.57133 TRACK
[PUSH_CTRL] 820 1.81085 3.57133 TRACK
[PUSH_CTRL] 821 1.80714 3.57133 TRACK
[PUSH_CTRL] 822 1.80414 3.57133 TRACK
[PUSH_CTRL] 823 1.80043 3.57133 TRACK
[PUSH_CTRL] 824 1.79644 3.57133 TRACK
[PUSH_CTRL] 825 1.85822 3.57133 TRACK
[PUSH_CTRL] 826 1.8519 3.57133 TRACK
[PUSH_CTRL] 827 1.84482 3.57133 TRACK
[PUSH_CTRL] 828 1.83872 3.57133 TRACK
[PUSH_CTRL] 829 1.83368 3.57133 TRACK
[PUSH_CTRL] 830 1.82871 3.57133 TRACK
[PUSH_CTRL] 831 1.82427 3.57133 TRACK
[PUSH_CTRL] 832 1.82005 3.57133 TRACK
[PUSH_CTRL] 833 1.81547 3.57133 TRACK
[PUSH_CTRL] 834 1.81061 3.57133 TRACK
[PUSH_CTRL] 835 1.80555 3.57133 TRACK
[PUSH_CTRL] 836 1.80051 3.57133 TRACK
[PUSH_CTRL] 837 1.86217 3.57133 TRACK
[PUSH_CTRL] 838 1.85555 3.57133 TRACK
[PUSH_CTRL] 839 1.84841 3.57133 TRACK
[PUSH_CTRL] 840 1.8419 3.57133 TRACK
[PUSH_CTRL] 841 1.83402 3.57133 TRACK
[PUSH_CTRL] 842 1.8264 3.57133 TRACK
[PUSH_CTRL] 843 1.81909 3.57133 TRACK
[PUSH_CTRL] 844 1.8123 3.57133 TRACK
[PUSH_CTRL] 845 1.80611 3.57133 TRACK
[PUSH_CTRL] 846 1.80055 3.57133 TRACK
[PUSH_CTRL] 847 1.79571 3.57133 TRACK
[PUSH_CTRL] 848 1.79144 3.57133 TRACK
[PUSH_CTRL] 849 1.78853 3.57133 TRACK
[PUSH_CTRL] 850 1.78716 3.57133 TRACK
[PUSH_CTRL] 851 1.85253 3.57133 TRACK
[PUSH_CTRL] 852 1.84793 3.57133 TRACK
[PUSH_CTRL] 853 1.84185 3.57133 TRACK
[PUSH_CTRL] 854 1.83516 3.57133 TRACK
[PUSH_CTRL] 855 1.82843 3.57133 TRACK
[PUSH_CTRL] 856 1.82164 3.57133 TRACK
[PUSH_CTRL] 857 1.81497 3.57133 TRACK
[PUSH_CTRL] 858 1.80868 3.57133 TRACK
[PUSH_CTRL] 859 1.80292 3.57133 TRACK
[PUSH_CTRL] 860 1.79775 3.57133 TRACK
[PUSH_CTRL] 861 1.79313 3.57133 TRACK
[PUSH_CTRL] 862 1.78973 3.57133 TRACK
[PUSH_CTRL] 863 1.78703 3.57133 TRACK
[PUSH_CTRL] 864 1.85181 3.57133 TRACK
[PUSH_CTRL] 865 1.84703 3.57133 TRACK
[PUSH_CTRL] 866 1.84174 3.57133 TRACK
[PUSH_CTRL] 867 1.83602 3.57133 TRACK
[PUSH_CTRL] 868 1.83125 3.57133 TRACK
[PUSH_CTRL] 869 1.82798 3.57133 TRACK
[PUSH_CTRL] 870 1.82434 3.57133 TRACK
[PUSH_CTRL] 871 1.82032 3.57133 TRACK
[PUSH_CTRL] 872 1.81588 3.57133 TRACK
[PUSH_CTRL] 873 1.81121 3.57133 TRACK
[PUSH_CTRL] 874 1.80623 3.57133 TRACK
[PUSH_CTRL] 875 1.80105 3.57133 TRACK
[PUSH_CTRL] 876 1.86377 3.57133 TRACK
[PUSH_CTRL] 877 1.85653 3.57133 TRACK
[PUSH_CTRL] 878 1.84883 3.57133 TRACK
[PUSH_CTRL] 879 1.84119 3.57133 TRACK
[PUSH_CTRL] 880 1.83373 3.57133 TRACK
[PUSH_CTRL] 881 1.82653 3.57133 TRACK
[PUSH_CTRL] 882 1.81958 3.57133 TRACK
[PUSH_CTRL] 883 1.81297 3.57133 TRACK
[PUSH_CTRL] 884 1.80834 3.57133 TRACK
[PUSH_CTRL] 885 1.8038 3.57133 TRACK
[PUSH_CTRL] 886 1.79948 3.57133 TRACK
[PUSH_CTRL] 887 1.7954 3.57133 TRACK
[PUSH_CTRL] 888 1.79314 3.57133 TRACK
[PUSH_CTRL] 889 1.79109 3.57133 TRACK
[PUSH_CTRL] 890 1.85899 3.57133 TRACK
[PUSH_CTRL] 891 1.85644 3.57133 TRACK
[PUSH_CTRL] 892 1.85323 3.57133 TRACK
[PUSH_CTRL] 893 1.84929 3.57133 TRACK
[PUSH_CTRL] 894 1.84453 3.57133 TRACK
[PUSH_CTRL] 895 1.83902 3.57133 TRACK
[PUSH_CTRL] 896 1.83311 3.57133 TRACK
[PUSH_CTRL] 897 1.82718 3.57133 TRACK
[PUSH_CTRL] 898 1.82148 3.57133 TRACK
[PUSH_CTRL] 899 1.81647 3.57133 TRACK
[PUSH_CTRL] 900 1.81274 3.57133 TRACK
[PUSH_CTRL] 901 1.80898 3.57133 TRACK
[PUSH_CTRL] 902 1.87316 3.57133 TRACK
[PUSH_CTRL] 903 1.86654 3.57133 TRACK
[PUSH_CTRL] 904 1.85902 3.57133 TRACK
[PUSH_CTRL] 905 1.85176 3.57133 TRACK
[PUSH_CTRL] 906 1.84509 3.57133 TRACK
[PUSH_CTRL] 907 1.84047 3.57133 TRACK
[PUSH_CTRL] 908 1.83652 3.57133 TRACK
[PUSH_CTRL] 909 1.83318 3.57133 TRACK
[PUSH_CTRL] 910 1.83081 3.57133 TRACK
[PUSH_CTRL] 911 1.82832 3.57133 TRACK
[PUSH_CTRL] 912 1.82498 3.57133 TRACK
[PUSH_CTRL] 913 1.82126 3.57133 TRACK
[PUSH_CTRL] 914 1.88634 3.57133 TRACK
[PUSH_CTRL] 915 1.88061 3.57133 TRACK
[PUSH_CTRL] 916 1.8741 3.57133 TRACK
[PUSH_CTRL] 917 1.86756 3.57133 TRACK
[PUSH_CTRL] 918 1.86089 3.57133 TRACK
[PUSH_CTRL] 919 1.85521 3.57133 TRACK
[PUSH_CTRL] 920 1.84931 3.57133 TRACK
[PUSH_CTRL] 921 1.8433 3.57133 TRACK
[PUSH_CTRL] 922 1.83743 3.57133 TRACK
[PUSH_CTRL] 923 1.83187 3.57133 TRACK
[PUSH_CTRL] 924 1.82686 3.57133 TRACK
[PUSH_CTRL] 925 1.82288 3.57133 TRACK
[PUSH_CTRL] 926 1.88984 3.57133 TRACK
[PUSH_CTRL] 927 1.88545 3.57133 TRACK
[PUSH_CTRL] 928 1.87955 3.57133 TRACK
[PUSH_CTRL] 929 1.87301 3.57133 TRACK
[PUSH_CTRL] 930 1.86621 3.57133 TRACK
[PUSH_CTRL] 931 1.85969 3.57133 TRACK
[PUSH_CTRL] 932 1.85474 3.57133 TRACK
[PUSH_CTRL] 933 1.85019 3.57133 TRACK
[PUSH_CTRL] 934 1.84548 3.57133 TRACK
[PUSH_CTRL] 935 1.8406 3.57133 TRACK
[PUSH_CTRL] 936 1.83547 3.57133 TRACK
[PUSH_CTRL] 937 1.8302 3.57133 TRACK
[PUSH_CTRL] 938 1.89426 3.57133 TRACK
[PUSH_CTRL] 939 1.8871 3.57133 TRACK
[PUSH_CTRL] 940 1.88018 3.57133 TRACK
[PUSH_CTRL] 941 1.87345 3.57133 TRACK
[PUSH_CTRL] 942 1.86667 3.57133 TRACK
[PUSH_CTRL] 943 1.86017 3.57133 TRACK
[PUSH_CTRL] 944 1.85416 3.57133 TRACK
[PUSH_CTRL] 945 1.8487 3.57133 TRACK
[PUSH_CTRL] 946 1.84379 3.57133 TRACK
[PUSH_CTRL] 947 1.83957 3.57133 TRACK
[PUSH_CTRL] 948 1.8356 3.57133 TRACK
[PUSH_CTRL] 949 1.83233 3.57133 TRACK
[PUSH_CTRL] 950 1.82892 3.57133 TRACK
[PUSH_CTRL] 951 1.89465 3.57133 TRACK
[PUSH_CTRL] 952 1.88836 3.57133 TRACK
[PUSH_CTRL] 953 1.88126 3.57133 TRACK
[PUSH_CTRL] 954 1.87415 3.57133 TRACK
[PUSH_CTRL] 955 1.86745 3.57133 TRACK
[PUSH_CTRL] 956 1.86133 3.57133 TRACK
[PUSH_CTRL] 957 1.85563 3.57133 TRACK
[PUSH_CTRL] 958 1.85068 3.57133 TRACK
[PUSH_CTRL] 959 1.84715 3.57133 TRACK
[PUSH_CTRL] 960 1.84337 3.57133 TRACK
[PUSH_CTRL] 961 1.83951 3.57133 TRACK
[PUSH_CTRL] 962 1.83566 3.57133 TRACK
[PUSH_CTRL] 963 1.83155 3.57133 TRACK
[PUSH_CTRL] 964 1.89758 3.57133 TRACK
[PUSH_CTRL] 965 1.89147 3.57133 TRACK
[PUSH_CTRL] 966 1.88514 3.57133 TRACK
[PUSH_CTRL] 967 1.87951 3.57133 TRACK
[PUSH_CTRL] 968 1.87354 3.57133 TRACK
[PUSH_CTRL] 969 1.86756 3.57133 TRACK
[PUSH_CTRL] 970 1.86201 3.57133 TRACK
[PUSH_CTRL] 971 1.85657 3.57133 TRACK
[PUSH_CTRL] 972 1.85164 3.57133 TRACK
[PUSH_CTRL] 973 1.84663 3.57133 TRACK
[PUSH_CTRL] 974 1.84163 3.57133 TRACK
[PUSH_CTRL] 975 1.8383 3.57133 TRACK
[PUSH_CTRL] 976 1.90506 3.57133 TRACK
[PUSH_CTRL] 977 1.89911 3.57133 TRACK
[PUSH_CTRL] 978 1.89359 3.57133 TRACK
[PUSH_CTRL] 979 1.8876 3.57133 TRACK
[PUSH_CTRL] 980 1.8817 3.57133 TRACK
[PUSH_CTRL] 981 1.87648 3.57133 TRACK
[PUSH_CTRL] 982 1.87156 3.57133 TRACK
[PUSH_CTRL] 983 1.86705 3.57133 TRACK
[PUSH_CTRL] 984 1.86245 3.57133 TRACK
[PUSH_CTRL] 985 1.85795 3.57133 TRACK
[PUSH_CTRL] 986 1.85334 3.57133 TRACK
[PUSH_CTRL] 987 1.84879 3.57133 TRACK
[PUSH_CTRL] 988 1.9151 3.57133 TRACK
[PUSH_CTRL] 989 1.90942 3.57133 TRACK
[PUSH_CTRL] 990 1.90311 3.57133 TRACK
[PUSH_CTRL] 991 1.89612 3.57133 TRACK
[PUSH_CTRL] 992 1.88911 3.57133 TRACK
[PUSH_CTRL] 993 1.8822 3.57133 TRACK
[PUSH_CTRL] 994 1.87567 3.57133 TRACK
[PUSH_CTRL] 995 1.86982 3.57133 TRACK
[PUSH_CTRL] 996 1.86465 3.57133 TRACK
[PUSH_CTRL] 997 1.86168 3.57133 TRACK
[PUSH_CTRL] 998 1.85962 3.57133 TRACK
[PUSH_CTRL] 999 1.85674 3.57133 TRACK
[PUSH_CTRL] 1000 1.8533 3.57133 TRACK
[PUSH_CTRL] 1001 1.92044 3.57133 TRACK
[PUSH_CTRL] 1002 1.91428 3.57133 TRACK
[PUSH_CTRL] 1003 1.90719 3.57133 TRACK
[PUSH_CTRL] 1004 1.90061 3.57133 TRACK
[PUSH_CTRL] 1005 1.89461 3.57133 TRACK
[PUSH_CTRL] 1006 1.88867 3.57133 TRACK
[PUSH_CTRL] 1007 1.88377 3.57133 TRACK
[PUSH_CTRL] 1008 1.87863 3.57133 TRACK
[PUSH_CTRL] 1009 1.87335 3.57133 TRACK
[PUSH_CTRL] 1010 1.868 3.57133 TRACK
[PUSH_CTRL] 1011 1.8628 3.57133 TRACK
[PUSH_CTRL] 1012 1.85816 3.57133 TRACK
[PUSH_CTRL] 1013 1.92596 3.57133 TRACK
[PUSH_CTRL] 1014 1.92158 3.57133 TRACK
[PUSH_CTRL] 1015 1.91592 3.57133 TRACK
[PUSH_CTRL] 1016 1.90982 3.57133 TRACK
[PUSH_CTRL] 1017 1.9039 3.57133 TRACK
[PUSH_CTRL] 1018 1.89794 3.57133 TRACK
[PUSH_CTRL] 1019 1.89191 3.57133 TRACK
[PUSH_CTRL] 1020 1.88609 3.57133 TRACK
[PUSH_CTRL] 1021 1.88057 3.57133 TRACK
[PUSH_CTRL] 1022 1.87543 3.57133 TRACK
[PUSH_CTRL] 1023 1.87039 3.57133 TRACK
[PUSH_CTRL] 1024 1.86536 3.57133 TRACK
[PUSH_CTRL] 1025 1.86026 3.57133 TRACK
[PUSH_CTRL] 1026 1.92674 3.57133 TRACK
[PUSH_CTRL] 1027 1.91976 3.57133 TRACK
[PUSH_CTRL] 1028 1.913 3.57133 TRACK
[PUSH_CTRL] 1029 1.90738 3.57133 TRACK
[PUSH_CTRL] 1030 1.90145 3.57133 TRACK
[PUSH_CTRL] 1031 1.89563 3.57133 TRACK
[PUSH_CTRL] 1032 1.89083 3.57133 TRACK
[PUSH_CTRL] 1033 1.88664 3.57133 TRACK
[PUSH_CTRL] 1034 1.88342 3.57133 TRACK
[PUSH_CTRL] 1035 1.87949 3.57133 TRACK
[PUSH_CTRL] 1036 1.875 3.57133 TRACK
[PUSH_CTRL] 1037 1.87019 3.57133 TRACK
[PUSH_CTRL] 1038 1.93702 3.57133 TRACK
[PUSH_CTRL] 1039 1.93019 3.57133 TRACK
[PUSH_CTRL] 1040 1.92294 3.57133 TRACK
