[Diagnostics] Wrote config.json
[DIAG] Diagnostics enabled: /home/dhruv/projects_dhruv/namo/robot_control/push_calibration/obj_1/edge15/depth2/trial1
[tier2] wheel commands will be logged to /home/dhruv/projects_dhruv/namo/robot_control/push_calibration/obj_1/edge15/depth2/trial1/wheel_commands.jsonl
[collect] 1 trial(s) loaded from push_calibration/obj_1/edge15/depth2/spec.yaml
[collect] obstacle_target = (25.0, 35.0) cm  reset_tolerance = 3.0 cm
[mid-obs] logging every camera observation → /home/dhruv/projects_dhruv/namo/robot_control/push_calibration/obj_1/edge15/depth2/trial1/mid_obs.jsonl
[Runtime] Using remote camera service at tcp://localhost:5556
[Runtime] Speeds in effect: nav=0.40, push=0.40, keyboard/follow_path=0.30
[fresh] planner.attach_obs_source(world.get) wired
[Runtime] Starting RemoteObserverNode...
[RemoteObserver] Connected to tcp://localhost:5556
[SerialSender] Port /dev/serial/by-id/usb-Espressif_USB_JTAG_serial_debug_unit_10:51:DB:18:34:7C-if00 opened at 115200
[SerialSender] Started at 30.0 Hz
[RealEnv] Started (robot_id=1)
[Runtime] Per-subgoal video + meta will write to /home/dhruv/projects_dhruv/namo/robot_control/push_calibration/obj_1/edge15/depth2/trial1/recordings/session_2026-05-25_15-20-52
[SerialSender] Car 1 CONNECTED (alive now: [1])
[Runtime] 🔌 Robot 1 ONLINE at startup (alive_ids=[1], ap_connected=True)

=== Trial 1/1 === object=obj_1 edge_idx=15 push_steps=3
  [skip_reset] start pose: (21.16, 21.22) θ=358.94°. pushing...
[Subgoal] --> DISPATCH PUSH: obj 'obj_1' at (21.2,21.2,θ=358.9°), edge=15, push_steps=3, robot at (21.3,5.1,θ=94.8°)
[DIAG] subgoal #1 start recorded
[Diagnostics] ⚠️ scene_before.xml capture failed: no xml source path provided

==================================================
Robot Control - Real Robot (Autonomous)
==================================================
Serial port: /dev/serial/by-id/usb-Espressif_USB_JTAG_serial_debug_unit_10:51:DB:18:34:7C-if00
Robot ID: 1
Dry run: False
Speed: 0.3
==================================================
Running in autonomous mode
Press 'r' to toggle recording
Press 'space' for emergency stop
Press 'escape' to quit
==================================================

[RemoteRecordClient] Recording started → /home/dhruv/projects_dhruv/namo/robot_control/push_calibration/obj_1/edge15/depth2/trial1/recordings/session_2026-05-25_15-20-52/subgoal_001_push_obj_1_e15_s3.mp4
[PUSH]   Original edge: (20.9, 9.5)
[PUSH]   Validated:     (20.9, 9.0)
[PUSH] Starting navigation: robot=(21.3,5.1) → approach=(20.9,9.0)
[NAV] navigate_to: goal=(20.9,9.0) θ=88.9°, from=(21.3,5.1), obstacles=1
[Wavefront] Saved grid image to output_dump/wavefront/wavefront_20260525_152052_001.png (98x155)
[PUSH] navigate_to() returned: True, nav_state=PRE_ROTATING
[NAV] state - -> PRE_ROTATING pose=(21.3,5.1,θ=94.8°) pre_target_θ=98.7° heading_err=+3.9°
[NAV] state PRE_ROTATING -> FOLLOWING pose=(21.3,5.1,θ=94.8°) path_waypoints=5 final_wp=(20.8,8.8)
[NAV] state FOLLOWING -> POST_ROTATING pose=(20.8,7.7,θ=93.5°) goal_θ=88.9° heading_err=-4.6°
[PUSH] Navigation done - transitioning to ADVANCING (nav_state=FINISHED)
[PUSH] >>> PUSHING start: obj 'obj_1' at (21.1,21.2,θ=359.0°), robot at (20.7,8.1,θ=88.2°), edge=15, push_steps=3 (78 ticks)
[PUSH DEBUG] ========== PUSH START ==========
[PUSH DEBUG] Object: pos=(21.1,21.2) theta=359.0° size=(15x7.0)
[PUSH DEBUG] Edge 15: face=1 sample=7
[PUSH DEBUG] Theoretical: edge_pt (20.9,9.5) → mid_pt (21.1,21.2)
[PUSH DEBUG] Actual line: (20.7,8.1) → (20.9,19.8)
[PUSH DEBUG] Mode: FIXED
[PUSH DEBUG] ================================

[PUSH] ========== PUSH COMPLETE ==========
[PUSH] Robot: (20.9, 17.2) theta=88.3°
[PUSH] Δobject 'obj_1': Δpos=(+0.02,+6.81) |Δ|=6.81cm, Δθ=-0.28°
[PUSH] Robot position is BLOCKED in wavefront
[PUSH] Object 'obj_1': (21.2, 28.1) theta=358.7° size=(15x7.0)
[PUSH]   Distance robot→object center: 10.8cm
[Wavefront] Saved grid image to /tmp/wavefront/wavefront_20260525_152057.png (98x155)
[PUSH] Wavefront saved to: /tmp/wavefront/wavefront_20260525_152057.png
[PUSH] ======================================

[PUSH] Retreat target: (19.0, 12.6) [BACKWARD]
[PUSH] Retreat timeout after 200 steps
[Subgoal] <-- DONE (SUCCESS) after 11.2s, robot now at (20.4,16.5,θ=77.0°)
[DIAG] subgoal #1 end recorded (outcome=success)
[DIAG] push recorded (obj=obj_1, Δ=7.44cm, stuck=False)
[RemoteRecordClient] Recording stopped → /home/dhruv/projects_dhruv/namo/robot_control/push_calibration/obj_1/edge15/depth2/trial1/recordings/session_2026-05-25_15-20-52/subgoal_001_push_obj_1_e15_s3.mp4
[Runtime] Plan complete - stopping robot
[Runtime] Shutting down
