[NAV_PATH] 0.1875,0.1575 0.1875,0.1525
[NAV_END]
[PUSH_PATH] 0 0.1875,0.1525 0.182069,0.272377 0.159441,0.771865
[PUSH_CTRL] 0 3.57133 3.57133 TRACK
[PUSH_CTRL] 1 3.57133 3.57133 TRACK
[PUSH_CTRL] 2 3.57133 3.57133 TRACK
[PUSH_CTRL] 3 3.57133 3.57133 TRACK
[PUSH_CTRL] 4 3.57133 3.57133 TRACK
[PUSH_CTRL] 5 3.57133 3.57133 TRACK
[PUSH_CTRL] 6 3.57133 3.57133 TRACK
[PUSH_CTRL] 7 3.57133 3.57133 TRACK
[PUSH_CTRL] 8 3.57133 3.57133 TRACK
[PUSH_CTRL] 9 3.57133 3.57133 TRACK
[PUSH_CTRL] 10 3.57133 3.57133 TRACK
[PUSH_CTRL] 11 3.57133 3.57133 TRACK
[PUSH_CTRL] 12 3.57133 3.57133 TRACK
[PUSH_CTRL] 13 3.57133 3.57133 TRACK
[PUSH_CTRL] 14 3.57133 3.57133 TRACK
[PUSH_CTRL] 15 3.57133 3.57133 TRACK
[PUSH_CTRL] 16 3.57133 3.57133 TRACK
[PUSH_CTRL] 17 3.57133 3.57133 TRACK
[PUSH_CTRL] 18 3.57133 3.57133 TRACK
[PUSH_CTRL] 19 3.57133 3.57133 TRACK
[PUSH_CTRL] 20 3.57133 3.57133 TRACK
[PUSH_CTRL] 21 3.57133 3.57133 TRACK
[PUSH_CTRL] 22 3.57133 3.57133 TRACK
[PUSH_CTRL] 23 3.57133 3.57133 TRACK
[PUSH_CTRL] 24 3.57133 3.57133 TRACK
[PUSH_CTRL] 25 3.57133 3.57133 TRACK
[PUSH_CTRL] 26 3.57133 3.57133 TRACK
[PUSH_CTRL] 27 3.57133 3.57133 TRACK
[PUSH_CTRL] 28 3.57133 3.57133 TRACK
[PUSH_CTRL] 29 3.57133 3.57133 TRACK
[PUSH_CTRL] 30 3.57133 3.57133 TRACK
[PUSH_CTRL] 31 3.57133 3.57133 TRACK
[PUSH_CTRL] 32 3.57133 3.57133 TRACK
[PUSH_CTRL] 33 3.57133 3.57133 TRACK
[PUSH_CTRL] 34 3.57133 3.57133 TRACK
[PUSH_CTRL] 35 3.57133 3.57133 TRACK
[PUSH_CTRL] 36 3.57133 3.57133 TRACK
[PUSH_CTRL] 37 3.57133 3.57133 TRACK
[PUSH_CTRL] 38 3.57133 3.57133 TRACK
[PUSH_CTRL] 39 3.57133 3.57133 TRACK
[PUSH_CTRL] 40 3.57133 3.57133 TRACK
[PUSH_CTRL] 41 3.57133 3.57133 TRACK
[PUSH_CTRL] 42 3.57133 3.57133 TRACK
[PUSH_CTRL] 43 3.57133 3.57133 TRACK
[PUSH_CTRL] 44 3.57133 3.57133 TRACK
[PUSH_CTRL] 45 3.57133 3.57133 TRACK
[PUSH_CTRL] 46 3.57133 3.57133 TRACK
[PUSH_CTRL] 47 3.57133 3.57133 TRACK
[PUSH_CTRL] 48 3.57133 3.57133 TRACK
[PUSH_CTRL] 49 3.57133 3.57133 TRACK
[PUSH_CTRL] 50 3.57133 3.57133 TRACK
[PUSH_CTRL] 51 3.57133 3.57133 TRACK
[PUSH_CTRL] 52 3.57133 3.57133 TRACK
[PUSH_CTRL] 53 3.57133 3.57133 TRACK
[PUSH_CTRL] 54 3.57133 3.57133 TRACK
[PUSH_CTRL] 55 3.57133 3.57133 TRACK
[PUSH_CTRL] 56 3.57133 3.57133 TRACK
[PUSH_CTRL] 57 3.57133 3.57133 TRACK
[PUSH_CTRL] 58 3.57133 3.57133 TRACK
[PUSH_CTRL] 59 3.57133 3.57133 TRACK
[PUSH_CTRL] 60 3.57133 3.57133 TRACK
[PUSH_CTRL] 61 3.57133 3.57133 TRACK
[PUSH_CTRL] 62 3.57133 3.57133 TRACK
[PUSH_CTRL] 63 3.57133 3.57133 TRACK
[PUSH_CTRL] 64 3.57133 3.57133 TRACK
[PUSH_CTRL] 65 3.57133 3.57133 TRACK
[PUSH_CTRL] 66 3.57133 3.57133 TRACK
[PUSH_CTRL] 67 3.57133 3.57133 TRACK
[PUSH_CTRL] 68 3.57133 3.57133 TRACK
[PUSH_CTRL] 69 3.57133 3.57133 TRACK
[PUSH_CTRL] 70 3.57133 3.57133 TRACK
[PUSH_CTRL] 71 3.57133 3.57133 TRACK
[PUSH_CTRL] 72 3.57133 3.57133 TRACK
[PUSH_CTRL] 73 3.57133 3.57133 TRACK
[PUSH_CTRL] 74 3.57133 3.57133 TRACK
[PUSH_CTRL] 75 3.57133 3.57133 TRACK
[PUSH_CTRL] 76 3.57133 3.57133 TRACK
[PUSH_CTRL] 77 3.57133 3.57133 TRACK
[PUSH_CTRL] 78 3.57133 3.57133 TRACK
[PUSH_CTRL] 79 3.57133 3.57133 TRACK
[PUSH_CTRL] 80 3.57133 3.57133 TRACK
[PUSH_CTRL] 81 3.57133 3.57133 TRACK
[PUSH_CTRL] 82 3.57133 3.57133 TRACK
[PUSH_CTRL] 83 3.57133 3.57133 TRACK
[PUSH_CTRL] 84 3.57133 3.57133 TRACK
[PUSH_CTRL] 85 3.57133 3.57133 TRACK
[PUSH_CTRL] 86 3.57133 3.57133 TRACK
[PUSH_CTRL] 87 3.57133 3.57133 TRACK
[PUSH_CTRL] 88 3.57133 3.57133 TRACK
[PUSH_CTRL] 89 3.57133 3.57133 TRACK
[PUSH_CTRL] 90 3.57133 3.57133 TRACK
[PUSH_CTRL] 91 3.57133 3.57133 TRACK
[PUSH_CTRL] 92 3.57133 3.57133 TRACK
[PUSH_CTRL] 93 3.57133 3.57133 TRACK
[PUSH_CTRL] 94 3.57133 3.57133 TRACK
[PUSH_CTRL] 95 3.57133 3.57133 TRACK
[PUSH_CTRL] 96 3.57133 3.57133 TRACK
[PUSH_CTRL] 97 3.57133 3.57133 TRACK
[PUSH_CTRL] 98 3.57133 3.57133 TRACK
[PUSH_CTRL] 99 3.57133 3.57133 TRACK
[PUSH_CTRL] 100 3.57133 3.57133 TRACK
[PUSH_CTRL] 101 3.57133 3.57133 TRACK
[PUSH_CTRL] 102 3.57133 3.57133 TRACK
[PUSH_CTRL] 103 3.57133 3.57133 TRACK
[PUSH_CTRL] 104 3.57133 3.57133 TRACK
[PUSH_CTRL] 105 3.57133 3.57133 TRACK
[PUSH_CTRL] 106 3.57133 3.57133 TRACK
[PUSH_CTRL] 107 3.57133 3.57133 TRACK
[PUSH_CTRL] 108 3.57133 3.57133 TRACK
[PUSH_CTRL] 109 3.57133 3.57133 TRACK
[PUSH_CTRL] 110 3.57133 3.57133 TRACK
[PUSH_CTRL] 111 3.57133 3.57133 TRACK
[PUSH_CTRL] 112 3.57133 3.57133 TRACK
[PUSH_CTRL] 113 3.57133 3.57133 TRACK
[PUSH_CTRL] 114 3.57133 3.57133 TRACK
[PUSH_CTRL] 115 3.57133 3.57133 TRACK
[PUSH_CTRL] 116 3.57133 3.57133 TRACK
[PUSH_CTRL] 117 3.57133 3.57133 TRACK
[PUSH_CTRL] 118 3.57133 3.57133 TRACK
[PUSH_CTRL] 119 3.57133 3.57133 TRACK
[PUSH_CTRL] 120 3.57133 3.57133 TRACK
[PUSH_CTRL] 121 3.57133 3.57133 TRACK
[PUSH_CTRL] 122 3.57133 3.57133 TRACK
[PUSH_CTRL] 123 3.57133 3.57133 TRACK
[PUSH_CTRL] 124 3.57133 3.57133 TRACK
[PUSH_CTRL] 125 3.57133 3.57133 TRACK
[PUSH_CTRL] 126 3.57133 3.57133 TRACK
[PUSH_CTRL] 127 3.57133 3.57133 TRACK
[PUSH_CTRL] 128 3.57133 3.57133 TRACK
[PUSH_CTRL] 129 3.57133 3.57133 TRACK
[PUSH_CTRL] 130 3.57133 3.57133 TRACK
[PUSH_CTRL] 131 3.57133 3.57133 TRACK
[PUSH_CTRL] 132 3.57133 3.57133 TRACK
[PUSH_CTRL] 133 3.57133 3.57133 TRACK
[PUSH_CTRL] 134 3.57133 3.57133 TRACK
[PUSH_CTRL] 135 3.57133 3.57133 TRACK
[PUSH_CTRL] 136 3.57133 3.57133 TRACK
[PUSH_CTRL] 137 3.57133 3.57133 TRACK
[PUSH_CTRL] 138 3.57133 3.57133 TRACK
[PUSH_CTRL] 139 3.57133 3.57133 TRACK
[PUSH_CTRL] 140 3.57009 3.57133 TRACK
[PUSH_CTRL] 141 3.5678 3.57133 TRACK
[PUSH_CTRL] 142 3.56466 3.57133 TRACK
[PUSH_CTRL] 143 3.56083 3.57133 TRACK
[PUSH_CTRL] 144 3.55647 3.57133 TRACK
[PUSH_CTRL] 145 3.5513 3.57133 TRACK
[PUSH_CTRL] 146 3.5447 3.57133 TRACK
[PUSH_CTRL] 147 3.53554 3.57133 TRACK
[PUSH_CTRL] 148 3.52522 3.57133 TRACK
[PUSH_CTRL] 149 3.51431 3.57133 TRACK
[PUSH_CTRL] 150 3.5041 3.57133 TRACK
[PUSH_CTRL] 151 3.49487 3.57133 TRACK
[PUSH_CTRL] 152 3.48721 3.57133 TRACK
[PUSH_CTRL] 153 3.48076 3.57133 TRACK
[PUSH_CTRL] 154 3.47499 3.57133 TRACK
[PUSH_CTRL] 155 3.46999 3.57133 TRACK
[PUSH_CTRL] 156 3.4657 3.57133 TRACK
[PUSH_CTRL] 157 3.46267 3.57133 TRACK
[PUSH_CTRL] 158 3.46079 3.57133 TRACK
[PUSH_CTRL] 159 3.4558 3.57133 TRACK
[PUSH_CTRL] 160 3.4514 3.57133 TRACK
[PUSH_CTRL] 161 3.44718 3.57133 TRACK
[PUSH_CTRL] 162 3.44311 3.57133 TRACK
[PUSH_CTRL] 163 3.43919 3.57133 TRACK
[PUSH_CTRL] 164 3.43459 3.57133 TRACK
[PUSH_CTRL] 165 3.43011 3.57133 TRACK
[PUSH_CTRL] 166 3.42579 3.57133 TRACK
[PUSH_CTRL] 167 3.42122 3.57133 TRACK
[PUSH_CTRL] 168 3.41745 3.57133 TRACK
[PUSH_CTRL] 169 3.41849 3.57133 TRACK
[PUSH_CTRL] 170 3.41644 3.57133 TRACK
[PUSH_CTRL] 171 3.41539 3.57133 TRACK
[PUSH_CTRL] 172 3.41523 3.57133 TRACK
[PUSH_CTRL] 173 3.41452 3.57133 TRACK
[PUSH_CTRL] 174 3.41275 3.57133 TRACK
[PUSH_CTRL] 175 3.41006 3.57133 TRACK
[PUSH_CTRL] 176 3.40672 3.57133 TRACK
[PUSH_CTRL] 177 3.40334 3.57133 TRACK
[PUSH_CTRL] 178 3.40035 3.57133 TRACK
[PUSH_CTRL] 179 3.3979 3.57133 TRACK
[PUSH_CTRL] 180 3.39596 3.57133 TRACK
[PUSH_CTRL] 181 3.3998 3.57133 TRACK
[PUSH_CTRL] 182 3.39911 3.57133 TRACK
[PUSH_CTRL] 183 3.39851 3.57133 TRACK
[PUSH_CTRL] 184 3.39766 3.57133 TRACK
[PUSH_CTRL] 185 3.39661 3.57133 TRACK
[PUSH_CTRL] 186 3.3936 3.57133 TRACK
[PUSH_CTRL] 187 3.39018 3.57133 TRACK
[PUSH_CTRL] 188 3.38652 3.57133 TRACK
[PUSH_CTRL] 189 3.38786 3.57133 TRACK
[PUSH_CTRL] 190 3.385 3.57133 TRACK
[PUSH_CTRL] 191 3.38265 3.57133 TRACK
[PUSH_CTRL] 192 3.38036 3.57133 TRACK
[PUSH_CTRL] 193 3.37791 3.57133 TRACK
[PUSH_CTRL] 194 3.3755 3.57133 TRACK
[PUSH_CTRL] 195 3.37288 3.57133 TRACK
[PUSH_CTRL] 196 3.36983 3.57133 TRACK
[PUSH_CTRL] 197 3.36561 3.57133 TRACK
[PUSH_CTRL] 198 3.36733 3.57133 TRACK
[PUSH_CTRL] 199 3.36378 3.57133 TRACK
[PUSH_CTRL] 200 3.36304 3.57133 TRACK
[PUSH_CTRL] 201 3.36367 3.57133 TRACK
[PUSH_CTRL] 202 3.36407 3.57133 TRACK
[PUSH_CTRL] 203 3.36327 3.57133 TRACK
[PUSH_CTRL] 204 3.36149 3.57133 TRACK
[PUSH_CTRL] 205 3.35767 3.57133 TRACK
[PUSH_CTRL] 206 3.35203 3.57133 TRACK
[PUSH_CTRL] 207 3.34597 3.57133 TRACK
[PUSH_CTRL] 208 3.34574 3.57133 TRACK
[PUSH_CTRL] 209 3.33954 3.57133 TRACK
[PUSH_CTRL] 210 3.33421 3.57133 TRACK
[PUSH_CTRL] 211 3.32997 3.57133 TRACK
[PUSH_CTRL] 212 3.32684 3.57133 TRACK
[PUSH_CTRL] 213 3.32437 3.57133 TRACK
[PUSH_CTRL] 214 3.32284 3.57133 TRACK
[PUSH_CTRL] 215 3.32173 3.57133 TRACK
[PUSH_CTRL] 216 3.32075 3.57133 TRACK
[PUSH_CTRL] 217 3.32656 3.57133 TRACK
[PUSH_CTRL] 218 3.3258 3.57133 TRACK
[PUSH_CTRL] 219 3.32507 3.57133 TRACK
[PUSH_CTRL] 220 3.3248 3.57133 TRACK
[PUSH_CTRL] 221 3.32272 3.57133 TRACK
[PUSH_CTRL] 222 3.32002 3.57133 TRACK
[PUSH_CTRL] 223 3.31731 3.57133 TRACK
[PUSH_CTRL] 224 3.31483 3.57133 TRACK
[PUSH_CTRL] 225 3.31257 3.57133 TRACK
[PUSH_CTRL] 226 3.31736 3.57133 TRACK
[PUSH_CTRL] 227 3.3154 3.57133 TRACK
[PUSH_CTRL] 228 3.31351 3.57133 TRACK
[PUSH_CTRL] 229 3.31035 3.57133 TRACK
[PUSH_CTRL] 230 3.30561 3.57133 TRACK
[PUSH_CTRL] 231 3.29929 3.57133 TRACK
[PUSH_CTRL] 232 3.29118 3.57133 TRACK
[PUSH_CTRL] 233 3.28114 3.57133 TRACK
[PUSH_CTRL] 234 3.2718 3.57133 TRACK
[PUSH_CTRL] 235 3.26345 3.57133 TRACK
[PUSH_CTRL] 236 3.26416 3.57133 TRACK
[PUSH_CTRL] 237 3.25687 3.57133 TRACK
[PUSH_CTRL] 238 3.25014 3.57133 TRACK
[PUSH_CTRL] 239 3.24465 3.57133 TRACK
[PUSH_CTRL] 240 3.24016 3.57133 TRACK
[PUSH_CTRL] 241 3.23712 3.57133 TRACK
[PUSH_CTRL] 242 3.23525 3.57133 TRACK
[PUSH_CTRL] 243 3.2343 3.57133 TRACK
[PUSH_CTRL] 244 3.23276 3.57133 TRACK
[PUSH_CTRL] 245 3.24024 3.57133 TRACK
[PUSH_CTRL] 246 3.23813 3.57133 TRACK
[PUSH_CTRL] 247 3.23605 3.57133 TRACK
[PUSH_CTRL] 248 3.234 3.57133 TRACK
[PUSH_CTRL] 249 3.23192 3.57133 TRACK
[PUSH_CTRL] 250 3.22982 3.57133 TRACK
[PUSH_CTRL] 251 3.22771 3.57133 TRACK
[PUSH_CTRL] 252 3.22571 3.57133 TRACK
[PUSH_CTRL] 253 3.22355 3.57133 TRACK
[PUSH_CTRL] 254 3.22115 3.57133 TRACK
[PUSH_CTRL] 255 3.22867 3.57133 TRACK
[PUSH_CTRL] 256 3.22558 3.57133 TRACK
[PUSH_CTRL] 257 3.22162 3.57133 TRACK
[PUSH_CTRL] 258 3.21709 3.57133 TRACK
[PUSH_CTRL] 259 3.2122 3.57133 TRACK
[PUSH_CTRL] 260 3.2071 3.57133 TRACK
[PUSH_CTRL] 261 3.20077 3.57133 TRACK
[PUSH_CTRL] 262 3.19423 3.57133 TRACK
[PUSH_CTRL] 263 3.18773 3.57133 TRACK
[PUSH_CTRL] 264 3.18213 3.57133 TRACK
[PUSH_CTRL] 265 3.18927 3.57133 TRACK
[PUSH_CTRL] 266 3.18475 3.57133 TRACK
[PUSH_CTRL] 267 3.17986 3.57133 TRACK
[PUSH_CTRL] 268 3.17473 3.57133 TRACK
[PUSH_CTRL] 269 3.16873 3.57133 TRACK
[PUSH_CTRL] 270 3.16169 3.57133 TRACK
[PUSH_CTRL] 271 3.15362 3.57133 TRACK
[PUSH_CTRL] 272 3.14541 3.57133 TRACK
[PUSH_CTRL] 273 3.13764 3.57133 TRACK
[PUSH_CTRL] 274 3.13131 3.57133 TRACK
[PUSH_CTRL] 275 3.139 3.57133 TRACK
[PUSH_CTRL] 276 3.13402 3.57133 TRACK
[PUSH_CTRL] 277 3.12937 3.57133 TRACK
[PUSH_CTRL] 278 3.12451 3.57133 TRACK
[PUSH_CTRL] 279 3.11939 3.57133 TRACK
[PUSH_CTRL] 280 3.11388 3.57133 TRACK
[PUSH_CTRL] 281 3.10806 3.57133 TRACK
[PUSH_CTRL] 282 3.10205 3.57133 TRACK
[PUSH_CTRL] 283 3.09634 3.57133 TRACK
[PUSH_CTRL] 284 3.09131 3.57133 TRACK
[PUSH_CTRL] 285 3.1015 3.57133 TRACK
[PUSH_CTRL] 286 3.09764 3.57133 TRACK
[PUSH_CTRL] 287 3.09397 3.57133 TRACK
[PUSH_CTRL] 288 3.09087 3.57133 TRACK
[PUSH_CTRL] 289 3.08727 3.57133 TRACK
[PUSH_CTRL] 290 3.08336 3.57133 TRACK
[PUSH_CTRL] 291 3.07921 3.57133 TRACK
[PUSH_CTRL] 292 3.07467 3.57133 TRACK
[PUSH_CTRL] 293 3.06973 3.57133 TRACK
[PUSH_CTRL] 294 3.07952 3.57133 TRACK
[PUSH_CTRL] 295 3.07348 3.57133 TRACK
[PUSH_CTRL] 296 3.06704 3.57133 TRACK
[PUSH_CTRL] 297 3.06111 3.57133 TRACK
[PUSH_CTRL] 298 3.0558 3.57133 TRACK
[PUSH_CTRL] 299 3.05219 3.57133 TRACK
[PUSH_CTRL] 300 3.04956 3.57133 TRACK
[PUSH_CTRL] 301 3.04636 3.57133 TRACK
[PUSH_CTRL] 302 3.04263 3.57133 TRACK
[PUSH_CTRL] 303 3.03844 3.57133 TRACK
[PUSH_CTRL] 304 3.05031 3.57133 TRACK
[PUSH_CTRL] 305 3.04419 3.57133 TRACK
[PUSH_CTRL] 306 3.03733 3.57133 TRACK
[PUSH_CTRL] 307 3.03053 3.57133 TRACK
[PUSH_CTRL] 308 3.02378 3.57133 TRACK
[PUSH_CTRL] 309 3.01771 3.57133 TRACK
[PUSH_CTRL] 310 3.0119 3.57133 TRACK
[PUSH_CTRL] 311 3.00627 3.57133 TRACK
[PUSH_CTRL] 312 3.00062 3.57133 TRACK
[PUSH_CTRL] 313 2.99539 3.57133 TRACK
[PUSH_CTRL] 314 3.00863 3.57133 TRACK
[PUSH_CTRL] 315 3.00367 3.57133 TRACK
[PUSH_CTRL] 316 2.99863 3.57133 TRACK
[PUSH_CTRL] 317 2.99456 3.57133 TRACK
[PUSH_CTRL] 318 2.99157 3.57133 TRACK
[PUSH_CTRL] 319 2.98927 3.57133 TRACK
[PUSH_CTRL] 320 2.98755 3.57133 TRACK
[PUSH_CTRL] 321 2.98524 3.57133 TRACK
[PUSH_CTRL] 322 2.98207 3.57133 TRACK
[PUSH_CTRL] 323 2.99684 3.57133 TRACK
[PUSH_CTRL] 324 2.99214 3.57133 TRACK
[PUSH_CTRL] 325 2.98674 3.57133 TRACK
[PUSH_CTRL] 326 2.98063 3.57133 TRACK
[PUSH_CTRL] 327 2.97411 3.57133 TRACK
[PUSH_CTRL] 328 2.96752 3.57133 TRACK
[PUSH_CTRL] 329 2.96174 3.57133 TRACK
[PUSH_CTRL] 330 2.95688 3.57133 TRACK
[PUSH_CTRL] 331 2.95365 3.57133 TRACK
[PUSH_CTRL] 332 2.95168 3.57133 TRACK
[PUSH_CTRL] 333 2.96981 3.57133 TRACK
[PUSH_CTRL] 334 2.96693 3.57133 TRACK
[PUSH_CTRL] 335 2.96302 3.57133 TRACK
[PUSH_CTRL] 336 2.95871 3.57133 TRACK
[PUSH_CTRL] 337 2.9537 3.57133 TRACK
[PUSH_CTRL] 338 2.9481 3.57133 TRACK
[PUSH_CTRL] 339 2.94185 3.57133 TRACK
[PUSH_CTRL] 340 2.9354 3.57133 TRACK
[PUSH_CTRL] 341 2.92944 3.57133 TRACK
[PUSH_CTRL] 342 2.92463 3.57133 TRACK
[PUSH_CTRL] 343 2.94106 3.57133 TRACK
[PUSH_CTRL] 344 2.93624 3.57133 TRACK
[PUSH_CTRL] 345 2.9316 3.57133 TRACK
[PUSH_CTRL] 346 2.92778 3.57133 TRACK
[PUSH_CTRL] 347 2.92328 3.57133 TRACK
[PUSH_CTRL] 348 2.91797 3.57133 TRACK
[PUSH_CTRL] 349 2.91195 3.57133 TRACK
[PUSH_CTRL] 350 2.90548 3.57133 TRACK
[PUSH_CTRL] 351 2.89876 3.57133 TRACK
[PUSH_CTRL] 352 2.91364 3.57133 TRACK
[PUSH_CTRL] 353 2.90687 3.57133 TRACK
[PUSH_CTRL] 354 2.90037 3.57133 TRACK
[PUSH_CTRL] 355 2.89492 3.57133 TRACK
[PUSH_CTRL] 356 2.89081 3.57133 TRACK
[PUSH_CTRL] 357 2.88794 3.57133 TRACK
[PUSH_CTRL] 358 2.8845 3.57133 TRACK
[PUSH_CTRL] 359 2.88061 3.57133 TRACK
[PUSH_CTRL] 360 2.87637 3.57133 TRACK
[PUSH_CTRL] 361 2.87152 3.57133 TRACK
[PUSH_CTRL] 362 2.8887 3.57133 TRACK
[PUSH_CTRL] 363 2.88085 3.57133 TRACK
[PUSH_CTRL] 364 2.87251 3.57133 TRACK
[PUSH_CTRL] 365 2.86412 3.57133 TRACK
[PUSH_CTRL] 366 2.85599 3.57133 TRACK
[PUSH_CTRL] 367 2.84893 3.57133 TRACK
[PUSH_CTRL] 368 2.8436 3.57133 TRACK
[PUSH_CTRL] 369 2.83892 3.57133 TRACK
[PUSH_CTRL] 370 2.83436 3.57133 TRACK
[PUSH_CTRL] 371 2.82952 3.57133 TRACK
[PUSH_CTRL] 372 2.8483 3.57133 TRACK
[PUSH_CTRL] 373 2.84184 3.57133 TRACK
[PUSH_CTRL] 374 2.8349 3.57133 TRACK
[PUSH_CTRL] 375 2.82892 3.57133 TRACK
[PUSH_CTRL] 376 2.82426 3.57133 TRACK
[PUSH_CTRL] 377 2.81956 3.57133 TRACK
[PUSH_CTRL] 378 2.81573 3.57133 TRACK
[PUSH_CTRL] 379 2.81278 3.57133 TRACK
[PUSH_CTRL] 380 2.80935 3.57133 TRACK
[PUSH_CTRL] 381 2.80554 3.57133 TRACK
[PUSH_CTRL] 382 2.82645 3.57133 TRACK
[PUSH_CTRL] 383 2.82106 3.57133 TRACK
[PUSH_CTRL] 384 2.81477 3.57133 TRACK
[PUSH_CTRL] 385 2.80818 3.57133 TRACK
[PUSH_CTRL] 386 2.8015 3.57133 TRACK
[PUSH_CTRL] 387 2.79499 3.57133 TRACK
[PUSH_CTRL] 388 2.78839 3.57133 TRACK
[PUSH_CTRL] 389 2.78175 3.57133 TRACK
[PUSH_CTRL] 390 2.77601 3.57133 TRACK
[PUSH_CTRL] 391 2.77044 3.57133 TRACK
[PUSH_CTRL] 392 2.7649 3.57133 TRACK
[PUSH_CTRL] 393 2.78643 3.57133 TRACK
[PUSH_CTRL] 394 2.78046 3.57133 TRACK
[PUSH_CTRL] 395 2.77414 3.57133 TRACK
[PUSH_CTRL] 396 2.76856 3.57133 TRACK
[PUSH_CTRL] 397 2.76283 3.57133 TRACK
[PUSH_CTRL] 398 2.75692 3.57133 TRACK
[PUSH_CTRL] 399 2.75161 3.57133 TRACK
[PUSH_CTRL] 400 2.74618 3.57133 TRACK
[PUSH_CTRL] 401 2.74063 3.57133 TRACK
[PUSH_CTRL] 402 2.73506 3.57133 TRACK
[PUSH_CTRL] 403 2.75849 3.57133 TRACK
[PUSH_CTRL] 404 2.75292 3.57133 TRACK
[PUSH_CTRL] 405 2.74666 3.57133 TRACK
[PUSH_CTRL] 406 2.74011 3.57133 TRACK
[PUSH_CTRL] 407 2.73327 3.57133 TRACK
[PUSH_CTRL] 408 2.72653 3.57133 TRACK
[PUSH_CTRL] 409 2.72005 3.57133 TRACK
[PUSH_CTRL] 410 2.71389 3.57133 TRACK
[PUSH_CTRL] 411 2.7089 3.57133 TRACK
[PUSH_CTRL] 412 2.70377 3.57133 TRACK
[PUSH_CTRL] 413 2.72772 3.57133 TRACK
[PUSH_CTRL] 414 2.72127 3.57133 TRACK
[PUSH_CTRL] 415 2.71426 3.57133 TRACK
[PUSH_CTRL] 416 2.70718 3.57133 TRACK
[PUSH_CTRL] 417 2.70031 3.57133 TRACK
[PUSH_CTRL] 418 2.6938 3.57133 TRACK
[PUSH_CTRL] 419 2.68768 3.57133 TRACK
[PUSH_CTRL] 420 2.68197 3.57133 TRACK
[PUSH_CTRL] 421 2.67569 3.57133 TRACK
[PUSH_CTRL] 422 2.66905 3.57133 TRACK
[PUSH_CTRL] 423 2.66225 3.57133 TRACK
[PUSH_CTRL] 424 2.68621 3.57133 TRACK
[PUSH_CTRL] 425 2.67869 3.57133 TRACK
[PUSH_CTRL] 426 2.67095 3.57133 TRACK
[PUSH_CTRL] 427 2.66341 3.57133 TRACK
[PUSH_CTRL] 428 2.65632 3.57133 TRACK
[PUSH_CTRL] 429 2.64983 3.57133 TRACK
[PUSH_CTRL] 430 2.64463 3.57133 TRACK
[PUSH_CTRL] 431 2.64019 3.57133 TRACK
[PUSH_CTRL] 432 2.63737 3.57133 TRACK
[PUSH_CTRL] 433 2.63578 3.57133 TRACK
[PUSH_CTRL] 434 2.66672 3.57133 TRACK
[PUSH_CTRL] 435 2.6645 3.57133 TRACK
[PUSH_CTRL] 436 2.66179 3.57133 TRACK
[PUSH_CTRL] 437 2.65821 3.57133 TRACK
[PUSH_CTRL] 438 2.65421 3.57133 TRACK
[PUSH_CTRL] 439 2.64965 3.57133 TRACK
[PUSH_CTRL] 440 2.64458 3.57133 TRACK
[PUSH_CTRL] 441 2.63911 3.57133 TRACK
[PUSH_CTRL] 442 2.63315 3.57133 TRACK
[PUSH_CTRL] 443 2.62676 3.57133 TRACK
[PUSH_CTRL] 444 2.65309 3.57133 TRACK
[PUSH_CTRL] 445 2.64599 3.57133 TRACK
[PUSH_CTRL] 446 2.6387 3.57133 TRACK
[PUSH_CTRL] 447 2.63159 3.57133 TRACK
[PUSH_CTRL] 448 2.6242 3.57133 TRACK
[PUSH_CTRL] 449 2.61723 3.57133 TRACK
[PUSH_CTRL] 450 2.61089 3.57133 TRACK
[PUSH_CTRL] 451 2.60552 3.57133 TRACK
[PUSH_CTRL] 452 2.60076 3.57133 TRACK
[PUSH_CTRL] 453 2.59595 3.57133 TRACK
[PUSH_CTRL] 454 2.59125 3.57133 TRACK
[PUSH_CTRL] 455 2.62099 3.57133 TRACK
[PUSH_CTRL] 456 2.61447 3.57133 TRACK
[PUSH_CTRL] 457 2.60623 3.57133 TRACK
[PUSH_CTRL] 458 2.59776 3.57133 TRACK
[PUSH_CTRL] 459 2.58939 3.57133 TRACK
[PUSH_CTRL] 460 2.58174 3.57133 TRACK
[PUSH_CTRL] 461 2.57468 3.57133 TRACK
[PUSH_CTRL] 462 2.56821 3.57133 TRACK
[PUSH_CTRL] 463 2.56307 3.57133 TRACK
[PUSH_CTRL] 464 2.55909 3.57133 TRACK
[PUSH_CTRL] 465 2.59021 3.57133 TRACK
[PUSH_CTRL] 466 2.58508 3.57133 TRACK
[PUSH_CTRL] 467 2.57934 3.57133 TRACK
[PUSH_CTRL] 468 2.57333 3.57133 TRACK
[PUSH_CTRL] 469 2.56736 3.57133 TRACK
[PUSH_CTRL] 470 2.56163 3.57133 TRACK
[PUSH_CTRL] 471 2.55677 3.57133 TRACK
[PUSH_CTRL] 472 2.55261 3.57133 TRACK
[PUSH_CTRL] 473 2.54909 3.57133 TRACK
[PUSH_CTRL] 474 2.54478 3.57133 TRACK
[PUSH_CTRL] 475 2.54009 3.57133 TRACK
[PUSH_CTRL] 476 2.57093 3.57133 TRACK
[PUSH_CTRL] 477 2.56425 3.57133 TRACK
[PUSH_CTRL] 478 2.55702 3.57133 TRACK
[PUSH_CTRL] 479 2.54974 3.57133 TRACK
[PUSH_CTRL] 480 2.54271 3.57133 TRACK
[PUSH_CTRL] 481 2.53605 3.57133 TRACK
[PUSH_CTRL] 482 2.52981 3.57133 TRACK
[PUSH_CTRL] 483 2.52439 3.57133 TRACK
[PUSH_CTRL] 484 2.51918 3.57133 TRACK
[PUSH_CTRL] 485 2.51424 3.57133 TRACK
[PUSH_CTRL] 486 2.54647 3.57133 TRACK
[PUSH_CTRL] 487 2.53941 3.57133 TRACK
[PUSH_CTRL] 488 2.53172 3.57133 TRACK
[PUSH_CTRL] 489 2.5248 3.57133 TRACK
[PUSH_CTRL] 490 2.51835 3.57133 TRACK
[PUSH_CTRL] 491 2.51245 3.57133 TRACK
[PUSH_CTRL] 492 2.50703 3.57133 TRACK
[PUSH_CTRL] 493 2.50126 3.57133 TRACK
[PUSH_CTRL] 494 2.49562 3.57133 TRACK
[PUSH_CTRL] 495 2.49016 3.57133 TRACK
[PUSH_CTRL] 496 2.48508 3.57133 TRACK
[PUSH_CTRL] 497 2.51857 3.57133 TRACK
[PUSH_CTRL] 498 2.51227 3.57133 TRACK
[PUSH_CTRL] 499 2.50549 3.57133 TRACK
[PUSH_CTRL] 500 2.4991 3.57133 TRACK
[PUSH_CTRL] 501 2.49327 3.57133 TRACK
[PUSH_CTRL] 502 2.48921 3.57133 TRACK
[PUSH_CTRL] 503 2.4846 3.57133 TRACK
[PUSH_CTRL] 504 2.47978 3.57133 TRACK
[PUSH_CTRL] 505 2.47477 3.57133 TRACK
[PUSH_CTRL] 506 2.46981 3.57133 TRACK
[PUSH_CTRL] 507 2.50428 3.57133 TRACK
[PUSH_CTRL] 508 2.4983 3.57133 TRACK
[PUSH_CTRL] 509 2.49191 3.57133 TRACK
[PUSH_CTRL] 510 2.48576 3.57133 TRACK
[PUSH_CTRL] 511 2.47919 3.57133 TRACK
[PUSH_CTRL] 512 2.47274 3.57133 TRACK
[PUSH_CTRL] 513 2.4665 3.57133 TRACK
[PUSH_CTRL] 514 2.46064 3.57133 TRACK
[PUSH_CTRL] 515 2.45505 3.57133 TRACK
[PUSH_CTRL] 516 2.45023 3.57133 TRACK
[PUSH_CTRL] 517 2.44506 3.57133 TRACK
[PUSH_CTRL] 518 2.48077 3.57133 TRACK
[PUSH_CTRL] 519 2.47461 3.57133 TRACK
[PUSH_CTRL] 520 2.46784 3.57133 TRACK
[PUSH_CTRL] 521 2.46112 3.57133 TRACK
[PUSH_CTRL] 522 2.45469 3.57133 TRACK
[PUSH_CTRL] 523 2.44965 3.57133 TRACK
[PUSH_CTRL] 524 2.44591 3.57133 TRACK
[PUSH_CTRL] 525 2.44193 3.57133 TRACK
[PUSH_CTRL] 526 2.43881 3.57133 TRACK
[PUSH_CTRL] 527 2.43499 3.57133 TRACK
[PUSH_CTRL] 528 2.47184 3.57133 TRACK
[PUSH_CTRL] 529 2.46578 3.57133 TRACK
[PUSH_CTRL] 530 2.4587 3.57133 TRACK
[PUSH_CTRL] 531 2.45102 3.57133 TRACK
[PUSH_CTRL] 532 2.44332 3.57133 TRACK
[PUSH_CTRL] 533 2.43652 3.57133 TRACK
[PUSH_CTRL] 534 2.43132 3.57133 TRACK
[PUSH_CTRL] 535 2.42679 3.57133 TRACK
[PUSH_CTRL] 536 2.42219 3.57133 TRACK
[PUSH_CTRL] 537 2.41773 3.57133 TRACK
[PUSH_CTRL] 538 2.41436 3.57133 TRACK
[PUSH_CTRL] 539 2.45494 3.57133 TRACK
[PUSH_CTRL] 540 2.45161 3.57133 TRACK
[PUSH_CTRL] 541 2.44699 3.57133 TRACK
[PUSH_CTRL] 542 2.44138 3.57133 TRACK
[PUSH_CTRL] 543 2.43519 3.57133 TRACK
[PUSH_CTRL] 544 2.42917 3.57133 TRACK
[PUSH_CTRL] 545 2.42369 3.57133 TRACK
[PUSH_CTRL] 546 2.41807 3.57133 TRACK
[PUSH_CTRL] 547 2.41177 3.57133 TRACK
[PUSH_CTRL] 548 2.40524 3.57133 TRACK
[PUSH_CTRL] 549 2.39883 3.57133 TRACK
[PUSH_CTRL] 550 2.43583 3.57133 TRACK
[PUSH_CTRL] 551 2.42863 3.57133 TRACK
[PUSH_CTRL] 552 2.42156 3.57133 TRACK
[PUSH_CTRL] 553 2.41479 3.57133 TRACK
[PUSH_CTRL] 554 2.40795 3.57133 TRACK
[PUSH_CTRL] 555 2.40115 3.57133 TRACK
[PUSH_CTRL] 556 2.39464 3.57133 TRACK
[PUSH_CTRL] 557 2.38864 3.57133 TRACK
[PUSH_CTRL] 558 2.38311 3.57133 TRACK
[PUSH_CTRL] 559 2.37819 3.57133 TRACK
[PUSH_CTRL] 560 2.37412 3.57133 TRACK
[PUSH_CTRL] 561 2.41509 3.57133 TRACK
[PUSH_CTRL] 562 2.40927 3.57133 TRACK
[PUSH_CTRL] 563 2.40208 3.57133 TRACK
[PUSH_CTRL] 564 2.39472 3.57133 TRACK
[PUSH_CTRL] 565 2.38779 3.57133 TRACK
[PUSH_CTRL] 566 2.38146 3.57133 TRACK
[PUSH_CTRL] 567 2.37542 3.57133 TRACK
[PUSH_CTRL] 568 2.36976 3.57133 TRACK
[PUSH_CTRL] 569 2.36428 3.57133 TRACK
[PUSH_CTRL] 570 2.35876 3.57133 TRACK
[PUSH_CTRL] 571 2.35318 3.57133 TRACK
[PUSH_CTRL] 572 2.39283 3.57133 TRACK
[PUSH_CTRL] 573 2.38615 3.57133 TRACK
[PUSH_CTRL] 574 2.37924 3.57133 TRACK
[PUSH_CTRL] 575 2.37275 3.57133 TRACK
[PUSH_CTRL] 576 2.36718 3.57133 TRACK
[PUSH_CTRL] 577 2.36267 3.57133 TRACK
[PUSH_CTRL] 578 2.35994 3.57133 TRACK
[PUSH_CTRL] 579 2.35801 3.57133 TRACK
[PUSH_CTRL] 580 2.35571 3.57133 TRACK
[PUSH_CTRL] 581 2.35243 3.57133 TRACK
[PUSH_CTRL] 582 2.39407 3.57133 TRACK
[PUSH_CTRL] 583 2.38825 3.57133 TRACK
[PUSH_CTRL] 584 2.3811 3.57133 TRACK
[PUSH_CTRL] 585 2.37311 3.57133 TRACK
[PUSH_CTRL] 586 2.3652 3.57133 TRACK
[PUSH_CTRL] 587 2.35766 3.57133 TRACK
[PUSH_CTRL] 588 2.35132 3.57133 TRACK
[PUSH_CTRL] 589 2.34486 3.57133 TRACK
[PUSH_CTRL] 590 2.33829 3.57133 TRACK
[PUSH_CTRL] 591 2.33187 3.57133 TRACK
[PUSH_CTRL] 592 2.32572 3.57133 TRACK
[PUSH_CTRL] 593 2.3665 3.57133 TRACK
[PUSH_CTRL] 594 2.35967 3.57133 TRACK
[PUSH_CTRL] 595 2.35286 3.57133 TRACK
[PUSH_CTRL] 596 2.34756 3.57133 TRACK
[PUSH_CTRL] 597 2.34376 3.57133 TRACK
[PUSH_CTRL] 598 2.3403 3.57133 TRACK
[PUSH_CTRL] 599 2.33669 3.57133 TRACK
[PUSH_CTRL] 600 2.33301 3.57133 TRACK
[PUSH_CTRL] 601 2.3289 3.57133 TRACK
[PUSH_CTRL] 602 2.32442 3.57133 TRACK
[PUSH_CTRL] 603 2.36665 3.57133 TRACK
[PUSH_CTRL] 604 2.35949 3.57133 TRACK
[PUSH_CTRL] 605 2.35141 3.57133 TRACK
[PUSH_CTRL] 606 2.34334 3.57133 TRACK
[PUSH_CTRL] 607 2.33668 3.57133 TRACK
[PUSH_CTRL] 608 2.33113 3.57133 TRACK
[PUSH_CTRL] 609 2.32672 3.57133 TRACK
[PUSH_CTRL] 610 2.32247 3.57133 TRACK
[PUSH_CTRL] 611 2.31833 3.57133 TRACK
[PUSH_CTRL] 612 2.31401 3.57133 TRACK
[PUSH_CTRL] 613 2.30987 3.57133 TRACK
[PUSH_CTRL] 614 2.35282 3.57133 TRACK
[PUSH_CTRL] 615 2.34558 3.57133 TRACK
[PUSH_CTRL] 616 2.33744 3.57133 TRACK
[PUSH_CTRL] 617 2.32923 3.57133 TRACK
[PUSH_CTRL] 618 2.3214 3.57133 TRACK
[PUSH_CTRL] 619 2.31427 3.57133 TRACK
[PUSH_CTRL] 620 2.30798 3.57133 TRACK
[PUSH_CTRL] 621 2.30246 3.57133 TRACK
[PUSH_CTRL] 622 2.29935 3.57133 TRACK
[PUSH_CTRL] 623 2.29695 3.57133 TRACK
[PUSH_CTRL] 624 2.29389 3.57133 TRACK
[PUSH_CTRL] 625 2.3393 3.57133 TRACK
[PUSH_CTRL] 626 2.33393 3.57133 TRACK
[PUSH_CTRL] 627 2.32809 3.57133 TRACK
[PUSH_CTRL] 628 2.32147 3.57133 TRACK
[PUSH_CTRL] 629 2.31475 3.57133 TRACK
[PUSH_CTRL] 630 2.30828 3.57133 TRACK
[PUSH_CTRL] 631 2.3022 3.57133 TRACK
[PUSH_CTRL] 632 2.29644 3.57133 TRACK
[PUSH_CTRL] 633 2.29076 3.57133 TRACK
[PUSH_CTRL] 634 2.28326 3.57133 TRACK
[PUSH_CTRL] 635 2.27585 3.57133 TRACK
[PUSH_CTRL] 636 2.31868 3.57133 TRACK
[PUSH_CTRL] 637 2.31045 3.57133 TRACK
[PUSH_CTRL] 638 2.30258 3.57133 TRACK
[PUSH_CTRL] 639 2.29555 3.57133 TRACK
[PUSH_CTRL] 640 2.2895 3.57133 TRACK
[PUSH_CTRL] 641 2.28439 3.57133 TRACK
[PUSH_CTRL] 642 2.28021 3.57133 TRACK
[PUSH_CTRL] 643 2.27645 3.57133 TRACK
[PUSH_CTRL] 644 2.27329 3.57133 TRACK
[PUSH_CTRL] 645 2.27064 3.57133 TRACK
[PUSH_CTRL] 646 2.31748 3.57133 TRACK
[PUSH_CTRL] 647 2.31188 3.57133 TRACK
[PUSH_CTRL] 648 2.30502 3.57133 TRACK
[PUSH_CTRL] 649 2.29819 3.57133 TRACK
[PUSH_CTRL] 650 2.29131 3.57133 TRACK
[PUSH_CTRL] 651 2.28502 3.57133 TRACK
[PUSH_CTRL] 652 2.27934 3.57133 TRACK
[PUSH_CTRL] 653 2.27424 3.57133 TRACK
[PUSH_CTRL] 654 2.26963 3.57133 TRACK
[PUSH_CTRL] 655 2.2646 3.57133 TRACK
[PUSH_CTRL] 656 2.25913 3.57133 TRACK
[PUSH_CTRL] 657 2.30478 3.57133 TRACK
[PUSH_CTRL] 658 2.29812 3.57133 TRACK
[PUSH_CTRL] 659 2.29141 3.57133 TRACK
[PUSH_CTRL] 660 2.28499 3.57133 TRACK
[PUSH_CTRL] 661 2.27844 3.57133 TRACK
[PUSH_CTRL] 662 2.27199 3.57133 TRACK
[PUSH_CTRL] 663 2.26592 3.57133 TRACK
[PUSH_CTRL] 664 2.26027 3.57133 TRACK
[PUSH_CTRL] 665 2.25468 3.57133 TRACK
[PUSH_CTRL] 666 2.24878 3.57133 TRACK
[PUSH_CTRL] 667 2.24287 3.57133 TRACK
[PUSH_CTRL] 668 2.28898 3.57133 TRACK
[PUSH_CTRL] 669 2.28149 3.57133 TRACK
[PUSH_CTRL] 670 2.27433 3.57133 TRACK
[PUSH_CTRL] 671 2.26816 3.57133 TRACK
[PUSH_CTRL] 672 2.26392 3.57133 TRACK
[PUSH_CTRL] 673 2.2612 3.57133 TRACK
[PUSH_CTRL] 674 2.25791 3.57133 TRACK
[PUSH_CTRL] 675 2.25404 3.57133 TRACK
[PUSH_CTRL] 676 2.24954 3.57133 TRACK
[PUSH_CTRL] 677 2.24441 3.57133 TRACK
[PUSH_CTRL] 678 2.23869 3.57133 TRACK
[PUSH_CTRL] 679 2.28505 3.57133 TRACK
[PUSH_CTRL] 680 2.27671 3.57133 TRACK
[PUSH_CTRL] 681 2.26772 3.57133 TRACK
[PUSH_CTRL] 682 2.25894 3.57133 TRACK
[PUSH_CTRL] 683 2.25087 3.57133 TRACK
[PUSH_CTRL] 684 2.24335 3.57133 TRACK
[PUSH_CTRL] 685 2.23561 3.57133 TRACK
[PUSH_CTRL] 686 2.22847 3.57133 TRACK
[PUSH_CTRL] 687 2.22139 3.57133 TRACK
[PUSH_CTRL] 688 2.21454 3.57133 TRACK
[PUSH_CTRL] 689 2.20808 3.57133 TRACK
[PUSH_CTRL] 690 2.20202 3.57133 TRACK
[PUSH_CTRL] 691 2.2504 3.57133 TRACK
[PUSH_CTRL] 692 2.2435 3.57133 TRACK
[PUSH_CTRL] 693 2.23586 3.57133 TRACK
[PUSH_CTRL] 694 2.22918 3.57133 TRACK
[PUSH_CTRL] 695 2.22249 3.57133 TRACK
[PUSH_CTRL] 696 2.21552 3.57133 TRACK
[PUSH_CTRL] 697 2.20804 3.57133 TRACK
[PUSH_CTRL] 698 2.20113 3.57133 TRACK
[PUSH_CTRL] 699 2.19446 3.57133 TRACK
[PUSH_CTRL] 700 2.18816 3.57133 TRACK
[PUSH_CTRL] 701 2.18228 3.57133 TRACK
[PUSH_CTRL] 702 2.17682 3.57133 TRACK
[PUSH_CTRL] 703 2.22628 3.57133 TRACK
[PUSH_CTRL] 704 2.2202 3.57133 TRACK
[PUSH_CTRL] 705 2.21395 3.57133 TRACK
[PUSH_CTRL] 706 2.20881 3.57133 TRACK
[PUSH_CTRL] 707 2.20324 3.57133 TRACK
[PUSH_CTRL] 708 2.19751 3.57133 TRACK
[PUSH_CTRL] 709 2.1913 3.57133 TRACK
[PUSH_CTRL] 710 2.185 3.57133 TRACK
[PUSH_CTRL] 711 2.17872 3.57133 TRACK
[PUSH_CTRL] 712 2.17266 3.57133 TRACK
[PUSH_CTRL] 713 2.16716 3.57133 TRACK
[PUSH_CTRL] 714 2.21732 3.57133 TRACK
[PUSH_CTRL] 715 2.21149 3.57133 TRACK
[PUSH_CTRL] 716 2.20536 3.57133 TRACK
[PUSH_CTRL] 717 2.19869 3.57133 TRACK
[PUSH_CTRL] 718 2.19194 3.57133 TRACK
[PUSH_CTRL] 719 2.18575 3.57133 TRACK
[PUSH_CTRL] 720 2.1797 3.57133 TRACK
[PUSH_CTRL] 721 2.17428 3.57133 TRACK
[PUSH_CTRL] 722 2.16926 3.57133 TRACK
[PUSH_CTRL] 723 2.16465 3.57133 TRACK
[PUSH_CTRL] 724 2.16112 3.57133 TRACK
[PUSH_CTRL] 725 2.21316 3.57133 TRACK
[PUSH_CTRL] 726 2.20732 3.57133 TRACK
[PUSH_CTRL] 727 2.20099 3.57133 TRACK
[PUSH_CTRL] 728 2.1939 3.57133 TRACK
[PUSH_CTRL] 729 2.18683 3.57133 TRACK
[PUSH_CTRL] 730 2.18013 3.57133 TRACK
[PUSH_CTRL] 731 2.17393 3.57133 TRACK
[PUSH_CTRL] 732 2.16835 3.57133 TRACK
[PUSH_CTRL] 733 2.16292 3.57133 TRACK
[PUSH_CTRL] 734 2.15776 3.57133 TRACK
[PUSH_CTRL] 735 2.15329 3.57133 TRACK
[PUSH_CTRL] 736 2.20495 3.57133 TRACK
[PUSH_CTRL] 737 2.19802 3.57133 TRACK
[PUSH_CTRL] 738 2.19056 3.57133 TRACK
[PUSH_CTRL] 739 2.1833 3.57133 TRACK
[PUSH_CTRL] 740 2.1766 3.57133 TRACK
[PUSH_CTRL] 741 2.17042 3.57133 TRACK
[PUSH_CTRL] 742 2.16478 3.57133 TRACK
[PUSH_CTRL] 743 2.1599 3.57133 TRACK
[PUSH_CTRL] 744 2.15516 3.57133 TRACK
[PUSH_CTRL] 745 2.15019 3.57133 TRACK
[PUSH_CTRL] 746 2.14515 3.57133 TRACK
[PUSH_CTRL] 747 2.19737 3.57133 TRACK
[PUSH_CTRL] 748 2.1906 3.57133 TRACK
[PUSH_CTRL] 749 2.18247 3.57133 TRACK
[PUSH_CTRL] 750 2.17347 3.57133 TRACK
[PUSH_CTRL] 751 2.16388 3.57133 TRACK
[PUSH_CTRL] 752 2.15473 3.57133 TRACK
[PUSH_CTRL] 753 2.14594 3.57133 TRACK
[PUSH_CTRL] 754 2.13772 3.57133 TRACK
[PUSH_CTRL] 755 2.13019 3.57133 TRACK
[PUSH_CTRL] 756 2.12341 3.57133 TRACK
[PUSH_CTRL] 757 2.11766 3.57133 TRACK
[PUSH_CTRL] 758 2.11272 3.57133 TRACK
[PUSH_CTRL] 759 2.10906 3.57133 TRACK
[PUSH_CTRL] 760 2.16483 3.57133 TRACK
[PUSH_CTRL] 761 2.15977 3.57133 TRACK
[PUSH_CTRL] 762 2.15332 3.57133 TRACK
[PUSH_CTRL] 763 2.14682 3.57133 TRACK
[PUSH_CTRL] 764 2.13994 3.57133 TRACK
[PUSH_CTRL] 765 2.13313 3.57133 TRACK
[PUSH_CTRL] 766 2.12665 3.57133 TRACK
[PUSH_CTRL] 767 2.12071 3.57133 TRACK
[PUSH_CTRL] 768 2.11492 3.57133 TRACK
[PUSH_CTRL] 769 2.10901 3.57133 TRACK
[PUSH_CTRL] 770 2.1029 3.57133 TRACK
[PUSH_CTRL] 771 2.15508 3.57133 TRACK
[PUSH_CTRL] 772 2.14682 3.57133 TRACK
[PUSH_CTRL] 773 2.13801 3.57133 TRACK
[PUSH_CTRL] 774 2.13017 3.57133 TRACK
[PUSH_CTRL] 775 2.12447 3.57133 TRACK
[PUSH_CTRL] 776 2.11987 3.57133 TRACK
[PUSH_CTRL] 777 2.11619 3.57133 TRACK
[PUSH_CTRL] 778 2.11312 3.57133 TRACK
[PUSH_CTRL] 779 2.11056 3.57133 TRACK
[PUSH_CTRL] 780 2.10802 3.57133 TRACK
[PUSH_CTRL] 781 2.10466 3.57133 TRACK
[PUSH_CTRL] 782 2.15952 3.57133 TRACK
[PUSH_CTRL] 783 2.15329 3.57133 TRACK
[PUSH_CTRL] 784 2.14583 3.57133 TRACK
[PUSH_CTRL] 785 2.13779 3.57133 TRACK
[PUSH_CTRL] 786 2.12965 3.57133 TRACK
[PUSH_CTRL] 787 2.12176 3.57133 TRACK
[PUSH_CTRL] 788 2.11502 3.57133 TRACK
[PUSH_CTRL] 789 2.10956 3.57133 TRACK
[PUSH_CTRL] 790 2.10604 3.57133 TRACK
[PUSH_CTRL] 791 2.10394 3.57133 TRACK
[PUSH_CTRL] 792 2.10093 3.57133 TRACK
[PUSH_CTRL] 793 2.09732 3.57133 TRACK
[PUSH_CTRL] 794 2.15286 3.57133 TRACK
[PUSH_CTRL] 795 2.14674 3.57133 TRACK
[PUSH_CTRL] 796 2.13939 3.57133 TRACK
[PUSH_CTRL] 797 2.132 3.57133 TRACK
[PUSH_CTRL] 798 2.12425 3.57133 TRACK
[PUSH_CTRL] 799 2.11649 3.57133 TRACK
[PUSH_CTRL] 800 2.10901 3.57133 TRACK
[PUSH_CTRL] 801 2.10254 3.57133 TRACK
[PUSH_CTRL] 802 2.09658 3.57133 TRACK
[PUSH_CTRL] 803 2.09184 3.57133 TRACK
[PUSH_CTRL] 804 2.08705 3.57133 TRACK
[PUSH_CTRL] 805 2.08229 3.57133 TRACK
[PUSH_CTRL] 806 2.13842 3.57133 TRACK
[PUSH_CTRL] 807 2.13169 3.57133 TRACK
[PUSH_CTRL] 808 2.12392 3.57133 TRACK
[PUSH_CTRL] 809 2.11604 3.57133 TRACK
[PUSH_CTRL] 810 2.1086 3.57133 TRACK
[PUSH_CTRL] 811 2.10232 3.57133 TRACK
[PUSH_CTRL] 812 2.09587 3.57133 TRACK
[PUSH_CTRL] 813 2.08951 3.57133 TRACK
[PUSH_CTRL] 814 2.08342 3.57133 TRACK
[PUSH_CTRL] 815 2.07768 3.57133 TRACK
[PUSH_CTRL] 816 2.07234 3.57133 TRACK
[PUSH_CTRL] 817 2.12913 3.57133 TRACK
[PUSH_CTRL] 818 2.12241 3.57133 TRACK
[PUSH_CTRL] 819 2.11482 3.57133 TRACK
[PUSH_CTRL] 820 2.10716 3.57133 TRACK
[PUSH_CTRL] 821 2.09953 3.57133 TRACK
[PUSH_CTRL] 822 2.09225 3.57133 TRACK
[PUSH_CTRL] 823 2.08552 3.57133 TRACK
[PUSH_CTRL] 824 2.0793 3.57133 TRACK
[PUSH_CTRL] 825 2.07351 3.57133 TRACK
[PUSH_CTRL] 826 2.06787 3.57133 TRACK
[PUSH_CTRL] 827 2.06225 3.57133 TRACK
[PUSH_CTRL] 828 2.05626 3.57133 TRACK
[PUSH_CTRL] 829 2.05016 3.57133 TRACK
[PUSH_CTRL] 830 2.10579 3.57133 TRACK
[PUSH_CTRL] 831 2.09776 3.57133 TRACK
[PUSH_CTRL] 832 2.08915 3.57133 TRACK
[PUSH_CTRL] 833 2.08238 3.57133 TRACK
[PUSH_CTRL] 834 2.07743 3.57133 TRACK
[PUSH_CTRL] 835 2.07327 3.57133 TRACK
[PUSH_CTRL] 836 2.06994 3.57133 TRACK
[PUSH_CTRL] 837 2.06651 3.57133 TRACK
[PUSH_CTRL] 838 2.06249 3.57133 TRACK
[PUSH_CTRL] 839 2.05785 3.57133 TRACK
[PUSH_CTRL] 840 2.05283 3.57133 TRACK
[PUSH_CTRL] 841 2.10964 3.57133 TRACK
[PUSH_CTRL] 842 2.1021 3.57133 TRACK
[PUSH_CTRL] 843 2.09416 3.57133 TRACK
[PUSH_CTRL] 844 2.08672 3.57133 TRACK
[PUSH_CTRL] 845 2.0778 3.57133 TRACK
[PUSH_CTRL] 846 2.06918 3.57133 TRACK
[PUSH_CTRL] 847 2.06107 3.57133 TRACK
[PUSH_CTRL] 848 2.05362 3.57133 TRACK
[PUSH_CTRL] 849 2.04689 3.57133 TRACK
[PUSH_CTRL] 850 2.0412 3.57133 TRACK
[PUSH_CTRL] 851 2.03632 3.57133 TRACK
[PUSH_CTRL] 852 2.03132 3.57133 TRACK
[PUSH_CTRL] 853 2.02599 3.57133 TRACK
[PUSH_CTRL] 854 2.08361 3.57133 TRACK
[PUSH_CTRL] 855 2.07703 3.57133 TRACK
[PUSH_CTRL] 856 2.06969 3.57133 TRACK
[PUSH_CTRL] 857 2.06203 3.57133 TRACK
[PUSH_CTRL] 858 2.05465 3.57133 TRACK
[PUSH_CTRL] 859 2.04781 3.57133 TRACK
[PUSH_CTRL] 860 2.0416 3.57133 TRACK
[PUSH_CTRL] 861 2.03571 3.57133 TRACK
[PUSH_CTRL] 862 2.02969 3.57133 TRACK
[PUSH_CTRL] 863 2.02378 3.57133 TRACK
[PUSH_CTRL] 864 2.01818 3.57133 TRACK
[PUSH_CTRL] 865 2.01295 3.57133 TRACK
[PUSH_CTRL] 866 2.07238 3.57133 TRACK
[PUSH_CTRL] 867 2.06675 3.57133 TRACK
[PUSH_CTRL] 868 2.06148 3.57133 TRACK
[PUSH_CTRL] 869 2.05715 3.57133 TRACK
[PUSH_CTRL] 870 2.05302 3.57133 TRACK
[PUSH_CTRL] 871 2.04874 3.57133 TRACK
[PUSH_CTRL] 872 2.04414 3.57133 TRACK
[PUSH_CTRL] 873 2.03918 3.57133 TRACK
[PUSH_CTRL] 874 2.03394 3.57133 TRACK
[PUSH_CTRL] 875 2.02865 3.57133 TRACK
[PUSH_CTRL] 876 2.02352 3.57133 TRACK
[PUSH_CTRL] 877 2.08294 3.57133 TRACK
[PUSH_CTRL] 878 2.07781 3.57133 TRACK
[PUSH_CTRL] 879 2.0715 3.57133 TRACK
[PUSH_CTRL] 880 2.06437 3.57133 TRACK
[PUSH_CTRL] 881 2.05692 3.57133 TRACK
[PUSH_CTRL] 882 2.0496 3.57133 TRACK
[PUSH_CTRL] 883 2.04278 3.57133 TRACK
[PUSH_CTRL] 884 2.03657 3.57133 TRACK
[PUSH_CTRL] 885 2.0295 3.57133 TRACK
[PUSH_CTRL] 886 2.02309 3.57133 TRACK
[PUSH_CTRL] 887 2.01767 3.57133 TRACK
[PUSH_CTRL] 888 2.01357 3.57133 TRACK
[PUSH_CTRL] 889 2.0742 3.57133 TRACK
[PUSH_CTRL] 890 2.06787 3.57133 TRACK
[PUSH_CTRL] 891 2.06027 3.57133 TRACK
[PUSH_CTRL] 892 2.05258 3.57133 TRACK
[PUSH_CTRL] 893 2.04466 3.57133 TRACK
[PUSH_CTRL] 894 2.03695 3.57133 TRACK
[PUSH_CTRL] 895 2.02943 3.57133 TRACK
[PUSH_CTRL] 896 2.02256 3.57133 TRACK
[PUSH_CTRL] 897 2.01602 3.57133 TRACK
[PUSH_CTRL] 898 2.00991 3.57133 TRACK
[PUSH_CTRL] 899 2.00428 3.57133 TRACK
[PUSH_CTRL] 900 1.99911 3.57133 TRACK
[PUSH_CTRL] 901 1.99511 3.57133 TRACK
[PUSH_CTRL] 902 2.05679 3.57133 TRACK
[PUSH_CTRL] 903 2.05066 3.57133 TRACK
[PUSH_CTRL] 904 2.04339 3.57133 TRACK
[PUSH_CTRL] 905 2.03589 3.57133 TRACK
[PUSH_CTRL] 906 2.02806 3.57133 TRACK
[PUSH_CTRL] 907 2.02037 3.57133 TRACK
[PUSH_CTRL] 908 2.01314 3.57133 TRACK
[PUSH_CTRL] 909 2.00651 3.57133 TRACK
[PUSH_CTRL] 910 2.00051 3.57133 TRACK
[PUSH_CTRL] 911 1.99508 3.57133 TRACK
[PUSH_CTRL] 912 1.99014 3.57133 TRACK
[PUSH_CTRL] 913 1.98558 3.57133 TRACK
[PUSH_CTRL] 914 2.04661 3.57133 TRACK
[PUSH_CTRL] 915 2.03908 3.57133 TRACK
[PUSH_CTRL] 916 2.03144 3.57133 TRACK
[PUSH_CTRL] 917 2.02359 3.57133 TRACK
[PUSH_CTRL] 918 2.01566 3.57133 TRACK
[PUSH_CTRL] 919 2.00802 3.57133 TRACK
[PUSH_CTRL] 920 2.00093 3.57133 TRACK
[PUSH_CTRL] 921 1.99449 3.57133 TRACK
[PUSH_CTRL] 922 1.98902 3.57133 TRACK
[PUSH_CTRL] 923 1.98433 3.57133 TRACK
[PUSH_CTRL] 924 1.98126 3.57133 TRACK
[PUSH_CTRL] 925 1.97853 3.57133 TRACK
[PUSH_CTRL] 926 2.04143 3.57133 TRACK
[PUSH_CTRL] 927 2.03567 3.57133 TRACK
[PUSH_CTRL] 928 2.02839 3.57133 TRACK
[PUSH_CTRL] 929 2.02068 3.57133 TRACK
[PUSH_CTRL] 930 2.01317 3.57133 TRACK
[PUSH_CTRL] 931 2.00616 3.57133 TRACK
[PUSH_CTRL] 932 1.99978 3.57133 TRACK
[PUSH_CTRL] 933 1.99373 3.57133 TRACK
[PUSH_CTRL] 934 1.98729 3.57133 TRACK
[PUSH_CTRL] 935 1.98094 3.57133 TRACK
[PUSH_CTRL] 936 1.97454 3.57133 TRACK
[PUSH_CTRL] 937 1.96826 3.57133 TRACK
[PUSH_CTRL] 938 1.96253 3.57133 TRACK
[PUSH_CTRL] 939 2.02437 3.57133 TRACK
[PUSH_CTRL] 940 2.01833 3.57133 TRACK
[PUSH_CTRL] 941 2.01233 3.57133 TRACK
[PUSH_CTRL] 942 2.00647 3.57133 TRACK
[PUSH_CTRL] 943 2.0004 3.57133 TRACK
[PUSH_CTRL] 944 1.99446 3.57133 TRACK
[PUSH_CTRL] 945 1.98857 3.57133 TRACK
[PUSH_CTRL] 946 1.98275 3.57133 TRACK
[PUSH_CTRL] 947 1.97667 3.57133 TRACK
[PUSH_CTRL] 948 1.97083 3.57133 TRACK
[PUSH_CTRL] 949 1.96538 3.57133 TRACK
[PUSH_CTRL] 950 2.02733 3.57133 TRACK
[PUSH_CTRL] 951 2.02157 3.57133 TRACK
[PUSH_CTRL] 952 2.01459 3.57133 TRACK
[PUSH_CTRL] 953 2.00816 3.57133 TRACK
[PUSH_CTRL] 954 2.00178 3.57133 TRACK
[PUSH_CTRL] 955 1.99542 3.57133 TRACK
[PUSH_CTRL] 956 1.98979 3.57133 TRACK
[PUSH_CTRL] 957 1.9854 3.57133 TRACK
[PUSH_CTRL] 958 1.98099 3.57133 TRACK
[PUSH_CTRL] 959 1.97607 3.57133 TRACK
[PUSH_CTRL] 960 1.97086 3.57133 TRACK
[PUSH_CTRL] 961 1.96559 3.57133 TRACK
[PUSH_CTRL] 962 1.96042 3.57133 TRACK
[PUSH_CTRL] 963 2.02262 3.57133 TRACK
[PUSH_CTRL] 964 2.01625 3.57133 TRACK
[PUSH_CTRL] 965 2.00884 3.57133 TRACK
[PUSH_CTRL] 966 2.00146 3.57133 TRACK
[PUSH_CTRL] 967 1.99466 3.57133 TRACK
[PUSH_CTRL] 968 1.98859 3.57133 TRACK
[PUSH_CTRL] 969 1.98367 3.57133 TRACK
[PUSH_CTRL] 970 1.97871 3.57133 TRACK
[PUSH_CTRL] 971 1.97385 3.57133 TRACK
[PUSH_CTRL] 972 1.96914 3.57133 TRACK
[PUSH_CTRL] 973 1.96404 3.57133 TRACK
[PUSH_CTRL] 974 2.02601 3.57133 TRACK
[PUSH_CTRL] 975 2.01874 3.57133 TRACK
[PUSH_CTRL] 976 2.01061 3.57133 TRACK
[PUSH_CTRL] 977 2.00247 3.57133 TRACK
[PUSH_CTRL] 978 1.99429 3.57133 TRACK
[PUSH_CTRL] 979 1.98636 3.57133 TRACK
[PUSH_CTRL] 980 1.97863 3.57133 TRACK
[PUSH_CTRL] 981 1.9713 3.57133 TRACK
[PUSH_CTRL] 982 1.9645 3.57133 TRACK
[PUSH_CTRL] 983 1.9583 3.57133 TRACK
[PUSH_CTRL] 984 1.95313 3.57133 TRACK
[PUSH_CTRL] 985 1.94835 3.57133 TRACK
[PUSH_CTRL] 986 1.94483 3.57133 TRACK
[PUSH_CTRL] 987 2.01019 3.57133 TRACK
[PUSH_CTRL] 988 2.00426 3.57133 TRACK
[PUSH_CTRL] 989 1.99715 3.57133 TRACK
[PUSH_CTRL] 990 1.98937 3.57133 TRACK
[PUSH_CTRL] 991 1.98134 3.57133 TRACK
[PUSH_CTRL] 992 1.97357 3.57133 TRACK
[PUSH_CTRL] 993 1.96634 3.57133 TRACK
[PUSH_CTRL] 994 1.95978 3.57133 TRACK
[PUSH_CTRL] 995 1.95435 3.57133 TRACK
[PUSH_CTRL] 996 1.94929 3.57133 TRACK
[PUSH_CTRL] 997 1.94458 3.57133 TRACK
[PUSH_CTRL] 998 1.94092 3.57133 TRACK
[PUSH_CTRL] 999 2.0064 3.57133 TRACK
[PUSH_CTRL] 1000 2.00197 3.57133 TRACK
[PUSH_CTRL] 1001 1.99564 3.57133 TRACK
[PUSH_CTRL] 1002 1.98901 3.57133 TRACK
[PUSH_CTRL] 1003 1.98223 3.57133 TRACK
[PUSH_CTRL] 1004 1.97514 3.57133 TRACK
[PUSH_CTRL] 1005 1.9681 3.57133 TRACK
[PUSH_CTRL] 1006 1.96142 3.57133 TRACK
[PUSH_CTRL] 1007 1.95522 3.57133 TRACK
[PUSH_CTRL] 1008 1.94956 3.57133 TRACK
[PUSH_CTRL] 1009 1.94438 3.57133 TRACK
[PUSH_CTRL] 1010 1.93962 3.57133 TRACK
[PUSH_CTRL] 1011 1.93521 3.57133 TRACK
[PUSH_CTRL] 1012 2.00013 3.57133 TRACK
[PUSH_CTRL] 1013 1.99365 3.57133 TRACK
[PUSH_CTRL] 1014 1.98621 3.57133 TRACK
[PUSH_CTRL] 1015 1.97898 3.57133 TRACK
[PUSH_CTRL] 1016 1.97194 3.57133 TRACK
[PUSH_CTRL] 1017 1.96482 3.57133 TRACK
[PUSH_CTRL] 1018 1.9579 3.57133 TRACK
[PUSH_CTRL] 1019 1.95139 3.57133 TRACK
[PUSH_CTRL] 1020 1.94538 3.57133 TRACK
[PUSH_CTRL] 1021 1.9399 3.57133 TRACK
[PUSH_CTRL] 1022 1.93489 3.57133 TRACK
[PUSH_CTRL] 1023 1.93028 3.57133 TRACK
[PUSH_CTRL] 1024 1.99519 3.57133 TRACK
[PUSH_CTRL] 1025 1.98739 3.57133 TRACK
[PUSH_CTRL] 1026 1.97885 3.57133 TRACK
[PUSH_CTRL] 1027 1.97041 3.57133 TRACK
[PUSH_CTRL] 1028 1.96203 3.57133 TRACK
[PUSH_CTRL] 1029 1.95409 3.57133 TRACK
[PUSH_CTRL] 1030 1.94712 3.57133 TRACK
[PUSH_CTRL] 1031 1.9411 3.57133 TRACK
[PUSH_CTRL] 1032 1.93591 3.57133 TRACK
[PUSH_CTRL] 1033 1.93122 3.57133 TRACK
[PUSH_CTRL] 1034 1.92702 3.57133 TRACK
[PUSH_CTRL] 1035 1.92314 3.57133 TRACK
[PUSH_CTRL] 1036 1.91878 3.57133 TRACK
[PUSH_CTRL] 1037 1.98408 3.57133 TRACK
[PUSH_CTRL] 1038 1.97743 3.57133 TRACK
[PUSH_CTRL] 1039 1.9701 3.57133 TRACK
[PUSH_CTRL] 1040 1.96282 3.57133 TRACK
[PUSH_CTRL] 1041 1.95626 3.57133 TRACK
[PUSH_CTRL] 1042 1.95035 3.57133 TRACK
[PUSH_CTRL] 1043 1.9444 3.57133 TRACK
[PUSH_CTRL] 1044 1.93858 3.57133 TRACK
[PUSH_CTRL] 1045 1.93305 3.57133 TRACK
[PUSH_CTRL] 1046 1.92787 3.57133 TRACK
[PUSH_CTRL] 1047 1.92304 3.57133 TRACK
[PUSH_CTRL] 1048 1.91824 3.57133 TRACK
[PUSH_CTRL] 1049 1.98354 3.57133 TRACK
[PUSH_CTRL] 1050 1.97649 3.57133 TRACK
[PUSH_CTRL] 1051 1.96862 3.57133 TRACK
[PUSH_CTRL] 1052 1.96053 3.57133 TRACK
[PUSH_CTRL] 1053 1.95274 3.57133 TRACK
[PUSH_CTRL] 1054 1.94554 3.57133 TRACK
[PUSH_CTRL] 1055 1.94005 3.57133 TRACK
[PUSH_CTRL] 1056 1.93597 3.57133 TRACK
[PUSH_CTRL] 1057 1.93256 3.57133 TRACK
[PUSH_CTRL] 1058 1.92911 3.57133 TRACK
[PUSH_CTRL] 1059 1.925 3.57133 TRACK
[PUSH_CTRL] 1060 1.9205 3.57133 TRACK
[PUSH_CTRL] 1061 1.98631 3.57133 TRACK
[PUSH_CTRL] 1062 1.97922 3.57133 TRACK
[PUSH_CTRL] 1063 1.97129 3.57133 TRACK
[PUSH_CTRL] 1064 1.96343 3.57133 TRACK
[PUSH_CTRL] 1065 1.956 3.57133 TRACK
[PUSH_CTRL] 1066 1.94899 3.57133 TRACK
[PUSH_CTRL] 1067 1.94225 3.57133 TRACK
[PUSH_CTRL] 1068 1.93547 3.57133 TRACK
[PUSH_CTRL] 1069 1.92857 3.57133 TRACK
[PUSH_CTRL] 1070 1.92213 3.57133 TRACK
[PUSH_CTRL] 1071 1.91583 3.57133 TRACK
[PUSH_CTRL] 1072 1.90993 3.57133 TRACK
[PUSH_CTRL] 1073 1.90446 3.57133 TRACK
[PUSH_CTRL] 1074 1.97041 3.57133 TRACK
[PUSH_CTRL] 1075 1.96319 3.57133 TRACK
[PUSH_CTRL] 1076 1.95524 3.57133 TRACK
[PUSH_CTRL] 1077 1.94812 3.57133 TRACK
[PUSH_CTRL] 1078 1.94129 3.57133 TRACK
[PUSH_CTRL] 1079 1.9348 3.57133 TRACK
[PUSH_CTRL] 1080 1.92843 3.57133 TRACK
[PUSH_CTRL] 1081 1.92236 3.57133 TRACK
[PUSH_CTRL] 1082 1.91676 3.57133 TRACK
[PUSH_CTRL] 1083 1.91221 3.57133 TRACK
[PUSH_CTRL] 1084 1.90866 3.57133 TRACK
[PUSH_CTRL] 1085 1.90572 3.57133 TRACK
[PUSH_CTRL] 1086 1.97461 3.57133 TRACK
[PUSH_CTRL] 1087 1.96797 3.57133 TRACK
[PUSH_CTRL] 1088 1.96007 3.57133 TRACK
[PUSH_CTRL] 1089 1.95248 3.57133 TRACK
[PUSH_CTRL] 1090 1.94509 3.57133 TRACK
[PUSH_CTRL] 1091 1.93889 3.57133 TRACK
[PUSH_CTRL] 1092 1.93378 3.57133 TRACK
[PUSH_CTRL] 1093 1.92874 3.57133 TRACK
[PUSH_CTRL] 1094 1.92365 3.57133 TRACK
[PUSH_CTRL] 1095 1.91838 3.57133 TRACK
[PUSH_CTRL] 1096 1.91311 3.57133 TRACK
[PUSH_CTRL] 1097 1.908 3.57133 TRACK
[PUSH_CTRL] 1098 1.97472 3.57133 TRACK
[PUSH_CTRL] 1099 1.96756 3.57133 TRACK
[PUSH_CTRL] 1100 1.95951 3.57133 TRACK
[PUSH_CTRL] 1101 1.95167 3.57133 TRACK
[PUSH_CTRL] 1102 1.94383 3.57133 TRACK
[PUSH_CTRL] 1103 1.93616 3.57133 TRACK
[PUSH_CTRL] 1104 1.9293 3.57133 TRACK
[PUSH_CTRL] 1105 1.92291 3.57133 TRACK
[PUSH_CTRL] 1106 1.91778 3.57133 TRACK
[PUSH_CTRL] 1107 1.91391 3.57133 TRACK
[PUSH_CTRL] 1108 1.91101 3.57133 TRACK
[PUSH_CTRL] 1109 1.90955 3.57133 TRACK
[PUSH_CTRL] 1110 1.97962 3.57133 TRACK
[PUSH_CTRL] 1111 1.97454 3.57133 TRACK
[PUSH_CTRL] 1112 1.96805 3.57133 TRACK
[PUSH_CTRL] 1113 1.96088 3.57133 TRACK
[PUSH_CTRL] 1114 1.95368 3.57133 TRACK
[PUSH_CTRL] 1115 1.94683 3.57133 TRACK
[PUSH_CTRL] 1116 1.94052 3.57133 TRACK
[PUSH_CTRL] 1117 1.93488 3.57133 TRACK
[PUSH_CTRL] 1118 1.93043 3.57133 TRACK
[PUSH_CTRL] 1119 1.92619 3.57133 TRACK
[PUSH_CTRL] 1120 1.92168 3.57133 TRACK
[PUSH_CTRL] 1121 1.9167 3.57133 TRACK
[PUSH_CTRL] 1122 1.98385 3.57133 TRACK
[PUSH_CTRL] 1123 1.97668 3.57133 TRACK
[PUSH_CTRL] 1124 1.96859 3.57133 TRACK
[PUSH_CTRL] 1125 1.9605 3.57133 TRACK
[PUSH_CTRL] 1126 1.95289 3.57133 TRACK
[PUSH_CTRL] 1127 1.94595 3.57133 TRACK
[PUSH_CTRL] 1128 1.94008 3.57133 TRACK
[PUSH_CTRL] 1129 1.9355 3.57133 TRACK
[PUSH_CTRL] 1130 1.93214 3.57133 TRACK
[PUSH_CTRL] 1131 1.92876 3.57133 TRACK
[PUSH_CTRL] 1132 1.92498 3.57133 TRACK
[PUSH_CTRL] 1133 1.9209 3.57133 TRACK
[PUSH_CTRL] 1134 1.98897 3.57133 TRACK
[PUSH_CTRL] 1135 1.98223 3.57133 TRACK
[PUSH_CTRL] 1136 1.97446 3.57133 TRACK
[PUSH_CTRL] 1137 1.96658 3.57133 TRACK
[PUSH_CTRL] 1138 1.9591 3.57133 TRACK
[PUSH_CTRL] 1139 1.95226 3.57133 TRACK
[PUSH_CTRL] 1140 1.94643 3.57133 TRACK
[PUSH_CTRL] 1141 1.94188 3.57133 TRACK
[PUSH_CTRL] 1142 1.93828 3.57133 TRACK
[PUSH_CTRL] 1143 1.93471 3.57133 TRACK
[PUSH_CTRL] 1144 1.93139 3.57133 TRACK
[PUSH_CTRL] 1145 1.92806 3.57133 TRACK
[PUSH_CTRL] 1146 1.99806 3.57133 TRACK
[PUSH_CTRL] 1147 1.99234 3.57133 TRACK
[PUSH_CTRL] 1148 1.98528 3.57133 TRACK
[PUSH_CTRL] 1149 1.9779 3.57133 TRACK
[PUSH_CTRL] 1150 1.97048 3.57133 TRACK
[PUSH_CTRL] 1151 1.96324 3.57133 TRACK
[PUSH_CTRL] 1152 1.95611 3.57133 TRACK
[PUSH_CTRL] 1153 1.94923 3.57133 TRACK
[PUSH_CTRL] 1154 1.94277 3.57133 TRACK
[PUSH_CTRL] 1155 1.93723 3.57133 TRACK
[PUSH_CTRL] 1156 1.93202 3.57133 TRACK
[PUSH_CTRL] 1157 1.92715 3.57133 TRACK
[PUSH_CTRL] 1158 1.9959 3.57133 TRACK
[PUSH_CTRL] 1159 1.98843 3.57133 TRACK
[PUSH_CTRL] 1160 1.9794 3.57133 TRACK
[PUSH_CTRL] 1161 1.97024 3.57133 TRACK
[PUSH_CTRL] 1162 1.96126 3.57133 TRACK
[PUSH_CTRL] 1163 1.9533 3.57133 TRACK
[PUSH_CTRL] 1164 1.94594 3.57133 TRACK
[PUSH_CTRL] 1165 1.93936 3.57133 TRACK
[PUSH_CTRL] 1166 1.9335 3.57133 TRACK
[PUSH_CTRL] 1167 1.92837 3.57133 TRACK
[PUSH_CTRL] 1168 1.92448 3.57133 TRACK
[PUSH_CTRL] 1169 1.92068 3.57133 TRACK
[PUSH_CTRL] 1170 1.99029 3.57133 TRACK
[PUSH_CTRL] 1171 1.98448 3.57133 TRACK
[PUSH_CTRL] 1172 1.97804 3.57133 TRACK
[PUSH_CTRL] 1173 1.97144 3.57133 TRACK
[PUSH_CTRL] 1174 1.96474 3.57133 TRACK
[PUSH_CTRL] 1175 1.95867 3.57133 TRACK
[PUSH_CTRL] 1176 1.95296 3.57133 TRACK
[PUSH_CTRL] 1177 1.94709 3.57133 TRACK
[PUSH_CTRL] 1178 1.94128 3.57133 TRACK
[PUSH_CTRL] 1179 1.93568 3.57133 TRACK
[PUSH_CTRL] 1180 1.93041 3.57133 TRACK
[PUSH_CTRL] 1181 1.92555 3.57133 TRACK
[PUSH_CTRL] 1182 1.99633 3.57133 TRACK
[PUSH_CTRL] 1183 1.98992 3.57133 TRACK
[PUSH_CTRL] 1184 1.98227 3.57133 TRACK
[PUSH_CTRL] 1185 1.97437 3.57133 TRACK
[PUSH_CTRL] 1186 1.96685 3.57133 TRACK
[PUSH_CTRL] 1187 1.96055 3.57133 TRACK
[PUSH_CTRL] 1188 1.95536 3.57133 TRACK
[PUSH_CTRL] 1189 1.95112 3.57133 TRACK
[PUSH_CTRL] 1190 1.94694 3.57133 TRACK
[PUSH_CTRL] 1191 1.94223 3.57133 TRACK
[PUSH_CTRL] 1192 1.93713 3.57133 TRACK
[PUSH_CTRL] 1193 1.93193 3.57133 TRACK
[PUSH_CTRL] 1194 2.00051 3.57133 TRACK
[PUSH_CTRL] 1195 1.99302 3.57133 TRACK
[PUSH_CTRL] 1196 1.98544 3.57133 TRACK
[PUSH_CTRL] 1197 1.97928 3.57133 TRACK
[PUSH_CTRL] 1198 1.97401 3.57133 TRACK
[PUSH_CTRL] 1199 1.96973 3.57133 TRACK
[PUSH_CTRL] 1200 1.96559 3.57133 TRACK
[PUSH_CTRL] 1201 1.96086 3.57133 TRACK
[PUSH_CTRL] 1202 1.95599 3.57133 TRACK
[PUSH_CTRL] 1203 1.95122 3.57133 TRACK
[PUSH_CTRL] 1204 1.94658 3.57133 TRACK
[PUSH_CTRL] 1205 2.01662 3.57133 TRACK
[PUSH_CTRL] 1206 2.01161 3.57133 TRACK
[PUSH_CTRL] 1207 2.00538 3.57133 TRACK
[PUSH_CTRL] 1208 1.99867 3.57133 TRACK
[PUSH_CTRL] 1209 1.99166 3.57133 TRACK
[PUSH_CTRL] 1210 1.98449 3.57133 TRACK
[PUSH_CTRL] 1211 1.97746 3.57133 TRACK
[PUSH_CTRL] 1212 1.97082 3.57133 TRACK
[PUSH_CTRL] 1213 1.96478 3.57133 TRACK
[PUSH_CTRL] 1214 1.95939 3.57133 TRACK
[PUSH_CTRL] 1215 1.95536 3.57133 TRACK
[PUSH_CTRL] 1216 1.9526 3.57133 TRACK
[PUSH_CTRL] 1217 2.02508 3.57133 TRACK
[PUSH_CTRL] 1218 2.02051 3.57133 TRACK
[PUSH_CTRL] 1219 2.01505 3.57133 TRACK
[PUSH_CTRL] 1220 2.00956 3.57133 TRACK
[PUSH_CTRL] 1221 2.0046 3.57133 TRACK
[PUSH_CTRL] 1222 1.99974 3.57133 TRACK
[PUSH_CTRL] 1223 1.99453 3.57133 TRACK
[PUSH_CTRL] 1224 1.98916 3.57133 TRACK
[PUSH_CTRL] 1225 1.98356 3.57133 TRACK
[PUSH_CTRL] 1226 1.97795 3.57133 TRACK
[PUSH_CTRL] 1227 1.97252 3.57133 TRACK
[PUSH_CTRL] 1228 2.04123 3.57133 TRACK
[PUSH_CTRL] 1229 2.03244 3.57133 TRACK
[PUSH_CTRL] 1230 2.02278 3.57133 TRACK
[PUSH_CTRL] 1231 2.01321 3.57133 TRACK
[PUSH_CTRL] 1232 2.00419 3.57133 TRACK
[PUSH_CTRL] 1233 1.9961 3.57133 TRACK
[PUSH_CTRL] 1234 1.98901 3.57133 TRACK
[PUSH_CTRL] 1235 1.98381 3.57133 TRACK
[PUSH_CTRL] 1236 1.98076 3.57133 TRACK
[PUSH_CTRL] 1237 1.97918 3.57133 TRACK
[PUSH_CTRL] 1238 1.97773 3.57133 TRACK
[PUSH_CTRL] 1239 1.97565 3.57133 TRACK
[PUSH_CTRL] 1240 2.04746 3.57133 TRACK
[PUSH_CTRL] 1241 2.04239 3.57133 TRACK
[PUSH_CTRL] 1242 2.03589 3.57133 TRACK
[PUSH_CTRL] 1243 2.02914 3.57133 TRACK
[PUSH_CTRL] 1244 2.02203 3.57133 TRACK
[PUSH_CTRL] 1245 2.01471 3.57133 TRACK
[PUSH_CTRL] 1246 2.00767 3.57133 TRACK
[PUSH_CTRL] 1247 2.00267 3.57133 TRACK
[PUSH_CTRL] 1248 1.99865 3.57133 TRACK
[PUSH_CTRL] 1249 1.9944 3.57133 TRACK
[PUSH_CTRL] 1250 1.99192 3.57133 TRACK
[PUSH_CTRL] 1251 2.0629 3.57133 TRACK
[PUSH_CTRL] 1252 2.05742 3.57133 TRACK
[PUSH_CTRL] 1253 2.0506 3.57133 TRACK
[PUSH_CTRL] 1254 2.04265 3.57133 TRACK
[PUSH_CTRL] 1255 2.03442 3.57133 TRACK
[PUSH_CTRL] 1256 2.02629 3.57133 TRACK
[PUSH_CTRL] 1257 2.0186 3.57133 TRACK
[PUSH_CTRL] 1258 2.01156 3.57133 TRACK
[PUSH_CTRL] 1259 2.00516 3.57133 TRACK
[PUSH_CTRL] 1260 2.00015 3.57133 TRACK
[PUSH_CTRL] 1261 1.9962 3.57133 TRACK
[PUSH_CTRL] 1262 1.99319 3.57133 TRACK
[PUSH_CTRL] 1263 2.06408 3.57133 TRACK
[PUSH_CTRL] 1264 2.05755 3.57133 TRACK
[PUSH_CTRL] 1265 2.05042 3.57133 TRACK
[PUSH_CTRL] 1266 2.04361 3.57133 TRACK
[PUSH_CTRL] 1267 2.03658 3.57133 TRACK
[PUSH_CTRL] 1268 2.02985 3.57133 TRACK
[PUSH_CTRL] 1269 2.02362 3.57133 TRACK
[PUSH_CTRL] 1270 2.01794 3.57133 TRACK
[PUSH_CTRL] 1271 2.01243 3.57133 TRACK
[PUSH_CTRL] 1272 2.00641 3.57133 TRACK
[PUSH_CTRL] 1273 2.00021 3.57133 TRACK
[PUSH_CTRL] 1274 1.99474 3.57133 TRACK
[PUSH_CTRL] 1275 2.06442 3.57133 TRACK
[PUSH_CTRL] 1276 2.05794 3.57133 TRACK
[PUSH_CTRL] 1277 2.05108 3.57133 TRACK
[PUSH_CTRL] 1278 2.04484 3.57133 TRACK
[PUSH_CTRL] 1279 2.04022 3.57133 TRACK
[PUSH_CTRL] 1280 2.03701 3.57133 TRACK
[PUSH_CTRL] 1281 2.03428 3.57133 TRACK
[PUSH_CTRL] 1282 2.03117 3.57133 TRACK
[PUSH_CTRL] 1283 2.02748 3.57133 TRACK
[PUSH_CTRL] 1284 2.0233 3.57133 TRACK
[PUSH_CTRL] 1285 2.09269 3.57133 TRACK
[PUSH_CTRL] 1286 2.08606 3.57133 TRACK
[PUSH_CTRL] 1287 2.07803 3.57133 TRACK
[PUSH_CTRL] 1288 2.06957 3.57133 TRACK
[PUSH_CTRL] 1289 2.06217 3.57133 TRACK
[PUSH_CTRL] 1290 2.05593 3.57133 TRACK
[PUSH_CTRL] 1291 2.05086 3.57133 TRACK
[PUSH_CTRL] 1292 2.04684 3.57133 TRACK
[PUSH_CTRL] 1293 2.04372 3.57133 TRACK
[PUSH_CTRL] 1294 2.04155 3.57133 TRACK
[PUSH_CTRL] 1295 2.03906 3.57133 TRACK
[PUSH_CTRL] 1296 2.10979 3.57133 TRACK
[PUSH_CTRL] 1297 2.10308 3.57133 TRACK
[PUSH_CTRL] 1298 2.09529 3.57133 TRACK
[PUSH_CTRL] 1299 2.08702 3.57133 TRACK
[PUSH_CTRL] 1300 2.07861 3.57133 TRACK
[PUSH_CTRL] 1301 2.07058 3.57133 TRACK
[PUSH_CTRL] 1302 2.06322 3.57133 TRACK
[PUSH_CTRL] 1303 2.05712 3.57133 TRACK
[PUSH_CTRL] 1304 2.05238 3.57133 TRACK
[PUSH_CTRL] 1305 2.04879 3.57133 TRACK
[PUSH_CTRL] 1306 2.04605 3.57133 TRACK
[PUSH_CTRL] 1307 2.04325 3.57133 TRACK
[PUSH_CTRL] 1308 2.11409 3.57133 TRACK
[PUSH_CTRL] 1309 2.10815 3.57133 TRACK
[PUSH_CTRL] 1310 2.1011 3.57133 TRACK
[PUSH_CTRL] 1311 2.09354 3.57133 TRACK
[PUSH_CTRL] 1312 2.08607 3.57133 TRACK
[PUSH_CTRL] 1313 2.07912 3.57133 TRACK
[PUSH_CTRL] 1314 2.0728 3.57133 TRACK
[PUSH_CTRL] 1315 2.06711 3.57133 TRACK
[PUSH_CTRL] 1316 2.06178 3.57133 TRACK
[PUSH_CTRL] 1317 2.05675 3.57133 TRACK
[PUSH_CTRL] 1318 2.05237 3.57133 TRACK
[PUSH_CTRL] 1319 2.12246 3.57133 TRACK
[PUSH_CTRL] 1320 2.11594 3.57133 TRACK
[PUSH_CTRL] 1321 2.10904 3.57133 TRACK
[PUSH_CTRL] 1322 2.10256 3.57133 TRACK
[PUSH_CTRL] 1323 2.09757 3.57133 TRACK
[PUSH_CTRL] 1324 2.09398 3.57133 TRACK
[PUSH_CTRL] 1325 2.09098 3.57133 TRACK
[PUSH_CTRL] 1326 2.08729 3.57133 TRACK
[PUSH_CTRL] 1327 2.08304 3.57133 TRACK
[PUSH_CTRL] 1328 2.07822 3.57133 TRACK
[PUSH_CTRL] 1329 2.07288 3.57133 TRACK
[PUSH_CTRL] 1330 2.14108 3.57133 TRACK
[PUSH_CTRL] 1331 2.13255 3.57133 TRACK
[PUSH_CTRL] 1332 2.12314 3.57133 TRACK
[PUSH_CTRL] 1333 2.11386 3.57133 TRACK
[PUSH_CTRL] 1334 2.10461 3.57133 TRACK
[PUSH_CTRL] 1335 2.0955 3.57133 TRACK
[PUSH_CTRL] 1336 2.08693 3.57133 TRACK
[PUSH_CTRL] 1337 2.07913 3.57133 TRACK
[PUSH_CTRL] 1338 2.07223 3.57133 TRACK
[PUSH_CTRL] 1339 2.06622 3.57133 TRACK
[PUSH_CTRL] 1340 2.06167 3.57133 TRACK
[PUSH_CTRL] 1341 2.05706 3.57133 TRACK
[PUSH_CTRL] 1342 2.05243 3.57133 TRACK
[PUSH_CTRL] 1343 2.1225 3.57133 TRACK
[PUSH_CTRL] 1344 2.11594 3.57133 TRACK
[PUSH_CTRL] 1345 2.10814 3.57133 TRACK
[PUSH_CTRL] 1346 2.10021 3.57133 TRACK
[PUSH_CTRL] 1347 2.09266 3.57133 TRACK
[PUSH_CTRL] 1348 2.08574 3.57133 TRACK
[PUSH_CTRL] 1349 2.07951 3.57133 TRACK
[PUSH_CTRL] 1350 2.07373 3.57133 TRACK
[PUSH_CTRL] 1351 2.06787 3.57133 TRACK
[PUSH_CTRL] 1352 2.06182 3.57133 TRACK
[PUSH_CTRL] 1353 2.05583 3.57133 TRACK
[PUSH_CTRL] 1354 2.1241 3.57133 TRACK
[PUSH_CTRL] 1355 2.11613 3.57133 TRACK
[PUSH_CTRL] 1356 2.10743 3.57133 TRACK
[PUSH_CTRL] 1357 2.0989 3.57133 TRACK
[PUSH_CTRL] 1358 2.09099 3.57133 TRACK
[PUSH_CTRL] 1359 2.08421 3.57133 TRACK
[PUSH_CTRL] 1360 2.07912 3.57133 TRACK
[PUSH_CTRL] 1361 2.07597 3.57133 TRACK
[PUSH_CTRL] 1362 2.07284 3.57133 TRACK
[PUSH_CTRL] 1363 2.06924 3.57133 TRACK
[PUSH_CTRL] 1364 2.06562 3.57133 TRACK
[PUSH_CTRL] 1365 2.06155 3.57133 TRACK
[PUSH_CTRL] 1366 2.13202 3.57133 TRACK
[PUSH_CTRL] 1367 2.12547 3.57133 TRACK
[PUSH_CTRL] 1368 2.118 3.57133 TRACK
[PUSH_CTRL] 1369 2.11059 3.57133 TRACK
[PUSH_CTRL] 1370 2.10364 3.57133 TRACK
[PUSH_CTRL] 1371 2.09718 3.57133 TRACK
[PUSH_CTRL] 1372 2.09104 3.57133 TRACK
[PUSH_CTRL] 1373 2.0852 3.57133 TRACK
[PUSH_CTRL] 1374 2.07995 3.57133 TRACK
[PUSH_CTRL] 1375 2.07438 3.57133 TRACK
[PUSH_CTRL] 1376 2.06894 3.57133 TRACK
[PUSH_CTRL] 1377 2.13781 3.57133 TRACK
[PUSH_CTRL] 1378 2.13035 3.57133 TRACK
[PUSH_CTRL] 1379 2.12225 3.57133 TRACK
[PUSH_CTRL] 1380 2.11428 3.57133 TRACK
[PUSH_CTRL] 1381 2.10671 3.57133 TRACK
[PUSH_CTRL] 1382 2.09978 3.57133 TRACK
[PUSH_CTRL] 1383 2.09384 3.57133 TRACK
[PUSH_CTRL] 1384 2.08893 3.57133 TRACK
[PUSH_CTRL] 1385 2.08484 3.57133 TRACK
[PUSH_CTRL] 1386 2.08081 3.57133 TRACK
[PUSH_CTRL] 1387 2.07689 3.57133 TRACK
[PUSH_CTRL] 1388 2.14722 3.57133 TRACK
[PUSH_CTRL] 1389 2.14093 3.57133 TRACK
[PUSH_CTRL] 1390 2.13316 3.57133 TRACK
[PUSH_CTRL] 1391 2.12567 3.57133 TRACK
[PUSH_CTRL] 1392 2.11781 3.57133 TRACK
[PUSH_CTRL] 1393 2.10993 3.57133 TRACK
[PUSH_CTRL] 1394 2.10239 3.57133 TRACK
[PUSH_CTRL] 1395 2.0954 3.57133 TRACK
[PUSH_CTRL] 1396 2.08902 3.57133 TRACK
[PUSH_CTRL] 1397 2.08325 3.57133 TRACK
[PUSH_CTRL] 1398 2.078 3.57133 TRACK
[PUSH_CTRL] 1399 2.14772 3.57133 TRACK
[PUSH_CTRL] 1400 2.14012 3.57133 TRACK
[PUSH_CTRL] 1401 2.13077 3.57133 TRACK
[PUSH_CTRL] 1402 2.12092 3.57133 TRACK
[PUSH_CTRL] 1403 2.11144 3.57133 TRACK
[PUSH_CTRL] 1404 2.10268 3.57133 TRACK
[PUSH_CTRL] 1405 2.0948 3.57133 TRACK
[PUSH_CTRL] 1406 2.08784 3.57133 TRACK
[PUSH_CTRL] 1407 2.08191 3.57133 TRACK
[PUSH_CTRL] 1408 2.07779 3.57133 TRACK
[PUSH_CTRL] 1409 2.07365 3.57133 TRACK
[PUSH_CTRL] 1410 2.06921 3.57133 TRACK
[PUSH_CTRL] 1411 2.13875 3.57133 TRACK
[PUSH_CTRL] 1412 2.13159 3.57133 TRACK
[PUSH_CTRL] 1413 2.12407 3.57133 TRACK
[PUSH_CTRL] 1414 2.11758 3.57133 TRACK
[PUSH_CTRL] 1415 2.11094 3.57133 TRACK
[PUSH_CTRL] 1416 2.1041 3.57133 TRACK
[PUSH_CTRL] 1417 2.09725 3.57133 TRACK
[PUSH_CTRL] 1418 2.09067 3.57133 TRACK
[PUSH_CTRL] 1419 2.08449 3.57133 TRACK
[PUSH_CTRL] 1420 2.07874 3.57133 TRACK
[PUSH_CTRL] 1421 2.07341 3.57133 TRACK
[PUSH_CTRL] 1422 2.06924 3.57133 TRACK
[PUSH_CTRL] 1423 2.13977 3.57133 TRACK
[PUSH_CTRL] 1424 2.13247 3.57133 TRACK
[PUSH_CTRL] 1425 2.12336 3.57133 TRACK
[PUSH_CTRL] 1426 2.11412 3.57133 TRACK
[PUSH_CTRL] 1427 2.1052 3.57133 TRACK
[PUSH_CTRL] 1428 2.09698 3.57133 TRACK
[PUSH_CTRL] 1429 2.08964 3.57133 TRACK
[PUSH_CTRL] 1430 2.08317 3.57133 TRACK
[PUSH_CTRL] 1431 2.07771 3.57133 TRACK
[PUSH_CTRL] 1432 2.07292 3.57133 TRACK
[PUSH_CTRL] 1433 2.06901 3.57133 TRACK
[PUSH_CTRL] 1434 2.06495 3.57133 TRACK
[PUSH_CTRL] 1435 2.13518 3.57133 TRACK
[PUSH_CTRL] 1436 2.12836 3.57133 TRACK
[PUSH_CTRL] 1437 2.1203 3.57133 TRACK
[PUSH_CTRL] 1438 2.1123 3.57133 TRACK
[PUSH_CTRL] 1439 2.10451 3.57133 TRACK
[PUSH_CTRL] 1440 2.09732 3.57133 TRACK
[PUSH_CTRL] 1441 2.09156 3.57133 TRACK
[PUSH_CTRL] 1442 2.08722 3.57133 TRACK
[PUSH_CTRL] 1443 2.08402 3.57133 TRACK
[PUSH_CTRL] 1444 2.08238 3.57133 TRACK
[PUSH_CTRL] 1445 2.08165 3.57133 TRACK
[PUSH_CTRL] 1446 2.1544 3.57133 TRACK
[PUSH_CTRL] 1447 2.14963 3.57133 TRACK
[PUSH_CTRL] 1448 2.14346 3.57133 TRACK
[PUSH_CTRL] 1449 2.13657 3.57133 TRACK
[PUSH_CTRL] 1450 2.12932 3.57133 TRACK
[PUSH_CTRL] 1451 2.12189 3.57133 TRACK
[PUSH_CTRL] 1452 2.11433 3.57133 TRACK
[PUSH_CTRL] 1453 2.10685 3.57133 TRACK
[PUSH_CTRL] 1454 2.09973 3.57133 TRACK
[PUSH_CTRL] 1455 2.09392 3.57133 TRACK
[PUSH_CTRL] 1456 2.08946 3.57133 TRACK
[PUSH_CTRL] 1457 2.16023 3.57133 TRACK
[PUSH_CTRL] 1458 2.15385 3.57133 TRACK
[PUSH_CTRL] 1459 2.14675 3.57133 TRACK
[PUSH_CTRL] 1460 2.13899 3.57133 TRACK
[PUSH_CTRL] 1461 2.13121 3.57133 TRACK
[PUSH_CTRL] 1462 2.12381 3.57133 TRACK
[PUSH_CTRL] 1463 2.11699 3.57133 TRACK
[PUSH_CTRL] 1464 2.1108 3.57133 TRACK
[PUSH_CTRL] 1465 2.10556 3.57133 TRACK
[PUSH_CTRL] 1466 2.10173 3.57133 TRACK
[PUSH_CTRL] 1467 2.09785 3.57133 TRACK
[PUSH_CTRL] 1468 2.16752 3.57133 TRACK
[PUSH_CTRL] 1469 2.16055 3.57133 TRACK
[PUSH_CTRL] 1470 2.1526 3.57133 TRACK
[PUSH_CTRL] 1471 2.14431 3.57133 TRACK
[PUSH_CTRL] 1472 2.13625 3.57133 TRACK
[PUSH_CTRL] 1473 2.12874 3.57133 TRACK
[PUSH_CTRL] 1474 2.12191 3.57133 TRACK
[PUSH_CTRL] 1475 2.11576 3.57133 TRACK
[PUSH_CTRL] 1476 2.11033 3.57133 TRACK
[PUSH_CTRL] 1477 2.10622 3.57133 TRACK
[PUSH_CTRL] 1478 2.10327 3.57133 TRACK
[PUSH_CTRL] 1479 2.10008 3.57133 TRACK
[PUSH_CTRL] 1480 2.17119 3.57133 TRACK
[PUSH_CTRL] 1481 2.16513 3.57133 TRACK
[PUSH_CTRL] 1482 2.15833 3.57133 TRACK
[PUSH_CTRL] 1483 2.15089 3.57133 TRACK
[PUSH_CTRL] 1484 2.14349 3.57133 TRACK
[PUSH_CTRL] 1485 2.13649 3.57133 TRACK
[PUSH_CTRL] 1486 2.13004 3.57133 TRACK
[PUSH_CTRL] 1487 2.12387 3.57133 TRACK
[PUSH_CTRL] 1488 2.11788 3.57133 TRACK
[PUSH_CTRL] 1489 2.11206 3.57133 TRACK
[PUSH_CTRL] 1490 2.10633 3.57133 TRACK
[PUSH_CTRL] 1491 2.17425 3.57133 TRACK
[PUSH_CTRL] 1492 2.16545 3.57133 TRACK
[PUSH_CTRL] 1493 2.15584 3.57133 TRACK
[PUSH_CTRL] 1494 2.1465 3.57133 TRACK
[PUSH_CTRL] 1495 2.13787 3.57133 TRACK
[PUSH_CTRL] 1496 2.13116 3.57133 TRACK
[PUSH_CTRL] 1497 2.12611 3.57133 TRACK
[PUSH_CTRL] 1498 2.12109 3.57133 TRACK
[PUSH_CTRL] 1499 2.11663 3.57133 TRACK
[PUSH_CTRL] 1500 2.11275 3.57133 TRACK
[PUSH_CTRL] 1501 2.10833 3.57133 TRACK
[PUSH_CTRL] 1502 2.17736 3.57133 TRACK
[PUSH_CTRL] 1503 2.17 3.57133 TRACK
[PUSH_CTRL] 1504 2.16168 3.57133 TRACK
[PUSH_CTRL] 1505 2.15337 3.57133 TRACK
[PUSH_CTRL] 1506 2.14556 3.57133 TRACK
[PUSH_CTRL] 1507 2.13811 3.57133 TRACK
[PUSH_CTRL] 1508 2.13088 3.57133 TRACK
[PUSH_CTRL] 1509 2.12388 3.57133 TRACK
[PUSH_CTRL] 1510 2.11686 3.57133 TRACK
[PUSH_CTRL] 1511 2.11 3.57133 TRACK
[PUSH_CTRL] 1512 2.10346 3.57133 TRACK
[PUSH_CTRL] 1513 2.09779 3.57133 TRACK
[PUSH_CTRL] 1514 2.1665 3.57133 TRACK
[PUSH_CTRL] 1515 2.15965 3.57133 TRACK
[PUSH_CTRL] 1516 2.1515 3.57133 TRACK
[PUSH_CTRL] 1517 2.14316 3.57133 TRACK
[PUSH_CTRL] 1518 2.13585 3.57133 TRACK
[PUSH_CTRL] 1519 2.12878 3.57133 TRACK
[PUSH_CTRL] 1520 2.12206 3.57133 TRACK
[PUSH_CTRL] 1521 2.11584 3.57133 TRACK
[PUSH_CTRL] 1522 2.11129 3.57133 TRACK
[PUSH_CTRL] 1523 2.10876 3.57133 TRACK
[PUSH_CTRL] 1524 2.10542 3.57133 TRACK
[PUSH_CTRL] 1525 2.10134 3.57133 TRACK
[PUSH_CTRL] 1526 2.17089 3.57133 TRACK
[PUSH_CTRL] 1527 2.16342 3.57133 TRACK
[PUSH_CTRL] 1528 2.15512 3.57133 TRACK
[PUSH_CTRL] 1529 2.14604 3.57133 TRACK
[PUSH_CTRL] 1530 2.13718 3.57133 TRACK
[PUSH_CTRL] 1531 2.1286 3.57133 TRACK
[PUSH_CTRL] 1532 2.12058 3.57133 TRACK
[PUSH_CTRL] 1533 2.11327 3.57133 TRACK
[PUSH_CTRL] 1534 2.10681 3.57133 TRACK
[PUSH_CTRL] 1535 2.10185 3.57133 TRACK
[PUSH_CTRL] 1536 2.09824 3.57133 TRACK
[PUSH_CTRL] 1537 2.09436 3.57133 TRACK
[PUSH_CTRL] 1538 2.16476 3.57133 TRACK
[PUSH_CTRL] 1539 2.15849 3.57133 TRACK
[PUSH_CTRL] 1540 2.15148 3.57133 TRACK
[PUSH_CTRL] 1541 2.14407 3.57133 TRACK
[PUSH_CTRL] 1542 2.13665 3.57133 TRACK
[PUSH_CTRL] 1543 2.12958 3.57133 TRACK
[PUSH_CTRL] 1544 2.12318 3.57133 TRACK
[PUSH_CTRL] 1545 2.11786 3.57133 TRACK
[PUSH_CTRL] 1546 2.11203 3.57133 TRACK
[PUSH_CTRL] 1547 2.10594 3.57133 TRACK
[PUSH_CTRL] 1548 2.09978 3.57133 TRACK
[PUSH_CTRL] 1549 2.09374 3.57133 TRACK
[PUSH_CTRL] 1550 2.1623 3.57133 TRACK
[PUSH_CTRL] 1551 2.15416 3.57133 TRACK
[PUSH_CTRL] 1552 2.14526 3.57133 TRACK
[PUSH_CTRL] 1553 2.13645 3.57133 TRACK
[PUSH_CTRL] 1554 2.12759 3.57133 TRACK
[PUSH_CTRL] 1555 2.11931 3.57133 TRACK
[PUSH_CTRL] 1556 2.11358 3.57133 TRACK
[PUSH_CTRL] 1557 2.10899 3.57133 TRACK
[PUSH_CTRL] 1558 2.10464 3.57133 TRACK
[PUSH_CTRL] 1559 2.10054 3.57133 TRACK
[PUSH_CTRL] 1560 2.09665 3.57133 TRACK
[PUSH_CTRL] 1561 2.16717 3.57133 TRACK
[PUSH_CTRL] 1562 2.16011 3.57133 TRACK
[PUSH_CTRL] 1563 2.15287 3.57133 TRACK
[PUSH_CTRL] 1564 2.14517 3.57133 TRACK
[PUSH_CTRL] 1565 2.13727 3.57133 TRACK
[PUSH_CTRL] 1566 2.12959 3.57133 TRACK
[PUSH_CTRL] 1567 2.12239 3.57133 TRACK
[PUSH_CTRL] 1568 2.11579 3.57133 TRACK
[PUSH_CTRL] 1569 2.10989 3.57133 TRACK
[PUSH_CTRL] 1570 2.10378 3.57133 TRACK
[PUSH_CTRL] 1571 2.09722 3.57133 TRACK
[PUSH_CTRL] 1572 2.09007 3.57133 TRACK
[PUSH_CTRL] 1573 2.15692 3.57133 TRACK
[PUSH_CTRL] 1574 2.1474 3.57133 TRACK
[PUSH_CTRL] 1575 2.13755 3.57133 TRACK
[PUSH_CTRL] 1576 2.12823 3.57133 TRACK
[PUSH_CTRL] 1577 2.12057 3.57133 TRACK
[PUSH_CTRL] 1578 2.11458 3.57133 TRACK
[PUSH_CTRL] 1579 2.11045 3.57133 TRACK
[PUSH_CTRL] 1580 2.10681 3.57133 TRACK
[PUSH_CTRL] 1581 2.10306 3.57133 TRACK
[PUSH_CTRL] 1582 2.09878 3.57133 TRACK
[PUSH_CTRL] 1583 2.09401 3.57133 TRACK
[PUSH_CTRL] 1584 2.08904 3.57133 TRACK
[PUSH_CTRL] 1585 2.15812 3.57133 TRACK
[PUSH_CTRL] 1586 2.15062 3.57133 TRACK
[PUSH_CTRL] 1587 2.14233 3.57133 TRACK
[PUSH_CTRL] 1588 2.13418 3.57133 TRACK
[PUSH_CTRL] 1589 2.12648 3.57133 TRACK
[PUSH_CTRL] 1590 2.1188 3.57133 TRACK
[PUSH_CTRL] 1591 2.11165 3.57133 TRACK
[PUSH_CTRL] 1592 2.10497 3.57133 TRACK
[PUSH_CTRL] 1593 2.09851 3.57133 TRACK
[PUSH_CTRL] 1594 2.0924 3.57133 TRACK
[PUSH_CTRL] 1595 2.0867 3.57133 TRACK
[PUSH_CTRL] 1596 2.08143 3.57133 TRACK
[PUSH_CTRL] 1597 2.15122 3.57133 TRACK
[PUSH_CTRL] 1598 2.14441 3.57133 TRACK
[PUSH_CTRL] 1599 2.13687 3.57133 TRACK
[PUSH_CTRL] 1600 2.12899 3.57133 TRACK
[PUSH_CTRL] 1601 2.12103 3.57133 TRACK
[PUSH_CTRL] 1602 2.11295 3.57133 TRACK
[PUSH_CTRL] 1603 2.10519 3.57133 TRACK
[PUSH_CTRL] 1604 2.09838 3.57133 TRACK
[PUSH_CTRL] 1605 2.09266 3.57133 TRACK
[PUSH_CTRL] 1606 2.08737 3.57133 TRACK
[PUSH_CTRL] 1607 2.08211 3.57133 TRACK
[PUSH_CTRL] 1608 2.07709 3.57133 TRACK
[PUSH_CTRL] 1609 2.14672 3.57133 TRACK
[PUSH_CTRL] 1610 2.13964 3.57133 TRACK
[PUSH_CTRL] 1611 2.13174 3.57133 TRACK
[PUSH_CTRL] 1612 2.1246 3.57133 TRACK
[PUSH_CTRL] 1613 2.11768 3.57133 TRACK
[PUSH_CTRL] 1614 2.11072 3.57133 TRACK
[PUSH_CTRL] 1615 2.10399 3.57133 TRACK
[PUSH_CTRL] 1616 2.09742 3.57133 TRACK
[PUSH_CTRL] 1617 2.09175 3.57133 TRACK
[PUSH_CTRL] 1618 2.08661 3.57133 TRACK
[PUSH_CTRL] 1619 2.08155 3.57133 TRACK
[PUSH_CTRL] 1620 2.15121 3.57133 TRACK
[PUSH_CTRL] 1621 2.14437 3.57133 TRACK
[PUSH_CTRL] 1622 2.13681 3.57133 TRACK
[PUSH_CTRL] 1623 2.1294 3.57133 TRACK
[PUSH_CTRL] 1624 2.12256 3.57133 TRACK
[PUSH_CTRL] 1625 2.11612 3.57133 TRACK
[PUSH_CTRL] 1626 2.10972 3.57133 TRACK
[PUSH_CTRL] 1627 2.10342 3.57133 TRACK
[PUSH_CTRL] 1628 2.09783 3.57133 TRACK
[PUSH_CTRL] 1629 2.09301 3.57133 TRACK
[PUSH_CTRL] 1630 2.08896 3.57133 TRACK
[PUSH_CTRL] 1631 2.08498 3.57133 TRACK
[PUSH_CTRL] 1632 2.15529 3.57133 TRACK
[PUSH_CTRL] 1633 2.14856 3.57133 TRACK
[PUSH_CTRL] 1634 2.14087 3.57133 TRACK
[PUSH_CTRL] 1635 2.13316 3.57133 TRACK
[PUSH_CTRL] 1636 2.12576 3.57133 TRACK
[PUSH_CTRL] 1637 2.11892 3.57133 TRACK
[PUSH_CTRL] 1638 2.11291 3.57133 TRACK
[PUSH_CTRL] 1639 2.10707 3.57133 TRACK
[PUSH_CTRL] 1640 2.10167 3.57133 TRACK
[PUSH_CTRL] 1641 2.09728 3.57133 TRACK
[PUSH_CTRL] 1642 2.094 3.57133 TRACK
[PUSH_CTRL] 1643 2.16689 3.57133 TRACK
[PUSH_CTRL] 1644 2.16292 3.57133 TRACK
[PUSH_CTRL] 1645 2.15784 3.57133 TRACK
[PUSH_CTRL] 1646 2.15203 3.57133 TRACK
[PUSH_CTRL] 1647 2.146 3.57133 TRACK
[PUSH_CTRL] 1648 2.13977 3.57133 TRACK
[PUSH_CTRL] 1649 2.13346 3.57133 TRACK
[PUSH_CTRL] 1650 2.12726 3.57133 TRACK
[PUSH_CTRL] 1651 2.12139 3.57133 TRACK
[PUSH_CTRL] 1652 2.11593 3.57133 TRACK
[PUSH_CTRL] 1653 2.1846 3.57133 TRACK
[PUSH_CTRL] 1654 2.17692 3.57133 TRACK
[PUSH_CTRL] 1655 2.16897 3.57133 TRACK
[PUSH_CTRL] 1656 2.16091 3.57133 TRACK
[PUSH_CTRL] 1657 2.1535 3.57133 TRACK
[PUSH_CTRL] 1658 2.14669 3.57133 TRACK
[PUSH_CTRL] 1659 2.14006 3.57133 TRACK
[PUSH_CTRL] 1660 2.13421 3.57133 TRACK
[PUSH_CTRL] 1661 2.12981 3.57133 TRACK
[PUSH_CTRL] 1662 2.12658 3.57133 TRACK
[PUSH_CTRL] 1663 2.1249 3.57133 TRACK
[PUSH_CTRL] 1664 2.19712 3.57133 TRACK
[PUSH_CTRL] 1665 2.19255 3.57133 TRACK
[PUSH_CTRL] 1666 2.18684 3.57133 TRACK
[PUSH_CTRL] 1667 2.17881 3.57133 TRACK
[PUSH_CTRL] 1668 2.17064 3.57133 TRACK
[PUSH_CTRL] 1669 2.16267 3.57133 TRACK
[PUSH_CTRL] 1670 2.15527 3.57133 TRACK
[PUSH_CTRL] 1671 2.14876 3.57133 TRACK
[PUSH_CTRL] 1672 2.14286 3.57133 TRACK
[PUSH_CTRL] 1673 2.13696 3.57133 TRACK
[PUSH_CTRL] 1674 2.13095 3.57133 TRACK
[PUSH_CTRL] 1675 2.19864 3.57133 TRACK
[PUSH_CTRL] 1676 2.1904 3.57133 TRACK
[PUSH_CTRL] 1677 2.18208 3.57133 TRACK
[PUSH_CTRL] 1678 2.17449 3.57133 TRACK
[PUSH_CTRL] 1679 2.16734 3.57133 TRACK
[PUSH_CTRL] 1680 2.16001 3.57133 TRACK
[PUSH_CTRL] 1681 2.15305 3.57133 TRACK
[PUSH_CTRL] 1682 2.1469 3.57133 TRACK
[PUSH_CTRL] 1683 2.1411 3.57133 TRACK
[PUSH_CTRL] 1684 2.13534 3.57133 TRACK
[PUSH_CTRL] 1685 2.12977 3.57133 TRACK
[PUSH_CTRL] 1686 2.12446 3.57133 TRACK
[PUSH_CTRL] 1687 2.19329 3.57133 TRACK
[PUSH_CTRL] 1688 2.1869 3.57133 TRACK
[PUSH_CTRL] 1689 2.1802 3.57133 TRACK
[PUSH_CTRL] 1690 2.17415 3.57133 TRACK
[PUSH_CTRL] 1691 2.16811 3.57133 TRACK
[PUSH_CTRL] 1692 2.16203 3.57133 TRACK
[PUSH_CTRL] 1693 2.1572 3.57133 TRACK
[PUSH_CTRL] 1694 2.15303 3.57133 TRACK
[PUSH_CTRL] 1695 2.14867 3.57133 TRACK
[PUSH_CTRL] 1696 2.14402 3.57133 TRACK
[PUSH_CTRL] 1697 2.21269 3.57133 TRACK
[PUSH_CTRL] 1698 2.20545 3.57133 TRACK
[PUSH_CTRL] 1699 2.19729 3.57133 TRACK
[PUSH_CTRL] 1700 2.1891 3.57133 TRACK
[PUSH_CTRL] 1701 2.18135 3.57133 TRACK
[PUSH_CTRL] 1702 2.17396 3.57133 TRACK
[PUSH_CTRL] 1703 2.16684 3.57133 TRACK
[PUSH_CTRL] 1704 2.15958 3.57133 TRACK
[PUSH_CTRL] 1705 2.15267 3.57133 TRACK
[PUSH_CTRL] 1706 2.14595 3.57133 TRACK
[PUSH_CTRL] 1707 2.1396 3.57133 TRACK
[PUSH_CTRL] 1708 2.13369 3.57133 TRACK
[PUSH_CTRL] 1709 2.20283 3.57133 TRACK
[PUSH_CTRL] 1710 2.19634 3.57133 TRACK
[PUSH_CTRL] 1711 2.18981 3.57133 TRACK
[PUSH_CTRL] 1712 2.1835 3.57133 TRACK
[PUSH_CTRL] 1713 2.17725 3.57133 TRACK
[PUSH_CTRL] 1714 2.1707 3.57133 TRACK
[PUSH_CTRL] 1715 2.16414 3.57133 TRACK
[PUSH_CTRL] 1716 2.15783 3.57133 TRACK
[PUSH_CTRL] 1717 2.15189 3.57133 TRACK
[PUSH_CTRL] 1718 2.14636 3.57133 TRACK
[PUSH_CTRL] 1719 2.14122 3.57133 TRACK
[PUSH_CTRL] 1720 2.20999 3.57133 TRACK
[PUSH_CTRL] 1721 2.20345 3.57133 TRACK
[PUSH_CTRL] 1722 2.19513 3.57133 TRACK
[PUSH_CTRL] 1723 2.18592 3.57133 TRACK
[PUSH_CTRL] 1724 2.17693 3.57133 TRACK
[PUSH_CTRL] 1725 2.16813 3.57133 TRACK
[PUSH_CTRL] 1726 2.15991 3.57133 TRACK
[PUSH_CTRL] 1727 2.15244 3.57133 TRACK
[PUSH_CTRL] 1728 2.14575 3.57133 TRACK
[PUSH_CTRL] 1729 2.13972 3.57133 TRACK
[PUSH_CTRL] 1730 2.13477 3.57133 TRACK
[PUSH_CTRL] 1731 2.13019 3.57133 TRACK
[PUSH_CTRL] 1732 2.20018 3.57133 TRACK
[PUSH_CTRL] 1733 2.19303 3.57133 TRACK
[PUSH_CTRL] 1734 2.18393 3.57133 TRACK
[PUSH_CTRL] 1735 2.17488 3.57133 TRACK
[PUSH_CTRL] 1736 2.16648 3.57133 TRACK
[PUSH_CTRL] 1737 2.15876 3.57133 TRACK
[PUSH_CTRL] 1738 2.15171 3.57133 TRACK
[PUSH_CTRL] 1739 2.14517 3.57133 TRACK
[PUSH_CTRL] 1740 2.13918 3.57133 TRACK
[PUSH_CTRL] 1741 2.13408 3.57133 TRACK
[PUSH_CTRL] 1742 2.12965 3.57133 TRACK
[PUSH_CTRL] 1743 2.12535 3.57133 TRACK
[PUSH_CTRL] 1744 2.19496 3.57133 TRACK
[PUSH_CTRL] 1745 2.18834 3.57133 TRACK
[PUSH_CTRL] 1746 2.18033 3.57133 TRACK
[PUSH_CTRL] 1747 2.17198 3.57133 TRACK
[PUSH_CTRL] 1748 2.16389 3.57133 TRACK
[PUSH_CTRL] 1749 2.15639 3.57133 TRACK
[PUSH_CTRL] 1750 2.1498 3.57133 TRACK
[PUSH_CTRL] 1751 2.14503 3.57133 TRACK
[PUSH_CTRL] 1752 2.14146 3.57133 TRACK
[PUSH_CTRL] 1753 2.13876 3.57133 TRACK
[PUSH_CTRL] 1754 2.13565 3.57133 TRACK
[PUSH_CTRL] 1755 2.20573 3.57133 TRACK
[PUSH_CTRL] 1756 2.20045 3.57133 TRACK
[PUSH_CTRL] 1757 2.19376 3.57133 TRACK
[PUSH_CTRL] 1758 2.18646 3.57133 TRACK
[PUSH_CTRL] 1759 2.17919 3.57133 TRACK
[PUSH_CTRL] 1760 2.17238 3.57133 TRACK
[PUSH_CTRL] 1761 2.16613 3.57133 TRACK
[PUSH_CTRL] 1762 2.16057 3.57133 TRACK
[PUSH_CTRL] 1763 2.15524 3.57133 TRACK
[PUSH_CTRL] 1764 2.14966 3.57133 TRACK
[PUSH_CTRL] 1765 2.14392 3.57133 TRACK
[PUSH_CTRL] 1766 2.21145 3.57133 TRACK
[PUSH_CTRL] 1767 2.20338 3.57133 TRACK
[PUSH_CTRL] 1768 2.19464 3.57133 TRACK
[PUSH_CTRL] 1769 2.18614 3.57133 TRACK
[PUSH_CTRL] 1770 2.179 3.57133 TRACK
[PUSH_CTRL] 1771 2.17316 3.57133 TRACK
[PUSH_CTRL] 1772 2.16843 3.57133 TRACK
[PUSH_CTRL] 1773 2.16457 3.57133 TRACK
[PUSH_CTRL] 1774 2.16135 3.57133 TRACK
[PUSH_CTRL] 1775 2.15843 3.57133 TRACK
[PUSH_CTRL] 1776 2.15502 3.57133 TRACK
[PUSH_CTRL] 1777 2.22403 3.57133 TRACK
[PUSH_CTRL] 1778 2.21728 3.57133 TRACK
[PUSH_CTRL] 1779 2.20954 3.57133 TRACK
[PUSH_CTRL] 1780 2.20183 3.57133 TRACK
[PUSH_CTRL] 1781 2.19555 3.57133 TRACK
[PUSH_CTRL] 1782 2.19072 3.57133 TRACK
[PUSH_CTRL] 1783 2.18707 3.57133 TRACK
[PUSH_CTRL] 1784 2.18441 3.57133 TRACK
[PUSH_CTRL] 1785 2.18158 3.57133 TRACK
[PUSH_CTRL] 1786 2.17767 3.57133 TRACK
[PUSH_CTRL] 1787 2.24605 3.57133 TRACK
[PUSH_CTRL] 1788 2.23898 3.57133 TRACK
[PUSH_CTRL] 1789 2.23092 3.57133 TRACK
[PUSH_CTRL] 1790 2.22264 3.57133 TRACK
[PUSH_CTRL] 1791 2.21327 3.57133 TRACK
[PUSH_CTRL] 1792 2.20458 3.57133 TRACK
[PUSH_CTRL] 1793 2.19732 3.57133 TRACK
[PUSH_CTRL] 1794 2.19142 3.57133 TRACK
[PUSH_CTRL] 1795 2.18668 3.57133 TRACK
[PUSH_CTRL] 1796 2.18314 3.57133 TRACK
[PUSH_CTRL] 1797 2.18036 3.57133 TRACK
[PUSH_CTRL] 1798 2.25134 3.57133 TRACK
[PUSH_CTRL] 1799 2.24669 3.57133 TRACK
[PUSH_CTRL] 1800 2.24141 3.57133 TRACK
[PUSH_CTRL] 1801 2.23543 3.57133 TRACK
[PUSH_CTRL] 1802 2.22903 3.57133 TRACK
[PUSH_CTRL] 1803 2.22229 3.57133 TRACK
[PUSH_CTRL] 1804 2.21537 3.57133 TRACK
[PUSH_CTRL] 1805 2.20846 3.57133 TRACK
[PUSH_CTRL] 1806 2.20181 3.57133 TRACK
[PUSH_CTRL] 1807 2.19529 3.57133 TRACK
[PUSH_CTRL] 1808 2.1888 3.57133 TRACK
[PUSH_CTRL] 1809 2.25542 3.57133 TRACK
[PUSH_CTRL] 1810 2.24694 3.57133 TRACK
[PUSH_CTRL] 1811 2.23715 3.57133 TRACK
[PUSH_CTRL] 1812 2.22798 3.57133 TRACK
[PUSH_CTRL] 1813 2.21924 3.57133 TRACK
[PUSH_CTRL] 1814 2.21101 3.57133 TRACK
[PUSH_CTRL] 1815 2.20348 3.57133 TRACK
[PUSH_CTRL] 1816 2.19707 3.57133 TRACK
[PUSH_CTRL] 1817 2.19159 3.57133 TRACK
[PUSH_CTRL] 1818 2.18767 3.57133 TRACK
[PUSH_CTRL] 1819 2.1847 3.57133 TRACK
[PUSH_CTRL] 1820 2.2541 3.57133 TRACK
[PUSH_CTRL] 1821 2.24653 3.57133 TRACK
[PUSH_CTRL] 1822 2.23721 3.57133 TRACK
[PUSH_CTRL] 1823 2.22808 3.57133 TRACK
[PUSH_CTRL] 1824 2.21928 3.57133 TRACK
[PUSH_CTRL] 1825 2.21114 3.57133 TRACK
[PUSH_CTRL] 1826 2.2038 3.57133 TRACK
[PUSH_CTRL] 1827 2.19724 3.57133 TRACK
[PUSH_CTRL] 1828 2.19138 3.57133 TRACK
[PUSH_CTRL] 1829 2.18687 3.57133 TRACK
[PUSH_CTRL] 1830 2.18246 3.57133 TRACK
[PUSH_CTRL] 1831 2.17766 3.57133 TRACK
[PUSH_CTRL] 1832 2.24552 3.57133 TRACK
[PUSH_CTRL] 1833 2.23889 3.57133 TRACK
[PUSH_CTRL] 1834 2.23135 3.57133 TRACK
[PUSH_CTRL] 1835 2.22344 3.57133 TRACK
[PUSH_CTRL] 1836 2.21573 3.57133 TRACK
[PUSH_CTRL] 1837 2.20861 3.57133 TRACK
[PUSH_CTRL] 1838 2.20215 3.57133 TRACK
[PUSH_CTRL] 1839 2.19744 3.57133 TRACK
[PUSH_CTRL] 1840 2.19278 3.57133 TRACK
[PUSH_CTRL] 1841 2.18817 3.57133 TRACK
[PUSH_CTRL] 1842 2.18404 3.57133 TRACK
[PUSH_CTRL] 1843 2.25217 3.57133 TRACK
[PUSH_CTRL] 1844 2.24542 3.57133 TRACK
[PUSH_CTRL] 1845 2.23794 3.57133 TRACK
[PUSH_CTRL] 1846 2.23029 3.57133 TRACK
[PUSH_CTRL] 1847 2.22389 3.57133 TRACK
[PUSH_CTRL] 1848 2.21885 3.57133 TRACK
[PUSH_CTRL] 1849 2.21391 3.57133 TRACK
[PUSH_CTRL] 1850 2.20879 3.57133 TRACK
[PUSH_CTRL] 1851 2.20335 3.57133 TRACK
[PUSH_CTRL] 1852 2.19784 3.57133 TRACK
[PUSH_CTRL] 1853 2.26484 3.57133 TRACK
[PUSH_CTRL] 1854 2.25761 3.57133 TRACK
[PUSH_CTRL] 1855 2.25026 3.57133 TRACK
[PUSH_CTRL] 1856 2.24339 3.57133 TRACK
[PUSH_CTRL] 1857 2.2365 3.57133 TRACK
[PUSH_CTRL] 1858 2.22998 3.57133 TRACK
[PUSH_CTRL] 1859 2.22398 3.57133 TRACK
[PUSH_CTRL] 1860 2.21865 3.57133 TRACK
[PUSH_CTRL] 1861 2.21347 3.57133 TRACK
[PUSH_CTRL] 1862 2.20867 3.57133 TRACK
[PUSH_CTRL] 1863 2.20424 3.57133 TRACK
[PUSH_CTRL] 1864 2.27238 3.57133 TRACK
[PUSH_CTRL] 1865 2.26476 3.57133 TRACK
[PUSH_CTRL] 1866 2.25558 3.57133 TRACK
[PUSH_CTRL] 1867 2.24623 3.57133 TRACK
[PUSH_CTRL] 1868 2.23694 3.57133 TRACK
[PUSH_CTRL] 1869 2.22822 3.57133 TRACK
[PUSH_CTRL] 1870 2.22029 3.57133 TRACK
[PUSH_CTRL] 1871 2.21321 3.57133 TRACK
[PUSH_CTRL] 1872 2.20691 3.57133 TRACK
[PUSH_CTRL] 1873 2.2014 3.57133 TRACK
[PUSH_CTRL] 1874 2.19663 3.57133 TRACK
[PUSH_CTRL] 1875 2.2651 3.57133 TRACK
[PUSH_CTRL] 1876 2.25853 3.57133 TRACK
[PUSH_CTRL] 1877 2.25023 3.57133 TRACK
[PUSH_CTRL] 1878 2.2419 3.57133 TRACK
[PUSH_CTRL] 1879 2.23339 3.57133 TRACK
[PUSH_CTRL] 1880 2.22521 3.57133 TRACK
[PUSH_CTRL] 1881 2.21763 3.57133 TRACK
[PUSH_CTRL] 1882 2.21076 3.57133 TRACK
[PUSH_CTRL] 1883 2.20503 3.57133 TRACK
[PUSH_CTRL] 1884 2.19971 3.57133 TRACK
[PUSH_CTRL] 1885 2.19486 3.57133 TRACK
[PUSH_CTRL] 1886 2.19113 3.57133 TRACK
[PUSH_CTRL] 1887 2.25971 3.57133 TRACK
[PUSH_CTRL] 1888 2.25445 3.57133 TRACK
[PUSH_CTRL] 1889 2.24806 3.57133 TRACK
[PUSH_CTRL] 1890 2.24175 3.57133 TRACK
[PUSH_CTRL] 1891 2.2357 3.57133 TRACK
[PUSH_CTRL] 1892 2.22944 3.57133 TRACK
[PUSH_CTRL] 1893 2.22328 3.57133 TRACK
[PUSH_CTRL] 1894 2.21738 3.57133 TRACK
[PUSH_CTRL] 1895 2.21223 3.57133 TRACK
[PUSH_CTRL] 1896 2.20769 3.57133 TRACK
[PUSH_CTRL] 1897 2.20283 3.57133 TRACK
[PUSH_CTRL] 1898 2.26964 3.57133 TRACK
[PUSH_CTRL] 1899 2.26115 3.57133 TRACK
[PUSH_CTRL] 1900 2.25157 3.57133 TRACK
[PUSH_CTRL] 1901 2.24223 3.57133 TRACK
[PUSH_CTRL] 1902 2.23447 3.57133 TRACK
[PUSH_CTRL] 1903 2.22907 3.57133 TRACK
[PUSH_CTRL] 1904 2.22409 3.57133 TRACK
[PUSH_CTRL] 1905 2.21911 3.57133 TRACK
[PUSH_CTRL] 1906 2.21434 3.57133 TRACK
[PUSH_CTRL] 1907 2.21061 3.57133 TRACK
[PUSH_CTRL] 1908 2.20677 3.57133 TRACK
[PUSH_CTRL] 1909 2.27461 3.57133 TRACK
[PUSH_CTRL] 1910 2.26794 3.57133 TRACK
[PUSH_CTRL] 1911 2.25986 3.57133 TRACK
[PUSH_CTRL] 1912 2.25143 3.57133 TRACK
[PUSH_CTRL] 1913 2.24409 3.57133 TRACK
[PUSH_CTRL] 1914 2.23877 3.57133 TRACK
[PUSH_CTRL] 1915 2.23493 3.57133 TRACK
[PUSH_CTRL] 1916 2.23211 3.57133 TRACK
[PUSH_CTRL] 1917 2.22871 3.57133 TRACK
[PUSH_CTRL] 1918 2.22494 3.57133 TRACK
[PUSH_CTRL] 1919 2.2925 3.57133 TRACK
[PUSH_CTRL] 1920 2.28652 3.57133 TRACK
[PUSH_CTRL] 1921 2.27829 3.57133 TRACK
[PUSH_CTRL] 1922 2.2688 3.57133 TRACK
[PUSH_CTRL] 1923 2.25952 3.57133 TRACK
[PUSH_CTRL] 1924 2.25071 3.57133 TRACK
[PUSH_CTRL] 1925 2.24265 3.57133 TRACK
[PUSH_CTRL] 1926 2.2362 3.57133 TRACK
[PUSH_CTRL] 1927 2.23137 3.57133 TRACK
[PUSH_CTRL] 1928 2.22853 3.57133 TRACK
[PUSH_CTRL] 1929 2.22642 3.57133 TRACK
[PUSH_CTRL] 1930 2.29587 3.57133 TRACK
[PUSH_CTRL] 1931 2.29233 3.57133 TRACK
[PUSH_CTRL] 1932 2.28667 3.57133 TRACK
[PUSH_CTRL] 1933 2.2799 3.57133 TRACK
[PUSH_CTRL] 1934 2.27261 3.57133 TRACK
[PUSH_CTRL] 1935 2.26534 3.57133 TRACK
[PUSH_CTRL] 1936 2.25841 3.57133 TRACK
[PUSH_CTRL] 1937 2.25207 3.57133 TRACK
[PUSH_CTRL] 1938 2.24644 3.57133 TRACK
[PUSH_CTRL] 1939 2.2396 3.57133 TRACK
[PUSH_CTRL] 1940 2.23398 3.57133 TRACK
[PUSH_CTRL] 1941 2.29988 3.57133 TRACK
[PUSH_CTRL] 1942 2.29217 3.57133 TRACK
[PUSH_CTRL] 1943 2.2838 3.57133 TRACK
[PUSH_CTRL] 1944 2.27567 3.57133 TRACK
[PUSH_CTRL] 1945 2.26756 3.57133 TRACK
[PUSH_CTRL] 1946 2.25944 3.57133 TRACK
[PUSH_CTRL] 1947 2.25169 3.57133 TRACK
[PUSH_CTRL] 1948 2.24425 3.57133 TRACK
[PUSH_CTRL] 1949 2.23731 3.57133 TRACK
[PUSH_CTRL] 1950 2.23099 3.57133 TRACK
[PUSH_CTRL] 1951 2.22605 3.57133 TRACK
[PUSH_CTRL] 1952 2.29317 3.57133 TRACK
[PUSH_CTRL] 1953 2.28704 3.57133 TRACK
[PUSH_CTRL] 1954 2.28042 3.57133 TRACK
[PUSH_CTRL] 1955 2.27449 3.57133 TRACK
[PUSH_CTRL] 1956 2.27027 3.57133 TRACK
[PUSH_CTRL] 1957 2.26598 3.57133 TRACK
[PUSH_CTRL] 1958 2.26136 3.57133 TRACK
[PUSH_CTRL] 1959 2.25656 3.57133 TRACK
[PUSH_CTRL] 1960 2.25144 3.57133 TRACK
[PUSH_CTRL] 1961 2.24595 3.57133 TRACK
[PUSH_CTRL] 1962 2.24001 3.57133 TRACK
[PUSH_CTRL] 1963 2.30502 3.57133 TRACK
[PUSH_CTRL] 1964 2.29664 3.57133 TRACK
[PUSH_CTRL] 1965 2.28816 3.57133 TRACK
[PUSH_CTRL] 1966 2.28006 3.57133 TRACK
[PUSH_CTRL] 1967 2.27186 3.57133 TRACK
[PUSH_CTRL] 1968 2.26378 3.57133 TRACK
[PUSH_CTRL] 1969 2.25612 3.57133 TRACK
[PUSH_CTRL] 1970 2.24917 3.57133 TRACK
[PUSH_CTRL] 1971 2.24293 3.57133 TRACK
[PUSH_CTRL] 1972 2.23815 3.57133 TRACK
[PUSH_CTRL] 1973 2.23465 3.57133 TRACK
[PUSH_CTRL] 1974 2.30238 3.57133 TRACK
[PUSH_CTRL] 1975 2.29701 3.57133 TRACK
[PUSH_CTRL] 1976 2.29004 3.57133 TRACK
[PUSH_CTRL] 1977 2.28245 3.57133 TRACK
[PUSH_CTRL] 1978 2.27487 3.57133 TRACK
[PUSH_CTRL] 1979 2.26766 3.57133 TRACK
[PUSH_CTRL] 1980 2.26098 3.57133 TRACK
[PUSH_CTRL] 1981 2.25527 3.57133 TRACK
[PUSH_CTRL] 1982 2.25034 3.57133 TRACK
[PUSH_CTRL] 1983 2.24517 3.57133 TRACK
[PUSH_CTRL] 1984 2.23954 3.57133 TRACK
[PUSH_CTRL] 1985 2.30416 3.57133 TRACK
[PUSH_CTRL] 1986 2.29432 3.57133 TRACK
[PUSH_CTRL] 1987 2.28376 3.57133 TRACK
[PUSH_CTRL] 1988 2.27355 3.57133 TRACK
[PUSH_CTRL] 1989 2.26386 3.57133 TRACK
[PUSH_CTRL] 1990 2.25497 3.57133 TRACK
[PUSH_CTRL] 1991 2.24702 3.57133 TRACK
[PUSH_CTRL] 1992 2.23997 3.57133 TRACK
[PUSH_CTRL] 1993 2.23372 3.57133 TRACK
[PUSH_CTRL] 1994 2.22825 3.57133 TRACK
[PUSH_CTRL] 1995 2.22336 3.57133 TRACK
[PUSH_CTRL] 1996 2.21996 3.57133 TRACK
[PUSH_CTRL] 1997 2.28843 3.57133 TRACK
[PUSH_CTRL] 1998 2.28223 3.57133 TRACK
[PUSH_CTRL] 1999 2.27365 3.57133 TRACK
[PUSH_CTRL] 2000 2.26514 3.57133 TRACK
[PUSH_CTRL] 2001 2.25681 3.57133 TRACK
[PUSH_CTRL] 2002 2.24872 3.57133 TRACK
[PUSH_CTRL] 2003 2.24115 3.57133 TRACK
[PUSH_CTRL] 2004 2.23422 3.57133 TRACK
[PUSH_CTRL] 2005 2.22795 3.57133 TRACK
[PUSH_CTRL] 2006 2.22227 3.57133 TRACK
[PUSH_CTRL] 2007 2.21748 3.57133 TRACK
[PUSH_CTRL] 2008 2.28411 3.57133 TRACK
[PUSH_CTRL] 2009 2.27682 3.57133 TRACK
[PUSH_CTRL] 2010 2.2677 3.57133 TRACK
[PUSH_CTRL] 2011 2.25808 3.57133 TRACK
[PUSH_CTRL] 2012 2.24908 3.57133 TRACK
[PUSH_CTRL] 2013 2.24062 3.57133 TRACK
[PUSH_CTRL] 2014 2.23259 3.57133 TRACK
[PUSH_CTRL] 2015 2.22517 3.57133 TRACK
[PUSH_CTRL] 2016 2.21843 3.57133 TRACK
[PUSH_CTRL] 2017 2.21245 3.57133 TRACK
[PUSH_CTRL] 2018 2.20712 3.57133 TRACK
[PUSH_CTRL] 2019 2.2023 3.57133 TRACK
[PUSH_CTRL] 2020 2.26889 3.57133 TRACK
[PUSH_CTRL] 2021 2.26317 3.57133 TRACK
[PUSH_CTRL] 2022 2.25548 3.57133 TRACK
[PUSH_CTRL] 2023 2.24669 3.57133 TRACK
[PUSH_CTRL] 2024 2.23775 3.57133 TRACK
[PUSH_CTRL] 2025 2.2292 3.57133 TRACK
[PUSH_CTRL] 2026 2.22156 3.57133 TRACK
[PUSH_CTRL] 2027 2.21489 3.57133 TRACK
[PUSH_CTRL] 2028 2.20865 3.57133 TRACK
[PUSH_CTRL] 2029 2.20286 3.57133 TRACK
[PUSH_CTRL] 2030 2.19752 3.57133 TRACK
[PUSH_CTRL] 2031 2.19292 3.57133 TRACK
[PUSH_CTRL] 2032 2.25993 3.57133 TRACK
[PUSH_CTRL] 2033 2.25317 3.57133 TRACK
[PUSH_CTRL] 2034 2.24606 3.57133 TRACK
[PUSH_CTRL] 2035 2.23864 3.57133 TRACK
[PUSH_CTRL] 2036 2.23095 3.57133 TRACK
[PUSH_CTRL] 2037 2.22362 3.57133 TRACK
[PUSH_CTRL] 2038 2.21708 3.57133 TRACK
[PUSH_CTRL] 2039 2.21153 3.57133 TRACK
[PUSH_CTRL] 2040 2.20691 3.57133 TRACK
[PUSH_CTRL] 2041 2.20205 3.57133 TRACK
[PUSH_CTRL] 2042 2.26783 3.57133 TRACK
[PUSH_CTRL] 2043 2.26075 3.57133 TRACK
[PUSH_CTRL] 2044 2.25285 3.57133 TRACK
[PUSH_CTRL] 2045 2.24504 3.57133 TRACK
[PUSH_CTRL] 2046 2.23773 3.57133 TRACK
[PUSH_CTRL] 2047 2.23088 3.57133 TRACK
[PUSH_CTRL] 2048 2.22394 3.57133 TRACK
[PUSH_CTRL] 2049 2.21699 3.57133 TRACK
[PUSH_CTRL] 2050 2.21082 3.57133 TRACK
[PUSH_CTRL] 2051 2.20477 3.57133 TRACK
[PUSH_CTRL] 2052 2.19898 3.57133 TRACK
[PUSH_CTRL] 2053 2.26418 3.57133 TRACK
[PUSH_CTRL] 2054 2.25739 3.57133 TRACK
[PUSH_CTRL] 2055 2.25043 3.57133 TRACK
[PUSH_CTRL] 2056 2.24399 3.57133 TRACK
[PUSH_CTRL] 2057 2.23833 3.57133 TRACK
[PUSH_CTRL] 2058 2.23359 3.57133 TRACK
[PUSH_CTRL] 2059 2.22965 3.57133 TRACK
[PUSH_CTRL] 2060 2.22608 3.57133 TRACK
[PUSH_CTRL] 2061 2.22206 3.57133 TRACK
[PUSH_CTRL] 2062 2.21745 3.57133 TRACK
[PUSH_CTRL] 2063 2.21258 3.57133 TRACK
[PUSH_CTRL] 2064 2.2784 3.57133 TRACK
[PUSH_CTRL] 2065 2.27107 3.57133 TRACK
[PUSH_CTRL] 2066 2.26354 3.57133 TRACK
[PUSH_CTRL] 2067 2.2566 3.57133 TRACK
[PUSH_CTRL] 2068 2.24973 3.57133 TRACK
[PUSH_CTRL] 2069 2.24296 3.57133 TRACK
[PUSH_CTRL] 2070 2.23697 3.57133 TRACK
[PUSH_CTRL] 2071 2.23184 3.57133 TRACK
[PUSH_CTRL] 2072 2.22752 3.57133 TRACK
[PUSH_CTRL] 2073 2.22361 3.57133 TRACK
[PUSH_CTRL] 2074 2.28981 3.57133 TRACK
[PUSH_CTRL] 2075 2.2823 3.57133 TRACK
[PUSH_CTRL] 2076 2.27282 3.57133 TRACK
[PUSH_CTRL] 2077 2.26286 3.57133 TRACK
[PUSH_CTRL] 2078 2.254 3.57133 TRACK
[PUSH_CTRL] 2079 2.24648 3.57133 TRACK
[PUSH_CTRL] 2080 2.23979 3.57133 TRACK
[PUSH_CTRL] 2081 2.2347 3.57133 TRACK
[PUSH_CTRL] 2082 2.231 3.57133 TRACK
[PUSH_CTRL] 2083 2.22882 3.57133 TRACK
[PUSH_CTRL] 2084 2.227 3.57133 TRACK
[PUSH_CTRL] 2085 2.29455 3.57133 TRACK
[PUSH_CTRL] 2086 2.28869 3.57133 TRACK
[PUSH_CTRL] 2087 2.28141 3.57133 TRACK
[PUSH_CTRL] 2088 2.27339 3.57133 TRACK
[PUSH_CTRL] 2089 2.26501 3.57133 TRACK
[PUSH_CTRL] 2090 2.25661 3.57133 TRACK
[PUSH_CTRL] 2091 2.24865 3.57133 TRACK
[PUSH_CTRL] 2092 2.24059 3.57133 TRACK
[PUSH_CTRL] 2093 2.23224 3.57133 TRACK
[PUSH_CTRL] 2094 2.22434 3.57133 TRACK
[PUSH_CTRL] 2095 2.21714 3.57133 TRACK
[PUSH_CTRL] 2096 2.21074 3.57133 TRACK
[PUSH_CTRL] 2097 2.27528 3.57133 TRACK
[PUSH_CTRL] 2098 2.26784 3.57133 TRACK
[PUSH_CTRL] 2099 2.26031 3.57133 TRACK
[PUSH_CTRL] 2100 2.25426 3.57133 TRACK
[PUSH_CTRL] 2101 2.24981 3.57133 TRACK
[PUSH_CTRL] 2102 2.24605 3.57133 TRACK
[PUSH_CTRL] 2103 2.24224 3.57133 TRACK
[PUSH_CTRL] 2104 2.23804 3.57133 TRACK
[PUSH_CTRL] 2105 2.234 3.57133 TRACK
[PUSH_CTRL] 2106 2.22964 3.57133 TRACK
[PUSH_CTRL] 2107 2.29505 3.57133 TRACK
[PUSH_CTRL] 2108 2.28955 3.57133 TRACK
[PUSH_CTRL] 2109 2.2828 3.57133 TRACK
[PUSH_CTRL] 2110 2.2752 3.57133 TRACK
[PUSH_CTRL] 2111 2.26729 3.57133 TRACK
[PUSH_CTRL] 2112 2.25954 3.57133 TRACK
[PUSH_CTRL] 2113 2.25223 3.57133 TRACK
[PUSH_CTRL] 2114 2.2455 3.57133 TRACK
[PUSH_CTRL] 2115 2.23948 3.57133 TRACK
[PUSH_CTRL] 2116 2.23406 3.57133 TRACK
[PUSH_CTRL] 2117 2.22865 3.57133 TRACK
[PUSH_CTRL] 2118 2.22279 3.57133 TRACK
[PUSH_CTRL] 2119 2.28687 3.57133 TRACK
[PUSH_CTRL] 2120 2.27888 3.57133 TRACK
[PUSH_CTRL] 2121 2.26988 3.57133 TRACK
[PUSH_CTRL] 2122 2.26085 3.57133 TRACK
[PUSH_CTRL] 2123 2.25233 3.57133 TRACK
[PUSH_CTRL] 2124 2.24457 3.57133 TRACK
[PUSH_CTRL] 2125 2.23784 3.57133 TRACK
[PUSH_CTRL] 2126 2.23302 3.57133 TRACK
[PUSH_CTRL] 2127 2.22952 3.57133 TRACK
[PUSH_CTRL] 2128 2.22692 3.57133 TRACK
[PUSH_CTRL] 2129 2.22377 3.57133 TRACK
[PUSH_CTRL] 2130 2.2901 3.57133 TRACK
[PUSH_CTRL] 2131 2.28413 3.57133 TRACK
[PUSH_CTRL] 2132 2.27692 3.57133 TRACK
[PUSH_CTRL] 2133 2.26946 3.57133 TRACK
[PUSH_CTRL] 2134 2.26217 3.57133 TRACK
[PUSH_CTRL] 2135 2.25531 3.57133 TRACK
[PUSH_CTRL] 2136 2.24889 3.57133 TRACK
[PUSH_CTRL] 2137 2.24287 3.57133 TRACK
[PUSH_CTRL] 2138 2.23716 3.57133 TRACK
[PUSH_CTRL] 2139 2.23111 3.57133 TRACK
[PUSH_CTRL] 2140 2.22494 3.57133 TRACK
[PUSH_CTRL] 2141 2.21886 3.57133 TRACK
[PUSH_CTRL] 2142 2.28293 3.57133 TRACK
[PUSH_CTRL] 2143 2.27504 3.57133 TRACK
[PUSH_CTRL] 2144 2.26656 3.57133 TRACK
[PUSH_CTRL] 2145 2.25843 3.57133 TRACK
[PUSH_CTRL] 2146 2.25184 3.57133 TRACK
[PUSH_CTRL] 2147 2.24757 3.57133 TRACK
[PUSH_CTRL] 2148 2.24386 3.57133 TRACK
[PUSH_CTRL] 2149 2.23988 3.57133 TRACK
[PUSH_CTRL] 2150 2.23552 3.57133 TRACK
[PUSH_CTRL] 2151 2.23103 3.57133 TRACK
[PUSH_CTRL] 2152 2.29613 3.57133 TRACK
[PUSH_CTRL] 2153 2.28937 3.57133 TRACK
[PUSH_CTRL] 2154 2.2818 3.57133 TRACK
[PUSH_CTRL] 2155 2.27435 3.57133 TRACK
[PUSH_CTRL] 2156 2.26744 3.57133 TRACK
[PUSH_CTRL] 2157 2.26175 3.57133 TRACK
[PUSH_CTRL] 2158 2.2565 3.57133 TRACK
[PUSH_CTRL] 2159 2.25127 3.57133 TRACK
[PUSH_CTRL] 2160 2.24612 3.57133 TRACK
[PUSH_CTRL] 2161 2.2405 3.57133 TRACK
[PUSH_CTRL] 2162 2.2347 3.57133 TRACK
[PUSH_CTRL] 2163 2.2985 3.57133 TRACK
[PUSH_CTRL] 2164 2.29046 3.57133 TRACK
[PUSH_CTRL] 2165 2.28167 3.57133 TRACK
[PUSH_CTRL] 2166 2.27245 3.57133 TRACK
[PUSH_CTRL] 2167 2.26295 3.57133 TRACK
[PUSH_CTRL] 2168 2.25326 3.57133 TRACK
[PUSH_CTRL] 2169 2.244 3.57133 TRACK
[PUSH_CTRL] 2170 2.23542 3.57133 TRACK
[PUSH_CTRL] 2171 2.22767 3.57133 TRACK
[PUSH_CTRL] 2172 2.22075 3.57133 TRACK
[PUSH_CTRL] 2173 2.21468 3.57133 TRACK
[PUSH_CTRL] 2174 2.20929 3.57133 TRACK
[PUSH_CTRL] 2175 2.27437 3.57133 TRACK
[PUSH_CTRL] 2176 2.26687 3.57133 TRACK
[PUSH_CTRL] 2177 2.25809 3.57133 TRACK
[PUSH_CTRL] 2178 2.24934 3.57133 TRACK
[PUSH_CTRL] 2179 2.24092 3.57133 TRACK
[PUSH_CTRL] 2180 2.23357 3.57133 TRACK
[PUSH_CTRL] 2181 2.22806 3.57133 TRACK
[PUSH_CTRL] 2182 2.22338 3.57133 TRACK
[PUSH_CTRL] 2183 2.21848 3.57133 TRACK
[PUSH_CTRL] 2184 2.21322 3.57133 TRACK
[PUSH_CTRL] 2185 2.20781 3.57133 TRACK
[PUSH_CTRL] 2186 2.27198 3.57133 TRACK
[PUSH_CTRL] 2187 2.26426 3.57133 TRACK
[PUSH_CTRL] 2188 2.25574 3.57133 TRACK
[PUSH_CTRL] 2189 2.24815 3.57133 TRACK
[PUSH_CTRL] 2190 2.24075 3.57133 TRACK
[PUSH_CTRL] 2191 2.23328 3.57133 TRACK
[PUSH_CTRL] 2192 2.22585 3.57133 TRACK
[PUSH_CTRL] 2193 2.21857 3.57133 TRACK
[PUSH_CTRL] 2194 2.21204 3.57133 TRACK
[PUSH_CTRL] 2195 2.20626 3.57133 TRACK
[PUSH_CTRL] 2196 2.2007 3.57133 TRACK
[PUSH_CTRL] 2197 2.19541 3.57133 TRACK
[PUSH_CTRL] 2198 2.26028 3.57133 TRACK
[PUSH_CTRL] 2199 2.25394 3.57133 TRACK
[PUSH_CTRL] 2200 2.24729 3.57133 TRACK
[PUSH_CTRL] 2201 2.2402 3.57133 TRACK
[PUSH_CTRL] 2202 2.23312 3.57133 TRACK
[PUSH_CTRL] 2203 2.22678 3.57133 TRACK
[PUSH_CTRL] 2204 2.22131 3.57133 TRACK
[PUSH_CTRL] 2205 2.21696 3.57133 TRACK
[PUSH_CTRL] 2206 2.21349 3.57133 TRACK
[PUSH_CTRL] 2207 2.21053 3.57133 TRACK
[PUSH_CTRL] 2208 2.27667 3.57133 TRACK
[PUSH_CTRL] 2209 2.27014 3.57133 TRACK
[PUSH_CTRL] 2210 2.26176 3.57133 TRACK
[PUSH_CTRL] 2211 2.25255 3.57133 TRACK
[PUSH_CTRL] 2212 2.24268 3.57133 TRACK
[PUSH_CTRL] 2213 2.23289 3.57133 TRACK
[PUSH_CTRL] 2214 2.22356 3.57133 TRACK
[PUSH_CTRL] 2215 2.21488 3.57133 TRACK
[PUSH_CTRL] 2216 2.20698 3.57133 TRACK
[PUSH_CTRL] 2217 2.19992 3.57133 TRACK
[PUSH_CTRL] 2218 2.19363 3.57133 TRACK
[PUSH_CTRL] 2219 2.18912 3.57133 TRACK
[PUSH_CTRL] 2220 2.18515 3.57133 TRACK
[PUSH_CTRL] 2221 2.2508 3.57133 TRACK
[PUSH_CTRL] 2222 2.24442 3.57133 TRACK
[PUSH_CTRL] 2223 2.23685 3.57133 TRACK
[PUSH_CTRL] 2224 2.22884 3.57133 TRACK
[PUSH_CTRL] 2225 2.22145 3.57133 TRACK
[PUSH_CTRL] 2226 2.2145 3.57133 TRACK
[PUSH_CTRL] 2227 2.20912 3.57133 TRACK
[PUSH_CTRL] 2228 2.20381 3.57133 TRACK
[PUSH_CTRL] 2229 2.19863 3.57133 TRACK
[PUSH_CTRL] 2230 2.19329 3.57133 TRACK
[PUSH_CTRL] 2231 2.18788 3.57133 TRACK
[PUSH_CTRL] 2232 2.25263 3.57133 TRACK
[PUSH_CTRL] 2233 2.24531 3.57133 TRACK
[PUSH_CTRL] 2234 2.23782 3.57133 TRACK
[PUSH_CTRL] 2235 2.23 3.57133 TRACK
[PUSH_CTRL] 2236 2.22257 3.57133 TRACK
[PUSH_CTRL] 2237 2.21602 3.57133 TRACK
[PUSH_CTRL] 2238 2.2095 3.57133 TRACK
[PUSH_CTRL] 2239 2.20322 3.57133 TRACK
[PUSH_CTRL] 2240 2.19742 3.57133 TRACK
[PUSH_CTRL] 2241 2.19211 3.57133 TRACK
[PUSH_CTRL] 2242 2.18683 3.57133 TRACK
[PUSH_CTRL] 2243 2.25163 3.57133 TRACK
[PUSH_CTRL] 2244 2.24421 3.57133 TRACK
[PUSH_CTRL] 2245 2.23576 3.57133 TRACK
[PUSH_CTRL] 2246 2.22757 3.57133 TRACK
[PUSH_CTRL] 2247 2.22007 3.57133 TRACK
[PUSH_CTRL] 2248 2.21331 3.57133 TRACK
[PUSH_CTRL] 2249 2.20717 3.57133 TRACK
[PUSH_CTRL] 2250 2.20129 3.57133 TRACK
[PUSH_CTRL] 2251 2.19502 3.57133 TRACK
[PUSH_CTRL] 2252 2.18834 3.57133 TRACK
[PUSH_CTRL] 2253 2.1819 3.57133 TRACK
[PUSH_CTRL] 2254 2.17589 3.57133 TRACK
[PUSH_CTRL] 2255 2.24006 3.57133 TRACK
[PUSH_CTRL] 2256 2.23243 3.57133 TRACK
[PUSH_CTRL] 2257 2.22549 3.57133 TRACK
[PUSH_CTRL] 2258 2.21928 3.57133 TRACK
[PUSH_CTRL] 2259 2.21335 3.57133 TRACK
[PUSH_CTRL] 2260 2.20882 3.57133 TRACK
[PUSH_CTRL] 2261 2.20573 3.57133 TRACK
[PUSH_CTRL] 2262 2.20264 3.57133 TRACK
[PUSH_CTRL] 2263 2.19929 3.57133 TRACK
[PUSH_CTRL] 2264 2.19496 3.57133 TRACK
[PUSH_CTRL] 2265 2.25949 3.57133 TRACK
[PUSH_CTRL] 2266 2.25202 3.57133 TRACK
[PUSH_CTRL] 2267 2.24362 3.57133 TRACK
[PUSH_CTRL] 2268 2.23523 3.57133 TRACK
[PUSH_CTRL] 2269 2.22732 3.57133 TRACK
[PUSH_CTRL] 2270 2.21971 3.57133 TRACK
[PUSH_CTRL] 2271 2.21223 3.57133 TRACK
[PUSH_CTRL] 2272 2.20497 3.57133 TRACK
[PUSH_CTRL] 2273 2.19754 3.57133 TRACK
[PUSH_CTRL] 2274 2.19018 3.57133 TRACK
[PUSH_CTRL] 2275 2.1831 3.57133 TRACK
[PUSH_CTRL] 2276 2.17674 3.57133 TRACK
[PUSH_CTRL] 2277 2.24155 3.57133 TRACK
[PUSH_CTRL] 2278 2.23446 3.57133 TRACK
[PUSH_CTRL] 2279 2.22696 3.57133 TRACK
[PUSH_CTRL] 2280 2.21936 3.57133 TRACK
[PUSH_CTRL] 2281 2.21212 3.57133 TRACK
[PUSH_CTRL] 2282 2.20497 3.57133 TRACK
[PUSH_CTRL] 2283 2.19814 3.57133 TRACK
[PUSH_CTRL] 2284 2.19168 3.57133 TRACK
[PUSH_CTRL] 2285 2.18569 3.57133 TRACK
[PUSH_CTRL] 2286 2.18028 3.57133 TRACK
[PUSH_CTRL] 2287 2.17537 3.57133 TRACK
[PUSH_CTRL] 2288 2.23892 3.57133 TRACK
[PUSH_CTRL] 2289 2.22876 3.57133 TRACK
[PUSH_CTRL] 2290 2.21832 3.57133 TRACK
[PUSH_CTRL] 2291 2.2088 3.57133 TRACK
[PUSH_CTRL] 2292 2.20058 3.57133 TRACK
[PUSH_CTRL] 2293 2.19376 3.57133 TRACK
[PUSH_CTRL] 2294 2.18819 3.57133 TRACK
[PUSH_CTRL] 2295 2.18368 3.57133 TRACK
[PUSH_CTRL] 2296 2.17987 3.57133 TRACK
[PUSH_CTRL] 2297 2.17573 3.57133 TRACK
[PUSH_CTRL] 2298 2.17076 3.57133 TRACK
[PUSH_CTRL] 2299 2.16527 3.57133 TRACK
[PUSH_CTRL] 2300 2.22983 3.57133 TRACK
[PUSH_CTRL] 2301 2.22205 3.57133 TRACK
[PUSH_CTRL] 2302 2.21337 3.57133 TRACK
[PUSH_CTRL] 2303 2.20475 3.57133 TRACK
[PUSH_CTRL] 2304 2.19667 3.57133 TRACK
[PUSH_CTRL] 2305 2.18969 3.57133 TRACK
[PUSH_CTRL] 2306 2.18364 3.57133 TRACK
[PUSH_CTRL] 2307 2.17792 3.57133 TRACK
[PUSH_CTRL] 2308 2.1724 3.57133 TRACK
[PUSH_CTRL] 2309 2.16705 3.57133 TRACK
[PUSH_CTRL] 2310 2.16158 3.57133 TRACK
[PUSH_CTRL] 2311 2.15596 3.57133 TRACK
[PUSH_CTRL] 2312 2.22035 3.57133 TRACK
[PUSH_CTRL] 2313 2.21243 3.57133 TRACK
[PUSH_CTRL] 2314 2.204 3.57133 TRACK
[PUSH_CTRL] 2315 2.19591 3.57133 TRACK
[PUSH_CTRL] 2316 2.18855 3.57133 TRACK
[PUSH_CTRL] 2317 2.18272 3.57133 TRACK
[PUSH_CTRL] 2318 2.1788 3.57133 TRACK
[PUSH_CTRL] 2319 2.17535 3.57133 TRACK
[PUSH_CTRL] 2320 2.17176 3.57133 TRACK
[PUSH_CTRL] 2321 2.16825 3.57133 TRACK
[PUSH_CTRL] 2322 2.16438 3.57133 TRACK
[PUSH_CTRL] 2323 2.23008 3.57133 TRACK
[PUSH_CTRL] 2324 2.22309 3.57133 TRACK
[PUSH_CTRL] 2325 2.21581 3.57133 TRACK
[PUSH_CTRL] 2326 2.20893 3.57133 TRACK
[PUSH_CTRL] 2327 2.20272 3.57133 TRACK
[PUSH_CTRL] 2328 2.19684 3.57133 TRACK
[PUSH_CTRL] 2329 2.19069 3.57133 TRACK
[PUSH_CTRL] 2330 2.18455 3.57133 TRACK
[PUSH_CTRL] 2331 2.17862 3.57133 TRACK
[PUSH_CTRL] 2332 2.17302 3.57133 TRACK
[PUSH_CTRL] 2333 2.23753 3.57133 TRACK
[PUSH_CTRL] 2334 2.23007 3.57133 TRACK
[PUSH_CTRL] 2335 2.22154 3.57133 TRACK
[PUSH_CTRL] 2336 2.21263 3.57133 TRACK
[PUSH_CTRL] 2337 2.20365 3.57133 TRACK
[PUSH_CTRL] 2338 2.19474 3.57133 TRACK
[PUSH_CTRL] 2339 2.18597 3.57133 TRACK
[PUSH_CTRL] 2340 2.17734 3.57133 TRACK
[PUSH_CTRL] 2341 2.16913 3.57133 TRACK
[PUSH_CTRL] 2342 2.16138 3.57133 TRACK
[PUSH_CTRL] 2343 2.15421 3.57133 TRACK
[PUSH_CTRL] 2344 2.14778 3.57133 TRACK
[PUSH_CTRL] 2345 2.14269 3.57133 TRACK
[PUSH_CTRL] 2346 2.20964 3.57133 TRACK
[PUSH_CTRL] 2347 2.2049 3.57133 TRACK
[PUSH_CTRL] 2348 2.19931 3.57133 TRACK
[PUSH_CTRL] 2349 2.19323 3.57133 TRACK
[PUSH_CTRL] 2350 2.18711 3.57133 TRACK
[PUSH_CTRL] 2351 2.1811 3.57133 TRACK
[PUSH_CTRL] 2352 2.17509 3.57133 TRACK
[PUSH_CTRL] 2353 2.16928 3.57133 TRACK
[PUSH_CTRL] 2354 2.16346 3.57133 TRACK
[PUSH_CTRL] 2355 2.15821 3.57133 TRACK
[PUSH_CTRL] 2356 2.15349 3.57133 TRACK
[PUSH_CTRL] 2357 2.21892 3.57133 TRACK
[PUSH_CTRL] 2358 2.21269 3.57133 TRACK
[PUSH_CTRL] 2359 2.20517 3.57133 TRACK
[PUSH_CTRL] 2360 2.19715 3.57133 TRACK
[PUSH_CTRL] 2361 2.18896 3.57133 TRACK
[PUSH_CTRL] 2362 2.18067 3.57133 TRACK
[PUSH_CTRL] 2363 2.17252 3.57133 TRACK
[PUSH_CTRL] 2364 2.16477 3.57133 TRACK
[PUSH_CTRL] 2365 2.15759 3.57133 TRACK
[PUSH_CTRL] 2366 2.15105 3.57133 TRACK
[PUSH_CTRL] 2367 2.14437 3.57133 TRACK
[PUSH_CTRL] 2368 2.13728 3.57133 TRACK
[PUSH_CTRL] 2369 2.13021 3.57133 TRACK
[PUSH_CTRL] 2370 2.19383 3.57133 TRACK
[PUSH_CTRL] 2371 2.18494 3.57133 TRACK
[PUSH_CTRL] 2372 2.17614 3.57133 TRACK
[PUSH_CTRL] 2373 2.16874 3.57133 TRACK
[PUSH_CTRL] 2374 2.16324 3.57133 TRACK
[PUSH_CTRL] 2375 2.15941 3.57133 TRACK
[PUSH_CTRL] 2376 2.15494 3.57133 TRACK
[PUSH_CTRL] 2377 2.15019 3.57133 TRACK
[PUSH_CTRL] 2378 2.14531 3.57133 TRACK
[PUSH_CTRL] 2379 2.14002 3.57133 TRACK
[PUSH_CTRL] 2380 2.1342 3.57133 TRACK
[PUSH_CTRL] 2381 2.19816 3.57133 TRACK
[PUSH_CTRL] 2382 2.19005 3.57133 TRACK
[PUSH_CTRL] 2383 2.18093 3.57133 TRACK
[PUSH_CTRL] 2384 2.1718 3.57133 TRACK
[PUSH_CTRL] 2385 2.16368 3.57133 TRACK
[PUSH_CTRL] 2386 2.15698 3.57133 TRACK
[PUSH_CTRL] 2387 2.15162 3.57133 TRACK
[PUSH_CTRL] 2388 2.14782 3.57133 TRACK
[PUSH_CTRL] 2389 2.14545 3.57133 TRACK
[PUSH_CTRL] 2390 2.14344 3.57133 TRACK
[PUSH_CTRL] 2391 2.14086 3.57133 TRACK
[PUSH_CTRL] 2392 2.13748 3.57133 TRACK
[PUSH_CTRL] 2393 2.20344 3.57133 TRACK
[PUSH_CTRL] 2394 2.19702 3.57133 TRACK
[PUSH_CTRL] 2395 2.18926 3.57133 TRACK
[PUSH_CTRL] 2396 2.18086 3.57133 TRACK
[PUSH_CTRL] 2397 2.17192 3.57133 TRACK
[PUSH_CTRL] 2398 2.16277 3.57133 TRACK
[PUSH_CTRL] 2399 2.15395 3.57133 TRACK
[PUSH_CTRL] 2400 2.14583 3.57133 TRACK
[PUSH_CTRL] 2401 2.13855 3.57133 TRACK
[PUSH_CTRL] 2402 2.13287 3.57133 TRACK
[PUSH_CTRL] 2403 2.12856 3.57133 TRACK
[PUSH_CTRL] 2404 2.12534 3.57133 TRACK
[PUSH_CTRL] 2405 2.12294 3.57133 TRACK
[PUSH_CTRL] 2406 2.19122 3.57133 TRACK
[PUSH_CTRL] 2407 2.18667 3.57133 TRACK
[PUSH_CTRL] 2408 2.18083 3.57133 TRACK
[PUSH_CTRL] 2409 2.17459 3.57133 TRACK
[PUSH_CTRL] 2410 2.16801 3.57133 TRACK
[PUSH_CTRL] 2411 2.16146 3.57133 TRACK
[PUSH_CTRL] 2412 2.15498 3.57133 TRACK
[PUSH_CTRL] 2413 2.14879 3.57133 TRACK
[PUSH_CTRL] 2414 2.143 3.57133 TRACK
[PUSH_CTRL] 2415 2.13762 3.57133 TRACK
[PUSH_CTRL] 2416 2.20244 3.57133 TRACK
[PUSH_CTRL] 2417 2.1964 3.57133 TRACK
[PUSH_CTRL] 2418 2.18984 3.57133 TRACK
[PUSH_CTRL] 2419 2.18213 3.57133 TRACK
[PUSH_CTRL] 2420 2.17449 3.57133 TRACK
[PUSH_CTRL] 2421 2.16673 3.57133 TRACK
[PUSH_CTRL] 2422 2.15918 3.57133 TRACK
[PUSH_CTRL] 2423 2.15257 3.57133 TRACK
[PUSH_CTRL] 2424 2.14681 3.57133 TRACK
[PUSH_CTRL] 2425 2.14133 3.57133 TRACK
[PUSH_CTRL] 2426 2.13727 3.57133 TRACK
[PUSH_CTRL] 2427 2.13429 3.57133 TRACK
[PUSH_CTRL] 2428 2.20186 3.57133 TRACK
