[Diagnostics] Wrote config.json
[DIAG] Diagnostics enabled: /home/dhruv/projects_dhruv/namo/robot_control/push_calibration/obj_1/edge45/depth6/trial1
[tier2] wheel commands will be logged to /home/dhruv/projects_dhruv/namo/robot_control/push_calibration/obj_1/edge45/depth6/trial1/wheel_commands.jsonl
[collect] 1 trial(s) loaded from push_calibration/obj_1/edge45/depth6/spec.yaml
[collect] obstacle_target = (25.0, 35.0) cm  reset_tolerance = 3.0 cm
[mid-obs] logging every camera observation → /home/dhruv/projects_dhruv/namo/robot_control/push_calibration/obj_1/edge45/depth6/trial1/mid_obs.jsonl
[Runtime] Using remote camera service at tcp://localhost:5556
[Runtime] Speeds in effect: nav=0.40, push=0.40, keyboard/follow_path=0.30
[fresh] planner.attach_obs_source(world.get) wired
[Runtime] Starting RemoteObserverNode...
[RemoteObserver] Connected to tcp://localhost:5556
[SerialSender] Port /dev/serial/by-id/usb-Espressif_USB_JTAG_serial_debug_unit_10:51:DB:18:34:7C-if00 opened at 115200
[SerialSender] Started at 30.0 Hz
[RealEnv] Started (robot_id=1)
[Runtime] Per-subgoal video + meta will write to /home/dhruv/projects_dhruv/namo/robot_control/push_calibration/obj_1/edge45/depth6/trial1/recordings/session_2026-05-25_15-26-09
[SerialSender] Car 1 CONNECTED (alive now: [1])
[Runtime] 🔌 Robot 1 ONLINE at startup (alive_ids=[1], ap_connected=True)

=== Trial 1/1 === object=obj_1 edge_idx=45 push_steps=7
  [skip_reset] start pose: (21.56, 21.28) θ=93.26°. pushing...
[Subgoal] --> DISPATCH PUSH: obj 'obj_1' at (21.6,21.3,θ=93.3°), edge=45, push_steps=7, robot at (23.1,6.7,θ=93.1°)
[DIAG] subgoal #1 start recorded
[RemoteRecordClient] Recording started → /home/dhruv/projects_dhruv/namo/robot_control/push_calibration/obj_1/edge45/depth6/trial1/recordings/session_2026-05-25_15-26-09/subgoal_001_push_obj_1_e45_s7.mp4
[PUSH]   Original edge: (22.0, 13.6)[Diagnostics] ⚠️ scene_before.xml capture failed: no xml source path provided

[PUSH]   Validated:     (22.0, 13.1)
[PUSH] Starting navigation: robot=(23.1,6.7) → approach=(22.0,13.1)

==================================================[NAV] navigate_to: goal=(22.0,13.1) θ=93.3°, from=(23.1,6.7), obstacles=1

Robot Control - Real Robot (Autonomous)
==================================================
Serial port: /dev/serial/by-id/usb-Espressif_USB_JTAG_serial_debug_unit_10:51:DB:18:34:7C-if00
Robot ID: 1
Dry run: False
Speed: 0.3
==================================================
Running in autonomous mode
Press 'r' to toggle recording
Press 'space' for emergency stop
Press 'escape' to quit
==================================================

[Wavefront] Saved grid image to output_dump/wavefront/wavefront_20260525_152609_001.png (98x155)
[PUSH] navigate_to() returned: True, nav_state=PRE_ROTATING
[NAV] state - -> PRE_ROTATING pose=(23.1,6.7,θ=93.1°) pre_target_θ=101.6° heading_err=+8.5°
[NAV] state PRE_ROTATING -> FOLLOWING pose=(23.1,6.7,θ=93.0°) path_waypoints=8 final_wp=(22.2,12.8)
[NAV] state FOLLOWING -> POST_ROTATING pose=(22.5,11.5,θ=93.2°) goal_θ=93.3° heading_err=+0.1°
[PUSH] Navigation done - transitioning to ADVANCING (nav_state=FINISHED)
[PUSH] >>> PUSHING start: obj 'obj_1' at (21.6,21.3,θ=93.1°), robot at (22.4,12.0,θ=93.9°), edge=45, push_steps=7 (182 ticks)
[PUSH DEBUG] ========== PUSH START ==========
[PUSH DEBUG] Object: pos=(21.6,21.3) theta=93.1° size=(15x7.0)
[PUSH DEBUG] Edge 45: face=3 sample=7
[PUSH DEBUG] Theoretical: edge_pt (22.0,13.6) → mid_pt (21.6,21.3)
[PUSH DEBUG] Actual line: (22.4,12.0) → (22.0,19.7)
[PUSH DEBUG] Mode: FIXED
[PUSH DEBUG] ================================

[PUSH] ========== PUSH COMPLETE ==========
[PUSH] Robot: (21.2, 35.2) theta=92.7°
[PUSH] Δobject 'obj_1': Δpos=(-1.50,+20.90) |Δ|=20.96cm, Δθ=+0.31°
[PUSH] Robot position is BLOCKED in wavefront
[PUSH] Object 'obj_1': (20.1, 42.2) theta=93.4° size=(15x7.0)
[PUSH]   Distance robot→object center: 7.0cm
[Wavefront] Saved grid image to /tmp/wavefront/wavefront_20260525_152618.png (98x155)
[PUSH] Wavefront saved to: /tmp/wavefront/wavefront_20260525_152618.png
[PUSH] ======================================

[PUSH] Retreat target: (19.7, 30.4) [BACKWARD]
[Subgoal] <-- DONE (SUCCESS) after 12.7s, robot now at (20.2,32.3,θ=75.4°)
[DIAG] subgoal #1 end recorded (outcome=success)
[DIAG] push recorded (obj=obj_1, Δ=21.46cm, stuck=False)
[RemoteRecordClient] Recording stopped → /home/dhruv/projects_dhruv/namo/robot_control/push_calibration/obj_1/edge45/depth6/trial1/recordings/session_2026-05-25_15-26-09/subgoal_001_push_obj_1_e45_s7.mp4
[Runtime] Plan complete - stopping robot
[Runtime] Shutting down
