[Diagnostics] Wrote config.json
[DIAG] Diagnostics enabled: /home/dhruv/projects_dhruv/namo/robot_control/real_exp/results/formal_v2/1push_hard_021/random_r5
planner: full_namo  |  exec mode: search  local search: best_first/uniform  hmax=canonical  budget=canonical  scope=inherited  device=cuda

Starting NAMO execution...
Press ESCAPE to quit
==================================================
[Runtime] Using remote camera service at tcp://localhost:5556
[Runtime] Speeds in effect: nav=0.40, push=0.40, keyboard/follow_path=0.30
[Runtime] Starting RemoteObserverNode...
[RemoteObserver] Connected to tcp://localhost:5556
[SerialSender] Port /dev/serial/by-id/usb-Espressif_USB_JTAG_serial_debug_unit_10:51:DB:18:34:7C-if00 opened at 115200
[SerialSender] Started at 30.0 Hz
[RealEnv] Started (robot_id=1)
[RemoteRecordClient] Recording started → /home/dhruv/projects_dhruv/namo/robot_control/real_exp/results/formal_v2/1push_hard_021/random_r5/recordings/session_2026-08-31_04-17-04/full_run.mp4
[Runtime] Full-run video + per-subgoal meta will write to /home/dhruv/projects_dhruv/namo/robot_control/real_exp/results/formal_v2/1push_hard_021/random_r5/recordings/session_2026-08-31_04-17-04
[SerialSender] Car 1 CONNECTED (alive now: [1])
[Runtime] 🔌 Robot 1 ONLINE at startup (alive_ids=[1], ap_connected=True)

[Trapped-start recovery] Robot at (25.6, 5.6) cm was in an inflated-obstacle cell; cleared local cells so the planner can BFS from here. Position unchanged.

[NAMOPlanner] Goal BLOCKED - running NAMO planning...

[Trapped-start recovery] Robot at (25.6, 5.6) cm was in an inflated-obstacle cell; cleared local cells so the planner can BFS from here. Position unchanged.


[Trapped-start recovery] Robot at (25.6, 5.6) cm was in an inflated-obstacle cell; cleared local cells so the planner can BFS from here. Position unchanged.


==================================================
Robot Control - Real Robot (Autonomous)
==================================================
Serial port: /dev/serial/by-id/usb-Espressif_USB_JTAG_serial_debug_unit_10:51:DB:18:34:7C-if00
Robot ID: 1
Dry run: False
Speed (autonomous): nav=0.40, push=0.40
==================================================
Running in autonomous mode
Press 'r' to toggle recording
Press 'space' for emergency stop
Press 'escape' to quit
==================================================


[Trapped-start recovery] Robot at (25.6, 5.6) cm was in an inflated-obstacle cell; cleared local cells so the planner can BFS from here. Position unchanged.

[DIAG] plan #1 recorded (success=True)
[NAMOPlanner] MPC mode: preserving 2 pushes from region_target, queuing only the first for real execution
[Subgoal] --> DISPATCH PUSH: obj 'obj_1' at (17.9,33.6,θ=157.1°), edge=20, push_steps=3, robot at (25.6,5.6,θ=1.6°)
[DIAG] subgoal #1 start recorded

[Trapped-start recovery] Robot at (25.6, 5.6) cm was in an inflated-obstacle cell; cleared local cells so the planner can BFS from here. Position unchanged.

[PUSH] Starting navigation: robot=(25.6,5.6) → approach=(11.9,23.1)
[NAV] navigate_to: goal=(11.9,23.1) θ=67.1°, from=(25.6,5.6), obstacles=3
[Wavefront] Saved grid image to output_dump/wavefront/wavefront_20260831_041705_001.png (98x155)
[PUSH] navigate_to() returned: True, nav_state=PRE_ROTATING
[NAV] state - -> PRE_ROTATING pose=(25.6,5.6,θ=1.6°) pre_target_θ=130.8° heading_err=+129.3°
[NAV] state PRE_ROTATING -> FOLLOWING pose=(25.5,4.9,θ=86.3°) path_waypoints=33 final_wp=(11.8,22.8)
[NAV] state FOLLOWING -> POST_ROTATING pose=(11.3,21.8,θ=82.3°) goal_θ=67.1° heading_err=-15.2°
[PUSH] Navigation done - transitioning to ADVANCING (nav_state=FINISHED)
[PUSH] >>> PUSHING start: obj 'obj_1' at (18.0,33.5,θ=157.1°), robot at (11.3,22.2,θ=65.9°), edge=20, push_steps=3 (90 ticks)
[PUSH DEBUG] ========== PUSH START ==========
[PUSH DEBUG] Object: pos=(18.0,33.5) theta=157.1° size=(15x7.0)
[PUSH DEBUG] Edge 20: face=0 sample=10
[PUSH DEBUG] Theoretical: edge_pt (11.9,23.1) → mid_pt (16.6,34.1)
[PUSH DEBUG] Actual line: (11.3,22.2) → (16.0,33.3)
[PUSH DEBUG] Mode: FIXED
[PUSH DEBUG] ================================

[PUSH] ========== PUSH COMPLETE ==========
[PUSH] Robot: (16.0, 33.2) theta=65.5°
[PUSH] Δobject 'obj_1': Δpos=(+4.17,+8.64) |Δ|=9.59cm, Δθ=-4.30°
[PUSH] Robot position is BLOCKED in wavefront
[PUSH] Object 'obj_1': (22.1, 42.2) theta=152.8° size=(15x7.0)
[PUSH]   Distance robot→object center: 10.9cm
[PUSH] Object 'wall_11': (13.4, 46.4) theta=162.9° size=(19.5x5.5)
[PUSH]   Distance robot→object center: 13.5cm
[PUSH] Object 'wall_10': (38.9, 37.6) theta=101.1° size=(19.5x5.5)
[PUSH]   Distance robot→object center: 23.4cm
[Wavefront] Saved grid image to /tmp/wavefront/wavefront_20260831_041716.png (98x155)
[PUSH] Wavefront saved to: /tmp/wavefront/wavefront_20260831_041716.png
[PUSH] ======================================

[PUSH] Retreat target: (12.5, 29.6) [BACKWARD]
[PUSH] Retreat reached target after 192 steps: moved 3.0 cm, stopped 2.0 cm from target (tolerance 2.0 cm, commanded speed 0.15), robot at (13.8, 31.1), target (12.5, 29.6)
[Subgoal] <-- DONE (SUCCESS) after 17.7s, robot now at (13.8,31.1,θ=49.8°)
[DIAG] subgoal #1 end recorded (outcome=success)
[DIAG] push recorded (obj=obj_1, Δ=10.38cm, stuck=False)

[Trapped-start recovery] Robot at (13.8, 31.1) cm was in an inflated-obstacle cell; cleared local cells so the planner can BFS from here. Position unchanged.

[NAMOPlanner] Push complete. Will try reuse from updated real scene for remaining chain len=1

[Trapped-start recovery] Robot at (13.8, 31.1) cm was in an inflated-obstacle cell; cleared local cells so the planner can BFS from here. Position unchanged.

[NAMOPlanner] Reuse check from updated real scene: source=region_target, chain_len=2

[Trapped-start recovery] Robot at (13.8, 31.1) cm was in an inflated-obstacle cell; cleared local cells so the planner can BFS from here. Position unchanged.

[DIAG] plan #2 recorded (success=True)
[NAMOPlanner] Reusing suffix chain (1 pushes) from updated real scene
[Subgoal] --> DISPATCH PUSH: obj 'obj_1' at (22.4,42.9,θ=153.2°), edge=14, push_steps=5, robot at (13.8,31.1,θ=49.8°)
[DIAG] subgoal #2 start recorded

[Trapped-start recovery] Robot at (13.8, 31.1) cm was in an inflated-obstacle cell; cleared local cells so the planner can BFS from here. Position unchanged.

[PUSH] Starting navigation: robot=(13.8,31.1) → approach=(17.0,32.2)
[NAV] navigate_to: goal=(17.0,32.2) θ=63.2°, from=(13.8,31.1), obstacles=3
[Wavefront] Saved grid image to output_dump/wavefront/wavefront_20260831_041723_002.png (98x155)
[PUSH] navigate_to() returned: True, nav_state=PRE_ROTATING
[NAV] state POST_ROTATING -> PRE_ROTATING pose=(13.8,31.1,θ=49.8°) pre_target_θ=-13.4° heading_err=-63.2°
[NAV] state PRE_ROTATING -> FOLLOWING pose=(13.6,30.9,θ=31.1°) path_waypoints=9 final_wp=(16.8,31.8)
[NAV] state FOLLOWING -> POST_ROTATING pose=(16.9,30.6,θ=67.4°) goal_θ=63.2° heading_err=-4.3°
[PUSH] Navigation done - transitioning to ADVANCING (nav_state=FINISHED)
[PUSH] >>> PUSHING start: obj 'obj_1' at (22.4,42.9,θ=153.3°), robot at (16.8,30.5,θ=63.7°), edge=14, push_steps=5 (150 ticks)
[PUSH DEBUG] ========== PUSH START ==========
[PUSH DEBUG] Object: pos=(22.4,42.9) theta=153.3° size=(15x7.0)
[PUSH DEBUG] Edge 14: face=0 sample=7
[PUSH DEBUG] Theoretical: edge_pt (17.0,32.2) → mid_pt (22.4,42.9)
[PUSH DEBUG] Actual line: (16.8,30.5) → (22.2,41.2)
[PUSH DEBUG] Mode: FIXED
[PUSH DEBUG] ================================

[PUSH] ========== PUSH COMPLETE ==========
[PUSH] Robot: (26.2, 49.2) theta=62.7°
[PUSH] Δobject 'obj_1': Δpos=(+8.10,+16.34) |Δ|=18.24cm, Δθ=+2.69°
[PUSH] Robot position is BLOCKED in wavefront
[PUSH] Object 'wall_11': (13.4, 46.4) theta=164.4° size=(19.5x5.5)
[PUSH]   Distance robot→object center: 13.0cm
[PUSH] Object 'obj_1': (30.5, 59.3) theta=156.0° size=(15x7.0)
[PUSH]   Distance robot→object center: 11.0cm
[PUSH] Object 'wall_10': (38.9, 37.7) theta=101.0° size=(19.5x5.5)
[PUSH]   Distance robot→object center: 17.2cm
[Wavefront] Saved grid image to /tmp/wavefront/wavefront_20260831_041733.png (98x155)
[PUSH] Wavefront saved to: /tmp/wavefront/wavefront_20260831_041733.png
[PUSH] ======================================

[PUSH] Retreat target: (22.5, 45.8) [BACKWARD]
[PUSH] Retreat reached target after 136 steps: moved 3.1 cm, stopped 1.9 cm from target (tolerance 2.0 cm, commanded speed 0.15), robot at (23.8, 47.2), target (22.5, 45.8)
[Subgoal] <-- DONE (SUCCESS) after 14.7s, robot now at (23.8,47.1,θ=46.4°)
[DIAG] subgoal #2 end recorded (outcome=success)
[DIAG] push recorded (obj=obj_1, Δ=19.30cm, stuck=False)

[Trapped-start recovery] Robot at (23.8, 47.1) cm was in an inflated-obstacle cell; cleared local cells so the planner can BFS from here. Position unchanged.

[NAMOPlanner] Goal is NOW REACHABLE - skipping committed-chain reuse

[Trapped-start recovery] Robot at (23.8, 47.1) cm was in an inflated-obstacle cell; cleared local cells so the planner can BFS from here. Position unchanged.

[NAMOPlanner] Goal REACHABLE - navigating to (42.3, 57.7) [dist=21.3cm]
[Subgoal] --> DISPATCH NAVIGATE: target=(42.3,57.7), robot at (23.8,47.1,θ=46.4°)
[DIAG] subgoal #3 start recorded

[Trapped-start recovery] Robot at (23.8, 47.1) cm was in an inflated-obstacle cell; cleared local cells so the planner can BFS from here. Position unchanged.

[NAV] navigate_to: goal=(42.3,57.7) θ=any, from=(23.8,47.1), obstacles=3
[Wavefront] Saved grid image to output_dump/wavefront/wavefront_20260831_041738_003.png (98x155)
[NAV] state POST_ROTATING -> PRE_ROTATING pose=(23.8,47.1,θ=46.4°) pre_target_θ=-32.5° heading_err=-78.9°
[NAV] state PRE_ROTATING -> FOLLOWING pose=(23.6,47.2,θ=10.3°) path_waypoints=33 final_wp=(42.2,57.8)
[Subgoal] <-- DONE (SUCCESS) after 7.8s, robot now at (42.5,56.7,θ=98.9°)
[DIAG] subgoal #3 end recorded (outcome=success)
[NAMOPlanner] GOAL REACHED! Distance: 1.0cm | Total planning: 2 calls, 720ms cumulative
[Runtime] Plan complete - stopping robot
[Runtime] Shutting down

[Trapped-start recovery] Robot at (42.4, 57.0) cm was in an inflated-obstacle cell; cleared local cells so the planner can BFS from here. Position unchanged.

[Diagnostics] Wrote summary.json (outcome=success)
[RemoteRecordClient] Recording stopped → /home/dhruv/projects_dhruv/namo/robot_control/real_exp/results/formal_v2/1push_hard_021/random_r5/recordings/session_2026-08-31_04-17-04/full_run.mp4
[Runtime] Sending stop command to robot...
[SerialSender] Stopped
[RealEnv] Stopped
[RemoteObserver] Stopped
[Runtime] Shutdown complete
