[Diagnostics] Wrote config.json
[DIAG] Diagnostics enabled: /home/dhruv/projects_dhruv/namo/robot_control/push_calibration/obj_1/edge1/depth6/trial1
[tier2] wheel commands will be logged to /home/dhruv/projects_dhruv/namo/robot_control/push_calibration/obj_1/edge1/depth6/trial1/wheel_commands.jsonl
[collect] 1 trial(s) loaded from push_calibration/obj_1/edge1/depth6/spec.yaml
[collect] obstacle_target = (25.0, 35.0) cm  reset_tolerance = 3.0 cm
[mid-obs] logging every camera observation → /home/dhruv/projects_dhruv/namo/robot_control/push_calibration/obj_1/edge1/depth6/trial1/mid_obs.jsonl
[Runtime] Using remote camera service at tcp://localhost:5556
[Runtime] Speeds in effect: nav=0.40, push=0.40, keyboard/follow_path=0.30
[fresh] planner.attach_obs_source(world.get) wired
[Runtime] Starting RemoteObserverNode...
[RemoteObserver] Connected to tcp://localhost:5556
[SerialSender] Port /dev/serial/by-id/usb-Espressif_USB_JTAG_serial_debug_unit_10:51:DB:18:34:7C-if00 opened at 115200
[SerialSender] Started at 30.0 Hz
[RealEnv] Started (robot_id=1)
[Runtime] Per-subgoal video + meta will write to /home/dhruv/projects_dhruv/namo/robot_control/push_calibration/obj_1/edge1/depth6/trial1/recordings/session_2026-05-25_13-57-06
[SerialSender] Car 1 CONNECTED (alive now: [1])
[Runtime] 🔌 Robot 1 ONLINE at startup (alive_ids=[1], ap_connected=True)

=== Trial 1/1 === object=obj_1 edge_idx=1 push_steps=7
  [skip_reset] start pose: (22.18, 27.66) θ=2.54°. pushing...
[Subgoal] --> DISPATCH PUSH: obj 'obj_1' at (22.2,27.7,θ=2.5°), edge=1, push_steps=7, robot at (22.8,10.6,θ=89.0°)
[DIAG] subgoal #1 start recorded
[RemoteRecordClient] Recording started → /home/dhruv/projects_dhruv/namo/robot_control/push_calibration/obj_1/edge1/depth6/trial1/recordings/session_2026-05-25_13-57-06/subgoal_001_push_obj_1_e1_s7.mp4
[PUSH]   Original edge: (19.2, 15.8)
[PUSH]   Validated:     (19.2, 15.3)
[PUSH] Starting navigation: robot=(22.8,10.6) → approach=(19.2,15.3)
[NAV] navigate_to: goal=(19.2,15.3) θ=92.5°, from=(22.8,10.6), obstacles=1
[Diagnostics] ⚠️ scene_before.xml capture failed: no xml source path provided

==================================================
Robot Control - Real Robot (Autonomous)
==================================================
Serial port: /dev/serial/by-id/usb-Espressif_USB_JTAG_serial_debug_unit_10:51:DB:18:34:7C-if00
Robot ID: 1
Dry run: False
Speed: 0.3
==================================================
Running in autonomous mode
Press 'r' to toggle recording
Press 'space' for emergency stop
Press 'escape' to quit
==================================================

[Wavefront] Saved grid image to output_dump/wavefront/wavefront_20260525_135707_001.png (98x155)
[PUSH] navigate_to() returned: True, nav_state=PRE_ROTATING
[NAV] state - -> PRE_ROTATING pose=(22.8,10.6,θ=89.0°) pre_target_θ=133.6° heading_err=+44.6°
[NAV] state PRE_ROTATING -> FOLLOWING pose=(22.8,10.6,θ=88.9°) path_waypoints=9 final_wp=(19.2,15.2)
[NAV] state FOLLOWING -> POST_ROTATING pose=(20.2,14.5,θ=129.3°) goal_θ=92.5° heading_err=-36.8°
[PUSH] Navigation done - transitioning to ADVANCING (nav_state=FINISHED)
[PUSH] >>> PUSHING start: obj 'obj_1' at (22.2,27.7,θ=2.6°), robot at (19.6,15.0,θ=91.2°), edge=1, push_steps=7 (182 ticks)
[PUSH DEBUG] ========== PUSH START ==========
[PUSH DEBUG] Object: pos=(22.2,27.7) theta=2.6° size=(15x7.0)
[PUSH DEBUG] Edge 1: face=1 sample=0
[PUSH DEBUG] Theoretical: edge_pt (19.2,15.8) → mid_pt (18.7,27.5)
[PUSH DEBUG] Actual line: (19.6,15.0) → (19.1,26.7)
[PUSH DEBUG] Mode: FIXED
[PUSH DEBUG] ================================

[PUSH] ========== PUSH COMPLETE ==========
[PUSH] Robot: (18.9, 35.8) theta=91.9°
[PUSH] Δobject 'obj_1': Δpos=(+5.59,+13.95) |Δ|=15.03cm, Δθ=-65.29°
[PUSH] Robot position is BLOCKED in wavefront
[PUSH] Object 'obj_1': (27.8, 41.6) theta=297.3° size=(15x7.0)
[PUSH]   Distance robot→object center: 10.7cm
[Wavefront] Saved grid image to /tmp/wavefront/wavefront_20260525_135717.png (98x155)
[PUSH] Wavefront saved to: /tmp/wavefront/wavefront_20260525_135717.png
[PUSH] ======================================

[PUSH] Retreat target: (17.3, 31.0) [BACKWARD]
[Subgoal] <-- DONE (SUCCESS) after 15.7s, robot now at (17.9,32.8,θ=74.1°)
[DIAG] subgoal #1 end recorded (outcome=success)
[DIAG] push recorded (obj=obj_1, Δ=15.28cm, stuck=False)
[RemoteRecordClient] Recording stopped → /home/dhruv/projects_dhruv/namo/robot_control/push_calibration/obj_1/edge1/depth6/trial1/recordings/session_2026-05-25_13-57-06/subgoal_001_push_obj_1_e1_s7.mp4
[Runtime] Plan complete - stopping robot
[Runtime] Shutting down
