[Diagnostics] Wrote config.json
[DIAG] Diagnostics enabled: /home/dhruv/projects_dhruv/namo/robot_control/push_calibration/obj_1/edge45/depth2/trial2
[tier2] wheel commands will be logged to /home/dhruv/projects_dhruv/namo/robot_control/push_calibration/obj_1/edge45/depth2/trial2/wheel_commands.jsonl
[collect] 1 trial(s) loaded from push_calibration/obj_1/edge45/depth2/spec.yaml
[collect] obstacle_target = (25.0, 35.0) cm  reset_tolerance = 3.0 cm
[mid-obs] logging every camera observation → /home/dhruv/projects_dhruv/namo/robot_control/push_calibration/obj_1/edge45/depth2/trial2/mid_obs.jsonl
[Runtime] Using remote camera service at tcp://localhost:5556
[Runtime] Speeds in effect: nav=0.40, push=0.40, keyboard/follow_path=0.30
[fresh] planner.attach_obs_source(world.get) wired
[Runtime] Starting RemoteObserverNode...
[RemoteObserver] Connected to tcp://localhost:5556
[SerialSender] Port /dev/serial/by-id/usb-Espressif_USB_JTAG_serial_debug_unit_10:51:DB:18:34:7C-if00 opened at 115200
[SerialSender] Started at 30.0 Hz
[SerialSender] Car 1 CONNECTED (alive now: [1])
[RealEnv] Started (robot_id=1)
[Runtime] Per-subgoal video + meta will write to /home/dhruv/projects_dhruv/namo/robot_control/push_calibration/obj_1/edge45/depth2/trial2/recordings/session_2026-05-25_15-25-20
[Runtime] 🔌 Robot 1 ONLINE at startup (alive_ids=[1], ap_connected=True)

=== Trial 1/1 === object=obj_1 edge_idx=45 push_steps=3
  [skip_reset] start pose: (20.35, 18.44) θ=90.33°. pushing...
[Subgoal] --> DISPATCH PUSH: obj 'obj_1' at (20.3,18.4,θ=90.3°), edge=45, push_steps=3, robot at (21.0,6.5,θ=86.7°)
[DIAG] subgoal #1 start recorded
[Diagnostics] ⚠️ scene_before.xml capture failed: no xml source path provided

==================================================
Robot Control - Real Robot (Autonomous)
==================================================
Serial port: /dev/serial/by-id/usb-Espressif_USB_JTAG_serial_debug_unit_10:51:DB:18:34:7C-if00
Robot ID: 1
Dry run: False
Speed: 0.3
==================================================
Running in autonomous mode
Press 'r' to toggle recording
Press 'space' for emergency stop
Press 'escape' to quit
==================================================

[RemoteRecordClient] Recording started → /home/dhruv/projects_dhruv/namo/robot_control/push_calibration/obj_1/edge45/depth2/trial2/recordings/session_2026-05-25_15-25-20/subgoal_001_push_obj_1_e45_s3.mp4
[PUSH]   Original edge: (20.4, 10.7)
[PUSH]   Validated:     (20.4, 10.2)
[PUSH] Starting navigation: robot=(21.0,6.5) → approach=(20.4,10.2)
[NAV] navigate_to: goal=(20.4,10.2) θ=90.3°, from=(21.0,6.5), obstacles=1
[Wavefront] Saved grid image to output_dump/wavefront/wavefront_20260525_152521_001.png (98x155)
[PUSH] navigate_to() returned: True, nav_state=PRE_ROTATING
[NAV] state - -> PRE_ROTATING pose=(21.0,6.5,θ=86.7°) pre_target_θ=101.2° heading_err=+14.6°
[NAV] state PRE_ROTATING -> FOLLOWING pose=(21.0,6.5,θ=86.7°) path_waypoints=5 final_wp=(20.2,10.2)
[SerialSender] ⚠️ Car 1 DISCONNECTED (alive now: [])
[SerialSender] Car 1 CONNECTED (alive now: [1])
[NAV] state FOLLOWING -> POST_ROTATING pose=(20.7,9.3,θ=102.6°) goal_θ=90.3° heading_err=-12.3°
[PUSH] Navigation done - transitioning to ADVANCING (nav_state=FINISHED)
[PUSH] >>> PUSHING start: obj 'obj_1' at (20.3,18.5,θ=90.3°), robot at (20.5,9.6,θ=90.3°), edge=45, push_steps=3 (78 ticks)
[PUSH DEBUG] ========== PUSH START ==========
[PUSH DEBUG] Object: pos=(20.3,18.5) theta=90.3° size=(15x7.0)
[PUSH DEBUG] Edge 45: face=3 sample=7
[PUSH DEBUG] Theoretical: edge_pt (20.4,10.8) → mid_pt (20.3,18.5)
[PUSH DEBUG] Actual line: (20.5,9.6) → (20.5,17.3)
[PUSH DEBUG] Mode: FIXED
[PUSH DEBUG] ================================

[PUSH] ========== PUSH COMPLETE ==========
[PUSH] Robot: (20.5, 18.5) theta=90.0°
[PUSH] Δobject 'obj_1': Δpos=(-0.39,+7.03) |Δ|=7.04cm, Δθ=+0.34°
[PUSH] Robot position is BLOCKED in wavefront
[PUSH] Object 'obj_1': (20.0, 25.5) theta=90.7° size=(15x7.0)
[PUSH]   Distance robot→object center: 7.0cm
[Wavefront] Saved grid image to /tmp/wavefront/wavefront_20260525_152526.png (98x155)
[PUSH] Wavefront saved to: /tmp/wavefront/wavefront_20260525_152526.png
[PUSH] ======================================

[PUSH] Retreat target: (18.8, 13.8) [BACKWARD]
[PUSH] Retreat timeout after 200 steps
[Subgoal] <-- DONE (SUCCESS) after 11.9s, robot now at (20.3,18.6,θ=67.9°)
[DIAG] subgoal #1 end recorded (outcome=success)
[DIAG] push recorded (obj=obj_1, Δ=7.71cm, stuck=False)
[RemoteRecordClient] Recording stopped → /home/dhruv/projects_dhruv/namo/robot_control/push_calibration/obj_1/edge45/depth2/trial2/recordings/session_2026-05-25_15-25-20/subgoal_001_push_obj_1_e45_s3.mp4
[Runtime] Plan complete - stopping robot
[Runtime] Shutting down
