[Diagnostics] Wrote config.json
[DIAG] Diagnostics enabled: /home/dhruv/projects_dhruv/namo/robot_control/real_exp/results/real_2mov/v4_snap/b3_a/rb_00182_mirror_x/uniform_search/trial5
planner: full_namo  |  exec mode: search  local search: best_first/uniform  hmax=2  budget=canonical  scope=inherited  device=cuda

Starting NAMO execution...
Press ESCAPE to quit
==================================================
[Runtime] Using remote camera service at tcp://localhost:5556
[Runtime] Speeds in effect: nav=0.40, push=0.40, keyboard/follow_path=0.30
[Runtime] Starting RemoteObserverNode...
[RemoteObserver] Connected to tcp://localhost:5556
[SerialSender] Port /dev/serial/by-id/usb-Espressif_USB_JTAG_serial_debug_unit_10:51:DB:18:34:7C-if00 opened at 115200
[SerialSender] Started at 30.0 Hz
[RealEnv] Started (robot_id=1)
[RemoteRecordClient] Recording started → /home/dhruv/projects_dhruv/namo/robot_control/real_exp/results/real_2mov/v4_snap/b3_a/rb_00182_mirror_x/uniform_search/trial5/recordings/session_2026-09-02_22-39-29/full_run.mp4
[Runtime] Full-run video + per-subgoal meta will write to /home/dhruv/projects_dhruv/namo/robot_control/real_exp/results/real_2mov/v4_snap/b3_a/rb_00182_mirror_x/uniform_search/trial5/recordings/session_2026-09-02_22-39-29
[SerialSender] Car 1 CONNECTED (alive now: [1])
[Runtime] 🔌 Robot 1 ONLINE at startup (alive_ids=[1], ap_connected=True)

[Trapped-start recovery] Robot at (25.5, 9.1) cm was in an inflated-obstacle cell; cleared local cells so the planner can BFS from here. Position unchanged.


[Trapped-start recovery] Robot at (25.5, 9.1) cm was in an inflated-obstacle cell; cleared local cells so the planner can BFS from here. Position unchanged.


==================================================
Robot Control - Real Robot (Autonomous)
==================================================
Serial port: /dev/serial/by-id/usb-Espressif_USB_JTAG_serial_debug_unit_10:51:DB:18:34:7C-if00
Robot ID: 1
Dry run: False
Speed (autonomous): nav=0.40, push=0.40
==================================================
Running in autonomous mode
Press 'r' to toggle recording
Press 'space' for emergency stop
Press 'escape' to quit
==================================================

[NAMOPlanner] Goal BLOCKED - running NAMO planning...

[Trapped-start recovery] Robot at (25.5, 9.1) cm was in an inflated-obstacle cell; cleared local cells so the planner can BFS from here. Position unchanged.

[NAMOPlanner] Plan #1: 156284ms, cumulative: 156284ms
[DIAG] plan #1 recorded (success=False)
[NAMOPlanner] Planning returned NO SUBGOALS (attempt 1/1)
[NAMOPlanner] All 1 planning attempts failed
[NAMOPlanner]   (planning is sim-only; check Runtime '🔌 Robot ... OFFLINE' lines above to verify the robot was online during this attempt)
[NAMOPlanner]   900 primitives enumerated across 1 attempts; breakdown:
[Runtime] Planning failed - stopping robot
[Runtime] Shutting down

[Trapped-start recovery] Robot at (25.4, 9.2) cm was in an inflated-obstacle cell; cleared local cells so the planner can BFS from here. Position unchanged.

[Diagnostics] Wrote summary.json (outcome=failure)
[RemoteRecordClient] Recording stopped → /home/dhruv/projects_dhruv/namo/robot_control/real_exp/results/real_2mov/v4_snap/b3_a/rb_00182_mirror_x/uniform_search/trial5/recordings/session_2026-09-02_22-39-29/full_run.mp4
[Runtime] Sending stop command to robot...
[SerialSender] ⚠️ Car 1 DISCONNECTED (alive now: [])
[SerialSender] Stopped
[RealEnv] Stopped
[RemoteObserver] Stopped
[Runtime] Shutdown complete
