[Diagnostics] Recording to /home/dhruv/projects_dhruv/namo/robot_control/real_exp/1hop_multi_int/results/real/2push__env__obstacle_0_movable__9147aba2/nav_baseline_ignore/trial1
[Diagnostics] Wrote config.json
[DIAG] Diagnostics enabled: /home/dhruv/projects_dhruv/namo/robot_control/real_exp/1hop_multi_int/results/real/2push__env__obstacle_0_movable__9147aba2/nav_baseline_ignore/trial1
Goal given: (6.1, 71.9) cm

Pure navigation baseline, mode 'ignore'. No pushes will be planned.
Press ESCAPE to quit
============================================================
[Runtime] Using remote camera service at tcp://localhost:5556
[Runtime] Speeds in effect: nav=0.40, push=0.40, keyboard/follow_path=0.30
[Runtime] Starting RemoteObserverNode...
[RemoteObserver] Connected to tcp://localhost:5556
[SerialSender] Port /dev/serial/by-id/usb-Espressif_USB_JTAG_serial_debug_unit_10:51:DB:18:34:7C-if00 opened at 115200
[SerialSender] Started at 30.0 Hz
[RealEnv] Started (robot_id=1)
[SerialSender] Car 1 CONNECTED (alive now: [1])
[RemoteRecordClient] Recording started → /home/dhruv/projects_dhruv/namo/robot_control/real_exp/1hop_multi_int/results/real/2push__env__obstacle_0_movable__9147aba2/nav_baseline_ignore/trial1/recordings/session_2026-09-05_20-31-48/full_run.mp4
[Runtime] Full-run video + per-subgoal meta will write to /home/dhruv/projects_dhruv/namo/robot_control/real_exp/1hop_multi_int/results/real/2push__env__obstacle_0_movable__9147aba2/nav_baseline_ignore/trial1/recordings/session_2026-09-05_20-31-48
[Runtime] 🔌 Robot 1 ONLINE at startup (alive_ids=[1], ap_connected=True)
[Diagnostics] ⚠️ scene_before.xml capture failed: no xml source path provided
[Subgoal] --> DISPATCH NAVIGATE: target=(6.1,71.9), robot at (24.5,7.7,θ=120.9°)

==================================================[DIAG] subgoal #1 start recorded

Robot Control - Real Robot (Autonomous)
[NAV] navigate_to: goal=(6.1,71.9) θ=any, from=(24.5,7.7), obstacles=6
==================================================
[NAV] state - -> PRE_ROTATING pose=(24.5,7.7,θ=120.9°) pre_target_θ=132.4° heading_err=+11.5°
Serial port: /dev/serial/by-id/usb-Espressif_USB_JTAG_serial_debug_unit_10:51:DB:18:34:7C-if00
Robot ID: 1[NAV] state PRE_ROTATING -> FOLLOWING pose=(24.5,7.7,θ=120.9°) path_waypoints=83 final_wp=(6.2,71.2)
Dry run: False
Speed (autonomous): nav=0.40, push=0.40
==================================================
Running in autonomous mode
Press 'r' to toggle recording
Press 'space' for emergency stop
Press 'escape' to quit
==================================================


[NAV] !! NO PROGRESS (blocked): robot at (5.7,41.4,θ=80.1°) has not moved 0.5 cm or turned 3.0° in 3.0s. Treating as FAILED so the subgoal can end.
[NAV] Retreating to (4.4, 36.5)
[NAV] state FOLLOWING -> RETREATING pose=(5.7,41.4,θ=80.1°)
[NAV] Retreat done after 48 ticks (reached the cell); drive FAILED (blocked).
[Subgoal] <-- DONE (FAILED) after 16.4s, robot now at (5.3,39.8,θ=74.5°)
[DIAG] subgoal #1 end recorded (outcome=failed)
[Subgoal] --> DISPATCH NAVIGATE: target=(6.1,71.9), robot at (5.3,39.8,θ=74.5°)
[DIAG] subgoal #2 start recorded
[NAV] navigate_to: goal=(6.1,71.9) θ=any, from=(5.3,39.8), obstacles=6
[NAV] state RETREATING -> PRE_ROTATING pose=(5.3,39.8,θ=74.5°) pre_target_θ=75.8° heading_err=+1.3°
[NAV] state PRE_ROTATING -> FOLLOWING pose=(5.2,39.7,θ=73.1°) path_waypoints=34 final_wp=(6.2,71.8)
[NAV] !! NO PROGRESS (blocked): robot at (5.7,41.6,θ=68.3°) has not moved 0.5 cm or turned 3.0° in 3.0s. Treating as FAILED so the subgoal can end.
[NAV] Retreating to (4.3, 36.8)
[NAV] state FOLLOWING -> RETREATING pose=(5.8,41.6,θ=68.4°)
[NAV] Retreat done after 45 ticks (reached the cell); drive FAILED (blocked).
[Subgoal] <-- DONE (FAILED) after 5.1s, robot now at (5.3,40.2,θ=72.6°)
[DIAG] subgoal #2 end recorded (outcome=failed)
[Subgoal] --> DISPATCH NAVIGATE: target=(6.1,71.9), robot at (5.3,40.2,θ=72.6°)
[DIAG] subgoal #3 start recorded
[NAV] navigate_to: goal=(6.1,71.9) θ=any, from=(5.3,40.2), obstacles=6
[NAV] state RETREATING -> PRE_ROTATING pose=(5.3,40.2,θ=72.6°) pre_target_θ=76.6° heading_err=+4.1°
[NAV] state PRE_ROTATING -> FOLLOWING pose=(5.2,40.1,θ=72.6°) path_waypoints=33 final_wp=(6.2,71.2)
[NAV] !! NO PROGRESS (blocked): robot at (5.6,41.7,θ=67.6°) has not moved 0.5 cm or turned 3.0° in 3.0s. Treating as FAILED so the subgoal can end.
[NAV] Retreating to (4.2, 36.9)
[NAV] state FOLLOWING -> RETREATING pose=(5.7,41.7,θ=67.7°)
[NAV] Retreat done after 45 ticks (reached the cell); drive FAILED (blocked).
[Subgoal] <-- DONE (FAILED) after 5.0s, robot now at (5.1,40.2,θ=72.0°)
[DIAG] subgoal #3 end recorded (outcome=failed)
[Subgoal] --> DISPATCH NAVIGATE: target=(6.1,71.9), robot at (5.1,40.2,θ=72.0°)
[DIAG] subgoal #4 start recorded
[NAV] navigate_to: goal=(6.1,71.9) θ=any, from=(5.1,40.2), obstacles=6
[NAV] state RETREATING -> PRE_ROTATING pose=(5.1,40.2,θ=72.0°) pre_target_θ=74.6° heading_err=+2.6°
[NAV] state PRE_ROTATING -> FOLLOWING pose=(5.1,40.1,θ=71.9°) path_waypoints=33 final_wp=(6.2,71.2)
[NAV] !! NO PROGRESS (blocked): robot at (5.7,41.7,θ=67.8°) has not moved 0.5 cm or turned 3.0° in 3.0s. Treating as FAILED so the subgoal can end.
[NAV] Retreating to (4.2, 36.9)
[NAV] state FOLLOWING -> RETREATING pose=(5.7,41.7,θ=67.9°)
[NAV] Retreat done after 45 ticks (reached the cell); drive FAILED (blocked).
[Subgoal] <-- DONE (FAILED) after 5.0s, robot now at (5.1,40.2,θ=72.2°)
[DIAG] subgoal #4 end recorded (outcome=failed)
[Subgoal] --> DISPATCH NAVIGATE: target=(6.1,71.9), robot at (5.1,40.2,θ=72.2°)
[DIAG] subgoal #5 start recorded
[NAV] navigate_to: goal=(6.1,71.9) θ=any, from=(5.1,40.2), obstacles=6
[NAV] state RETREATING -> PRE_ROTATING pose=(5.1,40.2,θ=72.2°) pre_target_θ=74.6° heading_err=+2.4°
[NAV] state PRE_ROTATING -> FOLLOWING pose=(5.1,40.1,θ=72.1°) path_waypoints=33 final_wp=(6.2,71.2)
[NAV] !! NO PROGRESS (blocked): robot at (5.6,41.7,θ=67.9°) has not moved 0.5 cm or turned 3.0° in 3.0s. Treating as FAILED so the subgoal can end.
[NAV] Retreating to (4.2, 36.9)
[NAV] state FOLLOWING -> RETREATING pose=(5.6,41.7,θ=67.9°)
[NAV] Retreat done after 42 ticks (reached the cell); drive FAILED (blocked).
[Subgoal] <-- DONE (FAILED) after 5.4s, robot now at (5.1,40.3,θ=72.2°)
[DIAG] subgoal #5 end recorded (outcome=failed)
[Subgoal] --> DISPATCH NAVIGATE: target=(6.1,71.9), robot at (5.1,40.3,θ=72.2°)
[DIAG] subgoal #6 start recorded
[NAV] navigate_to: goal=(6.1,71.9) θ=any, from=(5.1,40.3), obstacles=6
[NAV] state RETREATING -> PRE_ROTATING pose=(5.1,40.3,θ=72.2°) pre_target_θ=74.4° heading_err=+2.2°
[NAV] state PRE_ROTATING -> FOLLOWING pose=(5.1,40.2,θ=72.3°) path_waypoints=33 final_wp=(6.2,71.2)
[NAV] !! NO PROGRESS (blocked): robot at (5.6,41.7,θ=67.5°) has not moved 0.5 cm or turned 3.0° in 3.0s. Treating as FAILED so the subgoal can end.
[NAV] Retreating to (4.1, 36.9)
[NAV] state FOLLOWING -> RETREATING pose=(5.6,41.7,θ=67.5°)
[NAV] Retreat done after 44 ticks (reached the cell); drive FAILED (blocked).
[Subgoal] <-- DONE (FAILED) after 5.0s, robot now at (5.1,40.2,θ=71.7°)
[DIAG] subgoal #6 end recorded (outcome=failed)
[Runtime] Planning failed - stopping robot
[Runtime] Shutting down
[Diagnostics] ⚠️ scene_after.xml capture failed: no xml source path provided
[Diagnostics] Wrote summary.json (outcome=failure)
[RemoteRecordClient] Recording stopped → /home/dhruv/projects_dhruv/namo/robot_control/real_exp/1hop_multi_int/results/real/2push__env__obstacle_0_movable__9147aba2/nav_baseline_ignore/trial1/recordings/session_2026-09-05_20-31-48/full_run.mp4
[Runtime] Sending stop command to robot...
[SerialSender] Stopped
[RealEnv] Stopped
[RemoteObserver] Stopped
[Runtime] Shutdown complete

============================================================
  arm                : nav_baseline_ignore
  reached            : False
  stopped at         : (5.05, 40.25) cm
  distance to goal   : 31.63 cm
  route waypoints    : 64
  route crossed      : obj_1,obj_4
  objects shoved     : obj_1,obj_4,wall_12
  elapsed            : 42.4 s
  failure            : stuck_retry_limit_reached
============================================================

  Driving alone did not reach the goal. Reset the scene, then
  run the NAMO trial on the same layout.

wrote /home/dhruv/projects_dhruv/namo/robot_control/real_exp/1hop_multi_int/results/real/2push__env__obstacle_0_movable__9147aba2/nav_baseline_ignore/trial1/nav_baseline_ignore_1788654751.json

real_exp/1hop_multi_int/results/real/2push__env__obstacle_0_movable__9147aba2/nav_verdict.json already holds a verdict; left alone.
