[Diagnostics] Wrote config.json
[DIAG] Diagnostics enabled: /home/dhruv/projects_dhruv/namo/robot_control/real_exp/results/hmax2/easy_020/model_search/trial1
planner: full_namo  |  exec mode: search  local search: best_first/model  ckpt=/home/dhruv/projects_dhruv/namo/ranking/models/HY5U_s2.ckpt  hmax=canonical  budget=canonical  device=cuda

Starting NAMO execution...
Press ESCAPE to quit
==================================================
[Runtime] Using remote camera service at tcp://localhost:5556
[Runtime] Speeds in effect: nav=0.40, push=0.40, keyboard/follow_path=0.30
[Runtime] Starting RemoteObserverNode...
[RemoteObserver] Connected to tcp://localhost:5556
[SerialSender] Port /dev/serial/by-id/usb-Espressif_USB_JTAG_serial_debug_unit_10:51:DB:18:34:7C-if00 opened at 115200
[SerialSender] Started at 30.0 Hz
[RealEnv] Started (robot_id=1)
[Runtime] Per-subgoal video + meta will write to /home/dhruv/projects_dhruv/namo/robot_control/real_exp/results/hmax2/easy_020/model_search/trial1/recordings/session_2026-08-27_20-23-14

!!!!!!!!!!!!!!!!!!!!!!!!!!!!!!!!!!!!!!!!!!!!!!!!!!!!!!!!!!!!!!!!!!!!!!
!! ROBOT 1 OFFLINE at startup !!
!!   ap_connected=True, alive_ids=[], last_status=never (no [STATUS] line parsed since startup) [stale]
!!   Planning will run (sim-only), but the robot CANNOT execute.
!!   Restart the robot or check the camera_service serial link.
!!!!!!!!!!!!!!!!!!!!!!!!!!!!!!!!!!!!!!!!!!!!!!!!!!!!!!!!!!!!!!!!!!!!!!


[Trapped-start recovery] Robot at (37.3, 9.4) cm was in an inflated-obstacle cell; cleared local cells so the planner can BFS from here. Position unchanged.

[SerialSender] Car 1 CONNECTED (alive now: [1])

[Trapped-start recovery] Robot at (37.3, 9.4) cm was in an inflated-obstacle cell; cleared local cells so the planner can BFS from here. Position unchanged.

[NAMOPlanner] Goal BLOCKED - running NAMO planning...

==================================================
Robot Control - Real Robot (Autonomous)
==================================================
Serial port: /dev/serial/by-id/usb-Espressif_USB_JTAG_serial_debug_unit_10:51:DB:18:34:7C-if00
Robot ID: 1
Dry run: False
[Trapped-start recovery] Robot at (37.3, 9.4) cm was in an inflated-obstacle cell; cleared local cells so the planner can BFS from here. Position unchanged.


Speed (autonomous): nav=0.40, push=0.40
==================================================
Running in autonomous mode
Press 'r' to toggle recording
Press 'space' for emergency stop
Press 'escape' to quit
==================================================

[NAMOPlanner] Plan #1: 5206ms, cumulative: 5206ms
[DIAG] plan #1 recorded (success=True)
[NAMOPlanner] MPC mode: preserving 2 pushes from fresh_plan, queuing only the first for real execution
[Subgoal] --> DISPATCH PUSH: obj 'obj_1' at (20.7,27.3,θ=310.6°), edge=46, push_steps=5, robot at (37.3,9.4,θ=83.6°)
[DIAG] subgoal #1 start recorded
[RemoteRecordClient] Recording started → /home/dhruv/projects_dhruv/namo/robot_control/real_exp/results/hmax2/easy_020/model_search/trial1/recordings/session_2026-08-27_20-23-14/subgoal_001_push_obj_1_e46_s5.mp4

[Trapped-start recovery] Robot at (37.3, 9.4) cm was in an inflated-obstacle cell; cleared local cells so the planner can BFS from here. Position unchanged.

[PUSH] Starting navigation: robot=(37.3,9.4) → approach=(26.7,22.0)
[NAV] navigate_to: goal=(26.7,22.0) θ=130.6°, from=(37.3,9.4), obstacles=3
[Wavefront] Saved grid image to output_dump/wavefront/wavefront_20260827_202320_001.png (98x155)
[PUSH] navigate_to() returned: True, nav_state=PRE_ROTATING
[NAV] state - -> PRE_ROTATING pose=(37.3,9.4,θ=83.6°) pre_target_θ=137.4° heading_err=+53.8°
[NAV] state PRE_ROTATING -> FOLLOWING pose=(37.4,9.8,θ=94.8°) path_waypoints=24 final_wp=(26.8,21.8)
[NAV] state FOLLOWING -> POST_ROTATING pose=(26.6,20.6,θ=103.5°) goal_θ=130.6° heading_err=+27.1°
[NAV] !! STALL: stuck in POST_ROTATING for 150 ticks, target_θ=130.6°, current_θ=130.8°, heading_err=-0.2°. Likely cause: rotation tolerance / stable-hold not converging.
[PUSH] Navigation done - transitioning to ADVANCING (nav_state=FINISHED)
[PUSH] >>> PUSHING start: obj 'obj_1' at (20.7,27.3,θ=310.7°), robot at (26.6,21.0,θ=132.2°), edge=46, push_steps=5 (150 ticks)
[PUSH DEBUG] ========== PUSH START ==========
[PUSH DEBUG] Object: pos=(20.7,27.3) theta=310.7° size=(15x7.0)
[PUSH DEBUG] Edge 46: face=2 sample=8
[PUSH DEBUG] Theoretical: edge_pt (26.7,22.0) → mid_pt (21.5,28.0)
[PUSH DEBUG] Actual line: (26.6,21.0) → (21.4,27.0)
[PUSH DEBUG] Mode: FIXED
[PUSH DEBUG] ================================

[PUSH] ========== PUSH COMPLETE ==========
[PUSH] Robot: (22.4, 25.9) theta=130.3°
[PUSH] Δobject 'obj_1': Δpos=(-2.81,+3.71) |Δ|=4.65cm, Δθ=+0.65°
[PUSH] Robot position is BLOCKED in wavefront
[PUSH] Object 'wall_11': (13.5, 41.4) theta=161.8° size=(19.5x5.5)
[PUSH]   Distance robot→object center: 17.9cm
[PUSH] Object 'obj_1': (17.9, 31.1) theta=311.4° size=(15x7.0)
[PUSH]   Distance robot→object center: 6.9cm
[PUSH] Object 'wall_10': (38.9, 31.3) theta=97.9° size=(19.5x5.5)
[PUSH]   Distance robot→object center: 17.3cm
[Wavefront] Saved grid image to /tmp/wavefront/wavefront_20260827_202337.png (98x155)
[PUSH] Wavefront saved to: /tmp/wavefront/wavefront_20260827_202337.png
[PUSH] ======================================

[PUSH] Retreat target: (24.2, 21.2) [BACKWARD]
[PUSH] Retreat reached target after 76 steps: moved 3.0 cm, stopped 2.0 cm from target (tolerance 2.0 cm, commanded speed 0.15), robot at (23.5, 23.0), target (24.2, 21.2)
[Subgoal] <-- DONE (SUCCESS) after 19.3s, robot now at (23.5,23.0,θ=112.0°)
[DIAG] subgoal #1 end recorded (outcome=success)
[DIAG] push recorded (obj=obj_1, Δ=4.64cm, stuck=False)
[RemoteRecordClient] Recording stopped → /home/dhruv/projects_dhruv/namo/robot_control/real_exp/results/hmax2/easy_020/model_search/trial1/recordings/session_2026-08-27_20-23-14/subgoal_001_push_obj_1_e46_s5.mp4

[Trapped-start recovery] Robot at (23.5, 23.0) cm was in an inflated-obstacle cell; cleared local cells so the planner can BFS from here. Position unchanged.

[NAMOPlanner] Push complete. Will try reuse from updated real scene for remaining chain len=1
[Runtime] 🔌 Robot 1 → ONLINE (alive_ids=[1], ap_connected=True, last_status=0.7s ago)

[Trapped-start recovery] Robot at (23.5, 23.0) cm was in an inflated-obstacle cell; cleared local cells so the planner can BFS from here. Position unchanged.

[NAMOPlanner] Reuse check from updated real scene: source=fresh_plan, chain_len=2

[Trapped-start recovery] Robot at (23.5, 23.0) cm was in an inflated-obstacle cell; cleared local cells so the planner can BFS from here. Position unchanged.

[DIAG] plan #2 recorded (success=False)
[NAMOPlanner] Post-push reuse failed; falling back to full replanning
[NAMOPlanner] Goal BLOCKED - running NAMO planning...

[Trapped-start recovery] Robot at (23.5, 23.0) cm was in an inflated-obstacle cell; cleared local cells so the planner can BFS from here. Position unchanged.

[NAMOPlanner] Plan #3: 642ms, cumulative: 6130ms
[DIAG] plan #3 recorded (success=True)
[NAMOPlanner] MPC mode: preserving 2 pushes from fresh_plan, queuing only the first for real execution
[Subgoal] --> DISPATCH PUSH: obj 'obj_1' at (17.9,31.0,θ=311.5°), edge=17, push_steps=5, robot at (23.5,23.0,θ=112.0°)
[DIAG] subgoal #2 start recorded
[RemoteRecordClient] Recording started → /home/dhruv/projects_dhruv/namo/robot_control/real_exp/results/hmax2/easy_020/model_search/trial1/recordings/session_2026-08-27_20-23-14/subgoal_002_push_obj_1_e17_s5.mp4

[Trapped-start recovery] Robot at (23.5, 23.0) cm was in an inflated-obstacle cell; cleared local cells so the planner can BFS from here. Position unchanged.

[PUSH] Starting navigation: robot=(23.5,23.0) → approach=(9.3,22.7)
[NAV] navigate_to: goal=(9.3,22.7) θ=41.5°, from=(23.5,23.0), obstacles=3
[Wavefront] Saved grid image to output_dump/wavefront/wavefront_20260827_202341_002.png (98x155)
[PUSH] navigate_to() returned: True, nav_state=PRE_ROTATING
[NAV] state POST_ROTATING -> PRE_ROTATING pose=(23.5,23.0,θ=112.0°) pre_target_θ=-140.2° heading_err=+107.8°
[NAV] state PRE_ROTATING -> FOLLOWING pose=(23.8,22.7,θ=178.4°) path_waypoints=30 final_wp=(9.2,22.8)
[NAV] state FOLLOWING -> POST_ROTATING pose=(8.7,21.6,θ=106.9°) goal_θ=41.5° heading_err=-65.3°
[PUSH] Navigation done - transitioning to ADVANCING (nav_state=FINISHED)
[PUSH] >>> PUSHING start: obj 'obj_1' at (17.9,31.0,θ=311.6°), robot at (8.5,22.1,θ=39.5°), edge=17, push_steps=5 (150 ticks)
[PUSH DEBUG] ========== PUSH START ==========
[PUSH DEBUG] Object: pos=(17.9,31.0) theta=311.6° size=(15x7.0)
[PUSH DEBUG] Edge 17: face=1 sample=8
[PUSH DEBUG] Theoretical: edge_pt (9.3,22.7) → mid_pt (18.3,30.7)
[PUSH DEBUG] Actual line: (8.5,22.1) → (17.5,30.1)
[PUSH DEBUG] Mode: FIXED
[PUSH DEBUG] ================================

[PUSH] ========== PUSH COMPLETE ==========
[PUSH] Robot: (27.7, 39.4) theta=39.8°
[PUSH] Δobject 'obj_1': Δpos=(+17.58,+15.87) |Δ|=23.68cm, Δθ=-1.09°
[PUSH] Robot position is BLOCKED in wavefront
[PUSH] Object 'wall_11': (13.5, 41.4) theta=161.7° size=(19.5x5.5)
[PUSH]   Distance robot→object center: 14.4cm
[PUSH] Object 'wall_10': (38.9, 31.3) theta=97.8° size=(19.5x5.5)
[PUSH]   Distance robot→object center: 13.8cm
[PUSH] Object 'obj_1': (35.5, 46.9) theta=310.5° size=(15x7.0)
[PUSH]   Distance robot→object center: 10.8cm
[Wavefront] Saved grid image to /tmp/wavefront/wavefront_20260827_202353.png (98x155)
[PUSH] Wavefront saved to: /tmp/wavefront/wavefront_20260827_202353.png
[PUSH] ======================================

[PUSH] Retreat target: (23.0, 37.7) [BACKWARD]
[PUSH] Retreat reached target after 94 steps: moved 3.0 cm, stopped 2.0 cm from target (tolerance 2.0 cm, commanded speed 0.15), robot at (24.8, 38.5), target (23.0, 37.7)
[Subgoal] <-- DONE (SUCCESS) after 15.5s, robot now at (24.8,38.5,θ=23.2°)
[DIAG] subgoal #2 end recorded (outcome=success)
[DIAG] push recorded (obj=obj_1, Δ=24.80cm, stuck=False)
[RemoteRecordClient] Recording stopped → /home/dhruv/projects_dhruv/namo/robot_control/real_exp/results/hmax2/easy_020/model_search/trial1/recordings/session_2026-08-27_20-23-14/subgoal_002_push_obj_1_e17_s5.mp4

[Trapped-start recovery] Robot at (24.8, 38.5) cm was in an inflated-obstacle cell; cleared local cells so the planner can BFS from here. Position unchanged.

[NAMOPlanner] Goal is NOW REACHABLE - skipping committed-chain reuse

[Trapped-start recovery] Robot at (24.8, 38.5) cm was in an inflated-obstacle cell; cleared local cells so the planner can BFS from here. Position unchanged.

[NAMOPlanner] Goal REACHABLE - navigating to (29.7, 71.0) [dist=32.9cm]
[Subgoal] --> DISPATCH NAVIGATE: target=(29.7,71.0), robot at (24.8,38.5,θ=23.2°)
[DIAG] subgoal #3 start recorded
[RemoteRecordClient] Recording started → /home/dhruv/projects_dhruv/namo/robot_control/real_exp/results/hmax2/easy_020/model_search/trial1/recordings/session_2026-08-27_20-23-14/subgoal_003_navigate.mp4

[Trapped-start recovery] Robot at (24.8, 38.5) cm was in an inflated-obstacle cell; cleared local cells so the planner can BFS from here. Position unchanged.

[NAV] navigate_to: goal=(29.7,71.0) θ=any, from=(24.8,38.5), obstacles=3
[Wavefront] Saved grid image to output_dump/wavefront/wavefront_20260827_202356_003.png (98x155)
[NAV] state POST_ROTATING -> PRE_ROTATING pose=(24.8,38.5,θ=23.2°) pre_target_θ=115.8° heading_err=+92.6°
[NAV] state PRE_ROTATING -> FOLLOWING pose=(24.8,38.3,θ=73.6°) path_waypoints=42 final_wp=(29.8,70.8)
[Subgoal] <-- DONE (SUCCESS) after 8.3s, robot now at (29.7,69.9,θ=95.3°)
[DIAG] subgoal #3 end recorded (outcome=success)
[RemoteRecordClient] Recording stopped → /home/dhruv/projects_dhruv/namo/robot_control/real_exp/results/hmax2/easy_020/model_search/trial1/recordings/session_2026-08-27_20-23-14/subgoal_003_navigate.mp4
[NAMOPlanner] GOAL REACHED! Distance: 1.1cm | Total planning: 3 calls, 6130ms cumulative
[Runtime] Plan complete - stopping robot
[Runtime] Shutting down

[Trapped-start recovery] Robot at (29.7, 69.9) cm was in an inflated-obstacle cell; cleared local cells so the planner can BFS from here. Position unchanged.

[Diagnostics] Wrote summary.json (outcome=success)
[Runtime] Sending stop command to robot...
[SerialSender] Stopped
[RealEnv] Stopped
[RemoteObserver] Stopped
[Runtime] Shutdown complete
