[Diagnostics] Wrote config.json
[DIAG] Diagnostics enabled: /home/dhruv/projects_dhruv/namo/robot_control/real_exp/results/formal_v2/1push_hard_021/model_r1
planner: full_namo  |  exec mode: search  local search: best_first/model  ckpt=/home/dhruv/projects_dhruv/namo/ranking/models/HY5U_s2.ckpt  hmax=canonical  budget=canonical  scope=inherited  device=cuda

Starting NAMO execution...
Press ESCAPE to quit
==================================================
[Runtime] Using remote camera service at tcp://localhost:5556
[Runtime] Speeds in effect: nav=0.40, push=0.40, keyboard/follow_path=0.30
[Runtime] Starting RemoteObserverNode...
[RemoteObserver] Connected to tcp://localhost:5556
[SerialSender] Port /dev/serial/by-id/usb-Espressif_USB_JTAG_serial_debug_unit_10:51:DB:18:34:7C-if00 opened at 115200
[SerialSender] Started at 30.0 Hz
[RealEnv] Started (robot_id=1)
[SerialSender] Car 1 CONNECTED (alive now: [1])
[Runtime] 🔌 Robot 1 ONLINE at startup (alive_ids=[1], ap_connected=True)

[Trapped-start recovery] Robot at (27.9, 7.3) cm was in an inflated-obstacle cell; cleared local cells so the planner can BFS from here. Position unchanged.

[NAMOPlanner] Goal BLOCKED - running NAMO planning...
[NAMOBridge] Warming best-first scorer (checkpoint=/home/dhruv/projects_dhruv/namo/ranking/models/HY5U_s2.ckpt, device=cuda); excluded from planning time

[Trapped-start recovery] Robot at (27.9, 7.3) cm was in an inflated-obstacle cell; cleared local cells so the planner can BFS from here. Position unchanged.


==================================================
Robot Control - Real Robot (Autonomous)
==================================================
Serial port: /dev/serial/by-id/usb-Espressif_USB_JTAG_serial_debug_unit_10:51:DB:18:34:7C-if00
Robot ID: 1
Dry run: False
Speed (autonomous): nav=0.40, push=0.40
==================================================
Running in autonomous mode
Press 'r' to toggle recording
Press 'space' for emergency stop
Press 'escape' to quit
==================================================

[NAMOPlanner] Best-first scorer warmup: 3728ms (recorded separately; excluded from planning_wall_time_ms)

[Trapped-start recovery] Robot at (27.9, 7.3) cm was in an inflated-obstacle cell; cleared local cells so the planner can BFS from here. Position unchanged.


[Trapped-start recovery] Robot at (27.9, 7.3) cm was in an inflated-obstacle cell; cleared local cells so the planner can BFS from here. Position unchanged.

[DIAG] plan #1 recorded (success=True)
[NAMOPlanner] MPC mode: preserving 2 pushes from region_target, queuing only the first for real execution
[Subgoal] --> DISPATCH PUSH: obj 'obj_1' at (17.9,33.6,θ=335.7°), edge=21, push_steps=5, robot at (27.9,7.3,θ=8.6°)
[DIAG] subgoal #1 start recorded
[PUSH] Starting navigation: robot=(27.9,7.3) → approach=(14.3,22.0)
[NAV] navigate_to: goal=(14.3,22.0) θ=65.7°, from=(27.9,7.3), obstacles=3
[Wavefront] Saved grid image to output_dump/wavefront/wavefront_20260831_033119_001.png (98x155)
[PUSH] navigate_to() returned: True, nav_state=PRE_ROTATING
[NAV] state - -> PRE_ROTATING pose=(27.9,7.3,θ=8.6°) pre_target_θ=136.3° heading_err=+127.7°
[NAV] state PRE_ROTATING -> FOLLOWING pose=(27.8,6.5,θ=91.8°) path_waypoints=29 final_wp=(14.3,21.8)
[NAV] state FOLLOWING -> POST_ROTATING pose=(14.4,20.6,θ=123.9°) goal_θ=65.7° heading_err=-58.2°
[PUSH] Navigation done - transitioning to ADVANCING (nav_state=FINISHED)
[PUSH] >>> PUSHING start: obj 'obj_1' at (17.9,33.6,θ=335.8°), robot at (14.0,21.0,θ=64.4°), edge=21, push_steps=5 (150 ticks)
[PUSH DEBUG] ========== PUSH START ==========
[PUSH DEBUG] Object: pos=(17.9,33.6) theta=335.8° size=(15x7.0)
[PUSH DEBUG] Edge 21: face=1 sample=10
[PUSH DEBUG] Theoretical: edge_pt (14.3,22.0) → mid_pt (19.2,32.9)
[PUSH DEBUG] Actual line: (14.0,21.0) → (18.9,31.9)
[PUSH DEBUG] Mode: FIXED
[PUSH DEBUG] ================================

[PUSH] ========== PUSH COMPLETE ==========
[PUSH] Robot: (22.9, 40.9) theta=63.9°
[PUSH] Δobject 'obj_1': Δpos=(+5.15,+18.54) |Δ|=19.24cm, Δθ=+21.95°
[PUSH] Robot position is BLOCKED in wavefront
[PUSH] Object 'obj_1': (23.0, 52.1) theta=357.7° size=(15x7.0)
[PUSH]   Distance robot→object center: 11.2cm
[PUSH] Object 'wall_11': (13.6, 46.7) theta=164.0° size=(19.5x5.5)
[PUSH]   Distance robot→object center: 11.0cm
[PUSH] Object 'wall_10': (39.2, 37.8) theta=100.5° size=(19.5x5.5)
[PUSH]   Distance robot→object center: 16.6cm
[Wavefront] Saved grid image to /tmp/wavefront/wavefront_20260831_033131.png (98x155)
[PUSH] Wavefront saved to: /tmp/wavefront/wavefront_20260831_033131.png
[PUSH] ======================================

[PUSH] Retreat target: (19.3, 37.5) [BACKWARD]
[PUSH] Retreat reached target after 159 steps: moved 3.0 cm, stopped 2.0 cm from target (tolerance 2.0 cm, commanded speed 0.15), robot at (20.6, 38.9), target (19.3, 37.5)
[Subgoal] <-- DONE (SUCCESS) after 18.1s, robot now at (20.6,38.9,θ=48.4°)
[DIAG] subgoal #1 end recorded (outcome=success)
[DIAG] push recorded (obj=obj_1, Δ=20.06cm, stuck=False)

[Trapped-start recovery] Robot at (20.6, 38.9) cm was in an inflated-obstacle cell; cleared local cells so the planner can BFS from here. Position unchanged.

[NAMOPlanner] Push complete. Will try reuse from updated real scene for remaining chain len=1

[Trapped-start recovery] Robot at (20.6, 38.9) cm was in an inflated-obstacle cell; cleared local cells so the planner can BFS from here. Position unchanged.

[NAMOPlanner] Reuse check from updated real scene: source=region_target, chain_len=2

[Trapped-start recovery] Robot at (20.6, 38.9) cm was in an inflated-obstacle cell; cleared local cells so the planner can BFS from here. Position unchanged.

[DIAG] plan #2 recorded (success=False)

[Trapped-start recovery] Robot at (20.6, 38.9) cm was in an inflated-obstacle cell; cleared local cells so the planner can BFS from here. Position unchanged.

[DIAG] plan #3 recorded (success=False)
[NAMOPlanner] Post-push reuse failed; falling back to full replanning
[NAMOPlanner] Goal BLOCKED - running NAMO planning...

[Trapped-start recovery] Robot at (20.6, 38.9) cm was in an inflated-obstacle cell; cleared local cells so the planner can BFS from here. Position unchanged.

[DIAG] plan #4 recorded (success=True)
[Subgoal] --> DISPATCH PUSH: obj 'obj_1' at (23.1,52.9,θ=1.1°), edge=17, push_steps=5, robot at (20.6,38.9,θ=48.4°)
[DIAG] subgoal #2 start recorded
[PUSH] Starting navigation: robot=(20.6,38.9) → approach=(23.8,40.9)
[NAV] navigate_to: goal=(23.8,40.9) θ=91.1°, from=(20.6,38.9), obstacles=3
[Wavefront] Saved grid image to output_dump/wavefront/wavefront_20260831_033137_002.png (98x155)
[PUSH] navigate_to() returned: True, nav_state=PRE_ROTATING
[NAV] state POST_ROTATING -> PRE_ROTATING pose=(20.6,38.9,θ=48.4°) pre_target_θ=30.7° heading_err=-17.8°
[NAV] state PRE_ROTATING -> FOLLOWING pose=(20.5,38.8,θ=48.0°) path_waypoints=6 final_wp=(23.8,40.8)
[NAV] state FOLLOWING -> POST_ROTATING pose=(22.9,40.4,θ=21.7°) goal_θ=91.1° heading_err=+69.4°
[PUSH] Navigation done - transitioning to ADVANCING (nav_state=FINISHED)
[PUSH] >>> PUSHING start: obj 'obj_1' at (23.1,52.9,θ=1.1°), robot at (23.6,40.3,θ=93.1°), edge=17, push_steps=5 (150 ticks)
[PUSH DEBUG] ========== PUSH START ==========
[PUSH DEBUG] Object: pos=(23.1,52.9) theta=1.1° size=(15x7.0)
[PUSH DEBUG] Edge 17: face=1 sample=8
[PUSH DEBUG] Theoretical: edge_pt (23.8,41.0) → mid_pt (23.6,53.0)
[PUSH DEBUG] Actual line: (23.6,40.3) → (23.3,52.3)
[PUSH DEBUG] Mode: FIXED
[PUSH DEBUG] ================================

[PUSH] ========== PUSH COMPLETE ==========
[PUSH] Robot: (23.1, 62.1) theta=91.3°
[PUSH] Δobject 'obj_1': Δpos=(-0.27,+20.47) |Δ|=20.47cm, Δθ=-1.14°
[PUSH] Robot position is BLOCKED in wavefront
[PUSH] Object 'obj_1': (22.8, 73.4) theta=359.9° size=(15x7.0)
[PUSH]   Distance robot→object center: 11.3cm
[PUSH] Object 'wall_11': (13.5, 46.7) theta=163.9° size=(19.5x5.5)
[PUSH]   Distance robot→object center: 18.1cm
[PUSH] Object 'wall_10': (39.1, 37.8) theta=100.5° size=(19.5x5.5)
[PUSH]   Distance robot→object center: 29.1cm
[Wavefront] Saved grid image to /tmp/wavefront/wavefront_20260831_033145.png (98x155)
[PUSH] Wavefront saved to: /tmp/wavefront/wavefront_20260831_033145.png
[PUSH] ======================================

[PUSH] Retreat target: (23.6, 57.2) [BACKWARD]
[PUSH] Retreat reached target after 92 steps: moved 3.0 cm, stopped 2.0 cm from target (tolerance 2.0 cm, commanded speed 0.15), robot at (23.5, 59.1), target (23.6, 57.2)
[Subgoal] <-- DONE (SUCCESS) after 11.1s, robot now at (23.5,59.1,θ=97.0°)
[DIAG] subgoal #2 end recorded (outcome=success)
[DIAG] push recorded (obj=obj_1, Δ=20.41cm, stuck=False)

[Trapped-start recovery] Robot at (23.5, 59.1) cm was in an inflated-obstacle cell; cleared local cells so the planner can BFS from here. Position unchanged.

[NAMOPlanner] Goal is NOW REACHABLE - skipping committed-chain reuse

[Trapped-start recovery] Robot at (23.5, 59.1) cm was in an inflated-obstacle cell; cleared local cells so the planner can BFS from here. Position unchanged.

[NAMOPlanner] Goal REACHABLE - navigating to (42.3, 57.7) [dist=18.9cm]
[Subgoal] --> DISPATCH NAVIGATE: target=(42.3,57.7), robot at (23.5,59.1,θ=97.0°)
[DIAG] subgoal #3 start recorded
[NAV] navigate_to: goal=(42.3,57.7) θ=any, from=(23.5,59.1), obstacles=3
[Wavefront] Saved grid image to output_dump/wavefront/wavefront_20260831_033148_003.png (98x155)
[NAV] state POST_ROTATING -> PRE_ROTATING pose=(23.5,59.1,θ=97.0°) pre_target_θ=-22.4° heading_err=-119.4°
[NAV] state PRE_ROTATING -> FOLLOWING pose=(23.2,58.8,θ=22.3°) path_waypoints=22 final_wp=(41.8,57.8)
[Subgoal] <-- DONE (SUCCESS) after 5.7s, robot now at (40.8,57.7,θ=359.4°)
[DIAG] subgoal #3 end recorded (outcome=success)
[NAMOPlanner] GOAL REACHED! Distance: 1.5cm | Total planning: 4 calls, 1510ms cumulative
[Runtime] Plan complete - stopping robot
[Runtime] Shutting down

[Trapped-start recovery] Robot at (41.2, 57.7) cm was in an inflated-obstacle cell; cleared local cells so the planner can BFS from here. Position unchanged.

[Diagnostics] Wrote summary.json (outcome=success)
[Runtime] Sending stop command to robot...
[SerialSender] Stopped
[RealEnv] Stopped
[RemoteObserver] Stopped
[Runtime] Shutdown complete
