[Diagnostics] Wrote config.json
[DIAG] Diagnostics enabled: /home/dhruv/projects_dhruv/namo/robot_control/real_exp/results/formal_v2/1push_hard_021/nav_ignore/trial1
Goal given: (42.3, 57.7) cm

Pure navigation baseline, mode 'ignore'. No pushes will be planned.
Press ESCAPE to quit
============================================================
[Runtime] Using remote camera service at tcp://localhost:5556
[Runtime] Speeds in effect: nav=0.40, push=0.40, keyboard/follow_path=0.30
[Runtime] Starting RemoteObserverNode...
[RemoteObserver] Connected to tcp://localhost:5556
[SerialSender] Port /dev/serial/by-id/usb-Espressif_USB_JTAG_serial_debug_unit_10:51:DB:18:34:7C-if00 opened at 115200
[SerialSender] Started at 30.0 Hz
[RealEnv] Started (robot_id=1)
[SerialSender] Car 1 CONNECTED (alive now: [1])
[RemoteRecordClient] Recording started → /home/dhruv/projects_dhruv/namo/robot_control/real_exp/results/formal_v2/1push_hard_021/nav_ignore/trial1/recordings/session_2026-09-03_18-35-20/full_run.mp4
[Runtime] Full-run video + per-subgoal meta will write to /home/dhruv/projects_dhruv/namo/robot_control/real_exp/results/formal_v2/1push_hard_021/nav_ignore/trial1/recordings/session_2026-09-03_18-35-20
[Runtime] 🔌 Robot 1 ONLINE at startup (alive_ids=[1], ap_connected=True)
[Subgoal] --> DISPATCH NAVIGATE: target=(42.3,57.7), robot at (27.8,7.9,θ=75.4°)
[DIAG] subgoal #1 start recorded
[NAV] navigate_to: goal=(42.3,57.7) θ=any, from=(27.8,7.9), obstacles=4
[NAV] state - -> PRE_ROTATING pose=(27.8,7.9,θ=75.4°) pre_target_θ=137.2° heading_err=+61.7°
[Diagnostics] ⚠️ scene_before.xml capture failed: no xml source path provided

==================================================
Robot Control - Real Robot (Autonomous)
==================================================
Serial port: /dev/serial/by-id/usb-Espressif_USB_JTAG_serial_debug_unit_10:51:DB:18:34:7C-if00
Robot ID: 1
Dry run: False
Speed (autonomous): nav=0.40, push=0.40
==================================================
Running in autonomous mode
Press 'r' to toggle recording
Press 'space' for emergency stop
Press 'escape' to quit
==================================================

[NAV] state PRE_ROTATING -> FOLLOWING pose=(28.0,8.4,θ=93.9°) path_waypoints=77 final_wp=(42.2,57.8)
[NAV] !! NO PROGRESS (blocked): robot at (23.8,34.0,θ=123.5°) has not moved 0.5 cm or turned 3.0° in 3.0s. Treating as FAILED so the subgoal can end.
[NAV] Retreating to (24.9, 29.1)
[NAV] state FOLLOWING -> RETREATING pose=(23.8,34.0,θ=123.6°)
[NAV] Retreat done after 71 ticks (reached the cell); drive FAILED (blocked).
[Subgoal] <-- DONE (FAILED) after 17.9s, robot now at (24.1,32.5,θ=104.4°)
[DIAG] subgoal #1 end recorded (outcome=failed)
[Subgoal] --> DISPATCH NAVIGATE: target=(42.3,57.7), robot at (24.1,32.5,θ=104.4°)
[DIAG] subgoal #2 start recorded
[NAV] navigate_to: goal=(42.3,57.7) θ=any, from=(24.1,32.5), obstacles=4
[NAV] state RETREATING -> PRE_ROTATING pose=(24.1,32.5,θ=104.4°) pre_target_θ=131.4° heading_err=+27.1°
[NAV] state PRE_ROTATING -> FOLLOWING pose=(24.2,32.5,θ=104.5°) path_waypoints=49 final_wp=(42.2,57.8)
[NAV] !! NO PROGRESS (blocked): robot at (23.6,33.5,θ=153.2°) has not moved 0.5 cm or turned 3.0° in 3.0s. Treating as FAILED so the subgoal can end.
[NAV] Retreating to (28.4, 28.4)
[NAV] state FOLLOWING -> RETREATING pose=(23.6,33.5,θ=153.2°)
[NAV] Retreat done after 90 ticks (ran out of ticks); drive FAILED (blocked).
[Subgoal] <-- DONE (FAILED) after 8.1s, robot now at (24.3,32.8,θ=123.3°)
[DIAG] subgoal #2 end recorded (outcome=failed)
[Subgoal] --> DISPATCH NAVIGATE: target=(42.3,57.7), robot at (24.3,32.8,θ=123.3°)
[DIAG] subgoal #3 start recorded
[NAV] navigate_to: goal=(42.3,57.7) θ=any, from=(24.3,32.8), obstacles=4
[NAV] state RETREATING -> PRE_ROTATING pose=(24.3,32.8,θ=123.3°) pre_target_θ=136.0° heading_err=+12.7°
[NAV] state PRE_ROTATING -> FOLLOWING pose=(24.3,32.8,θ=123.4°) path_waypoints=49 final_wp=(42.2,57.8)
[NAV] !! NO PROGRESS (blocked): robot at (24.1,34.8,θ=133.8°) has not moved 0.5 cm or turned 3.0° in 3.0s. Treating as FAILED so the subgoal can end.
[NAV] Retreating to (26.1, 30.2)
[NAV] state FOLLOWING -> RETREATING pose=(24.1,34.8,θ=133.8°)
[NAV] Retreat done after 60 ticks (reached the cell); drive FAILED (blocked).
[Subgoal] <-- DONE (FAILED) after 8.7s, robot now at (24.7,33.4,θ=108.7°)
[DIAG] subgoal #3 end recorded (outcome=failed)
[Subgoal] --> DISPATCH NAVIGATE: target=(42.3,57.7), robot at (24.7,33.4,θ=108.7°)
[DIAG] subgoal #4 start recorded
[NAV] navigate_to: goal=(42.3,57.7) θ=any, from=(24.7,33.4), obstacles=4
[NAV] state RETREATING -> PRE_ROTATING pose=(24.7,33.4,θ=108.7°) pre_target_θ=147.7° heading_err=+39.0°
[NAV] state PRE_ROTATING -> FOLLOWING pose=(24.7,33.3,θ=109.2°) path_waypoints=49 final_wp=(42.2,57.8)
[NAV] !! NO PROGRESS (blocked): robot at (23.9,34.5,θ=158.0°) has not moved 0.5 cm or turned 3.0° in 3.0s. Treating as FAILED so the subgoal can end.
[NAV] Retreating to (29.8, 29.1)
[NAV] state FOLLOWING -> RETREATING pose=(23.9,34.5,θ=158.0°)
[NAV] Retreat done after 90 ticks (ran out of ticks); drive FAILED (blocked).
[Subgoal] <-- DONE (FAILED) after 7.0s, robot now at (25.6,32.8,θ=136.7°)
[DIAG] subgoal #4 end recorded (outcome=failed)
[Subgoal] --> DISPATCH NAVIGATE: target=(42.3,57.7), robot at (25.6,32.8,θ=136.7°)
[DIAG] subgoal #5 start recorded
[NAV] navigate_to: goal=(42.3,57.7) θ=any, from=(25.6,32.8), obstacles=4
[NAV] state RETREATING -> PRE_ROTATING pose=(25.6,32.8,θ=136.7°) pre_target_θ=149.7° heading_err=+13.0°
[NAV] state PRE_ROTATING -> FOLLOWING pose=(25.6,32.7,θ=136.5°) path_waypoints=50 final_wp=(42.2,57.8)
[NAV] !! NO PROGRESS (blocked): robot at (23.7,34.0,θ=157.6°) has not moved 0.5 cm or turned 3.0° in 3.0s. Treating as FAILED so the subgoal can end.
[NAV] Retreating to (28.9, 29.3)
[NAV] state FOLLOWING -> RETREATING pose=(23.7,34.0,θ=157.6°)
[NAV] Retreat done after 90 ticks (ran out of ticks); drive FAILED (blocked).
[Subgoal] <-- DONE (FAILED) after 6.8s, robot now at (25.5,32.3,θ=136.2°)
[DIAG] subgoal #5 end recorded (outcome=failed)
[Subgoal] --> DISPATCH NAVIGATE: target=(42.3,57.7), robot at (25.5,32.3,θ=136.2°)
[DIAG] subgoal #6 start recorded
[NAV] navigate_to: goal=(42.3,57.7) θ=any, from=(25.5,32.3), obstacles=4
[NAV] state RETREATING -> PRE_ROTATING pose=(25.5,32.3,θ=136.2°) pre_target_θ=138.3° heading_err=+2.1°
[NAV] state PRE_ROTATING -> FOLLOWING pose=(25.6,32.2,θ=136.3°) path_waypoints=50 final_wp=(42.2,57.8)
[NAV] !! NO PROGRESS (blocked): robot at (23.8,33.8,θ=153.2°) has not moved 0.5 cm or turned 3.0° in 3.0s. Treating as FAILED so the subgoal can end.
[NAV] Retreating to (28.5, 28.7)
[NAV] state FOLLOWING -> RETREATING pose=(23.7,33.8,θ=153.2°)
[NAV] Retreat done after 90 ticks (ran out of ticks); drive FAILED (blocked).
[Subgoal] <-- DONE (FAILED) after 7.1s, robot now at (25.6,31.8,θ=132.1°)
[DIAG] subgoal #6 end recorded (outcome=failed)
[Runtime] Planning failed - stopping robot
[Runtime] Shutting down
[Diagnostics] ⚠️ scene_after.xml capture failed: no xml source path provided
[Diagnostics] Wrote summary.json (outcome=failure)
[RemoteRecordClient] Recording stopped → /home/dhruv/projects_dhruv/namo/robot_control/real_exp/results/formal_v2/1push_hard_021/nav_ignore/trial1/recordings/session_2026-09-03_18-35-20/full_run.mp4
[Runtime] Sending stop command to robot...
[SerialSender] Stopped
[RealEnv] Stopped
[RemoteObserver] Stopped
[Runtime] Shutdown complete

============================================================
  arm                : nav_baseline_ignore
  reached            : False
  stopped at         : (25.58, 31.81) cm
  distance to goal   : 30.82 cm
  route waypoints    : 61
  route crossed      : obj_1
  objects shoved     : obj_1
  elapsed            : 55.9 s
  failure            : stuck_retry_limit_reached
============================================================

  Driving alone did not reach the goal. Reset the scene, then
  run the NAMO trial on the same layout.

wrote /home/dhruv/projects_dhruv/namo/robot_control/real_exp/results/formal_v2/1push_hard_021/nav_ignore/trial1/nav_baseline_ignore_1788474977.json

real_exp/results/formal_v2/1push_hard_021/nav_verdict.json already holds a verdict; left alone.
