[Diagnostics] Wrote config.json
[DIAG] WARNING: NAMO backend Git provenance unavailable; set NAMO_REPO to the active namo_cpp checkout before a formal run.
[DIAG] Diagnostics enabled: /home/dhruv/projects_dhruv/namo/robot_control/real_exp/results/formal_v2/hmax2_hard_004/nav_penalise
Goal given: (11.0, 67.6) cm

Pure navigation baseline, mode 'penalise'. No pushes will be planned.
Press ESCAPE to quit
============================================================
[Runtime] Using remote camera service at tcp://localhost:5556
[Runtime] Speeds in effect: nav=0.40, push=0.40, keyboard/follow_path=0.30
[Runtime] Starting RemoteObserverNode...
[RemoteObserver] Connected to tcp://localhost:5556
[SerialSender] Port /dev/serial/by-id/usb-Espressif_USB_JTAG_serial_debug_unit_10:51:DB:18:34:7C-if00 opened at 115200
[SerialSender] Started at 30.0 Hz
[RealEnv] Started (robot_id=1)
[RemoteRecordClient] Recording started → /home/dhruv/projects_dhruv/namo/robot_control/real_exp/results/formal_v2/hmax2_hard_004/nav_penalise/recordings/session_2026-08-31_04-22-37/full_run.mp4
[Runtime] Full-run video + per-subgoal meta will write to /home/dhruv/projects_dhruv/namo/robot_control/real_exp/results/formal_v2/hmax2_hard_004/nav_penalise/recordings/session_2026-08-31_04-22-37
[SerialSender] Car 1 CONNECTED (alive now: [1])
[Runtime] 🔌 Robot 1 ONLINE at startup (alive_ids=[1], ap_connected=True)
[Subgoal] --> DISPATCH NAVIGATE: target=(11.0,67.6), robot at (19.7,11.2,θ=4.0°)
[Diagnostics] ⚠️ scene_before.xml capture failed: no xml source path provided

==================================================
Robot Control - Real Robot (Autonomous)
==================================================
Serial port: /dev/serial/by-id/usb-Espressif_USB_JTAG_serial_debug_unit_10:51:DB:18:34:7C-if00
Robot ID: 1
Dry run: False
Speed (autonomous): nav=0.40, push=0.40
==================================================
Running in autonomous mode
Press 'r' to toggle recording
Press 'space' for emergency stop
Press 'escape' to quit
==================================================
[DIAG] subgoal #1 start recorded

[NAV] navigate_to: goal=(11.0,67.6) θ=any, from=(19.7,11.2), obstacles=3
[NAV] state - -> PRE_ROTATING pose=(19.7,11.2,θ=4.0°) pre_target_θ=134.4° heading_err=+130.5°
[NAV] state PRE_ROTATING -> FOLLOWING pose=(19.8,10.7,θ=89.8°) path_waypoints=84 final_wp=(11.8,67.8)
[NAV] !! NO PROGRESS (blocked): robot at (19.1,34.3,θ=27.8°) has not moved 0.5 cm or turned 3.0° in 3.0s. Treating as FAILED so the subgoal can end.
[NAV] Retreating to (14.1, 33.6)
[NAV] state FOLLOWING -> RETREATING pose=(19.1,34.3,θ=27.6°)
[NAV] Retreat done after 75 ticks (reached the cell); drive FAILED (blocked).
[Subgoal] <-- DONE (FAILED) after 14.0s, robot now at (17.6,34.1,θ=9.9°)
[DIAG] subgoal #1 end recorded (outcome=failed)
[Subgoal] --> DISPATCH NAVIGATE: target=(11.0,67.6), robot at (17.6,34.1,θ=9.9°)
[DIAG] subgoal #2 start recorded
[NAV] navigate_to: goal=(11.0,67.6) θ=any, from=(17.6,34.1), obstacles=3
[NAV] state RETREATING -> PRE_ROTATING pose=(17.6,34.1,θ=9.9°) pre_target_θ=27.9° heading_err=+17.9°
[NAV] state PRE_ROTATING -> FOLLOWING pose=(17.5,34.1,θ=10.4°) path_waypoints=58 final_wp=(11.8,67.8)
[NAV] !! NO PROGRESS (blocked): robot at (19.0,34.6,θ=26.8°) has not moved 0.5 cm or turned 3.0° in 3.0s. Treating as FAILED so the subgoal can end.
[NAV] Retreating to (14.0, 34.0)
[NAV] state FOLLOWING -> RETREATING pose=(19.0,34.6,θ=26.8°)
[NAV] Retreat done after 67 ticks (reached the cell); drive FAILED (blocked).
[Subgoal] <-- DONE (FAILED) after 5.9s, robot now at (17.5,34.4,θ=7.6°)
[DIAG] subgoal #2 end recorded (outcome=failed)
[Subgoal] --> DISPATCH NAVIGATE: target=(11.0,67.6), robot at (17.5,34.4,θ=7.6°)
[DIAG] subgoal #3 start recorded
[NAV] navigate_to: goal=(11.0,67.6) θ=any, from=(17.5,34.4), obstacles=3
[NAV] state RETREATING -> PRE_ROTATING pose=(17.5,34.4,θ=7.6°) pre_target_θ=22.8° heading_err=+15.2°
[NAV] state PRE_ROTATING -> FOLLOWING pose=(17.4,34.4,θ=7.3°) path_waypoints=60 final_wp=(11.2,67.8)
[NAV] !! NO PROGRESS (blocked): robot at (19.1,34.7,θ=21.7°) has not moved 0.5 cm or turned 3.0° in 3.0s. Treating as FAILED so the subgoal can end.
[NAV] Retreating to (14.1, 34.5)
[NAV] state FOLLOWING -> RETREATING pose=(19.1,34.7,θ=21.7°)
[NAV] Retreat done after 90 ticks (ran out of ticks); drive FAILED (blocked).
[Subgoal] <-- DONE (FAILED) after 6.8s, robot now at (17.6,34.6,θ=3.5°)
[DIAG] subgoal #3 end recorded (outcome=failed)
[Subgoal] --> DISPATCH NAVIGATE: target=(11.0,67.6), robot at (17.6,34.6,θ=3.5°)
[DIAG] subgoal #4 start recorded
[NAV] navigate_to: goal=(11.0,67.6) θ=any, from=(17.6,34.6), obstacles=3
[NAV] state RETREATING -> PRE_ROTATING pose=(17.6,34.6,θ=3.5°) pre_target_θ=39.9° heading_err=+36.5°
[NAV] state PRE_ROTATING -> FOLLOWING pose=(17.5,34.6,θ=4.3°) path_waypoints=56 final_wp=(11.8,67.8)
[NAV] !! NO PROGRESS (blocked): robot at (18.8,35.1,θ=25.3°) has not moved 0.5 cm or turned 3.0° in 3.0s. Treating as FAILED so the subgoal can end.
[NAV] Retreating to (13.8, 34.6)
[NAV] state FOLLOWING -> RETREATING pose=(18.8,35.1,θ=25.5°)
[NAV] Retreat done after 90 ticks (ran out of ticks); drive FAILED (blocked).
[Subgoal] <-- DONE (FAILED) after 7.2s, robot now at (17.7,34.9,θ=355.1°)
[DIAG] subgoal #4 end recorded (outcome=failed)
[Subgoal] --> DISPATCH NAVIGATE: target=(11.0,67.6), robot at (17.7,34.9,θ=355.1°)
[DIAG] subgoal #5 start recorded
[NAV] navigate_to: goal=(11.0,67.6) θ=any, from=(17.7,34.9), obstacles=3
[NAV] state RETREATING -> PRE_ROTATING pose=(17.7,34.9,θ=355.1°) pre_target_θ=20.4° heading_err=+25.3°
[NAV] state PRE_ROTATING -> FOLLOWING pose=(17.7,34.9,θ=355.1°) path_waypoints=57 final_wp=(11.8,67.8)
[NAV] !! NO PROGRESS (blocked): robot at (19.0,35.0,θ=17.7°) has not moved 0.5 cm or turned 3.0° in 3.0s. Treating as FAILED so the subgoal can end.
[NAV] Retreating to (14.0, 34.7)
[NAV] state FOLLOWING -> RETREATING pose=(19.0,35.0,θ=17.7°)
[NAV] Retreat done after 64 ticks (reached the cell); drive FAILED (blocked).
[Subgoal] <-- DONE (FAILED) after 5.9s, robot now at (17.5,34.9,θ=1.0°)
[DIAG] subgoal #5 end recorded (outcome=failed)
[Subgoal] --> DISPATCH NAVIGATE: target=(11.0,67.6), robot at (17.5,34.9,θ=1.0°)
[DIAG] subgoal #6 start recorded
[NAV] navigate_to: goal=(11.0,67.6) θ=any, from=(17.5,34.9), obstacles=3
[NAV] state RETREATING -> PRE_ROTATING pose=(17.5,34.9,θ=1.0°) pre_target_θ=19.7° heading_err=+18.7°
[NAV] state PRE_ROTATING -> FOLLOWING pose=(17.4,34.9,θ=1.5°) path_waypoints=57 final_wp=(11.8,67.8)
[NAV] !! NO PROGRESS (blocked): robot at (19.0,35.0,θ=13.9°) has not moved 0.5 cm or turned 3.0° in 3.0s. Treating as FAILED so the subgoal can end.
[NAV] Retreating to (14.0, 34.7)
[NAV] state FOLLOWING -> RETREATING pose=(19.0,35.0,θ=13.9°)
[NAV] Retreat done after 75 ticks (reached the cell); drive FAILED (blocked).
[Subgoal] <-- DONE (FAILED) after 6.2s, robot now at (17.5,35.0,θ=4.3°)
[DIAG] subgoal #6 end recorded (outcome=failed)
[Runtime] Planning failed - stopping robot
[Runtime] Shutting down
[Diagnostics] ⚠️ scene_after.xml capture failed: no xml source path provided
[Diagnostics] Wrote summary.json (outcome=failure)
[RemoteRecordClient] Recording stopped → /home/dhruv/projects_dhruv/namo/robot_control/real_exp/results/formal_v2/hmax2_hard_004/nav_penalise/recordings/session_2026-08-31_04-22-37/full_run.mp4
[Runtime] Sending stop command to robot...
[SerialSender] Stopped
[RealEnv] Stopped
[RemoteObserver] Stopped
[Runtime] Shutdown complete

============================================================
  arm                : nav_baseline_penalise
  reached            : False
  stopped at         : (17.48, 35.04) cm
  distance to goal   : 33.2 cm
  route waypoints    : 86
  route crossed      : obj_1
  objects shoved     : obj_1
  elapsed            : 46.4 s
  failure            : stuck_retry_limit_reached
============================================================

  Driving alone did not reach the goal. Reset the scene, then
  run the NAMO trial on the same layout.

wrote /home/dhruv/projects_dhruv/namo/robot_control/real_exp/results/formal_v2/hmax2_hard_004/nav_penalise/nav_baseline_penalise_1788164604.json
wrote real_exp/results/formal_v2/hmax2_hard_004/nav_verdict.json (qualifies is unset, waiting on your call)
