[Diagnostics] Wrote config.json
[DIAG] Diagnostics enabled: /home/dhruv/projects_dhruv/namo/robot_control/real_exp/1hop_simple/results/real/2push__env__obstacle_0_movable__0489c6b2/model_pure_policy/trial1
planner: full_namo  |  exec mode: greedy_policy  local search: best_first/model  ckpt=/home/dhruv/projects_dhruv/namo/ranking/models/HY5U_s2.ckpt  hmax=canonical  budget=canonical  scope=inherited  device=cuda

Starting NAMO execution...
Press ESCAPE to quit
==================================================
[Runtime] Using remote camera service at tcp://localhost:5556
[Runtime] Speeds in effect: nav=0.40, push=0.40, keyboard/follow_path=0.30
[Runtime] Safety filter: OFF
[Runtime] Starting RemoteObserverNode...
[RemoteObserver] Connected to tcp://localhost:5556
[SerialSender] Port /dev/serial/by-id/usb-Espressif_USB_JTAG_serial_debug_unit_10:51:DB:18:34:7C-if00 opened at 115200
[SerialSender] Started at 30.0 Hz
[RealEnv] Started (robot_id=1)
[SerialSender] Car 1 CONNECTED (alive now: [1])
[RemoteRecordClient] Recording started → /home/dhruv/projects_dhruv/namo/robot_control/real_exp/1hop_simple/results/real/2push__env__obstacle_0_movable__0489c6b2/model_pure_policy/trial1/recordings/session_2026-09-08_02-17-19/full_run.mp4
[Runtime] Full-run video + per-subgoal meta will write to /home/dhruv/projects_dhruv/namo/robot_control/real_exp/1hop_simple/results/real/2push__env__obstacle_0_movable__0489c6b2/model_pure_policy/trial1/recordings/session_2026-09-08_02-17-19
[SerialSender] ⚠️ Car 1 DISCONNECTED (alive now: [])

!!!!!!!!!!!!!!!!!!!!!!!!!!!!!!!!!!!!!!!!!!!!!!!!!!!!!!!!!!!!!!!!!!!!!!
!! ROBOT 1 OFFLINE at startup !!
!!   ap_connected=True, alive_ids=[], last_status=0.2s ago [fresh]
!!   Planning will run (sim-only), but the robot CANNOT execute.
!!   Restart the robot or check the camera_service serial link.
!!!!!!!!!!!!!!!!!!!!!!!!!!!!!!!!!!!!!!!!!!!!!!!!!!!!!!!!!!!!!!!!!!!!!!

[NAMOPlanner] Goal BLOCKED - running NAMO planning...
[NAMOBridge] Warming best-first scorer (checkpoint=/home/dhruv/projects_dhruv/namo/ranking/models/HY5U_s2.ckpt, device=cuda); excluded from planning time

==================================================
Robot Control - Real Robot (Autonomous)
==================================================
Serial port: /dev/serial/by-id/usb-Espressif_USB_JTAG_serial_debug_unit_10:51:DB:18:34:7C-if00
Robot ID: 1
Dry run: False
Speed (autonomous): nav=0.40, push=0.40
==================================================
Running in autonomous mode
Press 'r' to toggle recording
Press 'space' for emergency stop
Press 'escape' to quit
==================================================

[SerialSender] Car 1 CONNECTED (alive now: [1])
[NAMOPlanner] Best-first scorer warmup: 3761ms (recorded separately; excluded from planning_wall_time_ms)
[NAMOPlanner] Plan #1: 155ms, cumulative: 155ms
[DIAG] plan #1 recorded (success=True)
[Subgoal] --> DISPATCH PUSH: obj 'obj_4' at (27.2,34.3,θ=68.1°), edge=0, push_steps=5, robot at (21.7,15.1,θ=57.7°)
[DIAG] subgoal #1 start recorded
[PUSH] Starting navigation: robot=(21.7,15.1) → approach=(16.0,34.8)
[NAV] navigate_to: goal=(16.0,34.8) θ=-21.9°, from=(21.7,15.1), obstacles=4
[Wavefront] Saved grid image to output_dump/wavefront/wavefront_20260908_021724_001.png (98x155)
[PUSH] navigate_to() returned: True, nav_state=PRE_ROTATING
[NAV] state - -> PRE_ROTATING pose=(21.7,15.1,θ=57.7°) pre_target_θ=132.8° heading_err=+75.1°
[NAV] state PRE_ROTATING -> FOLLOWING pose=(21.9,14.6,θ=93.1°) path_waypoints=31 final_wp=(15.8,34.8)
[NAV] state FOLLOWING -> POST_ROTATING pose=(15.2,34.5,θ=44.3°) goal_θ=-21.9° heading_err=-66.1°
[PUSH] Navigation done - transitioning to ADVANCING (nav_state=FINISHED)
[PUSH] >>> PUSHING start: obj 'obj_4' at (27.0,34.4,θ=69.0°), robot at (15.5,35.1,θ=336.1°), edge=0, push_steps=5 (150 ticks)
[PUSH DEBUG] ========== PUSH START ==========
[PUSH DEBUG] Object: pos=(27.0,34.4) theta=69.0° size=(12.0x7.5)
[PUSH DEBUG] Edge 0: face=0 sample=0
[PUSH DEBUG] Theoretical: edge_pt (15.9,34.7) → mid_pt (25.7,30.9)
[PUSH DEBUG] Actual line: (15.5,35.1) → (25.3,31.3)
[PUSH DEBUG] Mode: FIXED
[PUSH DEBUG] ================================

[PUSH] ========== PUSH COMPLETE ==========
[PUSH] Robot: (26.6, 30.6) theta=0.7°
[PUSH] Δobject 'obj_4': Δpos=(+9.11,-0.52) |Δ|=9.12cm, Δθ=+21.10°
[PUSH] Robot position is BLOCKED in wavefront
[PUSH] Object 'wall_10': (9.7, 40.9) theta=281.8° size=(19.5x5.5)
[PUSH]   Distance robot→object center: 19.8cm
[PUSH] Object 'obj_4': (36.1, 33.9) theta=90.1° size=(12.0x7.5)
[PUSH]   Distance robot→object center: 10.1cm
[PUSH] Object 'obj_1': (45.9, 31.5) theta=180.1° size=(15x7.0)
[PUSH]   Distance robot→object center: 19.4cm
[PUSH] Object 'wall_11': (33.4, 49.3) theta=15.1° size=(19.5x5.5)
[PUSH]   Distance robot→object center: 19.8cm
[Wavefront] Saved grid image to /tmp/wavefront/wavefront_20260908_021736.png (98x155)
[PUSH] Wavefront saved to: /tmp/wavefront/wavefront_20260908_021736.png
[PUSH] ======================================

[PUSH] Retreat target: (21.9, 32.3) [BACKWARD]
[PUSH] Retreat reached target after 79 steps: moved 3.1 cm, stopped 1.9 cm from target (tolerance 2.0 cm, commanded speed 0.15), robot at (23.7, 31.7), target (21.9, 32.3)
[Subgoal] <-- DONE (SUCCESS) after 15.0s, robot now at (23.7,31.7,θ=339.8°)
[DIAG] subgoal #1 end recorded (outcome=success)
[DIAG] push recorded (obj=obj_4, Δ=9.05cm, stuck=False)
[NAMOPlanner] Greedy policy step complete; replanning from fresh camera observation
[Runtime] 🔌 Robot 1 → ONLINE (alive_ids=[1], ap_connected=True, last_status=0.2s ago)

[Trapped-start recovery] Robot at (23.7, 31.7) cm was in an inflated-obstacle cell; cleared local cells so the planner can BFS from here. Position unchanged.

[NAMOPlanner] Goal REACHABLE - navigating to (35.6, 68.3) [dist=38.5cm]
[Subgoal] --> DISPATCH NAVIGATE: target=(35.6,68.3), robot at (23.7,31.7,θ=339.8°)
[DIAG] subgoal #2 start recorded

[Trapped-start recovery] Robot at (23.7, 31.7) cm was in an inflated-obstacle cell; cleared local cells so the planner can BFS from here. Position unchanged.

[NAV] navigate_to: goal=(35.6,68.3) θ=any, from=(23.7,31.7), obstacles=4
[Wavefront] Saved grid image to output_dump/wavefront/wavefront_20260908_021739_002.png (98x155)
[NAV] state POST_ROTATING -> PRE_ROTATING pose=(23.7,31.7,θ=339.8°) pre_target_θ=81.6° heading_err=+101.8°
[NAV] state PRE_ROTATING -> FOLLOWING pose=(23.4,31.5,θ=40.3°) path_waypoints=55 final_wp=(35.8,68.2)
[Subgoal] <-- DONE (SUCCESS) after 11.0s, robot now at (35.4,68.7,θ=339.2°)
[DIAG] subgoal #2 end recorded (outcome=success)
[NAMOPlanner] GOAL REACHED! Distance: 0.6cm | Total planning: 1 calls, 155ms cumulative
[Runtime] Plan complete - stopping robot
[Runtime] Shutting down

[Trapped-start recovery] Robot at (35.4, 68.7) cm was in an inflated-obstacle cell; cleared local cells so the planner can BFS from here. Position unchanged.

[Diagnostics] Wrote summary.json (outcome=success)
[RemoteRecordClient] Recording stopped → /home/dhruv/projects_dhruv/namo/robot_control/real_exp/1hop_simple/results/real/2push__env__obstacle_0_movable__0489c6b2/model_pure_policy/trial1/recordings/session_2026-09-08_02-17-19/full_run.mp4
[Runtime] Sending stop command to robot...
[SerialSender] Stopped
[RealEnv] Stopped
[RemoteObserver] Stopped
[Runtime] Shutdown complete
