[Diagnostics] Wrote config.json
[DIAG] Diagnostics enabled: /home/dhruv/projects_dhruv/namo/robot_control/push_calibration/obj_1/edge45/depth9/trial2
[tier2] wheel commands will be logged to /home/dhruv/projects_dhruv/namo/robot_control/push_calibration/obj_1/edge45/depth9/trial2/wheel_commands.jsonl
[collect] 1 trial(s) loaded from push_calibration/obj_1/edge45/depth9/spec.yaml
[collect] obstacle_target = (25.0, 35.0) cm  reset_tolerance = 3.0 cm
[mid-obs] logging every camera observation → /home/dhruv/projects_dhruv/namo/robot_control/push_calibration/obj_1/edge45/depth9/trial2/mid_obs.jsonl
[Runtime] Using remote camera service at tcp://localhost:5556
[Runtime] Speeds in effect: nav=0.40, push=0.40, keyboard/follow_path=0.30
[fresh] planner.attach_obs_source(world.get) wired
[Runtime] Starting RemoteObserverNode...
[RemoteObserver] Connected to tcp://localhost:5556
[SerialSender] Port /dev/serial/by-id/usb-Espressif_USB_JTAG_serial_debug_unit_10:51:DB:18:34:7C-if00 opened at 115200
[SerialSender] Started at 30.0 Hz
[RealEnv] Started (robot_id=1)
[Runtime] Per-subgoal video + meta will write to /home/dhruv/projects_dhruv/namo/robot_control/push_calibration/obj_1/edge45/depth9/trial2/recordings/session_2026-05-25_15-28-29

!!!!!!!!!!!!!!!!!!!!!!!!!!!!!!!!!!!!!!!!!!!!!!!!!!!!!!!!!!!!!!!!!!!!!!
!! ROBOT 1 OFFLINE at startup !!
!!   ap_connected=True, alive_ids=[], last_status=0.5s ago [fresh]
!!   Planning will run (sim-only), but the robot CANNOT execute.
!!   Restart the robot or check the camera_service serial link.
!!!!!!!!!!!!!!!!!!!!!!!!!!!!!!!!!!!!!!!!!!!!!!!!!!!!!!!!!!!!!!!!!!!!!!


=== Trial 1/1 === object=obj_1 edge_idx=45 push_steps=10
  [skip_reset] start pose: (22.28, 19.99) θ=90.17°. pushing...
[Subgoal] --> DISPATCH PUSH: obj 'obj_1' at (22.3,20.0,θ=90.2°), edge=45, push_steps=10, robot at (22.0,7.0,θ=87.6°)
[DIAG] subgoal #1 start recorded
[Diagnostics] ⚠️ scene_before.xml capture failed: no xml source path provided

==================================================
Robot Control - Real Robot (Autonomous)
==================================================
Serial port: /dev/serial/by-id/usb-Espressif_USB_JTAG_serial_debug_unit_10:51:DB:18:34:7C-if00
Robot ID: 1
Dry run: False
Speed: 0.3
==================================================
Running in autonomous mode
Press 'r' to toggle recording
Press 'space' for emergency stop
Press 'escape' to quit
==================================================

[RemoteRecordClient] Recording started → /home/dhruv/projects_dhruv/namo/robot_control/push_calibration/obj_1/edge45/depth9/trial2/recordings/session_2026-05-25_15-28-29/subgoal_001_push_obj_1_e45_s10.mp4
[PUSH]   Original edge: (22.3, 12.3)
[PUSH]   Validated:     (22.3, 11.8)
[PUSH] Starting navigation: robot=(22.0,7.0) → approach=(22.3,11.8)
[NAV] navigate_to: goal=(22.3,11.8) θ=90.2°, from=(22.0,7.0), obstacles=1
[Wavefront] Saved grid image to output_dump/wavefront/wavefront_20260525_152830_001.png (98x155)
[PUSH] navigate_to() returned: True, nav_state=PRE_ROTATING
[NAV] state - -> PRE_ROTATING pose=(22.0,7.0,θ=87.6°) pre_target_θ=86.3° heading_err=-1.3°
[NAV] state PRE_ROTATING -> FOLLOWING pose=(22.0,7.0,θ=87.7°) path_waypoints=6 final_wp=(22.2,11.8)
[SerialSender] Car 1 CONNECTED (alive now: [1])
[NAV] state FOLLOWING -> POST_ROTATING pose=(22.3,10.9,θ=86.4°) goal_θ=90.2° heading_err=+3.8°
[PUSH] Navigation done - transitioning to ADVANCING (nav_state=FINISHED)
[PUSH] >>> PUSHING start: obj 'obj_1' at (22.3,20.0,θ=90.3°), robot at (22.4,11.2,θ=91.0°), edge=45, push_steps=10 (260 ticks)
[PUSH DEBUG] ========== PUSH START ==========
[PUSH DEBUG] Object: pos=(22.3,20.0) theta=90.3° size=(15x7.0)
[PUSH DEBUG] Edge 45: face=3 sample=7
[PUSH DEBUG] Theoretical: edge_pt (22.3,12.3) → mid_pt (22.3,20.0)
[PUSH DEBUG] Actual line: (22.4,11.2) → (22.3,18.9)
[PUSH DEBUG] Mode: FIXED
[PUSH DEBUG] ================================

[PUSH] ========== PUSH COMPLETE ==========
[PUSH] Robot: (22.2, 45.2) theta=89.3°
[PUSH] Δobject 'obj_1': Δpos=(-0.37,+32.15) |Δ|=32.16cm, Δθ=-0.48°
[PUSH] Robot position is BLOCKED in wavefront
[PUSH] Object 'obj_1': (21.9, 52.1) theta=89.8° size=(15x7.0)
[PUSH]   Distance robot→object center: 7.0cm
[Wavefront] Saved grid image to /tmp/wavefront/wavefront_20260525_152840.png (98x155)
[PUSH] Wavefront saved to: /tmp/wavefront/wavefront_20260525_152840.png
[PUSH] ======================================

[PUSH] Retreat target: (20.4, 40.5) [BACKWARD]
[Subgoal] <-- DONE (SUCCESS) after 15.2s, robot now at (21.1,42.4,θ=71.9°)
[DIAG] subgoal #1 end recorded (outcome=success)
[DIAG] push recorded (obj=obj_1, Δ=32.73cm, stuck=False)
[RemoteRecordClient] Recording stopped → /home/dhruv/projects_dhruv/namo/robot_control/push_calibration/obj_1/edge45/depth9/trial2/recordings/session_2026-05-25_15-28-29/subgoal_001_push_obj_1_e45_s10.mp4
[Runtime] Plan complete - stopping robot
[Runtime] Shutting down
