[Diagnostics] Wrote config.json
[DIAG] Diagnostics enabled: /home/dhruv/projects_dhruv/namo/robot_control/real_exp/1hop_simple/results/real/2push__env__obstacle_0_movable__0489c6b2/model_pure_policy/trial5
planner: full_namo  |  exec mode: greedy_policy  local search: best_first/model  ckpt=/home/dhruv/projects_dhruv/namo/ranking/models/HY5U_s2.ckpt  hmax=canonical  budget=canonical  scope=inherited  device=cuda

Starting NAMO execution...
Press ESCAPE to quit
==================================================
[Runtime] Using remote camera service at tcp://localhost:5556
[Runtime] Speeds in effect: nav=0.40, push=0.40, keyboard/follow_path=0.30
[Runtime] Safety filter: OFF
[Runtime] Starting RemoteObserverNode...
[RemoteObserver] Connected to tcp://localhost:5556
[SerialSender] Port /dev/serial/by-id/usb-Espressif_USB_JTAG_serial_debug_unit_10:51:DB:18:34:7C-if00 opened at 115200
[SerialSender] Started at 30.0 Hz
[RealEnv] Started (robot_id=1)
[SerialSender] Car 1 CONNECTED (alive now: [1])
[RemoteRecordClient] Recording started → /home/dhruv/projects_dhruv/namo/robot_control/real_exp/1hop_simple/results/real/2push__env__obstacle_0_movable__0489c6b2/model_pure_policy/trial5/recordings/session_2026-09-08_02-23-33/full_run.mp4
[Runtime] Full-run video + per-subgoal meta will write to /home/dhruv/projects_dhruv/namo/robot_control/real_exp/1hop_simple/results/real/2push__env__obstacle_0_movable__0489c6b2/model_pure_policy/trial5/recordings/session_2026-09-08_02-23-33
[Runtime] 🔌 Robot 1 ONLINE at startup (alive_ids=[1], ap_connected=True)
[NAMOPlanner] Goal BLOCKED - running NAMO planning...
[NAMOBridge] Warming best-first scorer (checkpoint=/home/dhruv/projects_dhruv/namo/ranking/models/HY5U_s2.ckpt, device=cuda); excluded from planning time

==================================================
Robot Control - Real Robot (Autonomous)
==================================================
Serial port: /dev/serial/by-id/usb-Espressif_USB_JTAG_serial_debug_unit_10:51:DB:18:34:7C-if00
Robot ID: 1
Dry run: False
Speed (autonomous): nav=0.40, push=0.40
==================================================
Running in autonomous mode
Press 'r' to toggle recording
Press 'space' for emergency stop
Press 'escape' to quit
==================================================

[NAMOPlanner] Best-first scorer warmup: 3720ms (recorded separately; excluded from planning_wall_time_ms)
[NAMOPlanner] Plan #1: 151ms, cumulative: 151ms
[DIAG] plan #1 recorded (success=True)
[Subgoal] --> DISPATCH PUSH: obj 'obj_4' at (27.4,35.7,θ=71.0°), edge=0, push_steps=5, robot at (25.4,14.5,θ=37.5°)
[DIAG] subgoal #1 start recorded
[PUSH] Starting navigation: robot=(25.4,14.5) → approach=(16.3,35.6)
[NAV] navigate_to: goal=(16.3,35.6) θ=-19.0°, from=(25.4,14.5), obstacles=4
[Wavefront] Saved grid image to output_dump/wavefront/wavefront_20260908_022337_001.png (98x155)
[PUSH] navigate_to() returned: True, nav_state=PRE_ROTATING
[NAV] state - -> PRE_ROTATING pose=(25.4,14.5,θ=37.5°) pre_target_θ=134.2° heading_err=+96.7°
[NAV] state PRE_ROTATING -> FOLLOWING pose=(25.7,14.1,θ=98.3°) path_waypoints=35 final_wp=(16.2,35.2)
[NAV] state FOLLOWING -> POST_ROTATING pose=(15.8,35.1,θ=41.8°) goal_θ=-19.0° heading_err=-60.7°
[PUSH] Navigation done - transitioning to ADVANCING (nav_state=FINISHED)
[PUSH] >>> PUSHING start: obj 'obj_4' at (27.4,35.7,θ=71.9°), robot at (15.9,35.6,θ=340.4°), edge=0, push_steps=5 (150 ticks)
[PUSH DEBUG] ========== PUSH START ==========
[PUSH DEBUG] Object: pos=(27.4,35.7) theta=71.9° size=(12.0x7.5)
[PUSH DEBUG] Edge 0: face=0 sample=0
[PUSH DEBUG] Theoretical: edge_pt (16.2,35.4) → mid_pt (26.2,32.2)
[PUSH DEBUG] Actual line: (15.9,35.6) → (25.9,32.3)
[PUSH DEBUG] Mode: FIXED
[PUSH DEBUG] ================================

[PUSH] ========== PUSH COMPLETE ==========
[PUSH] Robot: (26.6, 31.9) theta=357.5°
[PUSH] Δobject 'obj_4': Δpos=(+8.79,-1.19) |Δ|=8.87cm, Δθ=+16.89°
[PUSH] Robot position is BLOCKED in wavefront
[PUSH] Object 'obj_4': (36.1, 34.6) theta=88.8° size=(12.0x7.5)
[PUSH]   Distance robot→object center: 9.9cm
[PUSH] Object 'wall_10': (9.7, 40.9) theta=281.8° size=(19.5x5.5)
[PUSH]   Distance robot→object center: 19.2cm
[PUSH] Object 'obj_1': (45.9, 31.0) theta=179.9° size=(15x7.0)
[PUSH]   Distance robot→object center: 19.3cm
[PUSH] Object 'wall_11': (33.4, 49.3) theta=15.1° size=(19.5x5.5)
[PUSH]   Distance robot→object center: 18.7cm
[Wavefront] Saved grid image to /tmp/wavefront/wavefront_20260908_022351.png (98x155)
[PUSH] Wavefront saved to: /tmp/wavefront/wavefront_20260908_022351.png
[PUSH] ======================================

[PUSH] Retreat target: (22.0, 33.8) [BACKWARD]
[PUSH] Retreat reached target after 76 steps: moved 3.0 cm, stopped 2.0 cm from target (tolerance 2.0 cm, commanded speed 0.15), robot at (23.8, 33.1), target (22.0, 33.8)
[Subgoal] <-- DONE (SUCCESS) after 15.7s, robot now at (23.7,33.1,θ=335.9°)
[DIAG] subgoal #1 end recorded (outcome=success)
[DIAG] push recorded (obj=obj_4, Δ=8.80cm, stuck=False)
[NAMOPlanner] Greedy policy step complete; replanning from fresh camera observation

[Trapped-start recovery] Robot at (23.7, 33.1) cm was in an inflated-obstacle cell; cleared local cells so the planner can BFS from here. Position unchanged.

[NAMOPlanner] Goal REACHABLE - navigating to (35.6, 68.3) [dist=37.1cm]
[Subgoal] --> DISPATCH NAVIGATE: target=(35.6,68.3), robot at (23.7,33.1,θ=335.9°)
[DIAG] subgoal #2 start recorded

[Trapped-start recovery] Robot at (23.7, 33.1) cm was in an inflated-obstacle cell; cleared local cells so the planner can BFS from here. Position unchanged.

[NAV] navigate_to: goal=(35.6,68.3) θ=any, from=(23.7,33.1), obstacles=4
[Wavefront] Saved grid image to output_dump/wavefront/wavefront_20260908_022353_002.png (98x155)
[NAV] state POST_ROTATING -> PRE_ROTATING pose=(23.7,33.1,θ=335.9°) pre_target_θ=70.1° heading_err=+94.2°
[NAV] state PRE_ROTATING -> FOLLOWING pose=(23.6,32.9,θ=27.4°) path_waypoints=54 final_wp=(35.8,68.2)
[Subgoal] <-- DONE (SUCCESS) after 10.8s, robot now at (35.4,68.7,θ=336.7°)
[DIAG] subgoal #2 end recorded (outcome=success)
[NAMOPlanner] GOAL REACHED! Distance: 0.5cm | Total planning: 1 calls, 151ms cumulative
[Runtime] Plan complete - stopping robot
[Runtime] Shutting down

[Trapped-start recovery] Robot at (35.4, 68.7) cm was in an inflated-obstacle cell; cleared local cells so the planner can BFS from here. Position unchanged.

[Diagnostics] Wrote summary.json (outcome=success)
[RemoteRecordClient] Recording stopped → /home/dhruv/projects_dhruv/namo/robot_control/real_exp/1hop_simple/results/real/2push__env__obstacle_0_movable__0489c6b2/model_pure_policy/trial5/recordings/session_2026-09-08_02-23-33/full_run.mp4
[Runtime] Sending stop command to robot...
[SerialSender] Stopped
[RealEnv] Stopped
[RemoteObserver] Stopped
[Runtime] Shutdown complete
