[Diagnostics] Wrote config.json
[DIAG] Diagnostics enabled: /home/dhruv/projects_dhruv/namo/robot_control/real_exp/results/formal_v2/rb_00149/nav_penalise
Goal given: (18.0, 71.2) cm

Pure navigation baseline, mode 'penalise'. No pushes will be planned.
Press ESCAPE to quit
============================================================
[Runtime] Using remote camera service at tcp://localhost:5556
[Runtime] Speeds in effect: nav=0.40, push=0.40, keyboard/follow_path=0.30
[Runtime] Starting RemoteObserverNode...
[RemoteObserver] Connected to tcp://localhost:5556
[SerialSender] Port /dev/serial/by-id/usb-Espressif_USB_JTAG_serial_debug_unit_10:51:DB:18:34:7C-if00 opened at 115200
[SerialSender] Started at 30.0 Hz
[RealEnv] Started (robot_id=1)
[RemoteRecordClient] Recording started → /home/dhruv/projects_dhruv/namo/robot_control/real_exp/results/formal_v2/rb_00149/nav_penalise/recordings/session_2026-08-31_05-57-30/full_run.mp4
[Runtime] Full-run video + per-subgoal meta will write to /home/dhruv/projects_dhruv/namo/robot_control/real_exp/results/formal_v2/rb_00149/nav_penalise/recordings/session_2026-08-31_05-57-30

!!!!!!!!!!!!!!!!!!!!!!!!!!!!!!!!!!!!!!!!!!!!!!!!!!!!!!!!!!!!!!!!!!!!!!
!! ROBOT 1 OFFLINE at startup !!
!!   ap_connected=True, alive_ids=[], last_status=0.5s ago [fresh]
!!   Planning will run (sim-only), but the robot CANNOT execute.
!!   Restart the robot or check the camera_service serial link.
!!!!!!!!!!!!!!!!!!!!!!!!!!!!!!!!!!!!!!!!!!!!!!!!!!!!!!!!!!!!!!!!!!!!!!

[Diagnostics] ⚠️ scene_before.xml capture failed: no xml source path provided

==================================================
Robot Control - Real Robot (Autonomous)
==================================================
Serial port: /dev/serial/by-id/usb-Espressif_USB_JTAG_serial_debug_unit_10:51:DB:18:34:7C-if00
Robot ID: 1
Dry run: False
Speed (autonomous): nav=0.40, push=0.40
==================================================
Running in autonomous mode[Subgoal] --> DISPATCH NAVIGATE: target=(18.0,71.2), robot at (25.7,10.5,θ=358.5°)
[DIAG] subgoal #1 start recorded
[NAV] navigate_to: goal=(18.0,71.2) θ=any, from=(25.7,10.5), obstacles=4

[NAV] state - -> PRE_ROTATING pose=(25.7,10.5,θ=358.5°) pre_target_θ=137.0° heading_err=+138.5°
Press 'r' to toggle recording
Press 'space' for emergency stop
Press 'escape' to quit
==================================================

[SerialSender] Car 1 CONNECTED (alive now: [1])
[NAV] state PRE_ROTATING -> FOLLOWING pose=(28.1,12.5,θ=92.1°) path_waypoints=76 final_wp=(18.2,71.2)
[NAV] !! NO PROGRESS (blocked): robot at (23.3,29.2,θ=103.7°) has not moved 0.5 cm or turned 3.0° in 3.0s. Treating as FAILED so the subgoal can end.
[NAV] Retreating to (22.7, 24.2)
[NAV] state FOLLOWING -> RETREATING pose=(23.3,29.2,θ=103.7°)
[NAV] Retreat done after 90 ticks (ran out of ticks); drive FAILED (blocked).
[Subgoal] <-- DONE (FAILED) after 18.2s, robot now at (23.2,28.3,θ=77.6°)
[DIAG] subgoal #1 end recorded (outcome=failed)
[Runtime] 🔌 Robot 1 → ONLINE (alive_ids=[1], ap_connected=True, last_status=0.2s ago)
[Subgoal] --> DISPATCH NAVIGATE: target=(18.0,71.2), robot at (23.2,28.3,θ=77.6°)
[DIAG] subgoal #2 start recorded
[NAV] navigate_to: goal=(18.0,71.2) θ=any, from=(23.2,28.3), obstacles=4
[NAV] state RETREATING -> PRE_ROTATING pose=(23.2,28.3,θ=77.6°) pre_target_θ=89.0° heading_err=+11.4°
[NAV] state PRE_ROTATING -> FOLLOWING pose=(23.2,28.3,θ=77.6°) path_waypoints=58 final_wp=(18.2,71.2)
[NAV] !! NO PROGRESS (blocked): robot at (23.4,29.3,θ=102.9°) has not moved 0.5 cm or turned 3.0° in 3.0s. Treating as FAILED so the subgoal can end.
[NAV] Retreating to (22.8, 24.4)
[NAV] state FOLLOWING -> RETREATING pose=(23.4,29.3,θ=102.9°)
[NAV] Retreat done after 90 ticks (ran out of ticks); drive FAILED (blocked).
[Subgoal] <-- DONE (FAILED) after 8.2s, robot now at (23.3,28.4,θ=76.2°)
[DIAG] subgoal #2 end recorded (outcome=failed)
[Subgoal] --> DISPATCH NAVIGATE: target=(18.0,71.2), robot at (23.3,28.4,θ=76.2°)
[DIAG] subgoal #3 start recorded
[NAV] navigate_to: goal=(18.0,71.2) θ=any, from=(23.3,28.4), obstacles=4
[NAV] state RETREATING -> PRE_ROTATING pose=(23.3,28.4,θ=76.2°) pre_target_θ=83.1° heading_err=+6.9°
[NAV] state PRE_ROTATING -> FOLLOWING pose=(23.3,28.4,θ=76.2°) path_waypoints=56 final_wp=(18.2,71.2)
[NAV] !! NO PROGRESS (blocked): robot at (23.6,29.3,θ=99.0°) has not moved 0.5 cm or turned 3.0° in 3.0s. Treating as FAILED so the subgoal can end.
[NAV] Retreating to (22.6, 24.4)
[NAV] state FOLLOWING -> RETREATING pose=(23.6,29.3,θ=99.0°)
[NAV] Retreat done after 90 ticks (ran out of ticks); drive FAILED (blocked).
[Subgoal] <-- DONE (FAILED) after 6.7s, robot now at (23.4,28.0,θ=82.7°)
[DIAG] subgoal #3 end recorded (outcome=failed)
[Subgoal] --> DISPATCH NAVIGATE: target=(18.0,71.2), robot at (23.4,28.0,θ=82.7°)
[DIAG] subgoal #4 start recorded
[NAV] navigate_to: goal=(18.0,71.2) θ=any, from=(23.4,28.0), obstacles=4
[NAV] state RETREATING -> PRE_ROTATING pose=(23.4,28.0,θ=82.7°) pre_target_θ=91.5° heading_err=+8.8°
[NAV] state PRE_ROTATING -> FOLLOWING pose=(23.3,28.0,θ=83.9°) path_waypoints=56 final_wp=(18.2,71.2)
[NAV] !! NO PROGRESS (blocked): robot at (23.5,29.3,θ=98.3°) has not moved 0.5 cm or turned 3.0° in 3.0s. Treating as FAILED so the subgoal can end.
[NAV] Retreating to (22.5, 24.4)
[NAV] state FOLLOWING -> RETREATING pose=(23.5,29.3,θ=98.2°)
[NAV] Retreat done after 85 ticks (reached the cell); drive FAILED (blocked).
[Subgoal] <-- DONE (FAILED) after 6.6s, robot now at (23.2,27.8,θ=81.1°)
[DIAG] subgoal #4 end recorded (outcome=failed)
[Subgoal] --> DISPATCH NAVIGATE: target=(18.0,71.2), robot at (23.2,27.8,θ=81.1°)
[DIAG] subgoal #5 start recorded
[NAV] navigate_to: goal=(18.0,71.2) θ=any, from=(23.2,27.8), obstacles=4
[NAV] state RETREATING -> PRE_ROTATING pose=(23.2,27.8,θ=81.1°) pre_target_θ=89.9° heading_err=+8.8°
[NAV] state PRE_ROTATING -> FOLLOWING pose=(23.2,27.8,θ=80.3°) path_waypoints=56 final_wp=(18.2,71.2)
[NAV] !! NO PROGRESS (blocked): robot at (23.6,29.3,θ=97.4°) has not moved 0.5 cm or turned 3.0° in 3.0s. Treating as FAILED so the subgoal can end.
[NAV] Retreating to (22.5, 24.4)
[NAV] state FOLLOWING -> RETREATING pose=(23.6,29.3,θ=97.4°)
[NAV] Retreat done after 90 ticks (ran out of ticks); drive FAILED (blocked).
[Subgoal] <-- DONE (FAILED) after 7.0s, robot now at (23.4,28.3,θ=70.2°)
[DIAG] subgoal #5 end recorded (outcome=failed)
[Subgoal] --> DISPATCH NAVIGATE: target=(18.0,71.2), robot at (23.4,28.3,θ=70.2°)
[DIAG] subgoal #6 start recorded
[NAV] navigate_to: goal=(18.0,71.2) θ=any, from=(23.4,28.3), obstacles=4
[NAV] state RETREATING -> PRE_ROTATING pose=(23.4,28.3,θ=70.2°) pre_target_θ=92.2° heading_err=+22.0°
[NAV] state PRE_ROTATING -> FOLLOWING pose=(23.4,28.3,θ=70.2°) path_waypoints=56 final_wp=(18.2,71.2)
[NAV] !! NO PROGRESS (blocked): robot at (23.9,29.3,θ=97.3°) has not moved 0.5 cm or turned 3.0° in 3.0s. Treating as FAILED so the subgoal can end.
[NAV] Retreating to (22.8, 24.4)
[NAV] state FOLLOWING -> RETREATING pose=(23.9,29.3,θ=97.3°)
[NAV] Retreat done after 63 ticks (reached the cell); drive FAILED (blocked).
[Subgoal] <-- DONE (FAILED) after 6.2s, robot now at (23.6,27.8,θ=76.1°)
[DIAG] subgoal #6 end recorded (outcome=failed)
[Runtime] Planning failed - stopping robot
[Runtime] Shutting down
[Diagnostics] ⚠️ scene_after.xml capture failed: no xml source path provided
[Diagnostics] Wrote summary.json (outcome=failure)
[RemoteRecordClient] Recording stopped → /home/dhruv/projects_dhruv/namo/robot_control/real_exp/results/formal_v2/rb_00149/nav_penalise/recordings/session_2026-08-31_05-57-30/full_run.mp4
[Runtime] Sending stop command to robot...
[SerialSender] Stopped
[RealEnv] Stopped
[RemoteObserver] Stopped
[Runtime] Shutdown complete

============================================================
  arm                : nav_baseline_penalise
  reached            : False
  stopped at         : (23.58, 27.82) cm
  distance to goal   : 43.74 cm
  route waypoints    : 87
  route crossed      : obj_4
  objects shoved     : obj_4
  elapsed            : 53.3 s
  failure            : stuck_retry_limit_reached
============================================================

  Driving alone did not reach the goal. Reset the scene, then
  run the NAMO trial on the same layout.

wrote /home/dhruv/projects_dhruv/namo/robot_control/real_exp/results/formal_v2/rb_00149/nav_penalise/nav_baseline_penalise_1788170304.json
wrote real_exp/results/formal_v2/rb_00149/nav_verdict.json (qualifies is unset, waiting on your call)
