[Diagnostics] Wrote config.json
[DIAG] Diagnostics enabled: /home/dhruv/projects_dhruv/namo/robot_control/push_calibration/obj_1/edge15/depth2/trial2
[tier2] wheel commands will be logged to /home/dhruv/projects_dhruv/namo/robot_control/push_calibration/obj_1/edge15/depth2/trial2/wheel_commands.jsonl
[collect] 1 trial(s) loaded from push_calibration/obj_1/edge15/depth2/spec.yaml
[collect] obstacle_target = (25.0, 35.0) cm  reset_tolerance = 3.0 cm
[mid-obs] logging every camera observation → /home/dhruv/projects_dhruv/namo/robot_control/push_calibration/obj_1/edge15/depth2/trial2/mid_obs.jsonl
[Runtime] Using remote camera service at tcp://localhost:5556
[Runtime] Speeds in effect: nav=0.40, push=0.40, keyboard/follow_path=0.30
[fresh] planner.attach_obs_source(world.get) wired
[Runtime] Starting RemoteObserverNode...
[RemoteObserver] Connected to tcp://localhost:5556
[SerialSender] Port /dev/serial/by-id/usb-Espressif_USB_JTAG_serial_debug_unit_10:51:DB:18:34:7C-if00 opened at 115200
[SerialSender] Started at 30.0 Hz
[SerialSender] Car 1 CONNECTED (alive now: [1])
[RealEnv] Started (robot_id=1)
[Runtime] Per-subgoal video + meta will write to /home/dhruv/projects_dhruv/namo/robot_control/push_calibration/obj_1/edge15/depth2/trial2/recordings/session_2026-05-25_15-21-38
[Runtime] 🔌 Robot 1 ONLINE at startup (alive_ids=[1], ap_connected=True)

=== Trial 1/1 === object=obj_1 edge_idx=15 push_steps=3
  [skip_reset] start pose: (21.11, 23.55) θ=2.34°. pushing...
[Subgoal] --> DISPATCH PUSH: obj 'obj_1' at (21.1,23.5,θ=2.3°), edge=15, push_steps=3, robot at (22.7,7.8,θ=88.9°)
[DIAG] subgoal #1 start recorded
[Diagnostics] ⚠️ scene_before.xml capture failed: no xml source path provided

==================================================
Robot Control - Real Robot (Autonomous)
==================================================
Serial port: /dev/serial/by-id/usb-Espressif_USB_JTAG_serial_debug_unit_10:51:DB:18:34:7C-if00
Robot ID: 1
Dry run: False
Speed: 0.3
==================================================
Running in autonomous mode
Press 'r' to toggle recording
Press 'space' for emergency stop
Press 'escape' to quit
==================================================

[RemoteRecordClient] Recording started → /home/dhruv/projects_dhruv/namo/robot_control/push_calibration/obj_1/edge15/depth2/trial2/recordings/session_2026-05-25_15-21-38/subgoal_001_push_obj_1_e15_s3.mp4
[PUSH] Starting navigation: robot=(22.7,7.8) → approach=(21.6,11.9)
[NAV] navigate_to: goal=(21.6,11.9) θ=92.3°, from=(22.7,7.8), obstacles=1
[Wavefront] Saved grid image to output_dump/wavefront/wavefront_20260525_152138_001.png (98x155)
[PUSH] navigate_to() returned: True, nav_state=PRE_ROTATING
[NAV] state - -> PRE_ROTATING pose=(22.7,7.8,θ=88.9°) pre_target_θ=103.7° heading_err=+14.8°
[NAV] state PRE_ROTATING -> FOLLOWING pose=(22.7,7.8,θ=89.0°) path_waypoints=6 final_wp=(21.8,11.8)
[NAV] state FOLLOWING -> POST_ROTATING pose=(22.1,10.9,θ=104.8°) goal_θ=92.3° heading_err=-12.5°
[PUSH] Navigation done - transitioning to ADVANCING (nav_state=FINISHED)
[PUSH] >>> PUSHING start: obj 'obj_1' at (21.1,23.6,θ=2.3°), robot at (22.0,11.2,θ=91.0°), edge=15, push_steps=3 (78 ticks)
[PUSH DEBUG] ========== PUSH START ==========
[PUSH DEBUG] Object: pos=(21.1,23.6) theta=2.3° size=(15x7.0)
[PUSH DEBUG] Edge 15: face=1 sample=7
[PUSH DEBUG] Theoretical: edge_pt (21.6,11.9) → mid_pt (21.1,23.6)
[PUSH DEBUG] Actual line: (22.0,11.2) → (21.5,22.8)
[PUSH DEBUG] Mode: FIXED
[PUSH DEBUG] ================================

[PUSH] ========== PUSH COMPLETE ==========
[PUSH] Robot: (21.7, 20.3) theta=90.8°
[PUSH] Δobject 'obj_1': Δpos=(-0.20,+7.54) |Δ|=7.54cm, Δθ=-0.97°
[PUSH] Robot position is BLOCKED in wavefront
[PUSH] Object 'obj_1': (20.9, 31.1) theta=1.3° size=(15x7.0)
[PUSH]   Distance robot→object center: 10.9cm
[Wavefront] Saved grid image to /tmp/wavefront/wavefront_20260525_152143.png (98x155)
[PUSH] Wavefront saved to: /tmp/wavefront/wavefront_20260525_152143.png
[PUSH] ======================================

[PUSH] Retreat target: (20.1, 15.5) [BACKWARD]
[Subgoal] <-- DONE (SUCCESS) after 9.7s, robot now at (20.7,17.4,θ=71.3°)
[DIAG] subgoal #1 end recorded (outcome=success)
[DIAG] push recorded (obj=obj_1, Δ=7.97cm, stuck=False)
[RemoteRecordClient] Recording stopped → /home/dhruv/projects_dhruv/namo/robot_control/push_calibration/obj_1/edge15/depth2/trial2/recordings/session_2026-05-25_15-21-38/subgoal_001_push_obj_1_e15_s3.mp4
[Runtime] Plan complete - stopping robot
[Runtime] Shutting down
