✓ NAMO env active on hal0328.amarel.rutgers.edu. NAMO_REPO=/scratch/tdn39/real_exp/code/namo_cpp_nav_realstack_v1
Building namo_rl (Release) into ./build_python
Using MuJoCo from: /scratch/tdn39/mujoco_pip
Target arch (-march): x86-64-v3
Using Python: Python 3.11.15 (/scratch/tdn39/envs/namo/bin/python), SOABI=cpython-311-x86_64-linux-gnu
-- The CXX compiler identification is GNU 12.3.0
-- Detecting CXX compiler ABI info
-- Detecting CXX compiler ABI info - done
-- Check for working CXX compiler: /opt/sw/packages/gcc/12.3/bin/g++ - skipped
-- Detecting CXX compile features
-- Detecting CXX compile features - done
-- Using MuJoCo from: /scratch/tdn39/mujoco_pip
-- Found PkgConfig: /scratch/tdn39/envs/namo/bin/pkg-config (found version "0.29.2") 
-- Found OpenCV: /scratch/tdn39/envs/namo (found version "4.13.0") 
-- yaml-cpp found - using YAML parser
-- Building Python bindings...
-- Found Python3: /scratch/tdn39/envs/namo/bin/python (found version "3.11.15") found components: Interpreter Development Development.Module Development.Embed 
-- Found Python3: /scratch/tdn39/envs/namo/bin/python
-- Python3 version: 3.11.15
-- Python3 include dir: /scratch/tdn39/envs/namo/include/python3.11
-- Python3 libraries: /scratch/tdn39/envs/namo/lib/libpython3.11.so
-- Python3 SOABI: cpython-311-x86_64-linux-gnu
-- Downloading compatible pybind11 for Python 3.11.15...
-- pybind11 v2.12.0 
-- Found PythonInterp: /scratch/tdn39/envs/namo/bin/python (found suitable version "3.11.15", minimum required is "3.6") 
-- Found PythonLibs: /scratch/tdn39/envs/namo/lib/libpython3.11.so
-- Performing Test HAS_FLTO
-- Performing Test HAS_FLTO - Success
-- Python bindings will be built as 'namo_rl' module
-- Target Python3 SOABI: cpython-311-x86_64-linux-gnu
-- Module suffix will be: cpython-311-x86_64-linux-gnu.so
-- Configuring done (13.3s)
-- Generating done (0.2s)
-- Build files have been written to: /scratch/tdn39/real_exp/code/namo_cpp_nav_realstack_v1/build_python
[  5%] Building CXX object CMakeFiles/namo_rl.dir/python/namo/cpp_bindings/rl_env.cpp.o
[ 11%] Building CXX object CMakeFiles/namo_rl.dir/python/namo/cpp_bindings/bindings.cpp.o
[ 16%] Building CXX object CMakeFiles/namo_rl.dir/src/core/mujoco_wrapper.cpp.o
