✓ NAMO env active on halk0036.amarel.rutgers.edu. NAMO_REPO=/scratch/tdn39/real_exp/code/namo_cpp_nav_realstack_v1
Building namo_rl (Release) into ./build_python
Using MuJoCo from: /scratch/tdn39/mujoco_pip
Target arch (-march): x86-64-v3
Using Python: Python 3.11.15 (/scratch/tdn39/envs/namo/bin/python), SOABI=cpython-311-x86_64-linux-gnu
-- Using MuJoCo from: /scratch/tdn39/mujoco_pip
-- Found OpenCV: /scache/scratch/tdn39/envs/namo (found version "4.13.0") 
-- yaml-cpp found - using YAML parser
-- Building Python bindings...
-- Found Python3: /scratch/tdn39/envs/namo/bin/python
-- Python3 version: 3.11.15
-- Python3 include dir: /scratch/tdn39/envs/namo/include/python3.11
-- Python3 libraries: /scratch/tdn39/envs/namo/lib/libpython3.11.so
-- Python3 SOABI: cpython-311-x86_64-linux-gnu
-- Downloading compatible pybind11 for Python 3.11.15...
-- pybind11 v2.12.0 
-- Python bindings will be built as 'namo_rl' module
-- Target Python3 SOABI: cpython-311-x86_64-linux-gnu
-- Module suffix will be: cpython-311-x86_64-linux-gnu.so
-- Configuring done (22.4s)
-- Generating done (10.8s)
-- Build files have been written to: /scratch/tdn39/real_exp/code/namo_cpp_nav_realstack_v1/build_python
[  5%] Building CXX object CMakeFiles/namo_rl.dir/python/namo/cpp_bindings/rl_env.cpp.o
[ 11%] Building CXX object CMakeFiles/namo_rl.dir/python/namo/cpp_bindings/bindings.cpp.o
[ 16%] Building CXX object CMakeFiles/namo_rl.dir/src/core/parameter_loader.cpp.o
[ 22%] Building CXX object CMakeFiles/namo_rl.dir/src/core/mujoco_wrapper.cpp.o
[ 33%] Building CXX object CMakeFiles/namo_rl.dir/src/planning/namo_push_controller.cpp.o
[ 33%] Building CXX object CMakeFiles/namo_rl.dir/src/planning/greedy_planner.cpp.o
[ 38%] Building CXX object CMakeFiles/namo_rl.dir/src/wavefront/wavefront_planner.cpp.o
[ 44%] Building CXX object CMakeFiles/namo_rl.dir/src/planning/primitive_loader.cpp.o
[ 50%] Building CXX object CMakeFiles/namo_rl.dir/src/planning/push_primitive_executor.cpp.o
[ 55%] Building CXX object CMakeFiles/namo_rl.dir/src/environment/namo_environment.cpp.o
[ 61%] Building CXX object CMakeFiles/namo_rl.dir/src/skills/namo_push_skill.cpp.o
[ 66%] Building CXX object CMakeFiles/namo_rl.dir/src/robot/holonomic_adapter.cpp.o
[ 72%] Building CXX object CMakeFiles/namo_rl.dir/src/robot/diff_drive_adapter.cpp.o
[ 83%] Building CXX object CMakeFiles/namo_rl.dir/src/navigation/push_path_follower.cpp.o
[ 83%] Building CXX object CMakeFiles/namo_rl.dir/src/config/config_manager.cpp.o
[ 88%] Building CXX object CMakeFiles/namo_rl.dir/src/wavefront/wavefront_grid.cpp.o
[ 94%] Building CXX object CMakeFiles/namo_rl.dir/src/navigation/qpos_dump.cpp.o
