[NAV] navigate_to: goal=(24.5,64.0) θ=any, from=(24.5,9.0), obstacles=11
[NAV] state - -> PRE_ROTATING pose=(24.5,9.0,θ=0.0°) pre_target_θ=65.0° heading_err=+65.0°
[NAV] state PRE_ROTATING -> FOLLOWING pose=(24.7,9.1,θ=25.8°) path_waypoints=61 final_wp=(24.8,64.2)
[NAV] !! NO PROGRESS (blocked): robot at (24.0,24.3,θ=61.5°) has not moved 0.5 cm or turned 3.0° in 3.0s. Treating as FAILED so the subgoal can end.
[NAV] Retreating to (23.2, 19.4)
[NAV] state FOLLOWING -> RETREATING pose=(23.9,24.3,θ=61.6°)
[NAV] Retreat done after 12 ticks (reached the cell); drive FAILED (blocked).
[NAV] navigate_to: goal=(24.5,64.0) θ=any, from=(23.4,22.7), obstacles=11
[NAV] state RETREATING -> PRE_ROTATING pose=(23.4,22.7,θ=75.7°) pre_target_θ=92.8° heading_err=+17.1°
[NAV] state PRE_ROTATING -> FOLLOWING pose=(23.4,22.8,θ=78.1°) path_waypoints=45 final_wp=(24.8,64.2)
[NAV] !! NO PROGRESS (blocked): robot at (22.5,25.3,θ=52.6°) has not moved 0.5 cm or turned 3.0° in 3.0s. Treating as FAILED so the subgoal can end.
[NAV] No free cell behind the robot; backing out blind.
[NAV] state FOLLOWING -> RETREATING pose=(22.5,25.3,θ=52.4°)
[NAV] Retreat done after 90 ticks (ran out of ticks); drive FAILED (blocked).
[NAV] navigate_to: goal=(24.5,64.0) θ=any, from=(20.3,23.3), obstacles=11
[NAV] state RETREATING -> PRE_ROTATING pose=(20.3,23.3,θ=69.5°) pre_target_θ=66.8° heading_err=-2.7°
[NAV] state PRE_ROTATING -> FOLLOWING pose=(20.4,23.5,θ=66.2°) path_waypoints=46 final_wp=(24.8,64.2)
[NAV] !! NO PROGRESS (blocked): robot at (20.1,28.7,θ=26.5°) has not moved 0.5 cm or turned 3.0° in 3.0s. Treating as FAILED so the subgoal can end.
[NAV] Retreating to (15.1, 28.1)
[NAV] state FOLLOWING -> RETREATING pose=(20.0,28.6,θ=26.8°)
[NAV] Retreat done after 11 ticks (reached the cell); drive FAILED (blocked).
[NAV] navigate_to: goal=(24.5,64.0) θ=any, from=(18.4,28.1), obstacles=11
[NAV] state RETREATING -> PRE_ROTATING pose=(18.4,28.1,θ=11.5°) pre_target_θ=47.9° heading_err=+36.4°
[NAV] state PRE_ROTATING -> FOLLOWING pose=(18.4,28.1,θ=10.7°) path_waypoints=43 final_wp=(24.8,64.2)
[NAV] !! NO PROGRESS (blocked): robot at (20.0,29.0,θ=25.7°) has not moved 0.5 cm or turned 3.0° in 3.0s. Treating as FAILED so the subgoal can end.
[NAV] Retreating to (15.0, 28.5)
[NAV] state FOLLOWING -> RETREATING pose=(19.9,29.0,θ=26.0°)
[NAV] Retreat done after 12 ticks (reached the cell); drive FAILED (blocked).
[NAV] navigate_to: goal=(24.5,64.0) θ=any, from=(18.4,28.7), obstacles=11
[NAV] state RETREATING -> PRE_ROTATING pose=(18.4,28.7,θ=13.3°) pre_target_θ=47.4° heading_err=+34.2°
[NAV] state PRE_ROTATING -> FOLLOWING pose=(18.5,28.7,θ=14.5°) path_waypoints=43 final_wp=(24.8,64.2)
[NAV] !! NO PROGRESS (blocked): robot at (19.6,29.2,θ=28.1°) has not moved 0.5 cm or turned 3.0° in 3.0s. Treating as FAILED so the subgoal can end.
[NAV] Retreating to (14.7, 28.5)
[NAV] state FOLLOWING -> RETREATING pose=(19.6,29.2,θ=28.0°)
[NAV] Retreat done after 13 ticks (reached the cell); drive FAILED (blocked).
[NAV] navigate_to: goal=(24.5,64.0) θ=any, from=(18.0,28.8), obstacles=11
[NAV] state RETREATING -> PRE_ROTATING pose=(18.0,28.8,θ=13.8°) pre_target_θ=46.7° heading_err=+32.9°
[NAV] state PRE_ROTATING -> FOLLOWING pose=(18.0,28.8,θ=14.9°) path_waypoints=43 final_wp=(24.8,64.2)
[NAV] !! NO PROGRESS (blocked): robot at (19.6,29.9,θ=22.9°) has not moved 0.5 cm or turned 3.0° in 3.0s. Treating as FAILED so the subgoal can end.
[NAV] Retreating to (14.6, 29.6)
[NAV] state FOLLOWING -> RETREATING pose=(19.5,29.8,θ=23.2°)
[NAV] Retreat done after 12 ticks (reached the cell); drive FAILED (blocked).
nav_baseline_ignore: status=failure reached=False distance_to_goal_cm=35.13 sim_time_s=70.567 -> /scratch/tdn39/real_exp/results/twohop_v3_multiobject/navigation_realstack_all100_margin_0p1cm_v1/scenes/med2-med2/twohop_multi_00033/nav_baseline_ignore
[NAV] navigate_to: goal=(24.5,64.0) θ=any, from=(24.5,9.0), obstacles=11
[NAV] state - -> PRE_ROTATING pose=(24.5,9.0,θ=0.0°) pre_target_θ=65.0° heading_err=+65.0°
[NAV] state PRE_ROTATING -> FOLLOWING pose=(24.7,9.1,θ=25.8°) path_waypoints=77 final_wp=(24.8,64.2)
nav_baseline_penalise: status=failure reached=False distance_to_goal_cm=34.03 sim_time_s=120.000 -> /scratch/tdn39/real_exp/results/twohop_v3_multiobject/navigation_realstack_all100_margin_0p1cm_v1/scenes/med2-med2/twohop_multi_00033/nav_baseline_penalise
