[NAV] navigate_to: goal=(8.0,64.0) θ=any, from=(16.0,9.0), obstacles=11
[NAV] state - -> PRE_ROTATING pose=(16.0,9.0,θ=0.0°) pre_target_θ=129.3° heading_err=+129.3°
[NAV] state PRE_ROTATING -> FOLLOWING pose=(16.0,9.2,θ=91.0°) path_waypoints=85 final_wp=(8.8,64.2)
[NAV] !! NO PROGRESS (blocked): robot at (22.6,62.4,θ=104.1°) has not moved 0.5 cm or turned 3.0° in 3.0s. Treating as FAILED so the subgoal can end.
[NAV] Retreating to (23.4, 57.4)
[NAV] state FOLLOWING -> RETREATING pose=(22.6,62.2,θ=105.1°)
[NAV] Retreat done after 9 ticks (reached the cell); drive FAILED (blocked).
[NAV] navigate_to: goal=(8.0,64.0) θ=any, from=(23.0,60.6), obstacles=11
[NAV] state RETREATING -> PRE_ROTATING pose=(23.0,60.6,θ=100.9°) pre_target_θ=101.3° heading_err=+0.4°
[NAV] state PRE_ROTATING -> FOLLOWING pose=(23.0,60.6,θ=99.3°) path_waypoints=22 final_wp=(8.8,64.2)
[NAV] !! NO PROGRESS (under_commanded): robot at (11.3,64.9,θ=136.6°) has not moved 0.5 cm or turned 3.0° in 3.0s. Treating as FAILED so the subgoal can end.
[NAV] Retreating to (14.6, 61.1)
[NAV] state FOLLOWING -> RETREATING pose=(11.4,64.8,θ=136.4°)
[NAV] Retreat done after 9 ticks (reached the cell); drive FAILED (under_commanded).
nav_baseline_ignore: status=success reached=True distance_to_goal_cm=4.48 sim_time_s=41.000 -> /scratch/tdn39/real_exp/results/twohop_v3_multiobject/navigation_realstack_all100_margin_0p1cm_v1/scenes/hard1-hard1/twohop_multi_00934/nav_baseline_ignore
[NAV] navigate_to: goal=(8.0,64.0) θ=any, from=(16.0,9.0), obstacles=11
[NAV] state - -> PRE_ROTATING pose=(16.0,9.0,θ=0.0°) pre_target_θ=93.8° heading_err=+93.8°
[NAV] state PRE_ROTATING -> FOLLOWING pose=(16.1,9.1,θ=56.6°) path_waypoints=112 final_wp=(8.8,64.2)
[NAV] !! NO PROGRESS (blocked): robot at (10.4,24.4,θ=179.9°) has not moved 0.5 cm or turned 3.0° in 3.0s. Treating as FAILED so the subgoal can end.
[NAV] Retreating to (15.1, 22.7)
[NAV] state FOLLOWING -> RETREATING pose=(10.6,24.4,θ=-178.3°)
[NAV] Retreat done after 8 ticks (reached the cell); drive FAILED (blocked).
[NAV] navigate_to: goal=(8.0,64.0) θ=any, from=(12.2,24.3), obstacles=11
[NAV] state RETREATING -> PRE_ROTATING pose=(12.2,24.3,θ=173.0°) pre_target_θ=43.9° heading_err=-129.1°
[NAV] state PRE_ROTATING -> FOLLOWING pose=(12.2,24.4,θ=83.0°) path_waypoints=83 final_wp=(8.8,64.2)
[NAV] !! NO PROGRESS (blocked): robot at (30.4,49.0,θ=160.5°) has not moved 0.5 cm or turned 3.0° in 3.0s. Treating as FAILED so the subgoal can end.
[NAV] Retreating to (34.3, 45.8)
[NAV] state FOLLOWING -> RETREATING pose=(30.5,49.0,θ=160.1°)
[NAV] Retreat done after 11 ticks (reached the cell); drive FAILED (blocked).
[NAV] navigate_to: goal=(8.0,64.0) θ=any, from=(31.9,48.2), obstacles=11
[NAV] state RETREATING -> PRE_ROTATING pose=(31.9,48.2,θ=149.7°) pre_target_θ=136.1° heading_err=-13.6°
[NAV] state PRE_ROTATING -> FOLLOWING pose=(31.8,48.2,θ=150.1°) path_waypoints=40 final_wp=(8.8,64.2)
[NAV] !! NO PROGRESS (blocked): robot at (30.5,49.4,θ=159.8°) has not moved 0.5 cm or turned 3.0° in 3.0s. Treating as FAILED so the subgoal can end.
[NAV] Retreating to (34.4, 46.1)
[NAV] state FOLLOWING -> RETREATING pose=(30.7,49.3,θ=160.3°)
[NAV] Retreat done after 14 ticks (reached the cell); drive FAILED (blocked).
[NAV] navigate_to: goal=(8.0,64.0) θ=any, from=(31.9,48.4), obstacles=11
[NAV] state RETREATING -> PRE_ROTATING pose=(31.9,48.4,θ=140.9°) pre_target_θ=138.7° heading_err=-2.3°
[NAV] state PRE_ROTATING -> FOLLOWING pose=(31.9,48.5,θ=140.9°) path_waypoints=39 final_wp=(8.8,64.2)
[NAV] !! NO PROGRESS (blocked): robot at (30.8,50.4,θ=164.6°) has not moved 0.5 cm or turned 3.0° in 3.0s. Treating as FAILED so the subgoal can end.
[NAV] Retreating to (34.9, 47.5)
[NAV] state FOLLOWING -> RETREATING pose=(30.8,50.4,θ=164.7°)
[NAV] Retreat done after 10 ticks (reached the cell); drive FAILED (blocked).
[NAV] navigate_to: goal=(8.0,64.0) θ=any, from=(32.2,49.7), obstacles=11
[NAV] state RETREATING -> PRE_ROTATING pose=(32.2,49.7,θ=154.3°) pre_target_θ=156.5° heading_err=+2.2°
[NAV] state PRE_ROTATING -> FOLLOWING pose=(32.1,49.8,θ=155.0°) path_waypoints=39 final_wp=(8.8,64.2)
[NAV] !! NO PROGRESS (blocked): robot at (30.8,50.4,θ=164.6°) has not moved 0.5 cm or turned 3.0° in 3.0s. Treating as FAILED so the subgoal can end.
[NAV] Retreating to (34.9, 47.5)
[NAV] state FOLLOWING -> RETREATING pose=(30.9,50.3,θ=164.3°)
[NAV] Retreat done after 13 ticks (reached the cell); drive FAILED (blocked).
[NAV] navigate_to: goal=(8.0,64.0) θ=any, from=(32.3,49.5), obstacles=11
[NAV] state RETREATING -> PRE_ROTATING pose=(32.3,49.5,θ=150.8°) pre_target_θ=154.5° heading_err=+3.6°
[NAV] state PRE_ROTATING -> FOLLOWING pose=(32.2,49.6,θ=150.2°) path_waypoints=39 final_wp=(8.8,64.2)
[NAV] !! NO PROGRESS (blocked): robot at (30.8,50.4,θ=164.2°) has not moved 0.5 cm or turned 3.0° in 3.0s. Treating as FAILED so the subgoal can end.
[NAV] Retreating to (34.9, 47.5)
[NAV] state FOLLOWING -> RETREATING pose=(30.9,50.4,θ=163.6°)
[NAV] Retreat done after 12 ticks (reached the cell); drive FAILED (blocked).
nav_baseline_penalise: status=failure reached=False distance_to_goal_cm=28.29 sim_time_s=40.433 -> /scratch/tdn39/real_exp/results/twohop_v3_multiobject/navigation_realstack_all100_margin_0p1cm_v1/scenes/hard1-hard1/twohop_multi_00934/nav_baseline_penalise
