[NAV] navigate_to: goal=(24.5,64.0) θ=any, from=(33.0,11.0), obstacles=11
[NAV] state - -> PRE_ROTATING pose=(33.0,11.0,θ=0.0°) pre_target_θ=-140.7° heading_err=-140.7°
[NAV] state PRE_ROTATING -> FOLLOWING pose=(33.0,10.9,θ=-100.0°) path_waypoints=93 final_wp=(24.8,64.2)
[NAV] !! NO PROGRESS (blocked): robot at (24.9,62.1,θ=90.8°) has not moved 0.5 cm or turned 3.0° in 3.0s. Treating as FAILED so the subgoal can end.
[NAV] Retreating to (23.2, 57.4)
[NAV] state FOLLOWING -> RETREATING pose=(24.9,61.9,θ=92.3°)
[NAV] Retreat done after 11 ticks (reached the cell); drive FAILED (blocked).
nav_baseline_ignore: status=success reached=True distance_to_goal_cm=3.58 sim_time_s=23.733 -> /scratch/tdn39/real_exp/results/twohop_v3_multiobject/navigation_realstack_all100_margin_0p1cm_v1/scenes/hard1-hard1/twohop_multi_01024/nav_baseline_ignore
[NAV] navigate_to: goal=(24.5,64.0) θ=any, from=(33.0,11.0), obstacles=11
[NAV] state - -> PRE_ROTATING pose=(33.0,11.0,θ=0.0°) pre_target_θ=-140.7° heading_err=-140.7°
[NAV] state PRE_ROTATING -> FOLLOWING pose=(33.0,10.9,θ=-100.0°) path_waypoints=99 final_wp=(24.8,64.2)
[NAV] !! NO PROGRESS (blocked): robot at (23.6,49.1,θ=152.7°) has not moved 0.5 cm or turned 3.0° in 3.0s. Treating as FAILED so the subgoal can end.
[NAV] Retreating to (27.0, 45.4)
[NAV] state FOLLOWING -> RETREATING pose=(23.7,49.0,θ=151.7°)
[NAV] Retreat done after 12 ticks (reached the cell); drive FAILED (blocked).
[NAV] navigate_to: goal=(24.5,64.0) θ=any, from=(24.8,48.0), obstacles=11
[NAV] state RETREATING -> PRE_ROTATING pose=(24.8,48.0,θ=137.5°) pre_target_θ=122.7° heading_err=-14.8°
[NAV] state PRE_ROTATING -> FOLLOWING pose=(24.8,48.0,θ=138.1°) path_waypoints=21 final_wp=(24.8,64.2)
[NAV] !! NO PROGRESS (blocked): robot at (23.7,49.2,θ=150.5°) has not moved 0.5 cm or turned 3.0° in 3.0s. Treating as FAILED so the subgoal can end.
[NAV] Retreating to (26.9, 45.4)
[NAV] state FOLLOWING -> RETREATING pose=(23.8,49.1,θ=150.1°)
[NAV] Retreat done after 11 ticks (reached the cell); drive FAILED (blocked).
[NAV] navigate_to: goal=(24.5,64.0) θ=any, from=(24.9,48.2), obstacles=11
[NAV] state RETREATING -> PRE_ROTATING pose=(24.9,48.2,θ=137.5°) pre_target_θ=124.9° heading_err=-12.6°
[NAV] state PRE_ROTATING -> FOLLOWING pose=(24.8,48.3,θ=137.6°) path_waypoints=22 final_wp=(24.8,64.2)
[NAV] !! NO PROGRESS (blocked): robot at (24.1,50.1,θ=153.5°) has not moved 0.5 cm or turned 3.0° in 3.0s. Treating as FAILED so the subgoal can end.
[NAV] Retreating to (27.6, 46.4)
[NAV] state FOLLOWING -> RETREATING pose=(24.3,50.0,θ=153.9°)
[NAV] Retreat done after 11 ticks (reached the cell); drive FAILED (blocked).
[NAV] navigate_to: goal=(24.5,64.0) θ=any, from=(25.4,49.1), obstacles=11
[NAV] state RETREATING -> PRE_ROTATING pose=(25.4,49.1,θ=140.3°) pre_target_θ=130.1° heading_err=-10.2°
[NAV] state PRE_ROTATING -> FOLLOWING pose=(25.4,49.1,θ=139.6°) path_waypoints=22 final_wp=(24.8,64.2)
[NAV] !! NO PROGRESS (blocked): robot at (24.2,50.4,θ=160.2°) has not moved 0.5 cm or turned 3.0° in 3.0s. Treating as FAILED so the subgoal can end.
[NAV] Retreating to (28.1, 47.2)
[NAV] state FOLLOWING -> RETREATING pose=(24.3,50.4,θ=160.5°)
[NAV] Retreat done after 12 ticks (reached the cell); drive FAILED (blocked).
[NAV] navigate_to: goal=(24.5,64.0) θ=any, from=(25.7,49.6), obstacles=11
[NAV] state RETREATING -> PRE_ROTATING pose=(25.7,49.6,θ=148.4°) pre_target_θ=138.1° heading_err=-10.3°
[NAV] state PRE_ROTATING -> FOLLOWING pose=(25.7,49.6,θ=149.5°) path_waypoints=23 final_wp=(24.8,64.2)
[NAV] !! NO PROGRESS (blocked): robot at (24.0,49.9,θ=158.2°) has not moved 0.5 cm or turned 3.0° in 3.0s. Treating as FAILED so the subgoal can end.
[NAV] Retreating to (27.7, 46.5)
[NAV] state FOLLOWING -> RETREATING pose=(24.1,49.8,θ=159.0°)
[NAV] Retreat done after 14 ticks (reached the cell); drive FAILED (blocked).
[NAV] navigate_to: goal=(24.5,64.0) θ=any, from=(25.5,48.9), obstacles=11
[NAV] state RETREATING -> PRE_ROTATING pose=(25.5,48.9,θ=139.9°) pre_target_θ=139.6° heading_err=-0.3°
[NAV] state PRE_ROTATING -> FOLLOWING pose=(25.5,48.9,θ=140.4°) path_waypoints=23 final_wp=(24.8,64.2)
[NAV] !! NO PROGRESS (blocked): robot at (24.0,49.8,θ=156.1°) has not moved 0.5 cm or turned 3.0° in 3.0s. Treating as FAILED so the subgoal can end.
[NAV] Retreating to (27.6, 46.4)
[NAV] state FOLLOWING -> RETREATING pose=(24.1,49.8,θ=156.4°)
[NAV] Retreat done after 11 ticks (reached the cell); drive FAILED (blocked).
nav_baseline_penalise: status=failure reached=False distance_to_goal_cm=15.07 sim_time_s=52.800 -> /scratch/tdn39/real_exp/results/twohop_v3_multiobject/navigation_realstack_all100_margin_0p1cm_v1/scenes/hard1-hard1/twohop_multi_01024/nav_baseline_penalise
