[NAV] navigate_to: goal=(24.5,68.0) θ=any, from=(41.0,9.0), obstacles=11
[NAV] state - -> PRE_ROTATING pose=(41.0,9.0,θ=0.0°) pre_target_θ=129.3° heading_err=+129.3°
[NAV] state PRE_ROTATING -> FOLLOWING pose=(41.0,9.2,θ=91.0°) path_waypoints=80 final_wp=(24.8,68.2)
[NAV] !! NO PROGRESS (under_commanded): robot at (19.3,41.0,θ=110.9°) has not moved 0.5 cm or turned 3.0° in 3.0s. Treating as FAILED so the subgoal can end.
[NAV] Retreating to (19.3, 36.0)
[NAV] state FOLLOWING -> RETREATING pose=(19.3,40.8,θ=111.6°)
[NAV] Retreat done after 10 ticks (reached the cell); drive FAILED (under_commanded).
[NAV] navigate_to: goal=(24.5,68.0) θ=any, from=(19.6,39.4), obstacles=11
[NAV] state RETREATING -> PRE_ROTATING pose=(19.6,39.4,θ=97.2°) pre_target_θ=53.6° heading_err=-43.6°
[NAV] state PRE_ROTATING -> FOLLOWING pose=(19.7,39.5,θ=97.5°) path_waypoints=34 final_wp=(24.8,68.2)
[NAV] !! NO PROGRESS (blocked): robot at (26.3,66.6,θ=90.0°) has not moved 0.5 cm or turned 3.0° in 3.0s. Treating as FAILED so the subgoal can end.
[NAV] Retreating to (24.6, 61.9)
[NAV] state FOLLOWING -> RETREATING pose=(26.3,66.5,θ=90.0°)
[NAV] Retreat done after 9 ticks (reached the cell); drive FAILED (blocked).
nav_baseline_ignore: status=success reached=True distance_to_goal_cm=3.52 sim_time_s=46.667 -> /scratch/tdn39/real_exp/results/twohop_v3_multiobject/navigation_realstack_all100_margin_0p1cm_v1/scenes/med2-med2/twohop_multi_00868/nav_baseline_ignore
[NAV] navigate_to: goal=(24.5,68.0) θ=any, from=(41.0,9.0), obstacles=11
[NAV] state - -> PRE_ROTATING pose=(41.0,9.0,θ=0.0°) pre_target_θ=86.6° heading_err=+86.6°
[NAV] state PRE_ROTATING -> FOLLOWING pose=(41.1,9.1,θ=47.9°) path_waypoints=83 final_wp=(24.8,68.2)
[NAV] !! NO PROGRESS (blocked): robot at (23.5,66.6,θ=89.5°) has not moved 0.5 cm or turned 3.0° in 3.0s. Treating as FAILED so the subgoal can end.
[NAV] Retreating to (21.8, 61.9)
[NAV] state FOLLOWING -> RETREATING pose=(23.5,66.5,θ=88.4°)
[NAV] Retreat done after 13 ticks (reached the cell); drive FAILED (blocked).
nav_baseline_penalise: status=success reached=True distance_to_goal_cm=3.46 sim_time_s=37.233 -> /scratch/tdn39/real_exp/results/twohop_v3_multiobject/navigation_realstack_all100_margin_0p1cm_v1/scenes/med2-med2/twohop_multi_00868/nav_baseline_penalise
