[NAV] navigate_to: goal=(24.5,64.0) θ=any, from=(24.5,9.0), obstacles=11
[NAV] state - -> PRE_ROTATING pose=(24.5,9.0,θ=0.0°) pre_target_θ=129.3° heading_err=+129.3°
[NAV] state PRE_ROTATING -> FOLLOWING pose=(24.5,9.2,θ=91.0°) path_waypoints=84 final_wp=(24.8,63.8)
[NAV] !! NO PROGRESS (under_commanded): robot at (11.0,26.3,θ=160.6°) has not moved 0.5 cm or turned 3.0° in 3.0s. Treating as FAILED so the subgoal can end.
[NAV] Retreating to (14.8, 23.2)
[NAV] state FOLLOWING -> RETREATING pose=(11.0,26.3,θ=161.4°)
[NAV] Retreat done after 12 ticks (reached the cell); drive FAILED (under_commanded).
[NAV] navigate_to: goal=(24.5,64.0) θ=any, from=(12.4,25.5), obstacles=11
[NAV] state RETREATING -> PRE_ROTATING pose=(12.4,25.5,θ=146.1°) pre_target_θ=124.1° heading_err=-22.0°
[NAV] state PRE_ROTATING -> FOLLOWING pose=(12.4,25.6,θ=143.8°) path_waypoints=55 final_wp=(24.8,63.8)
[NAV] !! NO PROGRESS (under_commanded): robot at (11.0,28.7,θ=162.1°) has not moved 0.5 cm or turned 3.0° in 3.0s. Treating as FAILED so the subgoal can end.
[NAV] Retreating to (15.0, 25.7)
[NAV] state FOLLOWING -> RETREATING pose=(11.1,28.7,θ=162.5°)
[NAV] Retreat done after 11 ticks (reached the cell); drive FAILED (under_commanded).
[NAV] navigate_to: goal=(24.5,64.0) θ=any, from=(12.6,28.0), obstacles=11
[NAV] state RETREATING -> PRE_ROTATING pose=(12.6,28.0,θ=148.3°) pre_target_θ=125.6° heading_err=-22.7°
[NAV] state PRE_ROTATING -> FOLLOWING pose=(12.4,28.1,θ=142.5°) path_waypoints=53 final_wp=(24.8,63.8)
nav_baseline_ignore: status=success reached=True distance_to_goal_cm=1.83 sim_time_s=73.133 -> /scratch/tdn39/real_exp/results/twohop_v3_multiobject/navigation_realstack_all100_margin_0p1cm_v1/scenes/hard1-hard1/twohop_multi_01080/nav_baseline_ignore
[NAV] navigate_to: goal=(24.5,64.0) θ=any, from=(24.5,9.0), obstacles=11
[NAV] state - -> PRE_ROTATING pose=(24.5,9.0,θ=0.0°) pre_target_θ=129.3° heading_err=+129.3°
[NAV] state PRE_ROTATING -> FOLLOWING pose=(24.5,9.2,θ=91.0°) path_waypoints=83 final_wp=(24.8,63.8)
[NAV] !! NO PROGRESS (blocked): robot at (18.8,48.8,θ=11.0°) has not moved 0.5 cm or turned 3.0° in 3.0s. Treating as FAILED so the subgoal can end.
[NAV] Retreating to (13.9, 49.6)
[NAV] state FOLLOWING -> RETREATING pose=(18.6,48.8,θ=10.9°)
[NAV] Retreat done after 9 ticks (reached the cell); drive FAILED (blocked).
[NAV] navigate_to: goal=(24.5,64.0) θ=any, from=(17.1,48.7), obstacles=11
[NAV] state RETREATING -> PRE_ROTATING pose=(17.1,48.7,θ=-1.4°) pre_target_θ=48.7° heading_err=+50.1°
[NAV] state PRE_ROTATING -> FOLLOWING pose=(16.9,48.7,θ=11.1°) path_waypoints=23 final_wp=(24.8,63.8)
[NAV] !! NO PROGRESS (blocked): robot at (18.6,49.7,θ=10.7°) has not moved 0.5 cm or turned 3.0° in 3.0s. Treating as FAILED so the subgoal can end.
[NAV] Retreating to (13.7, 50.5)
[NAV] state FOLLOWING -> RETREATING pose=(18.6,49.7,θ=10.7°)
[NAV] Retreat done after 12 ticks (reached the cell); drive FAILED (blocked).
[NAV] navigate_to: goal=(24.5,64.0) θ=any, from=(16.9,49.6), obstacles=11
[NAV] state RETREATING -> PRE_ROTATING pose=(16.9,49.6,θ=-2.1°) pre_target_θ=42.6° heading_err=+44.8°
[NAV] state PRE_ROTATING -> FOLLOWING pose=(17.0,49.6,θ=-1.1°) path_waypoints=23 final_wp=(24.8,63.8)
[NAV] !! NO PROGRESS (blocked): robot at (18.6,50.2,θ=10.6°) has not moved 0.5 cm or turned 3.0° in 3.0s. Treating as FAILED so the subgoal can end.
[NAV] Retreating to (13.6, 51.0)
[NAV] state FOLLOWING -> RETREATING pose=(18.4,50.1,θ=11.2°)
[NAV] Retreat done after 8 ticks (reached the cell); drive FAILED (blocked).
[NAV] navigate_to: goal=(24.5,64.0) θ=any, from=(16.8,50.1), obstacles=11
[NAV] state RETREATING -> PRE_ROTATING pose=(16.8,50.1,θ=1.5°) pre_target_θ=35.9° heading_err=+34.4°
[NAV] state PRE_ROTATING -> FOLLOWING pose=(16.8,50.1,θ=0.6°) path_waypoints=22 final_wp=(24.8,63.8)
nav_baseline_penalise: status=failure reached=False distance_to_goal_cm=14.91 sim_time_s=120.000 -> /scratch/tdn39/real_exp/results/twohop_v3_multiobject/navigation_realstack_all100_margin_0p1cm_v1/scenes/hard1-hard1/twohop_multi_01080/nav_baseline_penalise
