[NAV] navigate_to: goal=(24.5,64.0) θ=any, from=(8.0,9.0), obstacles=11
[NAV] state - -> PRE_ROTATING pose=(8.0,9.0,θ=0.0°) pre_target_θ=18.4° heading_err=+18.4°
[NAV] state PRE_ROTATING -> FOLLOWING pose=(8.0,9.0,θ=-0.0°) path_waypoints=94 final_wp=(24.8,64.2)
[NAV] !! NO PROGRESS (blocked): robot at (27.1,45.6,θ=153.4°) has not moved 0.5 cm or turned 3.0° in 3.0s. Treating as FAILED so the subgoal can end.
[NAV] Retreating to (34.0, 38.3)
[NAV] state FOLLOWING -> RETREATING pose=(27.2,45.5,θ=152.0°)
[NAV] Retreat done after 90 ticks (ran out of ticks); drive FAILED (blocked).
[NAV] navigate_to: goal=(24.5,64.0) θ=any, from=(29.2,43.4), obstacles=11
[NAV] state RETREATING -> PRE_ROTATING pose=(29.2,43.4,θ=159.7°) pre_target_θ=167.4° heading_err=+7.7°
[NAV] state PRE_ROTATING -> FOLLOWING pose=(29.2,43.4,θ=159.0°) path_waypoints=33 final_wp=(24.8,64.2)
nav_baseline_ignore: status=success reached=True distance_to_goal_cm=1.12 sim_time_s=54.100 -> /scratch/tdn39/real_exp/results/twohop_v3_multiobject/navigation_realstack_all100_margin_0p1cm_v1/scenes/med2-med2/twohop_multi_00851/nav_baseline_ignore
[NAV] navigate_to: goal=(24.5,64.0) θ=any, from=(8.0,9.0), obstacles=11
[NAV] state - -> PRE_ROTATING pose=(8.0,9.0,θ=0.0°) pre_target_θ=18.4° heading_err=+18.4°
[NAV] state PRE_ROTATING -> FOLLOWING pose=(8.0,9.0,θ=-0.0°) path_waypoints=96 final_wp=(24.8,64.2)
[NAV] !! NO PROGRESS (blocked): robot at (27.1,45.6,θ=152.7°) has not moved 0.5 cm or turned 3.0° in 3.0s. Treating as FAILED so the subgoal can end.
[NAV] No free cell behind the robot; backing out blind.
[NAV] state FOLLOWING -> RETREATING pose=(27.2,45.6,θ=152.8°)
[NAV] Retreat done after 90 ticks (ran out of ticks); drive FAILED (blocked).
[NAV] navigate_to: goal=(24.5,64.0) θ=any, from=(33.5,38.6), obstacles=11
[NAV] state RETREATING -> PRE_ROTATING pose=(33.5,38.6,θ=121.8°) pre_target_θ=135.7° heading_err=+13.9°
[NAV] state PRE_ROTATING -> FOLLOWING pose=(33.4,38.7,θ=124.8°) path_waypoints=40 final_wp=(24.8,64.2)
nav_baseline_penalise: status=success reached=True distance_to_goal_cm=1.09 sim_time_s=38.100 -> /scratch/tdn39/real_exp/results/twohop_v3_multiobject/navigation_realstack_all100_margin_0p1cm_v1/scenes/med2-med2/twohop_multi_00851/nav_baseline_penalise
