[NAV] navigate_to: goal=(41.0,64.0) θ=any, from=(16.0,9.0), obstacles=11
[NAV] state - -> PRE_ROTATING pose=(16.0,9.0,θ=0.0°) pre_target_θ=129.3° heading_err=+129.3°
[NAV] state PRE_ROTATING -> FOLLOWING pose=(16.0,9.2,θ=91.0°) path_waypoints=84 final_wp=(41.2,64.2)
[NAV] !! NO PROGRESS (blocked): robot at (34.2,48.9,θ=18.2°) has not moved 0.5 cm or turned 3.0° in 3.0s. Treating as FAILED so the subgoal can end.
[NAV] Retreating to (29.3, 48.2)
[NAV] state FOLLOWING -> RETREATING pose=(34.1,48.8,θ=16.2°)
[NAV] Retreat done after 17 ticks (reached the cell); drive FAILED (blocked).
[NAV] navigate_to: goal=(41.0,64.0) θ=any, from=(32.7,48.0), obstacles=11
[NAV] state RETREATING -> PRE_ROTATING pose=(32.7,48.0,θ=-6.0°) pre_target_θ=19.5° heading_err=+25.4°
[NAV] state PRE_ROTATING -> FOLLOWING pose=(32.8,47.9,θ=-7.4°) path_waypoints=29 final_wp=(41.2,64.2)
nav_baseline_ignore: status=success reached=True distance_to_goal_cm=1.26 sim_time_s=29.433 -> /scratch/tdn39/real_exp/results/twohop_v3_multiobject/navigation_realstack_all100_margin_0p1cm_v1/scenes/med2-med2/twohop_multi_00395/nav_baseline_ignore
[NAV] navigate_to: goal=(41.0,64.0) θ=any, from=(16.0,9.0), obstacles=11
[NAV] state - -> PRE_ROTATING pose=(16.0,9.0,θ=0.0°) pre_target_θ=93.8° heading_err=+93.8°
[NAV] state PRE_ROTATING -> FOLLOWING pose=(16.1,9.1,θ=56.6°) path_waypoints=101 final_wp=(41.2,64.2)
[NAV] !! NO PROGRESS (blocked): robot at (10.4,24.4,θ=179.9°) has not moved 0.5 cm or turned 3.0° in 3.0s. Treating as FAILED so the subgoal can end.
[NAV] Retreating to (15.1, 22.7)
[NAV] state FOLLOWING -> RETREATING pose=(10.6,24.4,θ=-178.3°)
[NAV] Retreat done after 8 ticks (reached the cell); drive FAILED (blocked).
[NAV] navigate_to: goal=(41.0,64.0) θ=any, from=(12.2,24.3), obstacles=11
[NAV] state RETREATING -> PRE_ROTATING pose=(12.2,24.3,θ=173.0°) pre_target_θ=43.9° heading_err=-129.1°
[NAV] state PRE_ROTATING -> FOLLOWING pose=(12.2,24.4,θ=83.0°) path_waypoints=72 final_wp=(41.2,64.2)
[NAV] !! NO PROGRESS (blocked): robot at (44.8,50.2,θ=76.9°) has not moved 0.5 cm or turned 3.0° in 3.0s. Treating as FAILED so the subgoal can end.
[NAV] Retreating to (42.9, 45.6)
[NAV] state FOLLOWING -> RETREATING pose=(44.8,50.1,θ=77.1°)
[NAV] Retreat done after 13 ticks (reached the cell); drive FAILED (blocked).
[NAV] navigate_to: goal=(41.0,64.0) θ=any, from=(44.3,48.6), obstacles=11
[NAV] state RETREATING -> PRE_ROTATING pose=(44.3,48.6,θ=71.7°) pre_target_θ=123.6° heading_err=+51.9°
[NAV] state PRE_ROTATING -> FOLLOWING pose=(44.5,48.7,θ=82.9°) path_waypoints=20 final_wp=(41.2,64.2)
[NAV] !! NO PROGRESS (blocked): robot at (44.9,51.9,θ=90.6°) has not moved 0.5 cm or turned 3.0° in 3.0s. Treating as FAILED so the subgoal can end.
[NAV] Retreating to (43.3, 47.2)
[NAV] state FOLLOWING -> RETREATING pose=(44.9,51.9,θ=90.6°)
[NAV] Retreat done after 90 ticks (ran out of ticks); drive FAILED (blocked).
[NAV] navigate_to: goal=(41.0,64.0) θ=any, from=(44.9,51.9), obstacles=11
[NAV] state RETREATING -> PRE_ROTATING pose=(44.9,51.9,θ=90.6°) pre_target_θ=127.4° heading_err=+36.7°
[NAV] state PRE_ROTATING -> FOLLOWING pose=(44.9,51.9,θ=90.6°) path_waypoints=18 final_wp=(41.2,64.2)
[NAV] !! NO PROGRESS (blocked): robot at (44.9,51.9,θ=90.6°) has not moved 0.5 cm or turned 3.0° in 3.0s. Treating as FAILED so the subgoal can end.
[NAV] Retreating to (43.3, 47.2)
[NAV] state FOLLOWING -> RETREATING pose=(44.9,51.9,θ=90.6°)
[NAV] Retreat done after 90 ticks (ran out of ticks); drive FAILED (blocked).
[NAV] navigate_to: goal=(41.0,64.0) θ=any, from=(44.9,51.9), obstacles=11
[NAV] state RETREATING -> PRE_ROTATING pose=(44.9,51.9,θ=90.6°) pre_target_θ=127.3° heading_err=+36.7°
[NAV] state PRE_ROTATING -> FOLLOWING pose=(44.9,51.9,θ=90.6°) path_waypoints=18 final_wp=(41.2,64.2)
[NAV] !! NO PROGRESS (blocked): robot at (44.9,51.9,θ=90.6°) has not moved 0.5 cm or turned 3.0° in 3.0s. Treating as FAILED so the subgoal can end.
[NAV] Retreating to (43.3, 47.2)
[NAV] state FOLLOWING -> RETREATING pose=(44.9,51.9,θ=90.6°)
[NAV] Retreat done after 90 ticks (ran out of ticks); drive FAILED (blocked).
[NAV] navigate_to: goal=(41.0,64.0) θ=any, from=(44.9,51.9), obstacles=11
[NAV] state RETREATING -> PRE_ROTATING pose=(44.9,51.9,θ=90.6°) pre_target_θ=127.3° heading_err=+36.7°
[NAV] state PRE_ROTATING -> FOLLOWING pose=(44.9,51.9,θ=90.6°) path_waypoints=18 final_wp=(41.2,64.2)
[NAV] !! NO PROGRESS (blocked): robot at (44.9,51.9,θ=90.6°) has not moved 0.5 cm or turned 3.0° in 3.0s. Treating as FAILED so the subgoal can end.
[NAV] Retreating to (43.3, 47.2)
[NAV] state FOLLOWING -> RETREATING pose=(44.9,51.9,θ=90.6°)
[NAV] Retreat done after 90 ticks (ran out of ticks); drive FAILED (blocked).
nav_baseline_penalise: status=failure reached=False distance_to_goal_cm=12.76 sim_time_s=50.000 -> /scratch/tdn39/real_exp/results/twohop_v3_multiobject/navigation_realstack_all100_margin_0p1cm_v1/scenes/med2-med2/twohop_multi_00395/nav_baseline_penalise
