[NAV] navigate_to: goal=(8.0,64.0) θ=any, from=(16.0,9.0), obstacles=11
[NAV] state - -> PRE_ROTATING pose=(16.0,9.0,θ=0.0°) pre_target_θ=45.0° heading_err=+45.0°
[NAV] state PRE_ROTATING -> FOLLOWING pose=(16.1,9.0,θ=2.8°) path_waypoints=84 final_wp=(8.8,64.2)
[NAV] !! NO PROGRESS (blocked): robot at (23.1,41.0,θ=104.9°) has not moved 0.5 cm or turned 3.0° in 3.0s. Treating as FAILED so the subgoal can end.
[NAV] Retreating to (22.7, 36.0)
[NAV] state FOLLOWING -> RETREATING pose=(23.1,40.9,θ=105.1°)
[NAV] Retreat done after 12 ticks (reached the cell); drive FAILED (blocked).
[NAV] navigate_to: goal=(8.0,64.0) θ=any, from=(23.2,39.3), obstacles=11
[NAV] state RETREATING -> PRE_ROTATING pose=(23.2,39.3,θ=91.9°) pre_target_θ=55.2° heading_err=-36.7°
[NAV] state PRE_ROTATING -> FOLLOWING pose=(23.2,39.5,θ=90.8°) path_waypoints=44 final_wp=(8.8,64.2)
[NAV] !! NO PROGRESS (blocked): robot at (23.8,41.3,θ=108.4°) has not moved 0.5 cm or turned 3.0° in 3.0s. Treating as FAILED so the subgoal can end.
[NAV] Retreating to (23.7, 36.3)
[NAV] state FOLLOWING -> RETREATING pose=(23.8,41.1,θ=108.2°)
[NAV] Retreat done after 11 ticks (reached the cell); drive FAILED (blocked).
[NAV] navigate_to: goal=(8.0,64.0) θ=any, from=(24.1,39.5), obstacles=11
[NAV] state RETREATING -> PRE_ROTATING pose=(24.1,39.5,θ=93.3°) pre_target_θ=72.8° heading_err=-20.5°
[NAV] state PRE_ROTATING -> FOLLOWING pose=(24.1,39.6,θ=91.6°) path_waypoints=43 final_wp=(8.8,64.2)
[NAV] !! NO PROGRESS (blocked): robot at (25.3,42.1,θ=119.2°) has not moved 0.5 cm or turned 3.0° in 3.0s. Treating as FAILED so the subgoal can end.
[NAV] Retreating to (26.1, 37.2)
[NAV] state FOLLOWING -> RETREATING pose=(25.3,42.0,θ=118.5°)
[NAV] Retreat done after 11 ticks (reached the cell); drive FAILED (blocked).
[NAV] navigate_to: goal=(8.0,64.0) θ=any, from=(25.9,40.5), obstacles=11
[NAV] state RETREATING -> PRE_ROTATING pose=(25.9,40.5,θ=107.0°) pre_target_θ=99.1° heading_err=-7.9°
[NAV] state PRE_ROTATING -> FOLLOWING pose=(25.9,40.6,θ=106.0°) path_waypoints=42 final_wp=(8.8,64.2)
[NAV] !! NO PROGRESS (blocked): robot at (25.8,42.4,θ=120.3°) has not moved 0.5 cm or turned 3.0° in 3.0s. Treating as FAILED so the subgoal can end.
[NAV] Retreating to (26.7, 37.5)
[NAV] state FOLLOWING -> RETREATING pose=(25.9,42.4,θ=119.7°)
[NAV] Retreat done after 11 ticks (reached the cell); drive FAILED (blocked).
[NAV] navigate_to: goal=(8.0,64.0) θ=any, from=(26.5,40.9), obstacles=11
[NAV] state RETREATING -> PRE_ROTATING pose=(26.5,40.9,θ=106.3°) pre_target_θ=107.6° heading_err=+1.3°
[NAV] state PRE_ROTATING -> FOLLOWING pose=(26.4,41.0,θ=106.4°) path_waypoints=42 final_wp=(8.8,64.2)
[NAV] !! NO PROGRESS (blocked): robot at (26.4,42.9,θ=123.7°) has not moved 0.5 cm or turned 3.0° in 3.0s. Treating as FAILED so the subgoal can end.
[NAV] Retreating to (27.6, 38.0)
[NAV] state FOLLOWING -> RETREATING pose=(26.5,42.8,θ=123.6°)
[NAV] Retreat done after 12 ticks (reached the cell); drive FAILED (blocked).
[NAV] navigate_to: goal=(8.0,64.0) θ=any, from=(27.1,41.4), obstacles=11
[NAV] state RETREATING -> PRE_ROTATING pose=(27.1,41.4,θ=109.2°) pre_target_θ=115.4° heading_err=+6.1°
[NAV] state PRE_ROTATING -> FOLLOWING pose=(27.0,41.6,θ=108.9°) path_waypoints=42 final_wp=(8.8,64.2)
[NAV] !! NO PROGRESS (blocked): robot at (27.1,43.5,θ=128.9°) has not moved 0.5 cm or turned 3.0° in 3.0s. Treating as FAILED so the subgoal can end.
[NAV] Retreating to (28.7, 38.8)
[NAV] state FOLLOWING -> RETREATING pose=(27.2,43.4,θ=129.4°)
[NAV] Retreat done after 12 ticks (reached the cell); drive FAILED (blocked).
nav_baseline_ignore: status=failure reached=False distance_to_goal_cm=29.65 sim_time_s=65.567 -> /scratch/tdn39/real_exp/results/twohop_v3_multiobject/navigation_realstack_all100_margin_0p1cm_v1/scenes/med2-med2/twohop_multi_00234/nav_baseline_ignore
[NAV] navigate_to: goal=(8.0,64.0) θ=any, from=(16.0,9.0), obstacles=11
[NAV] state - -> PRE_ROTATING pose=(16.0,9.0,θ=0.0°) pre_target_θ=45.0° heading_err=+45.0°
[NAV] state PRE_ROTATING -> FOLLOWING pose=(16.1,9.0,θ=2.8°) path_waypoints=91 final_wp=(8.8,64.2)
[NAV] !! NO PROGRESS (under_commanded): robot at (24.1,62.1,θ=90.4°) has not moved 0.5 cm or turned 3.0° in 3.0s. Treating as FAILED so the subgoal can end.
[NAV] Retreating to (23.3, 57.2)
[NAV] state FOLLOWING -> RETREATING pose=(24.1,62.0,θ=91.5°)
[NAV] Retreat done after 10 ticks (reached the cell); drive FAILED (under_commanded).
[NAV] navigate_to: goal=(8.0,64.0) θ=any, from=(24.0,60.5), obstacles=11
[NAV] state RETREATING -> PRE_ROTATING pose=(24.0,60.5,θ=86.6°) pre_target_θ=161.2° heading_err=+74.5°
[NAV] state PRE_ROTATING -> FOLLOWING pose=(24.0,60.6,θ=120.3°) path_waypoints=20 final_wp=(8.2,64.2)
nav_baseline_penalise: status=success reached=True distance_to_goal_cm=0.98 sim_time_s=61.633 -> /scratch/tdn39/real_exp/results/twohop_v3_multiobject/navigation_realstack_all100_margin_0p1cm_v1/scenes/med2-med2/twohop_multi_00234/nav_baseline_penalise
