[NAV] navigate_to: goal=(24.5,66.0) θ=any, from=(8.0,9.0), obstacles=11
[NAV] state - -> PRE_ROTATING pose=(8.0,9.0,θ=0.0°) pre_target_θ=86.6° heading_err=+86.6°
[NAV] state PRE_ROTATING -> FOLLOWING pose=(8.1,9.1,θ=47.9°) path_waypoints=73 final_wp=(24.8,66.2)
[NAV] !! NO PROGRESS (blocked): robot at (22.2,44.7,θ=113.4°) has not moved 0.5 cm or turned 3.0° in 3.0s. Treating as FAILED so the subgoal can end.
[NAV] Retreating to (22.5, 39.7)
[NAV] state FOLLOWING -> RETREATING pose=(22.3,44.6,θ=112.8°)
[NAV] Retreat done after 11 ticks (reached the cell); drive FAILED (blocked).
[NAV] navigate_to: goal=(24.5,66.0) θ=any, from=(22.6,43.1), obstacles=11
[NAV] state RETREATING -> PRE_ROTATING pose=(22.6,43.1,θ=99.6°) pre_target_θ=80.5° heading_err=-19.1°
[NAV] state PRE_ROTATING -> FOLLOWING pose=(22.6,43.2,θ=98.2°) path_waypoints=26 final_wp=(24.8,66.2)
[NAV] !! NO PROGRESS (under_commanded): robot at (24.1,50.4,θ=162.1°) has not moved 0.5 cm or turned 3.0° in 3.0s. Treating as FAILED so the subgoal can end.
[NAV] No free cell behind the robot; backing out blind.
[NAV] state FOLLOWING -> RETREATING pose=(24.2,50.4,θ=162.8°)
[NAV] Retreat done after 90 ticks (ran out of ticks); drive FAILED (under_commanded).
[NAV] navigate_to: goal=(24.5,66.0) θ=any, from=(27.8,49.4), obstacles=11
[NAV] state RETREATING -> PRE_ROTATING pose=(27.8,49.4,θ=-136.7°) pre_target_θ=-170.1° heading_err=-33.4°
[NAV] state PRE_ROTATING -> FOLLOWING pose=(27.6,49.2,θ=-135.2°) path_waypoints=29 final_wp=(24.8,66.2)
[NAV] !! NO PROGRESS (under_commanded): robot at (23.7,49.0,θ=156.7°) has not moved 0.5 cm or turned 3.0° in 3.0s. Treating as FAILED so the subgoal can end.
[NAV] Retreating to (27.3, 45.6)
[NAV] state FOLLOWING -> RETREATING pose=(23.7,49.0,θ=156.6°)
[NAV] Retreat done after 13 ticks (reached the cell); drive FAILED (under_commanded).
[NAV] navigate_to: goal=(24.5,66.0) θ=any, from=(25.0,47.9), obstacles=11
[NAV] state RETREATING -> PRE_ROTATING pose=(25.0,47.9,θ=142.8°) pre_target_θ=115.2° heading_err=-27.6°
[NAV] state PRE_ROTATING -> FOLLOWING pose=(25.0,48.0,θ=144.6°) path_waypoints=23 final_wp=(24.8,66.2)
[NAV] !! NO PROGRESS (under_commanded): robot at (24.0,50.2,θ=161.8°) has not moved 0.5 cm or turned 3.0° in 3.0s. Treating as FAILED so the subgoal can end.
[NAV] Retreating to (27.9, 47.1)
[NAV] state FOLLOWING -> RETREATING pose=(24.0,50.2,θ=161.8°)
[NAV] Retreat done after 11 ticks (reached the cell); drive FAILED (under_commanded).
[NAV] navigate_to: goal=(24.5,66.0) θ=any, from=(25.6,49.5), obstacles=11
[NAV] state RETREATING -> PRE_ROTATING pose=(25.6,49.5,θ=149.1°) pre_target_θ=125.2° heading_err=-23.8°
[NAV] state PRE_ROTATING -> FOLLOWING pose=(25.5,49.5,θ=149.1°) path_waypoints=24 final_wp=(24.8,66.2)
[NAV] !! NO PROGRESS (under_commanded): robot at (24.2,51.1,θ=164.4°) has not moved 0.5 cm or turned 3.0° in 3.0s. Treating as FAILED so the subgoal can end.
[NAV] Retreating to (28.3, 48.2)
[NAV] state FOLLOWING -> RETREATING pose=(24.3,51.1,θ=164.3°)
[NAV] Retreat done after 13 ticks (reached the cell); drive FAILED (under_commanded).
[NAV] navigate_to: goal=(24.5,66.0) θ=any, from=(25.7,50.4), obstacles=11
[NAV] state RETREATING -> PRE_ROTATING pose=(25.7,50.4,θ=147.8°) pre_target_θ=126.0° heading_err=-21.8°
[NAV] state PRE_ROTATING -> FOLLOWING pose=(25.7,50.4,θ=148.1°) path_waypoints=21 final_wp=(24.8,66.2)
[NAV] !! NO PROGRESS (under_commanded): robot at (24.3,51.6,θ=165.5°) has not moved 0.5 cm or turned 3.0° in 3.0s. Treating as FAILED so the subgoal can end.
[NAV] Retreating to (28.5, 48.8)
[NAV] state FOLLOWING -> RETREATING pose=(24.4,51.6,θ=164.6°)
[NAV] Retreat done after 43 ticks (reached the cell); drive FAILED (under_commanded).
nav_baseline_ignore: status=failure reached=False distance_to_goal_cm=15.33 sim_time_s=115.900 -> /scratch/tdn39/real_exp/results/twohop_v3_multiobject/navigation_realstack_all100_margin_0p1cm_v1/scenes/med2-med2/twohop_multi_00843/nav_baseline_ignore
[NAV] navigate_to: goal=(24.5,66.0) θ=any, from=(8.0,9.0), obstacles=11
[NAV] state - -> PRE_ROTATING pose=(8.0,9.0,θ=0.0°) pre_target_θ=118.3° heading_err=+118.3°
[NAV] state PRE_ROTATING -> FOLLOWING pose=(8.0,9.2,θ=78.5°) path_waypoints=79 final_wp=(24.8,66.2)
[NAV] !! NO PROGRESS (blocked): robot at (12.6,42.0,θ=78.4°) has not moved 0.5 cm or turned 3.0° in 3.0s. Treating as FAILED so the subgoal can end.
[NAV] Retreating to (10.0, 37.7)
[NAV] state FOLLOWING -> RETREATING pose=(12.6,41.9,θ=77.8°)
[NAV] Retreat done after 11 ticks (reached the cell); drive FAILED (blocked).
[NAV] navigate_to: goal=(24.5,66.0) θ=any, from=(12.1,40.5), obstacles=11
[NAV] state RETREATING -> PRE_ROTATING pose=(12.1,40.5,θ=64.2°) pre_target_θ=4.4° heading_err=-59.8°
[NAV] state PRE_ROTATING -> FOLLOWING pose=(12.1,40.6,θ=43.5°) path_waypoints=40 final_wp=(24.8,66.2)
[NAV] !! NO PROGRESS (blocked): robot at (18.4,42.8,θ=104.8°) has not moved 0.5 cm or turned 3.0° in 3.0s. Treating as FAILED so the subgoal can end.
[NAV] Retreating to (17.9, 37.8)
[NAV] state FOLLOWING -> RETREATING pose=(18.4,42.8,θ=106.1°)
[NAV] Retreat done after 12 ticks (reached the cell); drive FAILED (blocked).
[NAV] navigate_to: goal=(24.5,66.0) θ=any, from=(18.5,41.2), obstacles=11
[NAV] state RETREATING -> PRE_ROTATING pose=(18.5,41.2,θ=90.1°) pre_target_θ=32.1° heading_err=-58.0°
[NAV] state PRE_ROTATING -> FOLLOWING pose=(18.5,41.2,θ=72.2°) path_waypoints=33 final_wp=(24.8,66.2)
[NAV] !! NO PROGRESS (blocked): robot at (21.9,44.7,θ=115.7°) has not moved 0.5 cm or turned 3.0° in 3.0s. Treating as FAILED so the subgoal can end.
[NAV] Retreating to (22.4, 39.8)
[NAV] state FOLLOWING -> RETREATING pose=(21.9,44.6,θ=115.1°)
[NAV] Retreat done after 13 ticks (reached the cell); drive FAILED (blocked).
[NAV] navigate_to: goal=(24.5,66.0) θ=any, from=(22.3,43.2), obstacles=11
[NAV] state RETREATING -> PRE_ROTATING pose=(22.3,43.2,θ=103.0°) pre_target_θ=82.1° heading_err=-20.9°
[NAV] state PRE_ROTATING -> FOLLOWING pose=(22.2,43.4,θ=102.0°) path_waypoints=30 final_wp=(24.8,66.2)
[NAV] !! NO PROGRESS (blocked): robot at (22.2,45.1,θ=119.0°) has not moved 0.5 cm or turned 3.0° in 3.0s. Treating as FAILED so the subgoal can end.
[NAV] Retreating to (22.9, 40.2)
[NAV] state FOLLOWING -> RETREATING pose=(22.2,45.1,θ=118.9°)
[NAV] Retreat done after 12 ticks (reached the cell); drive FAILED (blocked).
[NAV] navigate_to: goal=(24.5,66.0) θ=any, from=(22.8,43.5), obstacles=11
[NAV] state RETREATING -> PRE_ROTATING pose=(22.8,43.5,θ=105.7°) pre_target_θ=82.4° heading_err=-23.3°
[NAV] state PRE_ROTATING -> FOLLOWING pose=(22.7,43.6,θ=104.7°) path_waypoints=28 final_wp=(24.8,65.8)
[NAV] !! NO PROGRESS (blocked): robot at (22.6,45.6,θ=121.1°) has not moved 0.5 cm or turned 3.0° in 3.0s. Treating as FAILED so the subgoal can end.
[NAV] Retreating to (23.6, 40.6)
[NAV] state FOLLOWING -> RETREATING pose=(22.7,45.4,θ=121.1°)
[NAV] Retreat done after 12 ticks (reached the cell); drive FAILED (blocked).
[NAV] navigate_to: goal=(24.5,66.0) θ=any, from=(23.2,43.9), obstacles=11
[NAV] state RETREATING -> PRE_ROTATING pose=(23.2,43.9,θ=108.4°) pre_target_θ=82.2° heading_err=-26.2°
[NAV] state PRE_ROTATING -> FOLLOWING pose=(23.1,44.0,θ=106.8°) path_waypoints=28 final_wp=(24.8,66.2)
[NAV] !! NO PROGRESS (blocked): robot at (23.1,45.9,θ=121.8°) has not moved 0.5 cm or turned 3.0° in 3.0s. Treating as FAILED so the subgoal can end.
[NAV] Retreating to (25.5, 34.1)
[NAV] state FOLLOWING -> RETREATING pose=(23.1,45.9,θ=122.7°)
[NAV] Retreat done after 64 ticks (reached the cell); drive FAILED (blocked).
nav_baseline_penalise: status=failure reached=False distance_to_goal_cm=28.52 sim_time_s=86.600 -> /scratch/tdn39/real_exp/results/twohop_v3_multiobject/navigation_realstack_all100_margin_0p1cm_v1/scenes/med2-med2/twohop_multi_00843/nav_baseline_penalise
