[NAV] navigate_to: goal=(24.5,64.0) θ=any, from=(33.0,11.0), obstacles=11
[NAV] state - -> PRE_ROTATING pose=(33.0,11.0,θ=0.0°) pre_target_θ=-140.7° heading_err=-140.7°
[NAV] state PRE_ROTATING -> FOLLOWING pose=(33.0,10.9,θ=-100.0°) path_waypoints=93 final_wp=(24.8,64.2)
nav_baseline_ignore: status=success reached=True distance_to_goal_cm=1.7 sim_time_s=27.200 -> /scratch/tdn39/real_exp/results/twohop_v3_multiobject/navigation_realstack_all100_margin_0p1cm_v1/scenes/hard1-hard1/twohop_multi_01111/nav_baseline_ignore
[NAV] navigate_to: goal=(24.5,64.0) θ=any, from=(33.0,11.0), obstacles=11
[NAV] state - -> PRE_ROTATING pose=(33.0,11.0,θ=0.0°) pre_target_θ=-140.7° heading_err=-140.7°
[NAV] state PRE_ROTATING -> FOLLOWING pose=(33.0,10.9,θ=-100.0°) path_waypoints=93 final_wp=(24.8,64.2)
[NAV] !! NO PROGRESS (blocked): robot at (18.1,50.4,θ=13.1°) has not moved 0.5 cm or turned 3.0° in 3.0s. Treating as FAILED so the subgoal can end.
[NAV] Retreating to (13.2, 49.3)
[NAV] state FOLLOWING -> RETREATING pose=(18.0,50.4,θ=12.6°)
[NAV] Retreat done after 12 ticks (reached the cell); drive FAILED (blocked).
[NAV] navigate_to: goal=(24.5,64.0) θ=any, from=(16.4,49.9), obstacles=11
[NAV] state RETREATING -> PRE_ROTATING pose=(16.4,49.9,θ=9.2°) pre_target_θ=5.7° heading_err=-3.5°
[NAV] state PRE_ROTATING -> FOLLOWING pose=(16.3,49.8,θ=7.0°) path_waypoints=26 final_wp=(24.2,64.2)
[NAV] !! NO PROGRESS (blocked): robot at (18.2,49.6,θ=14.1°) has not moved 0.5 cm or turned 3.0° in 3.0s. Treating as FAILED so the subgoal can end.
[NAV] Retreating to (13.3, 49.3)
[NAV] state FOLLOWING -> RETREATING pose=(18.2,49.6,θ=14.1°)
[NAV] Retreat done after 10 ticks (reached the cell); drive FAILED (blocked).
[NAV] navigate_to: goal=(24.5,64.0) θ=any, from=(16.6,49.3), obstacles=11
[NAV] state RETREATING -> PRE_ROTATING pose=(16.6,49.3,θ=9.9°) pre_target_θ=21.7° heading_err=+11.8°
[NAV] state PRE_ROTATING -> FOLLOWING pose=(16.8,49.3,θ=9.2°) path_waypoints=26 final_wp=(24.8,64.2)
[NAV] !! NO PROGRESS (blocked): robot at (18.2,49.7,θ=15.0°) has not moved 0.5 cm or turned 3.0° in 3.0s. Treating as FAILED so the subgoal can end.
[NAV] Retreating to (13.3, 49.3)
[NAV] state FOLLOWING -> RETREATING pose=(18.2,49.7,θ=15.0°)
[NAV] Retreat done after 10 ticks (reached the cell); drive FAILED (blocked).
[NAV] navigate_to: goal=(24.5,64.0) θ=any, from=(16.6,49.4), obstacles=11
[NAV] state RETREATING -> PRE_ROTATING pose=(16.6,49.4,θ=9.7°) pre_target_θ=20.0° heading_err=+10.3°
[NAV] state PRE_ROTATING -> FOLLOWING pose=(16.7,49.4,θ=9.9°) path_waypoints=26 final_wp=(24.8,64.2)
[NAV] !! NO PROGRESS (blocked): robot at (18.2,49.6,θ=15.0°) has not moved 0.5 cm or turned 3.0° in 3.0s. Treating as FAILED so the subgoal can end.
[NAV] Retreating to (13.3, 49.2)
[NAV] state FOLLOWING -> RETREATING pose=(18.0,49.5,θ=16.1°)
[NAV] Retreat done after 8 ticks (reached the cell); drive FAILED (blocked).
[NAV] navigate_to: goal=(24.5,64.0) θ=any, from=(16.7,49.3), obstacles=11
[NAV] state RETREATING -> PRE_ROTATING pose=(16.7,49.3,θ=12.9°) pre_target_θ=22.8° heading_err=+9.9°
[NAV] state PRE_ROTATING -> FOLLOWING pose=(16.8,49.3,θ=11.7°) path_waypoints=26 final_wp=(24.8,64.2)
[NAV] !! NO PROGRESS (blocked): robot at (18.3,49.6,θ=15.5°) has not moved 0.5 cm or turned 3.0° in 3.0s. Treating as FAILED so the subgoal can end.
[NAV] Retreating to (13.3, 49.1)
[NAV] state FOLLOWING -> RETREATING pose=(18.1,49.5,θ=15.5°)
[NAV] Retreat done after 10 ticks (reached the cell); drive FAILED (blocked).
[NAV] navigate_to: goal=(24.5,64.0) θ=any, from=(16.6,49.3), obstacles=11
[NAV] state RETREATING -> PRE_ROTATING pose=(16.6,49.3,θ=9.8°) pre_target_θ=22.2° heading_err=+12.3°
[NAV] state PRE_ROTATING -> FOLLOWING pose=(16.7,49.3,θ=10.1°) path_waypoints=26 final_wp=(24.8,64.2)
[NAV] !! NO PROGRESS (blocked): robot at (18.2,49.7,θ=15.3°) has not moved 0.5 cm or turned 3.0° in 3.0s. Treating as FAILED so the subgoal can end.
[NAV] Retreating to (13.3, 49.2)
[NAV] state FOLLOWING -> RETREATING pose=(18.2,49.7,θ=15.7°)
[NAV] Retreat done after 11 ticks (reached the cell); drive FAILED (blocked).
nav_baseline_penalise: status=failure reached=False distance_to_goal_cm=16.66 sim_time_s=46.567 -> /scratch/tdn39/real_exp/results/twohop_v3_multiobject/navigation_realstack_all100_margin_0p1cm_v1/scenes/hard1-hard1/twohop_multi_01111/nav_baseline_penalise
