[NAV] navigate_to: goal=(24.5,68.0) θ=any, from=(8.0,9.0), obstacles=11
[NAV] state - -> PRE_ROTATING pose=(8.0,9.0,θ=0.0°) pre_target_θ=45.0° heading_err=+45.0°
[NAV] state PRE_ROTATING -> FOLLOWING pose=(8.1,9.0,θ=2.8°) path_waypoints=84 final_wp=(24.8,68.2)
[NAV] !! NO PROGRESS (under_commanded): robot at (18.9,19.5,θ=-10.0°) has not moved 0.5 cm or turned 3.0° in 3.0s. Treating as FAILED so the subgoal can end.
[NAV] Retreating to (13.9, 20.0)
[NAV] state FOLLOWING -> RETREATING pose=(18.7,19.5,θ=-10.7°)
[NAV] Retreat done after 12 ticks (reached the cell); drive FAILED (under_commanded).
[NAV] navigate_to: goal=(24.5,68.0) θ=any, from=(17.2,19.8), obstacles=11
[NAV] state RETREATING -> PRE_ROTATING pose=(17.2,19.8,θ=-11.2°) pre_target_θ=44.4° heading_err=+55.6°
[NAV] state PRE_ROTATING -> FOLLOWING pose=(17.5,19.8,θ=6.5°) path_waypoints=64 final_wp=(24.8,68.2)
nav_baseline_ignore: status=failure reached=False distance_to_goal_cm=47.47 sim_time_s=120.033 -> /scratch/tdn39/real_exp/results/twohop_v3_multiobject/navigation_realstack_all100_margin_0p1cm_v1/scenes/med2-med2/twohop_multi_00933/nav_baseline_ignore
[NAV] navigate_to: goal=(24.5,68.0) θ=any, from=(8.0,9.0), obstacles=11
[NAV] state - -> PRE_ROTATING pose=(8.0,9.0,θ=0.0°) pre_target_θ=78.7° heading_err=+78.7°
[NAV] state PRE_ROTATING -> FOLLOWING pose=(8.1,9.1,θ=39.4°) path_waypoints=87 final_wp=(24.8,68.2)
[NAV] !! NO PROGRESS (blocked): robot at (17.1,23.4,θ=81.6°) has not moved 0.5 cm or turned 3.0° in 3.0s. Treating as FAILED so the subgoal can end.
[NAV] Retreating to (14.7, 19.0)
[NAV] state FOLLOWING -> RETREATING pose=(17.1,23.3,θ=81.5°)
[NAV] Retreat done after 12 ticks (reached the cell); drive FAILED (blocked).
[NAV] navigate_to: goal=(24.5,68.0) θ=any, from=(16.6,21.8), obstacles=11
[NAV] state RETREATING -> PRE_ROTATING pose=(16.6,21.8,θ=67.5°) pre_target_θ=7.1° heading_err=-60.4°
[NAV] state PRE_ROTATING -> FOLLOWING pose=(16.7,21.9,θ=44.1°) path_waypoints=72 final_wp=(24.8,68.2)
[NAV] !! NO PROGRESS (under_commanded): robot at (24.7,24.6,θ=116.0°) has not moved 0.5 cm or turned 3.0° in 3.0s. Treating as FAILED so the subgoal can end.
[NAV] No free cell behind the robot; backing out blind.
[NAV] state FOLLOWING -> RETREATING pose=(24.7,24.5,θ=116.1°)
[NAV] Retreat done after 90 ticks (ran out of ticks); drive FAILED (under_commanded).
[NAV] navigate_to: goal=(24.5,68.0) θ=any, from=(26.0,21.0), obstacles=11
[NAV] state RETREATING -> PRE_ROTATING pose=(26.0,21.0,θ=167.7°) pre_target_θ=111.4° heading_err=-56.3°
[NAV] state PRE_ROTATING -> FOLLOWING pose=(25.4,21.3,θ=153.1°) path_waypoints=65 final_wp=(24.8,68.2)
[NAV] !! NO PROGRESS (blocked): robot at (23.4,24.0,θ=107.5°) has not moved 0.5 cm or turned 3.0° in 3.0s. Treating as FAILED so the subgoal can end.
[NAV] No free cell behind the robot; backing out blind.
[NAV] state FOLLOWING -> RETREATING pose=(23.4,23.9,θ=106.9°)
[NAV] Retreat done after 90 ticks (ran out of ticks); drive FAILED (blocked).
[NAV] navigate_to: goal=(24.5,68.0) θ=any, from=(24.3,16.5), obstacles=11
[NAV] state RETREATING -> PRE_ROTATING pose=(24.3,16.5,θ=152.2°) pre_target_θ=98.0° heading_err=-54.3°
[NAV] state PRE_ROTATING -> FOLLOWING pose=(24.0,16.7,θ=141.6°) path_waypoints=70 final_wp=(24.8,68.2)
[NAV] !! NO PROGRESS (under_commanded): robot at (23.5,24.1,θ=109.7°) has not moved 0.5 cm or turned 3.0° in 3.0s. Treating as FAILED so the subgoal can end.
[NAV] Retreating to (23.5, 19.1)
[NAV] state FOLLOWING -> RETREATING pose=(23.6,23.9,θ=108.4°)
[NAV] Retreat done after 10 ticks (reached the cell); drive FAILED (under_commanded).
[NAV] navigate_to: goal=(24.5,68.0) θ=any, from=(23.8,22.5), obstacles=11
[NAV] state RETREATING -> PRE_ROTATING pose=(23.8,22.5,θ=96.7°) pre_target_θ=68.4° heading_err=-28.3°
[NAV] state PRE_ROTATING -> FOLLOWING pose=(23.8,22.5,θ=93.8°) path_waypoints=63 final_wp=(24.8,68.2)
[NAV] !! NO PROGRESS (under_commanded): robot at (25.8,25.3,θ=120.2°) has not moved 0.5 cm or turned 3.0° in 3.0s. Treating as FAILED so the subgoal can end.
[NAV] No free cell behind the robot; backing out blind.
[NAV] state FOLLOWING -> RETREATING pose=(25.8,25.2,θ=120.3°)
[NAV] Retreat done after 90 ticks (ran out of ticks); drive FAILED (under_commanded).
[NAV] navigate_to: goal=(24.5,68.0) θ=any, from=(26.2,22.2), obstacles=11
[NAV] state RETREATING -> PRE_ROTATING pose=(26.2,22.2,θ=160.5°) pre_target_θ=80.8° heading_err=-79.7°
[NAV] state PRE_ROTATING -> FOLLOWING pose=(25.5,23.1,θ=122.3°) path_waypoints=63 final_wp=(24.8,68.2)
[NAV] !! NO PROGRESS (blocked): robot at (22.5,62.1,θ=89.3°) has not moved 0.5 cm or turned 3.0° in 3.0s. Treating as FAILED so the subgoal can end.
[NAV] Retreating to (20.7, 57.4)
[NAV] state FOLLOWING -> RETREATING pose=(22.5,62.0,θ=90.4°)
[NAV] Retreat done after 11 ticks (reached the cell); drive FAILED (blocked).
nav_baseline_penalise: status=failure reached=False distance_to_goal_cm=7.97 sim_time_s=109.333 -> /scratch/tdn39/real_exp/results/twohop_v3_multiobject/navigation_realstack_all100_margin_0p1cm_v1/scenes/med2-med2/twohop_multi_00933/nav_baseline_penalise
