[NAV] navigate_to: goal=(24.5,70.0) θ=any, from=(8.0,9.0), obstacles=11
[NAV] state - -> PRE_ROTATING pose=(8.0,9.0,θ=0.0°) pre_target_θ=-18.4° heading_err=-18.4°
[NAV] state PRE_ROTATING -> FOLLOWING pose=(8.0,9.0,θ=-0.0°) path_waypoints=99 final_wp=(24.8,69.8)
[NAV] !! NO PROGRESS (blocked): robot at (21.6,58.9,θ=81.7°) has not moved 0.5 cm or turned 3.0° in 3.0s. Treating as FAILED so the subgoal can end.
[NAV] Retreating to (19.3, 54.5)
[NAV] state FOLLOWING -> RETREATING pose=(21.6,58.8,θ=82.7°)
[NAV] Retreat done after 11 ticks (reached the cell); drive FAILED (blocked).
[NAV] navigate_to: goal=(24.5,70.0) θ=any, from=(21.1,57.4), obstacles=11
[NAV] state RETREATING -> PRE_ROTATING pose=(21.1,57.4,θ=67.5°) pre_target_θ=42.0° heading_err=-25.4°
[NAV] state PRE_ROTATING -> FOLLOWING pose=(21.2,57.5,θ=65.9°) path_waypoints=17 final_wp=(24.8,69.8)
[NAV] !! NO PROGRESS (blocked): robot at (22.3,58.9,θ=81.9°) has not moved 0.5 cm or turned 3.0° in 3.0s. Treating as FAILED so the subgoal can end.
[NAV] Retreating to (20.0, 54.5)
[NAV] state FOLLOWING -> RETREATING pose=(22.3,58.8,θ=81.2°)
[NAV] Retreat done after 11 ticks (reached the cell); drive FAILED (blocked).
[NAV] navigate_to: goal=(24.5,70.0) θ=any, from=(21.8,57.3), obstacles=11
[NAV] state RETREATING -> PRE_ROTATING pose=(21.8,57.3,θ=66.9°) pre_target_θ=56.9° heading_err=-10.0°
[NAV] state PRE_ROTATING -> FOLLOWING pose=(21.9,57.4,θ=65.9°) path_waypoints=16 final_wp=(24.8,69.8)
[NAV] !! NO PROGRESS (blocked): robot at (23.0,58.8,θ=82.0°) has not moved 0.5 cm or turned 3.0° in 3.0s. Treating as FAILED so the subgoal can end.
[NAV] Retreating to (20.7, 54.4)
[NAV] state FOLLOWING -> RETREATING pose=(23.0,58.7,θ=80.7°)
[NAV] Retreat done after 11 ticks (reached the cell); drive FAILED (blocked).
[NAV] navigate_to: goal=(24.5,70.0) θ=any, from=(22.5,57.2), obstacles=11
[NAV] state RETREATING -> PRE_ROTATING pose=(22.5,57.2,θ=68.1°) pre_target_θ=73.1° heading_err=+5.0°
[NAV] state PRE_ROTATING -> FOLLOWING pose=(22.6,57.4,θ=67.5°) path_waypoints=15 final_wp=(24.8,69.8)
[NAV] !! NO PROGRESS (blocked): robot at (23.6,58.8,θ=82.0°) has not moved 0.5 cm or turned 3.0° in 3.0s. Treating as FAILED so the subgoal can end.
[NAV] Retreating to (21.3, 54.3)
[NAV] state FOLLOWING -> RETREATING pose=(23.6,58.6,θ=82.1°)
[NAV] Retreat done after 13 ticks (reached the cell); drive FAILED (blocked).
[NAV] navigate_to: goal=(24.5,70.0) θ=any, from=(22.9,57.1), obstacles=11
[NAV] state RETREATING -> PRE_ROTATING pose=(22.9,57.1,θ=66.1°) pre_target_θ=78.9° heading_err=+12.8°
[NAV] state PRE_ROTATING -> FOLLOWING pose=(23.0,57.2,θ=66.6°) path_waypoints=15 final_wp=(24.8,69.8)
[NAV] !! NO PROGRESS (blocked): robot at (24.1,58.7,θ=82.0°) has not moved 0.5 cm or turned 3.0° in 3.0s. Treating as FAILED so the subgoal can end.
[NAV] Retreating to (21.8, 54.3)
[NAV] state FOLLOWING -> RETREATING pose=(24.1,58.5,θ=80.8°)
[NAV] Retreat done after 11 ticks (reached the cell); drive FAILED (blocked).
[NAV] navigate_to: goal=(24.5,70.0) θ=any, from=(23.6,57.1), obstacles=11
[NAV] state RETREATING -> PRE_ROTATING pose=(23.6,57.1,θ=66.7°) pre_target_θ=88.6° heading_err=+21.9°
[NAV] state PRE_ROTATING -> FOLLOWING pose=(23.7,57.2,θ=65.8°) path_waypoints=14 final_wp=(24.8,69.8)
[NAV] !! NO PROGRESS (blocked): robot at (24.7,58.7,θ=82.0°) has not moved 0.5 cm or turned 3.0° in 3.0s. Treating as FAILED so the subgoal can end.
[NAV] Retreating to (22.4, 54.2)
[NAV] state FOLLOWING -> RETREATING pose=(24.7,58.5,θ=84.6°)
[NAV] Retreat done after 10 ticks (reached the cell); drive FAILED (blocked).
nav_baseline_ignore: status=failure reached=False distance_to_goal_cm=12.92 sim_time_s=51.167 -> /scratch/tdn39/real_exp/results/twohop_v3_multiobject/navigation_realstack_all100_margin_0p1cm_v1/scenes/med2-med2/twohop_multi_00456/nav_baseline_ignore
[NAV] navigate_to: goal=(24.5,70.0) θ=any, from=(8.0,9.0), obstacles=11
[NAV] state - -> PRE_ROTATING pose=(8.0,9.0,θ=0.0°) pre_target_θ=-18.4° heading_err=-18.4°
[NAV] state PRE_ROTATING -> FOLLOWING pose=(8.0,9.0,θ=-0.0°) path_waypoints=112 final_wp=(24.8,69.8)
[NAV] !! NO PROGRESS (blocked): robot at (24.6,56.6,θ=135.4°) has not moved 0.5 cm or turned 3.0° in 3.0s. Treating as FAILED so the subgoal can end.
[NAV] Retreating to (26.8, 52.1)
[NAV] state FOLLOWING -> RETREATING pose=(24.7,56.5,θ=133.8°)
[NAV] Retreat done after 11 ticks (reached the cell); drive FAILED (blocked).
[NAV] navigate_to: goal=(24.5,70.0) θ=any, from=(25.6,55.2), obstacles=11
[NAV] state RETREATING -> PRE_ROTATING pose=(25.6,55.2,θ=121.1°) pre_target_θ=120.9° heading_err=-0.2°
[NAV] state PRE_ROTATING -> FOLLOWING pose=(25.4,55.4,θ=123.9°) path_waypoints=18 final_wp=(24.8,69.8)
[NAV] !! NO PROGRESS (blocked): robot at (22.3,66.6,θ=89.6°) has not moved 0.5 cm or turned 3.0° in 3.0s. Treating as FAILED so the subgoal can end.
[NAV] Retreating to (20.6, 61.9)
[NAV] state FOLLOWING -> RETREATING pose=(22.3,66.4,θ=91.0°)
[NAV] Retreat done after 10 ticks (reached the cell); drive FAILED (blocked).
[NAV] navigate_to: goal=(24.5,70.0) θ=any, from=(22.1,65.0), obstacles=11
[NAV] state RETREATING -> PRE_ROTATING pose=(22.1,65.0,θ=78.7°) pre_target_θ=46.6° heading_err=-32.1°
[NAV] state PRE_ROTATING -> FOLLOWING pose=(22.1,65.1,θ=76.8°) path_waypoints=8 final_wp=(24.8,69.8)
[NAV] !! NO PROGRESS (blocked): robot at (22.8,66.6,θ=89.7°) has not moved 0.5 cm or turned 3.0° in 3.0s. Treating as FAILED so the subgoal can end.
[NAV] Retreating to (21.0, 61.9)
[NAV] state FOLLOWING -> RETREATING pose=(22.8,66.5,θ=88.9°)
[NAV] Retreat done after 13 ticks (reached the cell); drive FAILED (blocked).
[NAV] navigate_to: goal=(24.5,70.0) θ=any, from=(22.4,64.9), obstacles=11
[NAV] state RETREATING -> PRE_ROTATING pose=(22.4,64.9,θ=73.2°) pre_target_θ=50.8° heading_err=-22.3°
[NAV] state PRE_ROTATING -> FOLLOWING pose=(22.4,64.9,θ=73.2°) path_waypoints=8 final_wp=(24.8,69.8)
[NAV] !! NO PROGRESS (blocked): robot at (23.2,66.6,θ=89.8°) has not moved 0.5 cm or turned 3.0° in 3.0s. Treating as FAILED so the subgoal can end.
[NAV] Retreating to (21.4, 61.9)
[NAV] state FOLLOWING -> RETREATING pose=(23.2,66.5,θ=89.2°)
[NAV] Retreat done after 12 ticks (reached the cell); drive FAILED (blocked).
[NAV] navigate_to: goal=(24.5,70.0) θ=any, from=(22.9,64.8), obstacles=11
[NAV] state RETREATING -> PRE_ROTATING pose=(22.9,64.8,θ=75.1°) pre_target_θ=64.5° heading_err=-10.6°
[NAV] state PRE_ROTATING -> FOLLOWING pose=(22.9,65.0,θ=73.7°) path_waypoints=8 final_wp=(24.8,69.8)
[NAV] !! NO PROGRESS (blocked): robot at (23.6,66.6,θ=89.9°) has not moved 0.5 cm or turned 3.0° in 3.0s. Treating as FAILED so the subgoal can end.
[NAV] Retreating to (21.9, 61.9)
[NAV] state FOLLOWING -> RETREATING pose=(23.7,66.5,θ=89.9°)
[NAV] Retreat done after 13 ticks (reached the cell); drive FAILED (blocked).
[NAV] navigate_to: goal=(24.5,70.0) θ=any, from=(23.3,64.9), obstacles=11
[NAV] state RETREATING -> PRE_ROTATING pose=(23.3,64.9,θ=75.0°) pre_target_θ=69.3° heading_err=-5.6°
[NAV] state PRE_ROTATING -> FOLLOWING pose=(23.3,64.9,θ=72.6°) path_waypoints=7 final_wp=(24.8,69.8)
[NAV] !! NO PROGRESS (blocked): robot at (24.3,66.6,θ=89.9°) has not moved 0.5 cm or turned 3.0° in 3.0s. Treating as FAILED so the subgoal can end.
[NAV] Retreating to (22.6, 61.9)
[NAV] state FOLLOWING -> RETREATING pose=(24.3,66.5,θ=90.0°)
[NAV] Retreat done after 12 ticks (reached the cell); drive FAILED (blocked).
nav_baseline_penalise: status=failure reached=False distance_to_goal_cm=5.08 sim_time_s=64.900 -> /scratch/tdn39/real_exp/results/twohop_v3_multiobject/navigation_realstack_all100_margin_0p1cm_v1/scenes/med2-med2/twohop_multi_00456/nav_baseline_penalise
