[NAV] navigate_to: goal=(41.0,64.0) θ=any, from=(8.0,9.0), obstacles=11
[NAV] state - -> PRE_ROTATING pose=(8.0,9.0,θ=0.0°) pre_target_θ=34.7° heading_err=+34.7°
[NAV] state PRE_ROTATING -> FOLLOWING pose=(8.0,9.0,θ=-0.0°) path_waypoints=90 final_wp=(41.2,64.2)
[NAV] !! NO PROGRESS (blocked): robot at (38.6,26.3,θ=0.0°) has not moved 0.5 cm or turned 3.0° in 3.0s. Treating as FAILED so the subgoal can end.
[NAV] Retreating to (33.7, 25.4)
[NAV] state FOLLOWING -> RETREATING pose=(38.4,26.3,θ=0.9°)
[NAV] Retreat done after 9 ticks (reached the cell); drive FAILED (blocked).
[NAV] navigate_to: goal=(41.0,64.0) θ=any, from=(36.8,26.1), obstacles=11
[NAV] state RETREATING -> PRE_ROTATING pose=(36.8,26.1,θ=7.0°) pre_target_θ=47.4° heading_err=+40.5°
[NAV] state PRE_ROTATING -> FOLLOWING pose=(36.8,26.1,θ=8.7°) path_waypoints=45 final_wp=(41.2,64.2)
[NAV] !! NO PROGRESS (blocked): robot at (38.6,27.2,θ=-0.0°) has not moved 0.5 cm or turned 3.0° in 3.0s. Treating as FAILED so the subgoal can end.
[NAV] Retreating to (33.9, 25.5)
[NAV] state FOLLOWING -> RETREATING pose=(38.5,27.2,θ=1.0°)
[NAV] Retreat done after 10 ticks (reached the cell); drive FAILED (blocked).
[NAV] navigate_to: goal=(41.0,64.0) θ=any, from=(36.9,27.0), obstacles=11
[NAV] state RETREATING -> PRE_ROTATING pose=(36.9,27.0,θ=10.9°) pre_target_θ=43.9° heading_err=+33.1°
[NAV] state PRE_ROTATING -> FOLLOWING pose=(37.1,27.0,θ=11.8°) path_waypoints=45 final_wp=(41.2,64.2)
[NAV] !! NO PROGRESS (under_commanded): robot at (38.6,27.8,θ=-0.0°) has not moved 0.5 cm or turned 3.0° in 3.0s. Treating as FAILED so the subgoal can end.
[NAV] Retreating to (32.0, 25.4)
[NAV] state FOLLOWING -> RETREATING pose=(38.4,27.8,θ=0.2°)
[NAV] Retreat done after 30 ticks (reached the cell); drive FAILED (under_commanded).
[NAV] navigate_to: goal=(41.0,64.0) θ=any, from=(35.2,26.8), obstacles=11
[NAV] state RETREATING -> PRE_ROTATING pose=(35.2,26.8,θ=11.7°) pre_target_θ=44.0° heading_err=+32.4°
[NAV] state PRE_ROTATING -> FOLLOWING pose=(35.4,26.9,θ=10.9°) path_waypoints=46 final_wp=(41.2,64.2)
[NAV] !! NO PROGRESS (blocked): robot at (38.6,29.2,θ=-0.1°) has not moved 0.5 cm or turned 3.0° in 3.0s. Treating as FAILED so the subgoal can end.
[NAV] Retreating to (28.2, 25.4)
[NAV] state FOLLOWING -> RETREATING pose=(38.4,29.2,θ=-0.3°)
[NAV] Retreat done after 90 ticks (ran out of ticks); drive FAILED (blocked).
[NAV] navigate_to: goal=(41.0,64.0) θ=any, from=(34.6,27.7), obstacles=11
[NAV] state RETREATING -> PRE_ROTATING pose=(34.6,27.7,θ=-7.5°) pre_target_θ=43.7° heading_err=+51.2°
[NAV] state PRE_ROTATING -> FOLLOWING pose=(34.9,27.7,θ=3.7°) path_waypoints=46 final_wp=(41.2,64.2)
[NAV] !! NO PROGRESS (blocked): robot at (38.6,30.8,θ=-0.3°) has not moved 0.5 cm or turned 3.0° in 3.0s. Treating as FAILED so the subgoal can end.
[NAV] No free cell behind the robot; backing out blind.
[NAV] state FOLLOWING -> RETREATING pose=(38.4,30.8,θ=0.7°)
[NAV] Retreat done after 90 ticks (ran out of ticks); drive FAILED (blocked).
[NAV] navigate_to: goal=(41.0,64.0) θ=any, from=(34.6,30.7), obstacles=11
[NAV] state RETREATING -> PRE_ROTATING pose=(34.6,30.7,θ=0.8°) pre_target_θ=44.6° heading_err=+43.8°
[NAV] state PRE_ROTATING -> FOLLOWING pose=(34.8,30.7,θ=0.0°) path_waypoints=43 final_wp=(41.2,64.2)
[NAV] !! NO PROGRESS (blocked): robot at (45.0,49.2,θ=96.9°) has not moved 0.5 cm or turned 3.0° in 3.0s. Treating as FAILED so the subgoal can end.
[NAV] Retreating to (43.9, 44.4)
[NAV] state FOLLOWING -> RETREATING pose=(45.0,49.2,θ=96.2°)
[NAV] Retreat done after 11 ticks (reached the cell); drive FAILED (blocked).
nav_baseline_ignore: status=failure reached=False distance_to_goal_cm=16.88 sim_time_s=91.033 -> /scratch/tdn39/real_exp/results/twohop_v3_multiobject/navigation_realstack_all100_margin_0p1cm_v1/scenes/med2-med2/twohop_multi_00312/nav_baseline_ignore
[NAV] navigate_to: goal=(41.0,64.0) θ=any, from=(8.0,9.0), obstacles=11
[NAV] state - -> PRE_ROTATING pose=(8.0,9.0,θ=0.0°) pre_target_θ=34.7° heading_err=+34.7°
[NAV] state PRE_ROTATING -> FOLLOWING pose=(8.0,9.0,θ=-0.0°) path_waypoints=92 final_wp=(41.2,64.2)
[NAV] !! NO PROGRESS (blocked): robot at (38.6,26.2,θ=0.1°) has not moved 0.5 cm or turned 3.0° in 3.0s. Treating as FAILED so the subgoal can end.
[NAV] Retreating to (33.7, 25.3)
[NAV] state FOLLOWING -> RETREATING pose=(38.5,26.2,θ=0.6°)
[NAV] Retreat done after 9 ticks (reached the cell); drive FAILED (blocked).
[NAV] navigate_to: goal=(41.0,64.0) θ=any, from=(37.0,26.1), obstacles=11
[NAV] state RETREATING -> PRE_ROTATING pose=(37.0,26.1,θ=3.7°) pre_target_θ=70.7° heading_err=+67.0°
[NAV] state PRE_ROTATING -> FOLLOWING pose=(36.9,26.1,θ=27.4°) path_waypoints=45 final_wp=(41.2,64.2)
[NAV] !! NO PROGRESS (blocked): robot at (45.0,50.3,θ=81.4°) has not moved 0.5 cm or turned 3.0° in 3.0s. Treating as FAILED so the subgoal can end.
[NAV] Retreating to (43.0, 45.8)
[NAV] state FOLLOWING -> RETREATING pose=(45.0,50.3,θ=81.2°)
[NAV] Retreat done after 13 ticks (reached the cell); drive FAILED (blocked).
[NAV] navigate_to: goal=(41.0,64.0) θ=any, from=(44.6,48.8), obstacles=11
[NAV] state RETREATING -> PRE_ROTATING pose=(44.6,48.8,θ=72.8°) pre_target_θ=124.3° heading_err=+51.5°
[NAV] state PRE_ROTATING -> FOLLOWING pose=(44.7,48.9,θ=83.2°) path_waypoints=22 final_wp=(41.2,64.2)
[NAV] !! NO PROGRESS (blocked): robot at (45.0,56.9,θ=95.7°) has not moved 0.5 cm or turned 3.0° in 3.0s. Treating as FAILED so the subgoal can end.
[NAV] Retreating to (44.5, 51.0)
[NAV] state FOLLOWING -> RETREATING pose=(45.0,56.9,θ=99.7°)
[NAV] Retreat done after 90 ticks (ran out of ticks); drive FAILED (blocked).
[NAV] navigate_to: goal=(41.0,64.0) θ=any, from=(45.0,56.9), obstacles=11
[NAV] state RETREATING -> PRE_ROTATING pose=(45.0,56.9,θ=97.7°) pre_target_θ=133.6° heading_err=+35.9°
[NAV] state PRE_ROTATING -> FOLLOWING pose=(45.0,56.9,θ=96.6°) path_waypoints=11 final_wp=(41.2,63.8)
[NAV] !! NO PROGRESS (blocked): robot at (45.0,56.9,θ=94.3°) has not moved 0.5 cm or turned 3.0° in 3.0s. Treating as FAILED so the subgoal can end.
[NAV] Retreating to (44.9, 50.9)
[NAV] state FOLLOWING -> RETREATING pose=(45.0,56.9,θ=94.3°)
[NAV] Retreat done after 90 ticks (ran out of ticks); drive FAILED (blocked).
[NAV] navigate_to: goal=(41.0,64.0) θ=any, from=(45.0,56.9), obstacles=11
[NAV] state RETREATING -> PRE_ROTATING pose=(45.0,56.9,θ=94.3°) pre_target_θ=139.1° heading_err=+44.8°
[NAV] state PRE_ROTATING -> FOLLOWING pose=(45.0,56.9,θ=94.3°) path_waypoints=11 final_wp=(41.2,63.8)
[NAV] !! NO PROGRESS (blocked): robot at (45.0,56.9,θ=94.3°) has not moved 0.5 cm or turned 3.0° in 3.0s. Treating as FAILED so the subgoal can end.
[NAV] Retreating to (44.9, 50.9)
[NAV] state FOLLOWING -> RETREATING pose=(45.0,56.9,θ=94.3°)
[NAV] Retreat done after 90 ticks (ran out of ticks); drive FAILED (blocked).
[NAV] navigate_to: goal=(41.0,64.0) θ=any, from=(45.0,56.9), obstacles=11
[NAV] state RETREATING -> PRE_ROTATING pose=(45.0,56.9,θ=94.3°) pre_target_θ=139.0° heading_err=+44.7°
[NAV] state PRE_ROTATING -> FOLLOWING pose=(45.0,56.9,θ=94.3°) path_waypoints=11 final_wp=(41.2,63.8)
nav_baseline_penalise: status=failure reached=False distance_to_goal_cm=8.16 sim_time_s=120.000 -> /scratch/tdn39/real_exp/results/twohop_v3_multiobject/navigation_realstack_all100_margin_0p1cm_v1/scenes/med2-med2/twohop_multi_00312/nav_baseline_penalise
