[NAV] navigate_to: goal=(24.5,64.0) θ=any, from=(8.0,9.0), obstacles=11
[NAV] state - -> PRE_ROTATING pose=(8.0,9.0,θ=0.0°) pre_target_θ=-18.4° heading_err=-18.4°
[NAV] state PRE_ROTATING -> FOLLOWING pose=(8.0,9.0,θ=-0.0°) path_waypoints=97 final_wp=(24.8,63.8)
[NAV] !! NO PROGRESS (under_commanded): robot at (30.8,34.1,θ=80.2°) has not moved 0.5 cm or turned 3.0° in 3.0s. Treating as FAILED so the subgoal can end.
[NAV] Retreating to (31.6, 29.1)
[NAV] state FOLLOWING -> RETREATING pose=(30.8,34.0,θ=80.3°)
[NAV] Retreat done after 12 ticks (reached the cell); drive FAILED (under_commanded).
[NAV] navigate_to: goal=(24.5,64.0) θ=any, from=(30.8,32.3), obstacles=11
[NAV] state RETREATING -> PRE_ROTATING pose=(30.8,32.3,θ=95.7°) pre_target_θ=136.0° heading_err=+40.4°
[NAV] state PRE_ROTATING -> FOLLOWING pose=(30.8,32.5,θ=99.8°) path_waypoints=41 final_wp=(24.8,63.8)
[NAV] !! NO PROGRESS (under_commanded): robot at (28.7,34.4,θ=79.6°) has not moved 0.5 cm or turned 3.0° in 3.0s. Treating as FAILED so the subgoal can end.
[NAV] No free cell behind the robot; backing out blind.
[NAV] state FOLLOWING -> RETREATING pose=(28.7,34.3,θ=79.6°)
[NAV] Retreat done after 90 ticks (ran out of ticks); drive FAILED (under_commanded).
[NAV] navigate_to: goal=(24.5,64.0) θ=any, from=(27.9,30.5), obstacles=11
[NAV] state RETREATING -> PRE_ROTATING pose=(27.9,30.5,θ=90.4°) pre_target_θ=117.4° heading_err=+27.0°
[NAV] state PRE_ROTATING -> FOLLOWING pose=(27.9,30.7,θ=93.6°) path_waypoints=40 final_wp=(24.8,63.8)
[NAV] !! NO PROGRESS (blocked): robot at (24.1,46.3,θ=152.8°) has not moved 0.5 cm or turned 3.0° in 3.0s. Treating as FAILED so the subgoal can end.
[NAV] No free cell behind the robot; backing out blind.
[NAV] state FOLLOWING -> RETREATING pose=(24.2,46.2,θ=152.4°)
nav_baseline_ignore: status=failure reached=False distance_to_goal_cm=25.19 sim_time_s=120.000 -> /scratch/tdn39/real_exp/results/twohop_v3_multiobject/navigation_realstack_all100_margin_0p1cm_v1/scenes/med2-med2/twohop_multi_00474/nav_baseline_ignore
[NAV] navigate_to: goal=(24.5,64.0) θ=any, from=(8.0,9.0), obstacles=11
[NAV] state - -> PRE_ROTATING pose=(8.0,9.0,θ=0.0°) pre_target_θ=-18.4° heading_err=-18.4°
[NAV] state PRE_ROTATING -> FOLLOWING pose=(8.0,9.0,θ=-0.0°) path_waypoints=100 final_wp=(24.8,63.8)
[NAV] !! NO PROGRESS (under_commanded): robot at (32.5,33.8,θ=80.5°) has not moved 0.5 cm or turned 3.0° in 3.0s. Treating as FAILED so the subgoal can end.
[NAV] Retreating to (31.7, 28.8)
[NAV] state FOLLOWING -> RETREATING pose=(32.5,33.7,θ=81.4°)
[NAV] Retreat done after 10 ticks (reached the cell); drive FAILED (under_commanded).
[NAV] navigate_to: goal=(24.5,64.0) θ=any, from=(32.3,32.1), obstacles=11
[NAV] state RETREATING -> PRE_ROTATING pose=(32.3,32.1,θ=80.6°) pre_target_θ=154.4° heading_err=+73.8°
[NAV] state PRE_ROTATING -> FOLLOWING pose=(32.2,32.1,θ=116.5°) path_waypoints=46 final_wp=(24.8,63.8)
[NAV] !! NO PROGRESS (blocked): robot at (24.6,47.7,θ=161.6°) has not moved 0.5 cm or turned 3.0° in 3.0s. Treating as FAILED so the subgoal can end.
[NAV] No free cell behind the robot; backing out blind.
[NAV] state FOLLOWING -> RETREATING pose=(24.8,47.7,θ=160.4°)
[NAV] Retreat done after 90 ticks (ran out of ticks); drive FAILED (blocked).
[NAV] navigate_to: goal=(24.5,64.0) θ=any, from=(34.7,45.1), obstacles=11
[NAV] state RETREATING -> PRE_ROTATING pose=(34.7,45.1,θ=170.0°) pre_target_θ=-158.4° heading_err=+31.7°
[NAV] state PRE_ROTATING -> FOLLOWING pose=(34.6,45.1,θ=171.3°) path_waypoints=35 final_wp=(24.8,63.8)
[NAV] !! NO PROGRESS (blocked): robot at (23.4,44.9,θ=150.5°) has not moved 0.5 cm or turned 3.0° in 3.0s. Treating as FAILED so the subgoal can end.
[NAV] Retreating to (26.7, 41.1)
[NAV] state FOLLOWING -> RETREATING pose=(23.5,44.9,θ=150.6°)
[NAV] Retreat done after 12 ticks (reached the cell); drive FAILED (blocked).
[NAV] navigate_to: goal=(24.5,64.0) θ=any, from=(24.9,43.8), obstacles=11
[NAV] state RETREATING -> PRE_ROTATING pose=(24.9,43.8,θ=134.9°) pre_target_θ=126.0° heading_err=-9.0°
[NAV] state PRE_ROTATING -> FOLLOWING pose=(24.8,43.9,θ=133.9°) path_waypoints=24 final_wp=(24.8,63.8)
[NAV] !! NO PROGRESS (blocked): robot at (23.8,45.6,θ=150.2°) has not moved 0.5 cm or turned 3.0° in 3.0s. Treating as FAILED so the subgoal can end.
[NAV] Retreating to (27.0, 41.8)
[NAV] state FOLLOWING -> RETREATING pose=(23.9,45.5,θ=150.3°)
[NAV] Retreat done after 12 ticks (reached the cell); drive FAILED (blocked).
[NAV] navigate_to: goal=(24.5,64.0) θ=any, from=(25.2,44.6), obstacles=11
[NAV] state RETREATING -> PRE_ROTATING pose=(25.2,44.6,θ=136.0°) pre_target_θ=137.1° heading_err=+1.1°
[NAV] state PRE_ROTATING -> FOLLOWING pose=(25.0,44.7,θ=134.8°) path_waypoints=23 final_wp=(24.8,63.8)
[NAV] !! NO PROGRESS (blocked): robot at (24.2,46.5,θ=155.4°) has not moved 0.5 cm or turned 3.0° in 3.0s. Treating as FAILED so the subgoal can end.
[NAV] Retreating to (27.8, 43.0)
[NAV] state FOLLOWING -> RETREATING pose=(24.3,46.5,θ=155.1°)
[NAV] Retreat done after 14 ticks (reached the cell); drive FAILED (blocked).
[NAV] navigate_to: goal=(24.5,64.0) θ=any, from=(25.7,45.5), obstacles=11
[NAV] state RETREATING -> PRE_ROTATING pose=(25.7,45.5,θ=141.4°) pre_target_θ=153.4° heading_err=+12.0°
[NAV] state PRE_ROTATING -> FOLLOWING pose=(25.6,45.6,θ=141.6°) path_waypoints=26 final_wp=(24.8,63.8)
[NAV] !! NO PROGRESS (blocked): robot at (24.6,47.5,θ=161.7°) has not moved 0.5 cm or turned 3.0° in 3.0s. Treating as FAILED so the subgoal can end.
[NAV] Retreating to (28.5, 44.4)
[NAV] state FOLLOWING -> RETREATING pose=(24.6,47.5,θ=162.1°)
[NAV] Retreat done after 12 ticks (reached the cell); drive FAILED (blocked).
nav_baseline_penalise: status=failure reached=False distance_to_goal_cm=17.43 sim_time_s=75.267 -> /scratch/tdn39/real_exp/results/twohop_v3_multiobject/navigation_realstack_all100_margin_0p1cm_v1/scenes/med2-med2/twohop_multi_00474/nav_baseline_penalise
