[NAV] navigate_to: goal=(8.0,68.0) θ=any, from=(33.0,9.0), obstacles=11
[NAV] state - -> PRE_ROTATING pose=(33.0,9.0,θ=0.0°) pre_target_θ=45.0° heading_err=+45.0°
[NAV] state PRE_ROTATING -> FOLLOWING pose=(33.1,9.0,θ=2.8°) path_waypoints=84 final_wp=(8.2,67.8)
[NAV] !! NO PROGRESS (under_commanded): robot at (30.4,42.9,θ=96.7°) has not moved 0.5 cm or turned 3.0° in 3.0s. Treating as FAILED so the subgoal can end.
[NAV] Retreating to (29.3, 38.0)
[NAV] state FOLLOWING -> RETREATING pose=(30.5,42.8,θ=97.1°)
[NAV] Retreat done after 11 ticks (reached the cell); drive FAILED (under_commanded).
[NAV] navigate_to: goal=(8.0,68.0) θ=any, from=(30.4,41.3), obstacles=11
[NAV] state RETREATING -> PRE_ROTATING pose=(30.4,41.3,θ=83.0°) pre_target_θ=136.9° heading_err=+53.9°
[NAV] state PRE_ROTATING -> FOLLOWING pose=(30.4,41.5,θ=98.7°) path_waypoints=50 final_wp=(8.2,67.8)
[NAV] !! NO PROGRESS (blocked): robot at (29.9,42.8,θ=96.6°) has not moved 0.5 cm or turned 3.0° in 3.0s. Treating as FAILED so the subgoal can end.
[NAV] Retreating to (29.2, 37.9)
[NAV] state FOLLOWING -> RETREATING pose=(30.0,42.7,θ=97.9°)
[NAV] Retreat done after 11 ticks (reached the cell); drive FAILED (blocked).
[NAV] navigate_to: goal=(8.0,68.0) θ=any, from=(30.0,41.2), obstacles=11
[NAV] state RETREATING -> PRE_ROTATING pose=(30.0,41.2,θ=87.6°) pre_target_θ=131.2° heading_err=+43.6°
[NAV] state PRE_ROTATING -> FOLLOWING pose=(29.9,41.2,θ=90.6°) path_waypoints=49 final_wp=(8.2,67.8)
[NAV] !! NO PROGRESS (blocked): robot at (29.2,42.7,θ=96.5°) has not moved 0.5 cm or turned 3.0° in 3.0s. Treating as FAILED so the subgoal can end.
[NAV] Retreating to (29.3, 37.7)
[NAV] state FOLLOWING -> RETREATING pose=(29.2,42.6,θ=96.6°)
[NAV] Retreat done after 11 ticks (reached the cell); drive FAILED (blocked).
[NAV] navigate_to: goal=(8.0,68.0) θ=any, from=(29.3,41.0), obstacles=11
[NAV] state RETREATING -> PRE_ROTATING pose=(29.3,41.0,θ=93.2°) pre_target_θ=122.0° heading_err=+28.9°
[NAV] state PRE_ROTATING -> FOLLOWING pose=(29.3,40.9,θ=94.0°) path_waypoints=49 final_wp=(8.2,67.8)
[NAV] !! NO PROGRESS (blocked): robot at (29.0,42.7,θ=96.5°) has not moved 0.5 cm or turned 3.0° in 3.0s. Treating as FAILED so the subgoal can end.
[NAV] Retreating to (29.1, 37.7)
[NAV] state FOLLOWING -> RETREATING pose=(29.0,42.6,θ=96.7°)
[NAV] Retreat done after 10 ticks (reached the cell); drive FAILED (blocked).
[NAV] navigate_to: goal=(8.0,68.0) θ=any, from=(29.1,40.9), obstacles=11
[NAV] state RETREATING -> PRE_ROTATING pose=(29.1,40.9,θ=93.4°) pre_target_θ=119.8° heading_err=+26.4°
[NAV] state PRE_ROTATING -> FOLLOWING pose=(29.2,40.7,θ=95.8°) path_waypoints=49 final_wp=(8.2,67.8)
[NAV] !! NO PROGRESS (blocked): robot at (28.6,42.7,θ=96.5°) has not moved 0.5 cm or turned 3.0° in 3.0s. Treating as FAILED so the subgoal can end.
[NAV] Retreating to (29.2, 37.7)
[NAV] state FOLLOWING -> RETREATING pose=(28.6,42.6,θ=96.5°)
[NAV] Retreat done after 11 ticks (reached the cell); drive FAILED (blocked).
[NAV] navigate_to: goal=(8.0,68.0) θ=any, from=(28.8,40.9), obstacles=11
[NAV] state RETREATING -> PRE_ROTATING pose=(28.8,40.9,θ=96.7°) pre_target_θ=115.3° heading_err=+18.6°
[NAV] state PRE_ROTATING -> FOLLOWING pose=(28.9,40.8,θ=98.7°) path_waypoints=49 final_wp=(8.2,67.8)
[NAV] !! NO PROGRESS (blocked): robot at (28.3,42.6,θ=96.5°) has not moved 0.5 cm or turned 3.0° in 3.0s. Treating as FAILED so the subgoal can end.
[NAV] Retreating to (29.3, 37.7)
[NAV] state FOLLOWING -> RETREATING pose=(28.3,42.5,θ=97.3°)
[NAV] Retreat done after 10 ticks (reached the cell); drive FAILED (blocked).
nav_baseline_ignore: status=failure reached=False distance_to_goal_cm=33.98 sim_time_s=30.967 -> /scratch/tdn39/real_exp/results/twohop_v3_multiobject/navigation_realstack_all100_margin_0p1cm_v1/scenes/med2-med2/twohop_multi_00540/nav_baseline_ignore
[NAV] navigate_to: goal=(8.0,68.0) θ=any, from=(33.0,9.0), obstacles=11
[NAV] state - -> PRE_ROTATING pose=(33.0,9.0,θ=0.0°) pre_target_θ=45.0° heading_err=+45.0°
[NAV] state PRE_ROTATING -> FOLLOWING pose=(33.1,9.0,θ=2.8°) path_waypoints=92 final_wp=(8.2,67.8)
[NAV] !! NO PROGRESS (under_commanded): robot at (30.7,42.9,θ=96.7°) has not moved 0.5 cm or turned 3.0° in 3.0s. Treating as FAILED so the subgoal can end.
[NAV] Retreating to (29.5, 38.1)
[NAV] state FOLLOWING -> RETREATING pose=(30.7,42.8,θ=95.1°)
[NAV] Retreat done after 12 ticks (reached the cell); drive FAILED (under_commanded).
[NAV] navigate_to: goal=(8.0,68.0) θ=any, from=(30.5,41.3), obstacles=11
[NAV] state RETREATING -> PRE_ROTATING pose=(30.5,41.3,θ=83.3°) pre_target_θ=139.2° heading_err=+55.9°
[NAV] state PRE_ROTATING -> FOLLOWING pose=(30.5,41.5,θ=101.6°) path_waypoints=55 final_wp=(8.2,67.8)
[NAV] !! NO PROGRESS (under_commanded): robot at (30.0,42.8,θ=96.6°) has not moved 0.5 cm or turned 3.0° in 3.0s. Treating as FAILED so the subgoal can end.
[NAV] Retreating to (29.3, 37.9)
[NAV] state FOLLOWING -> RETREATING pose=(30.0,42.7,θ=96.4°)
[NAV] Retreat done after 11 ticks (reached the cell); drive FAILED (under_commanded).
[NAV] navigate_to: goal=(8.0,68.0) θ=any, from=(29.9,41.1), obstacles=11
[NAV] state RETREATING -> PRE_ROTATING pose=(29.9,41.1,θ=87.4°) pre_target_θ=130.6° heading_err=+43.2°
[NAV] state PRE_ROTATING -> FOLLOWING pose=(29.9,41.2,θ=90.5°) path_waypoints=53 final_wp=(8.2,67.8)
[NAV] !! NO PROGRESS (blocked): robot at (29.6,42.8,θ=96.5°) has not moved 0.5 cm or turned 3.0° in 3.0s. Treating as FAILED so the subgoal can end.
[NAV] Retreating to (29.3, 37.8)
[NAV] state FOLLOWING -> RETREATING pose=(29.6,42.7,θ=96.7°)
[NAV] Retreat done after 10 ticks (reached the cell); drive FAILED (blocked).
[NAV] navigate_to: goal=(8.0,68.0) θ=any, from=(29.7,41.1), obstacles=11
[NAV] state RETREATING -> PRE_ROTATING pose=(29.7,41.1,θ=92.3°) pre_target_θ=127.7° heading_err=+35.4°
[NAV] state PRE_ROTATING -> FOLLOWING pose=(29.7,41.3,θ=92.7°) path_waypoints=53 final_wp=(8.2,67.8)
[NAV] !! NO PROGRESS (blocked): robot at (29.2,42.7,θ=96.5°) has not moved 0.5 cm or turned 3.0° in 3.0s. Treating as FAILED so the subgoal can end.
[NAV] Retreating to (29.3, 37.7)
[NAV] state FOLLOWING -> RETREATING pose=(29.2,42.6,θ=97.4°)
[NAV] Retreat done after 9 ticks (reached the cell); drive FAILED (blocked).
[NAV] navigate_to: goal=(8.0,68.0) θ=any, from=(29.4,41.1), obstacles=11
[NAV] state RETREATING -> PRE_ROTATING pose=(29.4,41.1,θ=95.8°) pre_target_θ=124.3° heading_err=+28.5°
[NAV] state PRE_ROTATING -> FOLLOWING pose=(29.4,41.2,θ=96.1°) path_waypoints=52 final_wp=(8.2,67.8)
[NAV] !! NO PROGRESS (blocked): robot at (28.9,42.7,θ=96.6°) has not moved 0.5 cm or turned 3.0° in 3.0s. Treating as FAILED so the subgoal can end.
[NAV] Retreating to (29.1, 37.7)
[NAV] state FOLLOWING -> RETREATING pose=(28.9,42.6,θ=96.6°)
[NAV] Retreat done after 9 ticks (reached the cell); drive FAILED (blocked).
[NAV] navigate_to: goal=(8.0,68.0) θ=any, from=(29.0,41.0), obstacles=11
[NAV] state RETREATING -> PRE_ROTATING pose=(29.0,41.0,θ=93.3°) pre_target_θ=118.7° heading_err=+25.4°
[NAV] state PRE_ROTATING -> FOLLOWING pose=(29.1,40.7,θ=96.4°) path_waypoints=52 final_wp=(8.2,67.8)
[NAV] !! NO PROGRESS (blocked): robot at (28.6,42.7,θ=96.6°) has not moved 0.5 cm or turned 3.0° in 3.0s. Treating as FAILED so the subgoal can end.
[NAV] Retreating to (29.2, 37.7)
[NAV] state FOLLOWING -> RETREATING pose=(28.6,42.6,θ=97.2°)
[NAV] Retreat done after 11 ticks (reached the cell); drive FAILED (blocked).
nav_baseline_penalise: status=failure reached=False distance_to_goal_cm=34.23 sim_time_s=34.533 -> /scratch/tdn39/real_exp/results/twohop_v3_multiobject/navigation_realstack_all100_margin_0p1cm_v1/scenes/med2-med2/twohop_multi_00540/nav_baseline_penalise
