[NAV] navigate_to: goal=(24.5,64.0) θ=any, from=(16.0,9.0), obstacles=11
[NAV] state - -> PRE_ROTATING pose=(16.0,9.0,θ=0.0°) pre_target_θ=45.0° heading_err=+45.0°
[NAV] state PRE_ROTATING -> FOLLOWING pose=(16.1,9.0,θ=2.8°) path_waypoints=71 final_wp=(24.8,63.8)
[NAV] !! NO PROGRESS (blocked): robot at (20.3,44.3,θ=30.0°) has not moved 0.5 cm or turned 3.0° in 3.0s. Treating as FAILED so the subgoal can end.
[NAV] Retreating to (15.4, 43.5)
[NAV] state FOLLOWING -> RETREATING pose=(20.2,44.3,θ=30.1°)
[NAV] Retreat done after 11 ticks (reached the cell); drive FAILED (blocked).
[NAV] navigate_to: goal=(24.5,64.0) θ=any, from=(18.8,43.7), obstacles=11
[NAV] state RETREATING -> PRE_ROTATING pose=(18.8,43.7,θ=16.2°) pre_target_θ=45.7° heading_err=+29.5°
[NAV] state PRE_ROTATING -> FOLLOWING pose=(18.9,43.8,θ=16.2°) path_waypoints=27 final_wp=(24.8,63.8)
[NAV] !! NO PROGRESS (blocked): robot at (20.3,44.4,θ=28.2°) has not moved 0.5 cm or turned 3.0° in 3.0s. Treating as FAILED so the subgoal can end.
[NAV] Retreating to (15.3, 43.7)
[NAV] state FOLLOWING -> RETREATING pose=(20.2,44.4,θ=28.1°)
[NAV] Retreat done after 11 ticks (reached the cell); drive FAILED (blocked).
[NAV] navigate_to: goal=(24.5,64.0) θ=any, from=(18.8,43.8), obstacles=11
[NAV] state RETREATING -> PRE_ROTATING pose=(18.8,43.8,θ=16.3°) pre_target_θ=44.4° heading_err=+28.1°
[NAV] state PRE_ROTATING -> FOLLOWING pose=(18.9,43.9,θ=16.2°) path_waypoints=27 final_wp=(24.8,63.8)
[NAV] !! NO PROGRESS (blocked): robot at (20.3,44.4,θ=27.8°) has not moved 0.5 cm or turned 3.0° in 3.0s. Treating as FAILED so the subgoal can end.
[NAV] Retreating to (15.3, 43.7)
[NAV] state FOLLOWING -> RETREATING pose=(20.2,44.4,θ=28.1°)
[NAV] Retreat done after 12 ticks (reached the cell); drive FAILED (blocked).
[NAV] navigate_to: goal=(24.5,64.0) θ=any, from=(18.7,43.9), obstacles=11
[NAV] state RETREATING -> PRE_ROTATING pose=(18.7,43.9,θ=10.4°) pre_target_θ=43.3° heading_err=+32.9°
[NAV] state PRE_ROTATING -> FOLLOWING pose=(18.7,43.9,θ=11.9°) path_waypoints=27 final_wp=(24.8,63.8)
[NAV] !! NO PROGRESS (blocked): robot at (20.2,44.5,θ=27.6°) has not moved 0.5 cm or turned 3.0° in 3.0s. Treating as FAILED so the subgoal can end.
[NAV] Retreating to (15.3, 43.8)
[NAV] state FOLLOWING -> RETREATING pose=(20.2,44.4,θ=27.8°)
[NAV] Retreat done after 11 ticks (reached the cell); drive FAILED (blocked).
[NAV] navigate_to: goal=(24.5,64.0) θ=any, from=(18.7,44.0), obstacles=11
[NAV] state RETREATING -> PRE_ROTATING pose=(18.7,44.0,θ=13.2°) pre_target_θ=42.5° heading_err=+29.3°
[NAV] state PRE_ROTATING -> FOLLOWING pose=(18.8,44.0,θ=13.2°) path_waypoints=27 final_wp=(24.8,63.8)
[NAV] !! NO PROGRESS (blocked): robot at (20.3,44.4,θ=27.3°) has not moved 0.5 cm or turned 3.0° in 3.0s. Treating as FAILED so the subgoal can end.
[NAV] Retreating to (15.3, 43.8)
[NAV] state FOLLOWING -> RETREATING pose=(20.2,44.4,θ=27.4°)
[NAV] Retreat done after 13 ticks (reached the cell); drive FAILED (blocked).
[NAV] navigate_to: goal=(24.5,64.0) θ=any, from=(18.6,44.0), obstacles=11
[NAV] state RETREATING -> PRE_ROTATING pose=(18.6,44.0,θ=12.1°) pre_target_θ=46.1° heading_err=+34.0°
[NAV] state PRE_ROTATING -> FOLLOWING pose=(18.7,44.0,θ=13.3°) path_waypoints=26 final_wp=(24.8,63.8)
[NAV] !! NO PROGRESS (blocked): robot at (20.2,44.6,θ=26.6°) has not moved 0.5 cm or turned 3.0° in 3.0s. Treating as FAILED so the subgoal can end.
[NAV] Retreating to (15.2, 44.0)
[NAV] state FOLLOWING -> RETREATING pose=(20.1,44.5,θ=29.2°)
[NAV] Retreat done after 16 ticks (reached the cell); drive FAILED (blocked).
nav_baseline_ignore: status=failure reached=False distance_to_goal_cm=20.8 sim_time_s=51.733 -> /scratch/tdn39/real_exp/results/twohop_v3_multiobject/navigation_realstack_all100_margin_0p1cm_v1/scenes/med2-med2/twohop_multi_00787/nav_baseline_ignore
[NAV] navigate_to: goal=(24.5,64.0) θ=any, from=(16.0,9.0), obstacles=11
[NAV] state - -> PRE_ROTATING pose=(16.0,9.0,θ=0.0°) pre_target_θ=45.0° heading_err=+45.0°
[NAV] state PRE_ROTATING -> FOLLOWING pose=(16.1,9.0,θ=2.8°) path_waypoints=83 final_wp=(24.8,63.8)
[NAV] !! NO PROGRESS (blocked): robot at (23.8,25.8,θ=74.9°) has not moved 0.5 cm or turned 3.0° in 3.0s. Treating as FAILED so the subgoal can end.
[NAV] Retreating to (22.5, 21.0)
[NAV] state FOLLOWING -> RETREATING pose=(23.7,25.8,θ=75.1°)
[NAV] Retreat done after 11 ticks (reached the cell); drive FAILED (blocked).
[NAV] navigate_to: goal=(24.5,64.0) θ=any, from=(23.4,24.1), obstacles=11
[NAV] state RETREATING -> PRE_ROTATING pose=(23.4,24.1,θ=72.7°) pre_target_θ=99.8° heading_err=+27.1°
[NAV] state PRE_ROTATING -> FOLLOWING pose=(23.5,24.2,θ=70.4°) path_waypoints=57 final_wp=(24.8,63.8)
[NAV] !! NO PROGRESS (blocked): robot at (18.4,50.8,θ=5.7°) has not moved 0.5 cm or turned 3.0° in 3.0s. Treating as FAILED so the subgoal can end.
[NAV] Retreating to (11.2, 47.4)
[NAV] state FOLLOWING -> RETREATING pose=(18.3,50.8,θ=5.5°)
[NAV] Retreat done after 90 ticks (ran out of ticks); drive FAILED (blocked).
[NAV] navigate_to: goal=(24.5,64.0) θ=any, from=(17.4,50.2), obstacles=11
[NAV] state RETREATING -> PRE_ROTATING pose=(17.4,50.2,θ=-3.2°) pre_target_θ=41.4° heading_err=+44.5°
[NAV] state PRE_ROTATING -> FOLLOWING pose=(17.5,50.2,θ=-1.7°) path_waypoints=22 final_wp=(24.8,64.2)
[NAV] !! NO PROGRESS (blocked): robot at (18.5,50.5,θ=5.8°) has not moved 0.5 cm or turned 3.0° in 3.0s. Treating as FAILED so the subgoal can end.
[NAV] Retreating to (11.9, 48.0)
[NAV] state FOLLOWING -> RETREATING pose=(18.4,50.5,θ=5.5°)
[NAV] Retreat done after 90 ticks (ran out of ticks); drive FAILED (blocked).
[NAV] navigate_to: goal=(24.5,64.0) θ=any, from=(17.0,49.7), obstacles=11
[NAV] state RETREATING -> PRE_ROTATING pose=(17.0,49.7,θ=-9.2°) pre_target_θ=31.6° heading_err=+40.8°
[NAV] state PRE_ROTATING -> FOLLOWING pose=(17.1,49.7,θ=-6.1°) path_waypoints=22 final_wp=(24.8,63.8)
[NAV] !! NO PROGRESS (blocked): robot at (18.5,49.9,θ=5.9°) has not moved 0.5 cm or turned 3.0° in 3.0s. Treating as FAILED so the subgoal can end.
[NAV] Retreating to (13.1, 47.2)
[NAV] state FOLLOWING -> RETREATING pose=(18.4,49.9,θ=6.1°)
[NAV] Retreat done after 90 ticks (ran out of ticks); drive FAILED (blocked).
[NAV] navigate_to: goal=(24.5,64.0) θ=any, from=(16.7,48.6), obstacles=11
[NAV] state RETREATING -> PRE_ROTATING pose=(16.7,48.6,θ=-6.7°) pre_target_θ=41.1° heading_err=+47.8°
[NAV] state PRE_ROTATING -> FOLLOWING pose=(17.0,48.5,θ=-2.2°) path_waypoints=23 final_wp=(24.8,63.8)
[NAV] !! NO PROGRESS (blocked): robot at (18.6,48.9,θ=6.1°) has not moved 0.5 cm or turned 3.0° in 3.0s. Treating as FAILED so the subgoal can end.
[NAV] Retreating to (14.1, 46.7)
[NAV] state FOLLOWING -> RETREATING pose=(18.4,48.8,θ=7.1°)
[NAV] Retreat done after 11 ticks (reached the cell); drive FAILED (blocked).
[NAV] navigate_to: goal=(24.5,64.0) θ=any, from=(17.0,48.4), obstacles=11
[NAV] state RETREATING -> PRE_ROTATING pose=(17.0,48.4,θ=18.0°) pre_target_θ=45.6° heading_err=+27.6°
[NAV] state PRE_ROTATING -> FOLLOWING pose=(17.2,48.5,θ=18.6°) path_waypoints=23 final_wp=(24.8,63.8)
[NAV] !! NO PROGRESS (blocked): robot at (18.6,49.4,θ=6.1°) has not moved 0.5 cm or turned 3.0° in 3.0s. Treating as FAILED so the subgoal can end.
[NAV] Retreating to (13.0, 47.2)
[NAV] state FOLLOWING -> RETREATING pose=(18.4,49.4,θ=7.0°)
[NAV] Retreat done after 46 ticks (reached the cell); drive FAILED (blocked).
nav_baseline_penalise: status=failure reached=False distance_to_goal_cm=18.06 sim_time_s=58.900 -> /scratch/tdn39/real_exp/results/twohop_v3_multiobject/navigation_realstack_all100_margin_0p1cm_v1/scenes/med2-med2/twohop_multi_00787/nav_baseline_penalise
