[NAV] navigate_to: goal=(24.5,64.0) θ=any, from=(16.0,9.0), obstacles=11
[NAV] state - -> PRE_ROTATING pose=(16.0,9.0,θ=0.0°) pre_target_θ=129.3° heading_err=+129.3°
[NAV] state PRE_ROTATING -> FOLLOWING pose=(16.0,9.2,θ=91.0°) path_waypoints=75 final_wp=(24.8,63.8)
[NAV] !! NO PROGRESS (blocked): robot at (22.4,48.1,θ=143.4°) has not moved 0.5 cm or turned 3.0° in 3.0s. Treating as FAILED so the subgoal can end.
[NAV] Retreating to (25.1, 43.9)
[NAV] state FOLLOWING -> RETREATING pose=(22.5,48.0,θ=143.4°)
[NAV] Retreat done after 11 ticks (reached the cell); drive FAILED (blocked).
[NAV] navigate_to: goal=(24.5,64.0) θ=any, from=(23.5,46.9), obstacles=11
[NAV] state RETREATING -> PRE_ROTATING pose=(23.5,46.9,θ=129.5°) pre_target_θ=108.0° heading_err=-21.5°
[NAV] state PRE_ROTATING -> FOLLOWING pose=(23.5,47.0,θ=126.6°) path_waypoints=21 final_wp=(24.8,63.8)
[NAV] !! NO PROGRESS (blocked): robot at (22.9,48.8,θ=145.5°) has not moved 0.5 cm or turned 3.0° in 3.0s. Treating as FAILED so the subgoal can end.
[NAV] Retreating to (25.8, 44.8)
[NAV] state FOLLOWING -> RETREATING pose=(23.0,48.8,θ=144.7°)
[NAV] Retreat done after 11 ticks (reached the cell); drive FAILED (blocked).
[NAV] navigate_to: goal=(24.5,64.0) θ=any, from=(24.1,47.7), obstacles=11
[NAV] state RETREATING -> PRE_ROTATING pose=(24.1,47.7,θ=131.7°) pre_target_θ=120.5° heading_err=-11.2°
[NAV] state PRE_ROTATING -> FOLLOWING pose=(24.0,47.8,θ=129.1°) path_waypoints=21 final_wp=(24.8,63.8)
[NAV] !! NO PROGRESS (blocked): robot at (23.4,49.6,θ=147.1°) has not moved 0.5 cm or turned 3.0° in 3.0s. Treating as FAILED so the subgoal can end.
[NAV] Retreating to (26.4, 45.6)
[NAV] state FOLLOWING -> RETREATING pose=(23.6,49.4,θ=147.4°)
[NAV] Retreat done after 9 ticks (reached the cell); drive FAILED (blocked).
[NAV] navigate_to: goal=(24.5,64.0) θ=any, from=(24.7,48.5), obstacles=11
[NAV] state RETREATING -> PRE_ROTATING pose=(24.7,48.5,θ=138.1°) pre_target_θ=126.7° heading_err=-11.4°
[NAV] state PRE_ROTATING -> FOLLOWING pose=(24.5,48.6,θ=140.8°) path_waypoints=21 final_wp=(24.8,63.8)
[NAV] !! NO PROGRESS (blocked): robot at (23.9,50.9,θ=157.1°) has not moved 0.5 cm or turned 3.0° in 3.0s. Treating as FAILED so the subgoal can end.
[NAV] Retreating to (29.8, 45.4)
[NAV] state FOLLOWING -> RETREATING pose=(24.0,50.8,θ=156.9°)
[NAV] Retreat done after 90 ticks (ran out of ticks); drive FAILED (blocked).
[NAV] navigate_to: goal=(24.5,64.0) θ=any, from=(25.3,48.7), obstacles=11
[NAV] state RETREATING -> PRE_ROTATING pose=(25.3,48.7,θ=169.2°) pre_target_θ=146.2° heading_err=-22.9°
[NAV] state PRE_ROTATING -> FOLLOWING pose=(25.2,48.7,θ=167.8°) path_waypoints=21 final_wp=(24.8,63.8)
[NAV] !! NO PROGRESS (blocked): robot at (23.2,49.3,θ=152.4°) has not moved 0.5 cm or turned 3.0° in 3.0s. Treating as FAILED so the subgoal can end.
[NAV] Retreating to (26.6, 45.7)
[NAV] state FOLLOWING -> RETREATING pose=(23.3,49.3,θ=152.5°)
[NAV] Retreat done after 12 ticks (reached the cell); drive FAILED (blocked).
[NAV] navigate_to: goal=(24.5,64.0) θ=any, from=(24.5,48.3), obstacles=11
[NAV] state RETREATING -> PRE_ROTATING pose=(24.5,48.3,θ=137.9°) pre_target_θ=123.5° heading_err=-14.4°
[NAV] state PRE_ROTATING -> FOLLOWING pose=(24.4,48.5,θ=138.5°) path_waypoints=21 final_wp=(24.8,63.8)
[NAV] !! NO PROGRESS (blocked): robot at (23.5,49.9,θ=152.4°) has not moved 0.5 cm or turned 3.0° in 3.0s. Treating as FAILED so the subgoal can end.
[NAV] Retreating to (28.2, 44.7)
[NAV] state FOLLOWING -> RETREATING pose=(23.6,49.8,θ=152.5°)
[NAV] Retreat done after 90 ticks (ran out of ticks); drive FAILED (blocked).
nav_baseline_ignore: status=failure reached=False distance_to_goal_cm=16.97 sim_time_s=80.433 -> /scratch/tdn39/real_exp/results/twohop_v3_multiobject/navigation_realstack_all100_margin_0p1cm_v1/scenes/hard1-hard1/twohop_multi_00620/nav_baseline_ignore
[NAV] navigate_to: goal=(24.5,64.0) θ=any, from=(16.0,9.0), obstacles=11
[NAV] state - -> PRE_ROTATING pose=(16.0,9.0,θ=0.0°) pre_target_θ=100.0° heading_err=+100.0°
[NAV] state PRE_ROTATING -> FOLLOWING pose=(16.1,9.1,θ=60.0°) path_waypoints=73 final_wp=(24.8,63.8)
[NAV] !! NO PROGRESS (under_commanded): robot at (18.9,48.4,θ=11.1°) has not moved 0.5 cm or turned 3.0° in 3.0s. Treating as FAILED so the subgoal can end.
[NAV] Retreating to (14.0, 49.2)
[NAV] state FOLLOWING -> RETREATING pose=(18.8,48.4,θ=9.8°)
[NAV] Retreat done after 12 ticks (reached the cell); drive FAILED (under_commanded).
[NAV] navigate_to: goal=(24.5,64.0) θ=any, from=(17.3,48.4), obstacles=11
[NAV] state RETREATING -> PRE_ROTATING pose=(17.3,48.4,θ=-7.4°) pre_target_θ=53.5° heading_err=+61.0°
[NAV] state PRE_ROTATING -> FOLLOWING pose=(17.5,48.5,θ=12.7°) path_waypoints=24 final_wp=(24.8,63.8)
[NAV] !! NO PROGRESS (under_commanded): robot at (18.7,49.1,θ=10.9°) has not moved 0.5 cm or turned 3.0° in 3.0s. Treating as FAILED so the subgoal can end.
[NAV] Retreating to (13.8, 49.9)
[NAV] state FOLLOWING -> RETREATING pose=(18.6,49.1,θ=11.0°)
[NAV] Retreat done after 12 ticks (reached the cell); drive FAILED (under_commanded).
[NAV] navigate_to: goal=(24.5,64.0) θ=any, from=(17.2,49.0), obstacles=11
[NAV] state RETREATING -> PRE_ROTATING pose=(17.2,49.0,θ=-3.7°) pre_target_θ=46.8° heading_err=+50.5°
[NAV] state PRE_ROTATING -> FOLLOWING pose=(17.4,49.0,θ=9.0°) path_waypoints=22 final_wp=(24.8,63.8)
[NAV] !! NO PROGRESS (blocked): robot at (18.7,49.6,θ=10.8°) has not moved 0.5 cm or turned 3.0° in 3.0s. Treating as FAILED so the subgoal can end.
[NAV] Retreating to (13.7, 50.4)
[NAV] state FOLLOWING -> RETREATING pose=(18.5,49.5,θ=9.6°)
[NAV] Retreat done after 11 ticks (reached the cell); drive FAILED (blocked).
[NAV] navigate_to: goal=(24.5,64.0) θ=any, from=(17.0,49.6), obstacles=11
[NAV] state RETREATING -> PRE_ROTATING pose=(17.0,49.6,θ=-9.4°) pre_target_θ=37.7° heading_err=+47.1°
[NAV] state PRE_ROTATING -> FOLLOWING pose=(17.0,49.6,θ=-2.4°) path_waypoints=23 final_wp=(24.8,64.2)
[NAV] !! NO PROGRESS (blocked): robot at (18.5,50.3,θ=10.6°) has not moved 0.5 cm or turned 3.0° in 3.0s. Treating as FAILED so the subgoal can end.
[NAV] Retreating to (13.5, 50.7)
[NAV] state FOLLOWING -> RETREATING pose=(18.4,50.3,θ=10.8°)
[NAV] Retreat done after 11 ticks (reached the cell); drive FAILED (blocked).
[NAV] navigate_to: goal=(24.5,64.0) θ=any, from=(16.9,50.2), obstacles=11
[NAV] state RETREATING -> PRE_ROTATING pose=(16.9,50.2,θ=1.5°) pre_target_θ=35.2° heading_err=+33.7°
[NAV] state PRE_ROTATING -> FOLLOWING pose=(17.0,50.3,θ=6.0°) path_waypoints=23 final_wp=(24.8,64.2)
[NAV] !! NO PROGRESS (blocked): robot at (18.4,50.8,θ=10.3°) has not moved 0.5 cm or turned 3.0° in 3.0s. Treating as FAILED so the subgoal can end.
[NAV] Retreating to (13.4, 50.8)
[NAV] state FOLLOWING -> RETREATING pose=(18.3,50.8,θ=9.3°)
[NAV] Retreat done after 10 ticks (reached the cell); drive FAILED (blocked).
[NAV] navigate_to: goal=(24.5,64.0) θ=any, from=(16.7,50.6), obstacles=11
[NAV] state RETREATING -> PRE_ROTATING pose=(16.7,50.6,θ=4.0°) pre_target_θ=30.6° heading_err=+26.6°
[NAV] state PRE_ROTATING -> FOLLOWING pose=(16.7,50.6,θ=4.6°) path_waypoints=21 final_wp=(24.8,63.8)
[NAV] !! NO PROGRESS (blocked): robot at (18.4,51.2,θ=10.2°) has not moved 0.5 cm or turned 3.0° in 3.0s. Treating as FAILED so the subgoal can end.
[NAV] Retreating to (13.4, 50.7)
[NAV] state FOLLOWING -> RETREATING pose=(18.2,51.2,θ=11.0°)
[NAV] Retreat done after 10 ticks (reached the cell); drive FAILED (blocked).
nav_baseline_penalise: status=failure reached=False distance_to_goal_cm=15.3 sim_time_s=90.067 -> /scratch/tdn39/real_exp/results/twohop_v3_multiobject/navigation_realstack_all100_margin_0p1cm_v1/scenes/hard1-hard1/twohop_multi_00620/nav_baseline_penalise
