[NAV] navigate_to: goal=(24.5,64.0) θ=any, from=(41.0,9.0), obstacles=11
[NAV] state - -> PRE_ROTATING pose=(41.0,9.0,θ=0.0°) pre_target_θ=129.3° heading_err=+129.3°
[NAV] state PRE_ROTATING -> FOLLOWING pose=(41.0,9.2,θ=91.0°) path_waypoints=76 final_wp=(24.8,64.2)
[NAV] !! NO PROGRESS (under_commanded): robot at (20.4,45.3,θ=124.5°) has not moved 0.5 cm or turned 3.0° in 3.0s. Treating as FAILED so the subgoal can end.
[NAV] Retreating to (21.6, 40.5)
[NAV] state FOLLOWING -> RETREATING pose=(20.4,45.2,θ=123.4°)
[NAV] Retreat done after 11 ticks (reached the cell); drive FAILED (under_commanded).
[NAV] navigate_to: goal=(24.5,64.0) θ=any, from=(21.1,43.8), obstacles=11
[NAV] state RETREATING -> PRE_ROTATING pose=(21.1,43.8,θ=109.8°) pre_target_θ=79.3° heading_err=-30.5°
[NAV] state PRE_ROTATING -> FOLLOWING pose=(21.1,43.8,θ=105.0°) path_waypoints=24 final_wp=(24.8,64.2)
[NAV] !! NO PROGRESS (blocked): robot at (21.7,46.4,θ=130.6°) has not moved 0.5 cm or turned 3.0° in 3.0s. Treating as FAILED so the subgoal can end.
[NAV] Retreating to (23.4, 41.7)
[NAV] state FOLLOWING -> RETREATING pose=(21.7,46.3,θ=129.8°)
[NAV] Retreat done after 11 ticks (reached the cell); drive FAILED (blocked).
[NAV] navigate_to: goal=(24.5,64.0) θ=any, from=(22.5,44.9), obstacles=11
[NAV] state RETREATING -> PRE_ROTATING pose=(22.5,44.9,θ=118.0°) pre_target_θ=101.3° heading_err=-16.7°
[NAV] state PRE_ROTATING -> FOLLOWING pose=(22.5,45.0,θ=115.2°) path_waypoints=24 final_wp=(24.8,64.2)
[NAV] !! NO PROGRESS (blocked): robot at (23.0,48.0,θ=141.4°) has not moved 0.5 cm or turned 3.0° in 3.0s. Treating as FAILED so the subgoal can end.
[NAV] Retreating to (25.6, 43.7)
[NAV] state FOLLOWING -> RETREATING pose=(23.1,47.9,θ=141.6°)
[NAV] Retreat done after 11 ticks (reached the cell); drive FAILED (blocked).
[NAV] navigate_to: goal=(24.5,64.0) θ=any, from=(24.0,46.9), obstacles=11
[NAV] state RETREATING -> PRE_ROTATING pose=(24.0,46.9,θ=130.0°) pre_target_θ=127.9° heading_err=-2.2°
[NAV] state PRE_ROTATING -> FOLLOWING pose=(23.8,47.1,θ=130.9°) path_waypoints=23 final_wp=(24.8,64.2)
[NAV] !! NO PROGRESS (blocked): robot at (23.7,49.1,θ=149.1°) has not moved 0.5 cm or turned 3.0° in 3.0s. Treating as FAILED so the subgoal can end.
[NAV] No free cell behind the robot; backing out blind.
[NAV] state FOLLOWING -> RETREATING pose=(23.9,49.0,θ=151.5°)
[NAV] Retreat done after 90 ticks (ran out of ticks); drive FAILED (blocked).
[NAV] navigate_to: goal=(24.5,64.0) θ=any, from=(25.0,47.7), obstacles=11
[NAV] state RETREATING -> PRE_ROTATING pose=(25.0,47.7,θ=174.8°) pre_target_θ=147.4° heading_err=-27.5°
[NAV] state PRE_ROTATING -> FOLLOWING pose=(24.8,47.7,θ=172.9°) path_waypoints=23 final_wp=(24.8,64.2)
[NAV] !! NO PROGRESS (blocked): robot at (22.8,47.8,θ=143.3°) has not moved 0.5 cm or turned 3.0° in 3.0s. Treating as FAILED so the subgoal can end.
[NAV] Retreating to (25.6, 43.6)
[NAV] state FOLLOWING -> RETREATING pose=(22.9,47.7,θ=143.0°)
[NAV] Retreat done after 11 ticks (reached the cell); drive FAILED (blocked).
[NAV] navigate_to: goal=(24.5,64.0) θ=any, from=(24.0,46.6), obstacles=11
[NAV] state RETREATING -> PRE_ROTATING pose=(24.0,46.6,θ=129.9°) pre_target_θ=125.6° heading_err=-4.2°
[NAV] state PRE_ROTATING -> FOLLOWING pose=(23.9,46.7,θ=129.6°) path_waypoints=23 final_wp=(24.8,64.2)
[NAV] !! NO PROGRESS (blocked): robot at (23.5,48.8,θ=147.6°) has not moved 0.5 cm or turned 3.0° in 3.0s. Treating as FAILED so the subgoal can end.
[NAV] No free cell behind the robot; backing out blind.
[NAV] state FOLLOWING -> RETREATING pose=(23.6,48.7,θ=148.1°)
[NAV] Retreat done after 90 ticks (ran out of ticks); drive FAILED (blocked).
nav_baseline_ignore: status=failure reached=False distance_to_goal_cm=17.51 sim_time_s=86.900 -> /scratch/tdn39/real_exp/results/twohop_v3_multiobject/navigation_realstack_all100_margin_0p1cm_v1/scenes/hard1-hard1/twohop_multi_00331/nav_baseline_ignore
[NAV] navigate_to: goal=(24.5,64.0) θ=any, from=(41.0,9.0), obstacles=11
[NAV] state - -> PRE_ROTATING pose=(41.0,9.0,θ=0.0°) pre_target_θ=86.6° heading_err=+86.6°
[NAV] state PRE_ROTATING -> FOLLOWING pose=(41.1,9.1,θ=47.9°) path_waypoints=79 final_wp=(24.8,64.2)
[NAV] !! NO PROGRESS (blocked): robot at (21.3,46.1,θ=131.7°) has not moved 0.5 cm or turned 3.0° in 3.0s. Treating as FAILED so the subgoal can end.
[NAV] Retreating to (23.2, 41.5)
[NAV] state FOLLOWING -> RETREATING pose=(21.4,46.0,θ=130.9°)
[NAV] Retreat done after 13 ticks (reached the cell); drive FAILED (blocked).
[NAV] navigate_to: goal=(24.5,64.0) θ=any, from=(22.1,44.6), obstacles=11
[NAV] state RETREATING -> PRE_ROTATING pose=(22.1,44.6,θ=118.1°) pre_target_θ=88.3° heading_err=-29.8°
[NAV] state PRE_ROTATING -> FOLLOWING pose=(22.1,44.6,θ=117.3°) path_waypoints=25 final_wp=(24.8,64.2)
[NAV] !! NO PROGRESS (blocked): robot at (22.2,46.9,θ=135.8°) has not moved 0.5 cm or turned 3.0° in 3.0s. Treating as FAILED so the subgoal can end.
[NAV] Retreating to (24.3, 42.4)
[NAV] state FOLLOWING -> RETREATING pose=(22.2,46.9,θ=135.4°)
[NAV] Retreat done after 12 ticks (reached the cell); drive FAILED (blocked).
[NAV] navigate_to: goal=(24.5,64.0) θ=any, from=(23.1,45.7), obstacles=11
[NAV] state RETREATING -> PRE_ROTATING pose=(23.1,45.7,θ=122.7°) pre_target_θ=110.9° heading_err=-11.8°
[NAV] state PRE_ROTATING -> FOLLOWING pose=(23.0,45.9,θ=122.9°) path_waypoints=23 final_wp=(24.8,64.2)
[NAV] !! NO PROGRESS (blocked): robot at (23.0,48.0,θ=140.8°) has not moved 0.5 cm or turned 3.0° in 3.0s. Treating as FAILED so the subgoal can end.
[NAV] Retreating to (25.6, 43.7)
[NAV] state FOLLOWING -> RETREATING pose=(23.1,47.9,θ=142.0°)
[NAV] Retreat done after 10 ticks (reached the cell); drive FAILED (blocked).
[NAV] navigate_to: goal=(24.5,64.0) θ=any, from=(24.0,46.9), obstacles=11
[NAV] state RETREATING -> PRE_ROTATING pose=(24.0,46.9,θ=127.5°) pre_target_θ=117.9° heading_err=-9.6°
[NAV] state PRE_ROTATING -> FOLLOWING pose=(23.9,47.1,θ=131.2°) path_waypoints=23 final_wp=(24.8,64.2)
[NAV] !! NO PROGRESS (blocked): robot at (23.6,49.0,θ=147.3°) has not moved 0.5 cm or turned 3.0° in 3.0s. Treating as FAILED so the subgoal can end.
[NAV] No free cell behind the robot; backing out blind.
[NAV] state FOLLOWING -> RETREATING pose=(23.7,48.9,θ=147.6°)
[NAV] Retreat done after 90 ticks (ran out of ticks); drive FAILED (blocked).
[NAV] navigate_to: goal=(24.5,64.0) θ=any, from=(25.2,46.7), obstacles=11
[NAV] state RETREATING -> PRE_ROTATING pose=(25.2,46.7,θ=-170.5°) pre_target_θ=155.0° heading_err=-34.5°
[NAV] state PRE_ROTATING -> FOLLOWING pose=(25.1,46.7,θ=-171.9°) path_waypoints=24 final_wp=(24.8,64.2)
[NAV] !! NO PROGRESS (blocked): robot at (22.1,46.9,θ=137.7°) has not moved 0.5 cm or turned 3.0° in 3.0s. Treating as FAILED so the subgoal can end.
[NAV] Retreating to (24.4, 42.5)
[NAV] state FOLLOWING -> RETREATING pose=(22.2,46.8,θ=137.8°)
[NAV] Retreat done after 11 ticks (reached the cell); drive FAILED (blocked).
[NAV] navigate_to: goal=(24.5,64.0) θ=any, from=(23.2,45.5), obstacles=11
[NAV] state RETREATING -> PRE_ROTATING pose=(23.2,45.5,θ=122.4°) pre_target_θ=111.9° heading_err=-10.5°
[NAV] state PRE_ROTATING -> FOLLOWING pose=(23.2,45.7,θ=121.3°) path_waypoints=23 final_wp=(24.8,64.2)
[NAV] !! NO PROGRESS (blocked): robot at (23.2,48.3,θ=143.5°) has not moved 0.5 cm or turned 3.0° in 3.0s. Treating as FAILED so the subgoal can end.
[NAV] Retreating to (25.9, 44.1)
[NAV] state FOLLOWING -> RETREATING pose=(23.2,48.2,θ=143.6°)
[NAV] Retreat done after 90 ticks (ran out of ticks); drive FAILED (blocked).
nav_baseline_penalise: status=failure reached=False distance_to_goal_cm=16.54 sim_time_s=73.967 -> /scratch/tdn39/real_exp/results/twohop_v3_multiobject/navigation_realstack_all100_margin_0p1cm_v1/scenes/hard1-hard1/twohop_multi_00331/nav_baseline_penalise
