[NAV] navigate_to: goal=(8.0,68.0) θ=any, from=(16.0,9.0), obstacles=11
[NAV] state - -> PRE_ROTATING pose=(16.0,9.0,θ=0.0°) pre_target_θ=129.3° heading_err=+129.3°
[NAV] state PRE_ROTATING -> FOLLOWING pose=(16.0,9.2,θ=91.0°) path_waypoints=92 final_wp=(8.2,68.2)
[NAV] !! NO PROGRESS (blocked): robot at (15.4,71.0,θ=179.7°) has not moved 0.5 cm or turned 3.0° in 3.0s. Treating as FAILED so the subgoal can end.
[NAV] Retreating to (20.1, 69.3)
[NAV] state FOLLOWING -> RETREATING pose=(15.5,71.0,θ=-179.9°)
[NAV] Retreat done after 13 ticks (reached the cell); drive FAILED (blocked).
[NAV] navigate_to: goal=(8.0,68.0) θ=any, from=(17.1,70.6), obstacles=11
[NAV] state RETREATING -> PRE_ROTATING pose=(17.1,70.6,θ=165.6°) pre_target_θ=-144.6° heading_err=+49.8°
[NAV] state PRE_ROTATING -> FOLLOWING pose=(17.1,70.6,θ=175.9°) path_waypoints=12 final_wp=(8.8,68.2)
[NAV] !! NO PROGRESS (blocked): robot at (15.4,69.7,θ=179.0°) has not moved 0.5 cm or turned 3.0° in 3.0s. Treating as FAILED so the subgoal can end.
[NAV] Retreating to (20.1, 67.9)
[NAV] state FOLLOWING -> RETREATING pose=(15.4,69.7,θ=178.9°)
[NAV] Retreat done after 12 ticks (reached the cell); drive FAILED (blocked).
[NAV] navigate_to: goal=(8.0,68.0) θ=any, from=(17.1,69.4), obstacles=11
[NAV] state RETREATING -> PRE_ROTATING pose=(17.1,69.4,θ=164.9°) pre_target_θ=-163.9° heading_err=+31.2°
[NAV] state PRE_ROTATING -> FOLLOWING pose=(17.0,69.4,θ=167.0°) path_waypoints=11 final_wp=(8.2,68.2)
[NAV] !! NO PROGRESS (blocked): robot at (15.4,69.5,θ=178.8°) has not moved 0.5 cm or turned 3.0° in 3.0s. Treating as FAILED so the subgoal can end.
[NAV] Retreating to (20.1, 67.7)
[NAV] state FOLLOWING -> RETREATING pose=(15.5,69.5,θ=179.1°)
[NAV] Retreat done after 12 ticks (reached the cell); drive FAILED (blocked).
[NAV] navigate_to: goal=(8.0,68.0) θ=any, from=(17.1,69.2), obstacles=11
[NAV] state RETREATING -> PRE_ROTATING pose=(17.1,69.2,θ=164.5°) pre_target_θ=-166.1° heading_err=+29.4°
[NAV] state PRE_ROTATING -> FOLLOWING pose=(17.0,69.2,θ=164.4°) path_waypoints=11 final_wp=(8.2,68.2)
[NAV] !! NO PROGRESS (blocked): robot at (15.4,69.6,θ=178.7°) has not moved 0.5 cm or turned 3.0° in 3.0s. Treating as FAILED so the subgoal can end.
[NAV] Retreating to (20.1, 67.8)
[NAV] state FOLLOWING -> RETREATING pose=(15.4,69.6,θ=178.4°)
[NAV] Retreat done after 14 ticks (reached the cell); drive FAILED (blocked).
[NAV] navigate_to: goal=(8.0,68.0) θ=any, from=(17.1,69.1), obstacles=11
[NAV] state RETREATING -> PRE_ROTATING pose=(17.1,69.1,θ=160.3°) pre_target_θ=-167.0° heading_err=+32.7°
[NAV] state PRE_ROTATING -> FOLLOWING pose=(17.2,69.1,θ=164.6°) path_waypoints=11 final_wp=(8.2,68.2)
[NAV] !! NO PROGRESS (blocked): robot at (15.4,69.2,θ=177.9°) has not moved 0.5 cm or turned 3.0° in 3.0s. Treating as FAILED so the subgoal can end.
[NAV] Retreating to (20.0, 67.4)
[NAV] state FOLLOWING -> RETREATING pose=(15.6,69.2,θ=175.7°)
[NAV] Retreat done after 10 ticks (reached the cell); drive FAILED (blocked).
[NAV] navigate_to: goal=(8.0,68.0) θ=any, from=(17.0,68.9), obstacles=11
[NAV] state RETREATING -> PRE_ROTATING pose=(17.0,68.9,θ=163.0°) pre_target_θ=-171.3° heading_err=+25.6°
[NAV] state PRE_ROTATING -> FOLLOWING pose=(16.9,69.0,θ=165.1°) path_waypoints=10 final_wp=(8.8,68.2)
[NAV] !! NO PROGRESS (blocked): robot at (15.4,69.5,θ=178.6°) has not moved 0.5 cm or turned 3.0° in 3.0s. Treating as FAILED so the subgoal can end.
[NAV] Retreating to (20.0, 67.7)
[NAV] state FOLLOWING -> RETREATING pose=(15.5,69.5,θ=178.9°)
[NAV] Retreat done after 12 ticks (reached the cell); drive FAILED (blocked).
nav_baseline_ignore: status=failure reached=False distance_to_goal_cm=9.01 sim_time_s=43.933 -> /scratch/tdn39/real_exp/results/twohop_v3_multiobject/navigation_realstack_all100_margin_0p1cm_v1/scenes/med2-med2/twohop_multi_00092/nav_baseline_ignore
[NAV] navigate_to: goal=(8.0,68.0) θ=any, from=(16.0,9.0), obstacles=11
[NAV] state - -> PRE_ROTATING pose=(16.0,9.0,θ=0.0°) pre_target_θ=93.8° heading_err=+93.8°
[NAV] state PRE_ROTATING -> FOLLOWING pose=(16.1,9.1,θ=56.6°) path_waypoints=114 final_wp=(8.2,68.2)
[NAV] !! NO PROGRESS (blocked): robot at (10.4,24.4,θ=179.9°) has not moved 0.5 cm or turned 3.0° in 3.0s. Treating as FAILED so the subgoal can end.
[NAV] Retreating to (15.1, 22.7)
[NAV] state FOLLOWING -> RETREATING pose=(10.6,24.4,θ=-178.3°)
[NAV] Retreat done after 8 ticks (reached the cell); drive FAILED (blocked).
[NAV] navigate_to: goal=(8.0,68.0) θ=any, from=(12.2,24.3), obstacles=11
[NAV] state RETREATING -> PRE_ROTATING pose=(12.2,24.3,θ=173.0°) pre_target_θ=43.9° heading_err=-129.1°
[NAV] state PRE_ROTATING -> FOLLOWING pose=(12.2,24.4,θ=83.0°) path_waypoints=85 final_wp=(8.2,68.2)
[NAV] !! NO PROGRESS (blocked): robot at (30.4,55.5,θ=142.6°) has not moved 0.5 cm or turned 3.0° in 3.0s. Treating as FAILED so the subgoal can end.
[NAV] Retreating to (33.4, 51.5)
[NAV] state FOLLOWING -> RETREATING pose=(30.4,55.5,θ=142.8°)
[NAV] Retreat done after 15 ticks (reached the cell); drive FAILED (blocked).
[NAV] navigate_to: goal=(8.0,68.0) θ=any, from=(31.6,54.4), obstacles=11
[NAV] state RETREATING -> PRE_ROTATING pose=(31.6,54.4,θ=133.2°) pre_target_θ=167.0° heading_err=+33.8°
[NAV] state PRE_ROTATING -> FOLLOWING pose=(31.5,54.5,θ=133.7°) path_waypoints=35 final_wp=(8.2,68.2)
[NAV] !! NO PROGRESS (blocked): robot at (30.3,55.6,θ=144.9°) has not moved 0.5 cm or turned 3.0° in 3.0s. Treating as FAILED so the subgoal can end.
[NAV] Retreating to (33.5, 51.8)
[NAV] state FOLLOWING -> RETREATING pose=(30.4,55.6,θ=145.2°)
[NAV] Retreat done after 16 ticks (reached the cell); drive FAILED (blocked).
[NAV] navigate_to: goal=(8.0,68.0) θ=any, from=(31.7,54.5), obstacles=11
[NAV] state RETREATING -> PRE_ROTATING pose=(31.7,54.5,θ=135.4°) pre_target_θ=169.8° heading_err=+34.4°
[NAV] state PRE_ROTATING -> FOLLOWING pose=(31.7,54.5,θ=136.9°) path_waypoints=36 final_wp=(8.2,68.2)
[NAV] !! NO PROGRESS (blocked): robot at (30.4,55.7,θ=146.6°) has not moved 0.5 cm or turned 3.0° in 3.0s. Treating as FAILED so the subgoal can end.
[NAV] Retreating to (33.4, 51.7)
[NAV] state FOLLOWING -> RETREATING pose=(30.4,55.7,θ=147.0°)
[NAV] Retreat done after 14 ticks (reached the cell); drive FAILED (blocked).
[NAV] navigate_to: goal=(8.0,68.0) θ=any, from=(31.5,54.6), obstacles=11
[NAV] state RETREATING -> PRE_ROTATING pose=(31.5,54.6,θ=136.0°) pre_target_θ=170.6° heading_err=+34.6°
[NAV] state PRE_ROTATING -> FOLLOWING pose=(31.5,54.6,θ=137.6°) path_waypoints=36 final_wp=(8.2,68.2)
[NAV] !! NO PROGRESS (blocked): robot at (30.5,55.6,θ=147.0°) has not moved 0.5 cm or turned 3.0° in 3.0s. Treating as FAILED so the subgoal can end.
[NAV] Retreating to (33.5, 51.7)
[NAV] state FOLLOWING -> RETREATING pose=(30.5,55.6,θ=147.1°)
[NAV] Retreat done after 14 ticks (reached the cell); drive FAILED (blocked).
[NAV] navigate_to: goal=(8.0,68.0) θ=any, from=(31.7,54.6), obstacles=11
[NAV] state RETREATING -> PRE_ROTATING pose=(31.7,54.6,θ=137.0°) pre_target_θ=170.1° heading_err=+33.1°
[NAV] state PRE_ROTATING -> FOLLOWING pose=(31.6,54.6,θ=137.1°) path_waypoints=36 final_wp=(8.2,68.2)
[NAV] !! NO PROGRESS (blocked): robot at (30.5,55.7,θ=147.0°) has not moved 0.5 cm or turned 3.0° in 3.0s. Treating as FAILED so the subgoal can end.
[NAV] Retreating to (33.5, 51.7)
[NAV] state FOLLOWING -> RETREATING pose=(30.5,55.6,θ=146.7°)
[NAV] Retreat done after 17 ticks (reached the cell); drive FAILED (blocked).
nav_baseline_penalise: status=failure reached=False distance_to_goal_cm=27.29 sim_time_s=42.200 -> /scratch/tdn39/real_exp/results/twohop_v3_multiobject/navigation_realstack_all100_margin_0p1cm_v1/scenes/med2-med2/twohop_multi_00092/nav_baseline_penalise
