[NAV] navigate_to: goal=(8.0,64.0) θ=any, from=(8.0,9.0), obstacles=11
[NAV] state - -> PRE_ROTATING pose=(8.0,9.0,θ=0.0°) pre_target_θ=93.8° heading_err=+93.8°
[NAV] state PRE_ROTATING -> FOLLOWING pose=(8.1,9.1,θ=56.6°) path_waypoints=57 final_wp=(8.2,64.2)
[NAV] !! NO PROGRESS (blocked): robot at (9.3,45.8,θ=66.2°) has not moved 0.5 cm or turned 3.0° in 3.0s. Treating as FAILED so the subgoal can end.
[NAV] Retreating to (5.8, 42.2)
[NAV] state FOLLOWING -> RETREATING pose=(9.3,45.7,θ=66.2°)
[NAV] Retreat done after 13 ticks (reached the cell); drive FAILED (blocked).
[NAV] navigate_to: goal=(8.0,64.0) θ=any, from=(8.3,44.3), obstacles=11
[NAV] state RETREATING -> PRE_ROTATING pose=(8.3,44.3,θ=52.1°) pre_target_θ=97.1° heading_err=+45.0°
[NAV] state PRE_ROTATING -> FOLLOWING pose=(8.3,44.3,θ=53.1°) path_waypoints=22 final_wp=(8.2,64.2)
[NAV] !! NO PROGRESS (blocked): robot at (9.0,45.9,θ=63.8°) has not moved 0.5 cm or turned 3.0° in 3.0s. Treating as FAILED so the subgoal can end.
[NAV] Retreating to (5.4, 42.5)
[NAV] state FOLLOWING -> RETREATING pose=(8.9,45.8,θ=64.5°)
[NAV] Retreat done after 10 ticks (reached the cell); drive FAILED (blocked).
[NAV] navigate_to: goal=(8.0,64.0) θ=any, from=(8.0,44.5), obstacles=11
[NAV] state RETREATING -> PRE_ROTATING pose=(8.0,44.5,θ=52.4°) pre_target_θ=93.1° heading_err=+40.7°
[NAV] state PRE_ROTATING -> FOLLOWING pose=(8.0,44.5,θ=55.4°) path_waypoints=21 final_wp=(8.2,64.2)
[NAV] !! NO PROGRESS (blocked): robot at (8.5,46.2,θ=62.0°) has not moved 0.5 cm or turned 3.0° in 3.0s. Treating as FAILED so the subgoal can end.
[NAV] Retreating to (4.8, 42.9)
[NAV] state FOLLOWING -> RETREATING pose=(8.5,46.2,θ=62.0°)
[NAV] Retreat done after 11 ticks (reached the cell); drive FAILED (blocked).
[NAV] navigate_to: goal=(8.0,64.0) θ=any, from=(7.4,44.9), obstacles=11
[NAV] state RETREATING -> PRE_ROTATING pose=(7.4,44.9,θ=48.7°) pre_target_θ=85.9° heading_err=+37.2°
[NAV] state PRE_ROTATING -> FOLLOWING pose=(7.5,45.0,θ=48.9°) path_waypoints=21 final_wp=(8.2,64.2)
[NAV] !! NO PROGRESS (blocked): robot at (8.2,46.4,θ=60.0°) has not moved 0.5 cm or turned 3.0° in 3.0s. Treating as FAILED so the subgoal can end.
[NAV] Retreating to (4.4, 43.2)
[NAV] state FOLLOWING -> RETREATING pose=(8.2,46.3,θ=60.3°)
[NAV] Retreat done after 11 ticks (reached the cell); drive FAILED (blocked).
[NAV] navigate_to: goal=(8.0,64.0) θ=any, from=(7.1,44.9), obstacles=11
[NAV] state RETREATING -> PRE_ROTATING pose=(7.1,44.9,θ=43.4°) pre_target_θ=81.5° heading_err=+38.1°
[NAV] state PRE_ROTATING -> FOLLOWING pose=(7.1,44.9,θ=40.6°) path_waypoints=21 final_wp=(8.2,64.2)
[NAV] !! NO PROGRESS (blocked): robot at (8.3,46.3,θ=59.3°) has not moved 0.5 cm or turned 3.0° in 3.0s. Treating as FAILED so the subgoal can end.
[NAV] Retreating to (4.4, 43.2)
[NAV] state FOLLOWING -> RETREATING pose=(8.2,46.2,θ=58.9°)
[NAV] Retreat done after 10 ticks (reached the cell); drive FAILED (blocked).
[NAV] navigate_to: goal=(8.0,64.0) θ=any, from=(7.2,45.0), obstacles=11
[NAV] state RETREATING -> PRE_ROTATING pose=(7.2,45.0,θ=49.1°) pre_target_θ=82.3° heading_err=+33.2°
[NAV] state PRE_ROTATING -> FOLLOWING pose=(7.4,45.1,θ=49.6°) path_waypoints=21 final_wp=(8.2,64.2)
[NAV] !! NO PROGRESS (blocked): robot at (8.1,46.5,θ=58.8°) has not moved 0.5 cm or turned 3.0° in 3.0s. Treating as FAILED so the subgoal can end.
[NAV] Retreating to (4.2, 43.3)
[NAV] state FOLLOWING -> RETREATING pose=(8.0,46.4,θ=59.1°)
[NAV] Retreat done after 11 ticks (reached the cell); drive FAILED (blocked).
nav_baseline_ignore: status=failure reached=False distance_to_goal_cm=18.85 sim_time_s=42.967 -> /scratch/tdn39/real_exp/results/twohop_v3_multiobject/navigation_realstack_all100_margin_0p1cm_v1/scenes/med2-med2/twohop_multi_00529/nav_baseline_ignore
[NAV] navigate_to: goal=(8.0,64.0) θ=any, from=(8.0,9.0), obstacles=11
[NAV] state - -> PRE_ROTATING pose=(8.0,9.0,θ=0.0°) pre_target_θ=86.6° heading_err=+86.6°
[NAV] state PRE_ROTATING -> FOLLOWING pose=(8.1,9.1,θ=47.9°) path_waypoints=60 final_wp=(8.2,64.2)
[NAV] !! NO PROGRESS (blocked): robot at (5.6,48.7,θ=41.7°) has not moved 0.5 cm or turned 3.0° in 3.0s. Treating as FAILED so the subgoal can end.
[NAV] No free cell behind the robot; backing out blind.
[NAV] state FOLLOWING -> RETREATING pose=(5.5,48.6,θ=42.7°)
[NAV] Retreat done after 90 ticks (ran out of ticks); drive FAILED (blocked).
[NAV] navigate_to: goal=(8.0,64.0) θ=any, from=(3.6,45.4), obstacles=11
[NAV] state RETREATING -> PRE_ROTATING pose=(3.6,45.4,θ=-1.2°) pre_target_θ=47.0° heading_err=+48.1°
[NAV] state PRE_ROTATING -> FOLLOWING pose=(4.0,45.5,θ=6.2°) path_waypoints=25 final_wp=(8.2,64.2)
[NAV] !! NO PROGRESS (blocked): robot at (7.5,46.9,θ=52.8°) has not moved 0.5 cm or turned 3.0° in 3.0s. Treating as FAILED so the subgoal can end.
[NAV] Retreating to (4.1, 43.2)
[NAV] state FOLLOWING -> RETREATING pose=(7.4,46.9,θ=52.5°)
[NAV] Retreat done after 11 ticks (reached the cell); drive FAILED (blocked).
[NAV] navigate_to: goal=(8.0,64.0) θ=any, from=(6.2,45.6), obstacles=11
[NAV] state RETREATING -> PRE_ROTATING pose=(6.2,45.6,θ=48.9°) pre_target_θ=89.2° heading_err=+40.3°
[NAV] state PRE_ROTATING -> FOLLOWING pose=(6.2,45.6,θ=50.0°) path_waypoints=22 final_wp=(8.2,64.2)
[NAV] !! NO PROGRESS (blocked): robot at (6.8,47.4,θ=51.6°) has not moved 0.5 cm or turned 3.0° in 3.0s. Treating as FAILED so the subgoal can end.
[NAV] Retreating to (4.1, 43.2)
[NAV] state FOLLOWING -> RETREATING pose=(6.8,47.3,θ=50.4°)
[NAV] Retreat done after 10 ticks (reached the cell); drive FAILED (blocked).
[NAV] navigate_to: goal=(8.0,64.0) θ=any, from=(5.8,46.0), obstacles=11
[NAV] state RETREATING -> PRE_ROTATING pose=(5.8,46.0,θ=54.1°) pre_target_θ=83.7° heading_err=+29.6°
[NAV] state PRE_ROTATING -> FOLLOWING pose=(5.8,45.9,θ=53.4°) path_waypoints=23 final_wp=(8.2,64.2)
[NAV] !! NO PROGRESS (blocked): robot at (6.1,48.1,θ=45.9°) has not moved 0.5 cm or turned 3.0° in 3.0s. Treating as FAILED so the subgoal can end.
[NAV] Retreating to (4.1, 43.5)
[NAV] state FOLLOWING -> RETREATING pose=(6.0,48.1,θ=46.0°)
[NAV] Retreat done after 13 ticks (reached the cell); drive FAILED (blocked).
[NAV] navigate_to: goal=(8.0,64.0) θ=any, from=(5.2,46.7), obstacles=11
[NAV] state RETREATING -> PRE_ROTATING pose=(5.2,46.7,θ=60.0°) pre_target_θ=73.2° heading_err=+13.2°
[NAV] state PRE_ROTATING -> FOLLOWING pose=(5.2,46.8,θ=62.5°) path_waypoints=21 final_wp=(8.2,63.8)
[NAV] !! NO PROGRESS (blocked): robot at (5.0,49.5,θ=37.3°) has not moved 0.5 cm or turned 3.0° in 3.0s. Treating as FAILED so the subgoal can end.
[NAV] No free cell behind the robot; backing out blind.
[NAV] state FOLLOWING -> RETREATING pose=(4.9,49.4,θ=37.1°)
[NAV] Retreat done after 90 ticks (ran out of ticks); drive FAILED (blocked).
[NAV] navigate_to: goal=(8.0,64.0) θ=any, from=(3.7,47.2), obstacles=11
[NAV] state RETREATING -> PRE_ROTATING pose=(3.7,47.2,θ=1.5°) pre_target_θ=49.6° heading_err=+48.1°
[NAV] state PRE_ROTATING -> FOLLOWING pose=(4.0,47.2,θ=4.9°) path_waypoints=23 final_wp=(8.2,64.2)
[NAV] !! NO PROGRESS (blocked): robot at (6.7,47.6,θ=47.3°) has not moved 0.5 cm or turned 3.0° in 3.0s. Treating as FAILED so the subgoal can end.
[NAV] Retreating to (4.3, 43.1)
[NAV] state FOLLOWING -> RETREATING pose=(6.5,47.4,θ=46.8°)
[NAV] Retreat done after 10 ticks (reached the cell); drive FAILED (blocked).
nav_baseline_penalise: status=failure reached=False distance_to_goal_cm=17.92 sim_time_s=63.800 -> /scratch/tdn39/real_exp/results/twohop_v3_multiobject/navigation_realstack_all100_margin_0p1cm_v1/scenes/med2-med2/twohop_multi_00529/nav_baseline_penalise
