[NAV] navigate_to: goal=(8.0,70.0) θ=any, from=(8.0,9.0), obstacles=11
[NAV] state - -> PRE_ROTATING pose=(8.0,9.0,θ=0.0°) pre_target_θ=45.0° heading_err=+45.0°
[NAV] state PRE_ROTATING -> FOLLOWING pose=(8.1,9.0,θ=2.8°) path_waypoints=98 final_wp=(8.8,70.2)
[NAV] !! NO PROGRESS (blocked): robot at (26.5,54.6,θ=90.2°) has not moved 0.5 cm or turned 3.0° in 3.0s. Treating as FAILED so the subgoal can end.
[NAV] Retreating to (25.2, 49.8)
[NAV] state FOLLOWING -> RETREATING pose=(26.5,54.5,θ=89.1°)
[NAV] Retreat done after 10 ticks (reached the cell); drive FAILED (blocked).
[NAV] navigate_to: goal=(8.0,70.0) θ=any, from=(26.2,53.0), obstacles=11
[NAV] state RETREATING -> PRE_ROTATING pose=(26.2,53.0,θ=79.7°) pre_target_θ=89.7° heading_err=+9.9°
[NAV] state PRE_ROTATING -> FOLLOWING pose=(26.2,53.0,θ=80.2°) path_waypoints=36 final_wp=(8.8,70.2)
[NAV] !! NO PROGRESS (blocked): robot at (27.3,54.6,θ=90.6°) has not moved 0.5 cm or turned 3.0° in 3.0s. Treating as FAILED so the subgoal can end.
[NAV] Retreating to (25.7, 49.9)
[NAV] state FOLLOWING -> RETREATING pose=(27.3,54.5,θ=91.8°)
[NAV] Retreat done after 13 ticks (reached the cell); drive FAILED (blocked).
[NAV] navigate_to: goal=(8.0,70.0) θ=any, from=(27.0,53.0), obstacles=11
[NAV] state RETREATING -> PRE_ROTATING pose=(27.0,53.0,θ=76.2°) pre_target_θ=99.7° heading_err=+23.6°
[NAV] state PRE_ROTATING -> FOLLOWING pose=(27.0,53.1,θ=75.7°) path_waypoints=36 final_wp=(8.8,70.2)
[NAV] !! NO PROGRESS (blocked): robot at (27.9,54.7,θ=90.9°) has not moved 0.5 cm or turned 3.0° in 3.0s. Treating as FAILED so the subgoal can end.
[NAV] Retreating to (26.3, 49.9)
[NAV] state FOLLOWING -> RETREATING pose=(27.9,54.5,θ=94.2°)
[NAV] Retreat done after 9 ticks (reached the cell); drive FAILED (blocked).
[NAV] navigate_to: goal=(8.0,70.0) θ=any, from=(27.9,52.9), obstacles=11
[NAV] state RETREATING -> PRE_ROTATING pose=(27.9,52.9,θ=86.2°) pre_target_θ=116.5° heading_err=+30.4°
[NAV] state PRE_ROTATING -> FOLLOWING pose=(27.9,53.0,θ=88.8°) path_waypoints=37 final_wp=(8.8,70.2)
[NAV] !! NO PROGRESS (blocked): robot at (27.9,54.7,θ=90.9°) has not moved 0.5 cm or turned 3.0° in 3.0s. Treating as FAILED so the subgoal can end.
[NAV] Retreating to (26.3, 49.9)
[NAV] state FOLLOWING -> RETREATING pose=(27.9,54.5,θ=92.2°)
[NAV] Retreat done after 10 ticks (reached the cell); drive FAILED (blocked).
[NAV] navigate_to: goal=(8.0,70.0) θ=any, from=(27.7,53.2), obstacles=11
[NAV] state RETREATING -> PRE_ROTATING pose=(27.7,53.2,θ=79.1°) pre_target_θ=112.3° heading_err=+33.2°
[NAV] state PRE_ROTATING -> FOLLOWING pose=(27.8,53.5,θ=84.1°) path_waypoints=37 final_wp=(8.8,70.2)
[NAV] !! NO PROGRESS (blocked): robot at (28.0,54.7,θ=91.0°) has not moved 0.5 cm or turned 3.0° in 3.0s. Treating as FAILED so the subgoal can end.
[NAV] Retreating to (26.3, 49.9)
[NAV] state FOLLOWING -> RETREATING pose=(28.0,54.6,θ=91.4°)
[NAV] Retreat done after 13 ticks (reached the cell); drive FAILED (blocked).
[NAV] navigate_to: goal=(8.0,70.0) θ=any, from=(27.6,52.8), obstacles=11
[NAV] state RETREATING -> PRE_ROTATING pose=(27.6,52.8,θ=73.7°) pre_target_θ=111.5° heading_err=+37.7°
[NAV] state PRE_ROTATING -> FOLLOWING pose=(27.5,52.7,θ=75.2°) path_waypoints=37 final_wp=(8.8,70.2)
[NAV] !! NO PROGRESS (blocked): robot at (28.0,54.7,θ=91.1°) has not moved 0.5 cm or turned 3.0° in 3.0s. Treating as FAILED so the subgoal can end.
[NAV] Retreating to (26.4, 49.9)
[NAV] state FOLLOWING -> RETREATING pose=(28.0,54.6,θ=91.6°)
[NAV] Retreat done after 12 ticks (reached the cell); drive FAILED (blocked).
nav_baseline_ignore: status=failure reached=False distance_to_goal_cm=26.07 sim_time_s=33.267 -> /scratch/tdn39/real_exp/results/twohop_v3_multiobject/navigation_realstack_all100_margin_0p1cm_v1/scenes/hard1-hard1/twohop_multi_01018/nav_baseline_ignore
[NAV] navigate_to: goal=(8.0,70.0) θ=any, from=(8.0,9.0), obstacles=11
[NAV] state - -> PRE_ROTATING pose=(8.0,9.0,θ=0.0°) pre_target_θ=93.8° heading_err=+93.8°
[NAV] state PRE_ROTATING -> FOLLOWING pose=(8.1,9.1,θ=56.6°) path_waypoints=101 final_wp=(8.8,70.2)
[NAV] !! NO PROGRESS (under_commanded): robot at (19.2,66.6,θ=90.0°) has not moved 0.5 cm or turned 3.0° in 3.0s. Treating as FAILED so the subgoal can end.
[NAV] Retreating to (17.5, 61.9)
[NAV] state FOLLOWING -> RETREATING pose=(19.3,66.3,θ=89.9°)
[NAV] Retreat done after 9 ticks (reached the cell); drive FAILED (under_commanded).
[NAV] navigate_to: goal=(8.0,70.0) θ=any, from=(19.1,65.0), obstacles=11
[NAV] state RETREATING -> PRE_ROTATING pose=(19.1,65.0,θ=77.1°) pre_target_θ=162.0° heading_err=+84.9°
[NAV] state PRE_ROTATING -> FOLLOWING pose=(19.0,64.9,θ=119.4°) path_waypoints=16 final_wp=(8.2,69.8)
nav_baseline_penalise: status=success reached=True distance_to_goal_cm=1.6 sim_time_s=88.133 -> /scratch/tdn39/real_exp/results/twohop_v3_multiobject/navigation_realstack_all100_margin_0p1cm_v1/scenes/hard1-hard1/twohop_multi_01018/nav_baseline_penalise
