[NAV] navigate_to: goal=(24.5,64.0) θ=any, from=(8.0,9.0), obstacles=11
[NAV] state - -> PRE_ROTATING pose=(8.0,9.0,θ=0.0°) pre_target_θ=-18.4° heading_err=-18.4°
[NAV] state PRE_ROTATING -> FOLLOWING pose=(8.0,9.0,θ=-0.0°) path_waypoints=98 final_wp=(24.8,63.8)
[NAV] !! NO PROGRESS (under_commanded): robot at (31.1,34.8,θ=94.0°) has not moved 0.5 cm or turned 3.0° in 3.0s. Treating as FAILED so the subgoal can end.
[NAV] Retreating to (32.3, 30.0)
[NAV] state FOLLOWING -> RETREATING pose=(31.1,34.7,θ=94.1°)
[NAV] Retreat done after 11 ticks (reached the cell); drive FAILED (under_commanded).
[NAV] navigate_to: goal=(24.5,64.0) θ=any, from=(31.3,33.1), obstacles=11
[NAV] state RETREATING -> PRE_ROTATING pose=(31.3,33.1,θ=100.5°) pre_target_θ=134.1° heading_err=+33.6°
[NAV] state PRE_ROTATING -> FOLLOWING pose=(31.3,33.2,θ=99.7°) path_waypoints=42 final_wp=(24.8,63.8)
[NAV] !! NO PROGRESS (blocked): robot at (30.3,34.8,θ=91.9°) has not moved 0.5 cm or turned 3.0° in 3.0s. Treating as FAILED so the subgoal can end.
[NAV] Retreating to (32.1, 30.2)
[NAV] state FOLLOWING -> RETREATING pose=(30.3,34.7,θ=90.0°)
[NAV] Retreat done after 13 ticks (reached the cell); drive FAILED (blocked).
[NAV] navigate_to: goal=(24.5,64.0) θ=any, from=(30.6,33.1), obstacles=11
[NAV] state RETREATING -> PRE_ROTATING pose=(30.6,33.1,θ=113.0°) pre_target_θ=131.5° heading_err=+18.5°
[NAV] state PRE_ROTATING -> FOLLOWING pose=(30.5,33.2,θ=115.7°) path_waypoints=41 final_wp=(24.8,63.8)
[NAV] !! NO PROGRESS (blocked): robot at (27.0,46.6,θ=147.4°) has not moved 0.5 cm or turned 3.0° in 3.0s. Treating as FAILED so the subgoal can end.
[NAV] Retreating to (36.2, 34.7)
[NAV] state FOLLOWING -> RETREATING pose=(27.2,46.6,θ=146.9°)
[NAV] Retreat done after 83 ticks (reached the cell); drive FAILED (blocked).
[NAV] navigate_to: goal=(24.5,64.0) θ=any, from=(34.6,37.5), obstacles=11
[NAV] state RETREATING -> PRE_ROTATING pose=(34.6,37.5,θ=120.5°) pre_target_θ=131.1° heading_err=+10.6°
[NAV] state PRE_ROTATING -> FOLLOWING pose=(34.6,37.5,θ=120.1°) path_waypoints=41 final_wp=(24.8,63.8)
[NAV] !! NO PROGRESS (blocked): robot at (24.0,43.0,θ=132.2°) has not moved 0.5 cm or turned 3.0° in 3.0s. Treating as FAILED so the subgoal can end.
[NAV] Retreating to (25.9, 38.3)
[NAV] state FOLLOWING -> RETREATING pose=(24.0,42.9,θ=131.9°)
[NAV] Retreat done after 11 ticks (reached the cell); drive FAILED (blocked).
[NAV] navigate_to: goal=(24.5,64.0) θ=any, from=(24.9,41.5), obstacles=11
[NAV] state RETREATING -> PRE_ROTATING pose=(24.9,41.5,θ=116.4°) pre_target_θ=123.1° heading_err=+6.7°
[NAV] state PRE_ROTATING -> FOLLOWING pose=(24.8,41.6,θ=116.0°) path_waypoints=27 final_wp=(24.8,63.8)
[NAV] !! NO PROGRESS (blocked): robot at (24.1,43.1,θ=131.4°) has not moved 0.5 cm or turned 3.0° in 3.0s. Treating as FAILED so the subgoal can end.
[NAV] Retreating to (26.0, 38.4)
[NAV] state FOLLOWING -> RETREATING pose=(24.2,43.1,θ=131.3°)
[NAV] Retreat done after 13 ticks (reached the cell); drive FAILED (blocked).
[NAV] navigate_to: goal=(24.5,64.0) θ=any, from=(25.0,41.6), obstacles=11
[NAV] state RETREATING -> PRE_ROTATING pose=(25.0,41.6,θ=116.7°) pre_target_θ=122.5° heading_err=+5.8°
[NAV] state PRE_ROTATING -> FOLLOWING pose=(25.1,41.6,θ=117.0°) path_waypoints=27 final_wp=(24.8,63.8)
[NAV] !! NO PROGRESS (blocked): robot at (24.3,43.2,θ=131.4°) has not moved 0.5 cm or turned 3.0° in 3.0s. Treating as FAILED so the subgoal can end.
[NAV] Retreating to (26.1, 38.5)
[NAV] state FOLLOWING -> RETREATING pose=(24.4,43.1,θ=129.8°)
[NAV] Retreat done after 10 ticks (reached the cell); drive FAILED (blocked).
nav_baseline_ignore: status=failure reached=False distance_to_goal_cm=22.19 sim_time_s=100.700 -> /scratch/tdn39/real_exp/results/twohop_v3_multiobject/navigation_realstack_all100_margin_0p1cm_v1/scenes/hard1-hard1/twohop_multi_00466/nav_baseline_ignore
[NAV] navigate_to: goal=(24.5,64.0) θ=any, from=(8.0,9.0), obstacles=11
[NAV] state - -> PRE_ROTATING pose=(8.0,9.0,θ=0.0°) pre_target_θ=-18.4° heading_err=-18.4°
[NAV] state PRE_ROTATING -> FOLLOWING pose=(8.0,9.0,θ=-0.0°) path_waypoints=116 final_wp=(24.8,64.2)
[NAV] !! NO PROGRESS (under_commanded): robot at (32.6,35.0,θ=95.0°) has not moved 0.5 cm or turned 3.0° in 3.0s. Treating as FAILED so the subgoal can end.
[NAV] Retreating to (32.1, 30.0)
[NAV] state FOLLOWING -> RETREATING pose=(32.6,34.8,θ=96.1°)
[NAV] Retreat done after 9 ticks (reached the cell); drive FAILED (under_commanded).
[NAV] navigate_to: goal=(24.5,64.0) θ=any, from=(32.7,33.2), obstacles=11
[NAV] state RETREATING -> PRE_ROTATING pose=(32.7,33.2,θ=90.2°) pre_target_θ=172.9° heading_err=+82.7°
[NAV] state PRE_ROTATING -> FOLLOWING pose=(32.6,33.2,θ=132.2°) path_waypoints=61 final_wp=(24.8,64.2)
[NAV] !! NO PROGRESS (blocked): robot at (18.4,51.7,θ=5.3°) has not moved 0.5 cm or turned 3.0° in 3.0s. Treating as FAILED so the subgoal can end.
[NAV] Retreating to (13.5, 50.8)
[NAV] state FOLLOWING -> RETREATING pose=(18.3,51.6,θ=5.4°)
[NAV] Retreat done after 21 ticks (reached the cell); drive FAILED (blocked).
[NAV] navigate_to: goal=(24.5,64.0) θ=any, from=(17.0,51.0), obstacles=11
[NAV] state RETREATING -> PRE_ROTATING pose=(17.0,51.0,θ=-7.2°) pre_target_θ=39.3° heading_err=+46.5°
[NAV] state PRE_ROTATING -> FOLLOWING pose=(17.2,51.0,θ=-3.7°) path_waypoints=20 final_wp=(24.2,64.2)
[NAV] !! NO PROGRESS (blocked): robot at (18.5,51.3,θ=5.4°) has not moved 0.5 cm or turned 3.0° in 3.0s. Treating as FAILED so the subgoal can end.
[NAV] Retreating to (13.5, 50.8)
[NAV] state FOLLOWING -> RETREATING pose=(18.3,51.3,θ=6.4°)
[NAV] Retreat done after 9 ticks (reached the cell); drive FAILED (blocked).
[NAV] navigate_to: goal=(24.5,64.0) θ=any, from=(16.8,51.1), obstacles=11
[NAV] state RETREATING -> PRE_ROTATING pose=(16.8,51.1,θ=5.7°) pre_target_θ=25.3° heading_err=+19.7°
[NAV] state PRE_ROTATING -> FOLLOWING pose=(16.7,51.1,θ=7.6°) path_waypoints=21 final_wp=(24.8,64.2)
[NAV] !! NO PROGRESS (blocked): robot at (18.4,51.7,θ=5.3°) has not moved 0.5 cm or turned 3.0° in 3.0s. Treating as FAILED so the subgoal can end.
[NAV] Retreating to (13.5, 50.8)
[NAV] state FOLLOWING -> RETREATING pose=(18.4,51.7,θ=5.6°)
[NAV] Retreat done after 22 ticks (reached the cell); drive FAILED (blocked).
[NAV] navigate_to: goal=(24.5,64.0) θ=any, from=(17.0,51.1), obstacles=11
[NAV] state RETREATING -> PRE_ROTATING pose=(17.0,51.1,θ=-7.6°) pre_target_θ=26.2° heading_err=+33.9°
[NAV] state PRE_ROTATING -> FOLLOWING pose=(17.2,51.1,θ=-6.9°) path_waypoints=21 final_wp=(24.8,63.8)
[NAV] !! NO PROGRESS (blocked): robot at (18.5,51.1,θ=5.5°) has not moved 0.5 cm or turned 3.0° in 3.0s. Treating as FAILED so the subgoal can end.
[NAV] Retreating to (13.5, 50.6)
[NAV] state FOLLOWING -> RETREATING pose=(18.4,51.1,θ=6.5°)
[NAV] Retreat done after 8 ticks (reached the cell); drive FAILED (blocked).
[NAV] navigate_to: goal=(24.5,64.0) θ=any, from=(16.7,50.9), obstacles=11
[NAV] state RETREATING -> PRE_ROTATING pose=(16.7,50.9,θ=6.4°) pre_target_θ=27.8° heading_err=+21.4°
[NAV] state PRE_ROTATING -> FOLLOWING pose=(16.8,50.9,θ=6.5°) path_waypoints=22 final_wp=(24.8,64.2)
[NAV] !! NO PROGRESS (blocked): robot at (18.5,51.4,θ=5.4°) has not moved 0.5 cm or turned 3.0° in 3.0s. Treating as FAILED so the subgoal can end.
[NAV] Retreating to (13.5, 51.0)
[NAV] state FOLLOWING -> RETREATING pose=(18.4,51.4,θ=5.5°)
[NAV] Retreat done after 10 ticks (reached the cell); drive FAILED (blocked).
nav_baseline_penalise: status=failure reached=False distance_to_goal_cm=14.96 sim_time_s=88.600 -> /scratch/tdn39/real_exp/results/twohop_v3_multiobject/navigation_realstack_all100_margin_0p1cm_v1/scenes/hard1-hard1/twohop_multi_00466/nav_baseline_penalise
