[NAV] navigate_to: goal=(33.0,68.0) θ=any, from=(16.0,9.0), obstacles=11
[NAV] state - -> PRE_ROTATING pose=(16.0,9.0,θ=0.0°) pre_target_θ=129.3° heading_err=+129.3°
[NAV] state PRE_ROTATING -> FOLLOWING pose=(16.0,9.2,θ=91.0°) path_waypoints=84 final_wp=(33.2,68.2)
[NAV] !! NO PROGRESS (blocked): robot at (12.4,37.0,θ=83.1°) has not moved 0.5 cm or turned 3.0° in 3.0s. Treating as FAILED so the subgoal can end.
[NAV] Retreating to (10.1, 32.5)
[NAV] state FOLLOWING -> RETREATING pose=(12.4,36.9,θ=82.3°)
[NAV] Retreat done after 10 ticks (reached the cell); drive FAILED (blocked).
[NAV] navigate_to: goal=(33.0,68.0) θ=any, from=(11.9,35.4), obstacles=11
[NAV] state RETREATING -> PRE_ROTATING pose=(11.9,35.4,θ=72.8°) pre_target_θ=75.4° heading_err=+2.6°
[NAV] state PRE_ROTATING -> FOLLOWING pose=(11.9,35.5,θ=72.1°) path_waypoints=54 final_wp=(33.2,68.2)
[NAV] !! NO PROGRESS (blocked): robot at (13.1,37.0,θ=86.8°) has not moved 0.5 cm or turned 3.0° in 3.0s. Treating as FAILED so the subgoal can end.
[NAV] Retreating to (11.1, 32.4)
[NAV] state FOLLOWING -> RETREATING pose=(13.0,36.9,θ=86.3°)
[NAV] Retreat done after 9 ticks (reached the cell); drive FAILED (blocked).
[NAV] navigate_to: goal=(33.0,68.0) θ=any, from=(12.8,35.3), obstacles=11
[NAV] state RETREATING -> PRE_ROTATING pose=(12.8,35.3,θ=77.7°) pre_target_θ=84.0° heading_err=+6.3°
[NAV] state PRE_ROTATING -> FOLLOWING pose=(12.9,35.3,θ=81.1°) path_waypoints=54 final_wp=(33.2,68.2)
[NAV] !! NO PROGRESS (blocked): robot at (12.9,37.0,θ=86.7°) has not moved 0.5 cm or turned 3.0° in 3.0s. Treating as FAILED so the subgoal can end.
[NAV] Retreating to (11.0, 32.4)
[NAV] state FOLLOWING -> RETREATING pose=(13.0,36.7,θ=87.7°)
[NAV] Retreat done after 9 ticks (reached the cell); drive FAILED (blocked).
[NAV] navigate_to: goal=(33.0,68.0) θ=any, from=(12.7,35.2), obstacles=11
[NAV] state RETREATING -> PRE_ROTATING pose=(12.7,35.2,θ=76.8°) pre_target_θ=89.0° heading_err=+12.2°
[NAV] state PRE_ROTATING -> FOLLOWING pose=(12.7,35.2,θ=77.2°) path_waypoints=54 final_wp=(33.2,68.2)
[NAV] !! NO PROGRESS (blocked): robot at (13.4,37.0,θ=89.4°) has not moved 0.5 cm or turned 3.0° in 3.0s. Treating as FAILED so the subgoal can end.
[NAV] Retreating to (11.7, 32.3)
[NAV] state FOLLOWING -> RETREATING pose=(13.4,36.9,θ=88.6°)
[NAV] Retreat done after 12 ticks (reached the cell); drive FAILED (blocked).
[NAV] navigate_to: goal=(33.0,68.0) θ=any, from=(13.1,35.4), obstacles=11
[NAV] state RETREATING -> PRE_ROTATING pose=(13.1,35.4,θ=77.1°) pre_target_θ=87.2° heading_err=+10.1°
[NAV] state PRE_ROTATING -> FOLLOWING pose=(13.1,35.6,θ=77.3°) path_waypoints=55 final_wp=(33.2,68.2)
[NAV] !! NO PROGRESS (blocked): robot at (13.6,37.0,θ=90.6°) has not moved 0.5 cm or turned 3.0° in 3.0s. Treating as FAILED so the subgoal can end.
[NAV] Retreating to (11.9, 32.3)
[NAV] state FOLLOWING -> RETREATING pose=(13.6,36.9,θ=90.4°)
[NAV] Retreat done after 13 ticks (reached the cell); drive FAILED (blocked).
[NAV] navigate_to: goal=(33.0,68.0) θ=any, from=(13.3,35.3), obstacles=11
[NAV] state RETREATING -> PRE_ROTATING pose=(13.3,35.3,θ=76.3°) pre_target_θ=90.3° heading_err=+13.9°
[NAV] state PRE_ROTATING -> FOLLOWING pose=(13.3,35.4,θ=76.8°) path_waypoints=55 final_wp=(33.2,68.2)
[NAV] !! NO PROGRESS (blocked): robot at (13.6,37.0,θ=91.1°) has not moved 0.5 cm or turned 3.0° in 3.0s. Treating as FAILED so the subgoal can end.
[NAV] Retreating to (12.0, 32.3)
[NAV] state FOLLOWING -> RETREATING pose=(13.6,36.8,θ=92.1°)
[NAV] Retreat done after 12 ticks (reached the cell); drive FAILED (blocked).
nav_baseline_ignore: status=failure reached=False distance_to_goal_cm=38.03 sim_time_s=39.433 -> /scratch/tdn39/real_exp/results/twohop_v3_multiobject/navigation_realstack_all100_margin_0p1cm_v1/scenes/hard1-hard1/twohop_multi_00477/nav_baseline_ignore
[NAV] navigate_to: goal=(33.0,68.0) θ=any, from=(16.0,9.0), obstacles=11
[NAV] state - -> PRE_ROTATING pose=(16.0,9.0,θ=0.0°) pre_target_θ=45.0° heading_err=+45.0°
[NAV] state PRE_ROTATING -> FOLLOWING pose=(16.1,9.0,θ=2.8°) path_waypoints=96 final_wp=(33.2,68.2)
[NAV] !! NO PROGRESS (under_commanded): robot at (10.4,26.2,θ=-180.0°) has not moved 0.5 cm or turned 3.0° in 3.0s. Treating as FAILED so the subgoal can end.
[NAV] Retreating to (15.1, 24.5)
[NAV] state FOLLOWING -> RETREATING pose=(10.5,26.2,θ=179.7°)
[NAV] Retreat done after 12 ticks (reached the cell); drive FAILED (under_commanded).
[NAV] navigate_to: goal=(33.0,68.0) θ=any, from=(12.1,25.8), obstacles=11
[NAV] state RETREATING -> PRE_ROTATING pose=(12.1,25.8,θ=166.4°) pre_target_θ=88.1° heading_err=-78.3°
[NAV] state PRE_ROTATING -> FOLLOWING pose=(12.0,25.9,θ=125.5°) path_waypoints=65 final_wp=(33.2,68.2)
[NAV] !! NO PROGRESS (under_commanded): robot at (35.0,64.3,θ=54.4°) has not moved 0.5 cm or turned 3.0° in 3.0s. Treating as FAILED so the subgoal can end.
[NAV] Retreating to (30.8, 61.4)
[NAV] state FOLLOWING -> RETREATING pose=(34.8,64.1,θ=52.0°)
[NAV] Retreat done after 11 ticks (reached the cell); drive FAILED (under_commanded).
nav_baseline_penalise: status=success reached=True distance_to_goal_cm=4.91 sim_time_s=28.767 -> /scratch/tdn39/real_exp/results/twohop_v3_multiobject/navigation_realstack_all100_margin_0p1cm_v1/scenes/hard1-hard1/twohop_multi_00477/nav_baseline_penalise
