[NAV] navigate_to: goal=(24.5,64.0) θ=any, from=(16.0,9.0), obstacles=11
[NAV] state - -> PRE_ROTATING pose=(16.0,9.0,θ=0.0°) pre_target_θ=129.3° heading_err=+129.3°
[NAV] state PRE_ROTATING -> FOLLOWING pose=(16.0,9.2,θ=91.0°) path_waypoints=65 final_wp=(24.8,63.8)
[NAV] !! NO PROGRESS (blocked): robot at (22.7,48.5,θ=145.6°) has not moved 0.5 cm or turned 3.0° in 3.0s. Treating as FAILED so the subgoal can end.
[NAV] Retreating to (25.6, 44.4)
[NAV] state FOLLOWING -> RETREATING pose=(22.8,48.4,θ=145.8°)
[NAV] Retreat done after 11 ticks (reached the cell); drive FAILED (blocked).
[NAV] navigate_to: goal=(24.5,64.0) θ=any, from=(23.9,47.4), obstacles=11
[NAV] state RETREATING -> PRE_ROTATING pose=(23.9,47.4,θ=131.2°) pre_target_θ=115.8° heading_err=-15.4°
[NAV] state PRE_ROTATING -> FOLLOWING pose=(23.8,47.5,θ=130.4°) path_waypoints=21 final_wp=(24.8,63.8)
[NAV] !! NO PROGRESS (blocked): robot at (23.4,49.6,θ=150.6°) has not moved 0.5 cm or turned 3.0° in 3.0s. Treating as FAILED so the subgoal can end.
[NAV] Retreating to (26.6, 45.8)
[NAV] state FOLLOWING -> RETREATING pose=(23.4,49.6,θ=150.1°)
[NAV] Retreat done after 12 ticks (reached the cell); drive FAILED (blocked).
[NAV] navigate_to: goal=(24.5,64.0) θ=any, from=(24.6,48.5), obstacles=11
[NAV] state RETREATING -> PRE_ROTATING pose=(24.6,48.5,θ=136.3°) pre_target_θ=125.7° heading_err=-10.6°
[NAV] state PRE_ROTATING -> FOLLOWING pose=(24.4,48.7,θ=135.4°) path_waypoints=20 final_wp=(24.8,63.8)
[NAV] !! NO PROGRESS (blocked): robot at (23.8,50.8,θ=157.5°) has not moved 0.5 cm or turned 3.0° in 3.0s. Treating as FAILED so the subgoal can end.
[NAV] Retreating to (29.7, 45.4)
[NAV] state FOLLOWING -> RETREATING pose=(24.0,50.7,θ=158.4°)
[NAV] Retreat done after 90 ticks (ran out of ticks); drive FAILED (blocked).
[NAV] navigate_to: goal=(24.5,64.0) θ=any, from=(25.1,49.4), obstacles=11
[NAV] state RETREATING -> PRE_ROTATING pose=(25.1,49.4,θ=165.9°) pre_target_θ=139.9° heading_err=-26.0°
[NAV] state PRE_ROTATING -> FOLLOWING pose=(24.9,49.4,θ=165.2°) path_waypoints=21 final_wp=(24.8,63.8)
[NAV] !! NO PROGRESS (blocked): robot at (23.5,49.9,θ=155.0°) has not moved 0.5 cm or turned 3.0° in 3.0s. Treating as FAILED so the subgoal can end.
[NAV] Retreating to (28.4, 44.9)
[NAV] state FOLLOWING -> RETREATING pose=(23.5,49.9,θ=154.9°)
[NAV] Retreat done after 90 ticks (ran out of ticks); drive FAILED (blocked).
[NAV] navigate_to: goal=(24.5,64.0) θ=any, from=(25.4,47.3), obstacles=11
[NAV] state RETREATING -> PRE_ROTATING pose=(25.4,47.3,θ=168.2°) pre_target_θ=137.1° heading_err=-31.1°
[NAV] state PRE_ROTATING -> FOLLOWING pose=(25.3,47.3,θ=169.3°) path_waypoints=23 final_wp=(24.8,63.8)
[NAV] !! NO PROGRESS (blocked): robot at (22.6,48.3,θ=148.3°) has not moved 0.5 cm or turned 3.0° in 3.0s. Treating as FAILED so the subgoal can end.
[NAV] Retreating to (25.7, 44.4)
[NAV] state FOLLOWING -> RETREATING pose=(22.7,48.2,θ=148.1°)
[NAV] Retreat done after 12 ticks (reached the cell); drive FAILED (blocked).
[NAV] navigate_to: goal=(24.5,64.0) θ=any, from=(23.8,47.2), obstacles=11
[NAV] state RETREATING -> PRE_ROTATING pose=(23.8,47.2,θ=134.2°) pre_target_θ=112.8° heading_err=-21.4°
[NAV] state PRE_ROTATING -> FOLLOWING pose=(23.7,47.2,θ=136.0°) path_waypoints=21 final_wp=(24.8,63.8)
[NAV] !! NO PROGRESS (blocked): robot at (22.7,48.6,θ=144.7°) has not moved 0.5 cm or turned 3.0° in 3.0s. Treating as FAILED so the subgoal can end.
[NAV] Retreating to (25.6, 44.5)
[NAV] state FOLLOWING -> RETREATING pose=(22.8,48.5,θ=143.4°)
[NAV] Retreat done after 11 ticks (reached the cell); drive FAILED (blocked).
nav_baseline_ignore: status=failure reached=False distance_to_goal_cm=16.68 sim_time_s=53.867 -> /scratch/tdn39/real_exp/results/twohop_v3_multiobject/navigation_realstack_all100_margin_0p1cm_v1/scenes/hard1-hard1/twohop_multi_00142/nav_baseline_ignore
[NAV] navigate_to: goal=(24.5,64.0) θ=any, from=(16.0,9.0), obstacles=11
[NAV] state - -> PRE_ROTATING pose=(16.0,9.0,θ=0.0°) pre_target_θ=93.8° heading_err=+93.8°
[NAV] state PRE_ROTATING -> FOLLOWING pose=(16.1,9.1,θ=56.6°) path_waypoints=79 final_wp=(24.8,63.8)
[NAV] !! NO PROGRESS (blocked): robot at (10.4,24.4,θ=179.9°) has not moved 0.5 cm or turned 3.0° in 3.0s. Treating as FAILED so the subgoal can end.
[NAV] Retreating to (15.1, 22.7)
[NAV] state FOLLOWING -> RETREATING pose=(10.6,24.4,θ=-178.3°)
[NAV] Retreat done after 8 ticks (reached the cell); drive FAILED (blocked).
[NAV] navigate_to: goal=(24.5,64.0) θ=any, from=(12.2,24.3), obstacles=11
[NAV] state RETREATING -> PRE_ROTATING pose=(12.2,24.3,θ=173.0°) pre_target_θ=111.8° heading_err=-61.1°
[NAV] state PRE_ROTATING -> FOLLOWING pose=(12.0,24.3,θ=152.5°) path_waypoints=55 final_wp=(24.8,63.8)
[NAV] !! NO PROGRESS (under_commanded): robot at (18.9,48.5,θ=11.1°) has not moved 0.5 cm or turned 3.0° in 3.0s. Treating as FAILED so the subgoal can end.
[NAV] Retreating to (13.9, 49.3)
[NAV] state FOLLOWING -> RETREATING pose=(18.8,48.5,θ=10.4°)
[NAV] Retreat done after 10 ticks (reached the cell); drive FAILED (under_commanded).
[NAV] navigate_to: goal=(24.5,64.0) θ=any, from=(17.2,48.4), obstacles=11
[NAV] state RETREATING -> PRE_ROTATING pose=(17.2,48.4,θ=-0.9°) pre_target_θ=53.7° heading_err=+54.6°
[NAV] state PRE_ROTATING -> FOLLOWING pose=(17.1,48.4,θ=12.2°) path_waypoints=24 final_wp=(24.8,64.2)
[NAV] !! NO PROGRESS (under_commanded): robot at (18.7,49.2,θ=10.9°) has not moved 0.5 cm or turned 3.0° in 3.0s. Treating as FAILED so the subgoal can end.
[NAV] Retreating to (13.8, 50.0)
[NAV] state FOLLOWING -> RETREATING pose=(18.6,49.2,θ=11.0°)
[NAV] Retreat done after 13 ticks (reached the cell); drive FAILED (under_commanded).
[NAV] navigate_to: goal=(24.5,64.0) θ=any, from=(17.0,49.2), obstacles=11
[NAV] state RETREATING -> PRE_ROTATING pose=(17.0,49.2,θ=-2.2°) pre_target_θ=42.6° heading_err=+44.7°
[NAV] state PRE_ROTATING -> FOLLOWING pose=(17.0,49.3,θ=-0.2°) path_waypoints=22 final_wp=(24.8,63.8)
[NAV] !! NO PROGRESS (blocked): robot at (18.6,49.7,θ=10.7°) has not moved 0.5 cm or turned 3.0° in 3.0s. Treating as FAILED so the subgoal can end.
[NAV] Retreating to (13.7, 50.5)
[NAV] state FOLLOWING -> RETREATING pose=(18.6,49.7,θ=11.0°)
[NAV] Retreat done after 10 ticks (reached the cell); drive FAILED (blocked).
[NAV] navigate_to: goal=(24.5,64.0) θ=any, from=(16.9,49.8), obstacles=11
[NAV] state RETREATING -> PRE_ROTATING pose=(16.9,49.8,θ=0.6°) pre_target_θ=41.0° heading_err=+40.3°
[NAV] state PRE_ROTATING -> FOLLOWING pose=(16.8,49.8,θ=2.2°) path_waypoints=24 final_wp=(24.8,64.2)
[NAV] !! NO PROGRESS (under_commanded): robot at (18.5,50.5,θ=10.3°) has not moved 0.5 cm or turned 3.0° in 3.0s. Treating as FAILED so the subgoal can end.
[NAV] Retreating to (13.5, 50.9)
[NAV] state FOLLOWING -> RETREATING pose=(18.4,50.5,θ=11.1°)
[NAV] Retreat done after 12 ticks (reached the cell); drive FAILED (under_commanded).
[NAV] navigate_to: goal=(24.5,64.0) θ=any, from=(16.7,50.4), obstacles=11
[NAV] state RETREATING -> PRE_ROTATING pose=(16.7,50.4,θ=-0.7°) pre_target_θ=27.0° heading_err=+27.7°
[NAV] state PRE_ROTATING -> FOLLOWING pose=(16.7,50.4,θ=0.7°) path_waypoints=24 final_wp=(24.8,64.2)
[NAV] !! NO PROGRESS (blocked): robot at (18.4,51.0,θ=10.0°) has not moved 0.5 cm or turned 3.0° in 3.0s. Treating as FAILED so the subgoal can end.
[NAV] Retreating to (13.4, 50.6)
[NAV] state FOLLOWING -> RETREATING pose=(18.3,51.0,θ=7.3°)
[NAV] Retreat done after 10 ticks (reached the cell); drive FAILED (blocked).
nav_baseline_penalise: status=failure reached=False distance_to_goal_cm=15.28 sim_time_s=52.567 -> /scratch/tdn39/real_exp/results/twohop_v3_multiobject/navigation_realstack_all100_margin_0p1cm_v1/scenes/hard1-hard1/twohop_multi_00142/nav_baseline_penalise
