[NAV] navigate_to: goal=(24.5,68.0) θ=any, from=(8.0,9.0), obstacles=11
[NAV] state - -> PRE_ROTATING pose=(8.0,9.0,θ=0.0°) pre_target_θ=-3.8° heading_err=-3.8°
[NAV] state PRE_ROTATING -> FOLLOWING pose=(8.0,9.0,θ=0.0°) path_waypoints=103 final_wp=(24.8,67.8)
[NAV] !! NO PROGRESS (under_commanded): robot at (26.4,66.6,θ=90.0°) has not moved 0.5 cm or turned 3.0° in 3.0s. Treating as FAILED so the subgoal can end.
[NAV] Retreating to (24.7, 61.9)
[NAV] state FOLLOWING -> RETREATING pose=(26.4,66.4,θ=89.2°)
[NAV] Retreat done after 11 ticks (reached the cell); drive FAILED (under_commanded).
nav_baseline_ignore: status=success reached=True distance_to_goal_cm=3.47 sim_time_s=78.100 -> /scratch/tdn39/real_exp/results/twohop_v3_multiobject/navigation_realstack_all100_margin_0p1cm_v1/scenes/hard1-hard1/twohop_multi_00524/nav_baseline_ignore
[NAV] navigate_to: goal=(24.5,68.0) θ=any, from=(8.0,9.0), obstacles=11
[NAV] state - -> PRE_ROTATING pose=(8.0,9.0,θ=0.0°) pre_target_θ=-3.8° heading_err=-3.8°
[NAV] state PRE_ROTATING -> FOLLOWING pose=(8.0,9.0,θ=0.0°) path_waypoints=102 final_wp=(24.8,67.8)
[NAV] !! NO PROGRESS (blocked): robot at (28.8,22.8,θ=43.6°) has not moved 0.5 cm or turned 3.0° in 3.0s. Treating as FAILED so the subgoal can end.
[NAV] Retreating to (26.1, 18.5)
[NAV] state FOLLOWING -> RETREATING pose=(28.7,22.8,θ=43.2°)
[NAV] Retreat done after 12 ticks (reached the cell); drive FAILED (blocked).
[NAV] navigate_to: goal=(24.5,68.0) θ=any, from=(27.7,21.5), obstacles=11
[NAV] state RETREATING -> PRE_ROTATING pose=(27.7,21.5,θ=52.8°) pre_target_θ=113.4° heading_err=+60.6°
[NAV] state PRE_ROTATING -> FOLLOWING pose=(27.7,21.6,θ=75.0°) path_waypoints=69 final_wp=(24.8,67.8)
[NAV] !! NO PROGRESS (under_commanded): robot at (26.6,66.6,θ=89.9°) has not moved 0.5 cm or turned 3.0° in 3.0s. Treating as FAILED so the subgoal can end.
[NAV] Retreating to (24.9, 61.9)
[NAV] state FOLLOWING -> RETREATING pose=(26.6,66.4,θ=90.3°)
[NAV] Retreat done after 10 ticks (reached the cell); drive FAILED (under_commanded).
nav_baseline_penalise: status=success reached=True distance_to_goal_cm=3.65 sim_time_s=57.433 -> /scratch/tdn39/real_exp/results/twohop_v3_multiobject/navigation_realstack_all100_margin_0p1cm_v1/scenes/hard1-hard1/twohop_multi_00524/nav_baseline_penalise
