[NAV] navigate_to: goal=(24.5,64.0) θ=any, from=(8.0,9.0), obstacles=11
[NAV] state - -> PRE_ROTATING pose=(8.0,9.0,θ=0.0°) pre_target_θ=-18.4° heading_err=-18.4°
[NAV] state PRE_ROTATING -> FOLLOWING pose=(8.0,9.0,θ=-0.0°) path_waypoints=97 final_wp=(24.8,63.8)
[NAV] !! NO PROGRESS (under_commanded): robot at (30.8,34.1,θ=80.2°) has not moved 0.5 cm or turned 3.0° in 3.0s. Treating as FAILED so the subgoal can end.
[NAV] Retreating to (31.6, 29.1)
[NAV] state FOLLOWING -> RETREATING pose=(30.8,34.0,θ=80.3°)
[NAV] Retreat done after 12 ticks (reached the cell); drive FAILED (under_commanded).
[NAV] navigate_to: goal=(24.5,64.0) θ=any, from=(30.8,32.3), obstacles=11
[NAV] state RETREATING -> PRE_ROTATING pose=(30.8,32.3,θ=95.7°) pre_target_θ=136.0° heading_err=+40.4°
[NAV] state PRE_ROTATING -> FOLLOWING pose=(30.8,32.5,θ=99.8°) path_waypoints=41 final_wp=(24.8,63.8)
[NAV] !! NO PROGRESS (under_commanded): robot at (28.7,34.4,θ=79.6°) has not moved 0.5 cm or turned 3.0° in 3.0s. Treating as FAILED so the subgoal can end.
[NAV] No free cell behind the robot; backing out blind.
[NAV] state FOLLOWING -> RETREATING pose=(28.7,34.3,θ=79.6°)
[NAV] Retreat done after 90 ticks (ran out of ticks); drive FAILED (under_commanded).
[NAV] navigate_to: goal=(24.5,64.0) θ=any, from=(27.9,30.5), obstacles=11
[NAV] state RETREATING -> PRE_ROTATING pose=(27.9,30.5,θ=90.4°) pre_target_θ=117.4° heading_err=+27.0°
[NAV] state PRE_ROTATING -> FOLLOWING pose=(27.9,30.7,θ=93.6°) path_waypoints=40 final_wp=(24.8,63.8)
[NAV] !! NO PROGRESS (blocked): robot at (24.1,46.3,θ=152.8°) has not moved 0.5 cm or turned 3.0° in 3.0s. Treating as FAILED so the subgoal can end.
[NAV] No free cell behind the robot; backing out blind.
[NAV] state FOLLOWING -> RETREATING pose=(24.2,46.2,θ=152.4°)
