[NAV] navigate_to: goal=(8.0,68.0) θ=any, from=(24.5,9.0), obstacles=11
[NAV] state - -> PRE_ROTATING pose=(24.5,9.0,θ=0.0°) pre_target_θ=118.3° heading_err=+118.3°
[NAV] state PRE_ROTATING -> FOLLOWING pose=(24.5,9.2,θ=78.5°) path_waypoints=87 final_wp=(8.8,68.2)
[NAV] !! NO PROGRESS (blocked): robot at (13.7,66.4,θ=98.7°) has not moved 0.5 cm or turned 3.0° in 3.0s. Treating as FAILED so the subgoal can end.
[NAV] Retreating to (12.7, 61.5)
[NAV] state FOLLOWING -> RETREATING pose=(13.7,66.4,θ=98.9°)
[NAV] Retreat done after 11 ticks (reached the cell); drive FAILED (blocked).
[NAV] navigate_to: goal=(8.0,68.0) θ=any, from=(13.7,64.7), obstacles=11
[NAV] state RETREATING -> PRE_ROTATING pose=(13.7,64.7,θ=87.3°) pre_target_θ=133.4° heading_err=+46.1°
[NAV] state PRE_ROTATING -> FOLLOWING pose=(13.7,64.7,θ=93.0°) path_waypoints=10 final_wp=(8.2,68.2)
[NAV] !! NO PROGRESS (under_commanded): robot at (12.2,66.6,θ=90.4°) has not moved 0.5 cm or turned 3.0° in 3.0s. Treating as FAILED so the subgoal can end.
[NAV] Retreating to (10.5, 61.9)
[NAV] state FOLLOWING -> RETREATING pose=(12.2,66.5,θ=90.9°)
[NAV] Retreat done after 13 ticks (reached the cell); drive FAILED (under_commanded).
nav_baseline_ignore: status=success reached=True distance_to_goal_cm=4.89 sim_time_s=50.100 -> /scratch/tdn39/real_exp/results/twohop_v3_multiobject/navigation_realstack_all100_margin_0p1cm_v1/scenes/hard1-hard1/twohop_multi_00194/nav_baseline_ignore
[NAV] navigate_to: goal=(8.0,68.0) θ=any, from=(24.5,9.0), obstacles=11
[NAV] state - -> PRE_ROTATING pose=(24.5,9.0,θ=0.0°) pre_target_θ=55.3° heading_err=+55.3°
[NAV] state PRE_ROTATING -> FOLLOWING pose=(24.5,9.0,θ=16.9°) path_waypoints=92 final_wp=(8.8,68.2)
[NAV] !! NO PROGRESS (blocked): robot at (13.5,66.9,θ=129.6°) has not moved 0.5 cm or turned 3.0° in 3.0s. Treating as FAILED so the subgoal can end.
[NAV] Retreating to (15.2, 62.2)
[NAV] state FOLLOWING -> RETREATING pose=(13.6,66.9,θ=129.5°)
[NAV] Retreat done after 11 ticks (reached the cell); drive FAILED (blocked).
[NAV] navigate_to: goal=(8.0,68.0) θ=any, from=(14.4,65.4), obstacles=11
[NAV] state RETREATING -> PRE_ROTATING pose=(14.4,65.4,θ=115.7°) pre_target_θ=-177.7° heading_err=+66.7°
[NAV] state PRE_ROTATING -> FOLLOWING pose=(14.4,65.4,θ=142.0°) path_waypoints=10 final_wp=(8.2,67.8)
[NAV] !! NO PROGRESS (blocked): robot at (12.3,65.9,θ=134.0°) has not moved 0.5 cm or turned 3.0° in 3.0s. Treating as FAILED so the subgoal can end.
[NAV] Retreating to (14.3, 61.3)
[NAV] state FOLLOWING -> RETREATING pose=(12.4,65.8,θ=134.6°)
[NAV] Retreat done after 11 ticks (reached the cell); drive FAILED (blocked).
[NAV] navigate_to: goal=(8.0,68.0) θ=any, from=(13.3,64.5), obstacles=11
[NAV] state RETREATING -> PRE_ROTATING pose=(13.3,64.5,θ=119.7°) pre_target_θ=149.6° heading_err=+29.9°
[NAV] state PRE_ROTATING -> FOLLOWING pose=(13.3,64.5,θ=121.9°) path_waypoints=10 final_wp=(8.2,68.2)
[NAV] !! NO PROGRESS (blocked): robot at (12.2,65.8,θ=134.5°) has not moved 0.5 cm or turned 3.0° in 3.0s. Treating as FAILED so the subgoal can end.
[NAV] Retreating to (14.2, 61.2)
[NAV] state FOLLOWING -> RETREATING pose=(12.2,65.7,θ=134.4°)
[NAV] Retreat done after 12 ticks (reached the cell); drive FAILED (blocked).
[NAV] navigate_to: goal=(8.0,68.0) θ=any, from=(13.1,64.4), obstacles=11
[NAV] state RETREATING -> PRE_ROTATING pose=(13.1,64.4,θ=121.3°) pre_target_θ=144.2° heading_err=+22.9°
[NAV] state PRE_ROTATING -> FOLLOWING pose=(13.0,64.5,θ=121.7°) path_waypoints=10 final_wp=(8.2,68.2)
[NAV] !! NO PROGRESS (blocked): robot at (12.2,65.8,θ=135.5°) has not moved 0.5 cm or turned 3.0° in 3.0s. Treating as FAILED so the subgoal can end.
[NAV] Retreating to (14.4, 61.3)
[NAV] state FOLLOWING -> RETREATING pose=(12.2,65.8,θ=135.5°)
[NAV] Retreat done after 13 ticks (reached the cell); drive FAILED (blocked).
[NAV] navigate_to: goal=(8.0,68.0) θ=any, from=(13.2,64.4), obstacles=11
[NAV] state RETREATING -> PRE_ROTATING pose=(13.2,64.4,θ=122.0°) pre_target_θ=147.4° heading_err=+25.4°
[NAV] state PRE_ROTATING -> FOLLOWING pose=(13.1,64.5,θ=122.4°) path_waypoints=10 final_wp=(8.2,68.2)
[NAV] !! NO PROGRESS (blocked): robot at (12.3,65.9,θ=136.8°) has not moved 0.5 cm or turned 3.0° in 3.0s. Treating as FAILED so the subgoal can end.
[NAV] Retreating to (14.5, 61.4)
[NAV] state FOLLOWING -> RETREATING pose=(12.4,65.8,θ=137.4°)
[NAV] Retreat done after 11 ticks (reached the cell); drive FAILED (blocked).
[NAV] navigate_to: goal=(8.0,68.0) θ=any, from=(13.3,64.6), obstacles=11
[NAV] state RETREATING -> PRE_ROTATING pose=(13.3,64.6,θ=124.4°) pre_target_θ=151.4° heading_err=+27.0°
[NAV] state PRE_ROTATING -> FOLLOWING pose=(13.3,64.7,θ=124.6°) path_waypoints=9 final_wp=(8.2,68.2)
[NAV] !! NO PROGRESS (blocked): robot at (10.9,69.7,θ=179.9°) has not moved 0.5 cm or turned 3.0° in 3.0s. Treating as FAILED so the subgoal can end.
[NAV] Retreating to (15.6, 68.0)
[NAV] state FOLLOWING -> RETREATING pose=(11.1,69.7,θ=-179.7°)
[NAV] Retreat done after 12 ticks (reached the cell); drive FAILED (blocked).
nav_baseline_penalise: status=success reached=True distance_to_goal_cm=4.81 sim_time_s=54.867 -> /scratch/tdn39/real_exp/results/twohop_v3_multiobject/navigation_realstack_all100_margin_0p1cm_v1/scenes/hard1-hard1/twohop_multi_00194/nav_baseline_penalise
