[NAV] navigate_to: goal=(24.5,64.0) θ=any, from=(8.0,9.0), obstacles=11
[NAV] state - -> PRE_ROTATING pose=(8.0,9.0,θ=0.0°) pre_target_θ=86.6° heading_err=+86.6°
[NAV] state PRE_ROTATING -> FOLLOWING pose=(8.1,9.1,θ=47.9°) path_waypoints=70 final_wp=(24.8,64.2)
nav_baseline_ignore: status=failure reached=False distance_to_goal_cm=15.44 sim_time_s=120.033 -> /scratch/tdn39/real_exp/results/twohop_v3_multiobject/navigation_realstack_all100_margin_0p1cm_v1/scenes/hard1-hard1/twohop_multi_00725/nav_baseline_ignore
[NAV] navigate_to: goal=(24.5,64.0) θ=any, from=(8.0,9.0), obstacles=11
[NAV] state - -> PRE_ROTATING pose=(8.0,9.0,θ=0.0°) pre_target_θ=118.3° heading_err=+118.3°
[NAV] state PRE_ROTATING -> FOLLOWING pose=(8.0,9.2,θ=78.5°) path_waypoints=77 final_wp=(24.8,64.2)
[NAV] !! NO PROGRESS (blocked): robot at (11.3,41.5,θ=78.6°) has not moved 0.5 cm or turned 3.0° in 3.0s. Treating as FAILED so the subgoal can end.
[NAV] Retreating to (8.7, 37.2)
[NAV] state FOLLOWING -> RETREATING pose=(11.3,41.4,θ=78.4°)
[NAV] Retreat done after 11 ticks (reached the cell); drive FAILED (blocked).
[NAV] navigate_to: goal=(24.5,64.0) θ=any, from=(10.7,39.9), obstacles=11
[NAV] state RETREATING -> PRE_ROTATING pose=(10.7,39.9,θ=64.3°) pre_target_θ=-2.8° heading_err=-67.2°
[NAV] state PRE_ROTATING -> FOLLOWING pose=(10.8,40.1,θ=39.2°) path_waypoints=38 final_wp=(24.8,64.2)
[NAV] !! NO PROGRESS (blocked): robot at (20.7,44.8,θ=133.5°) has not moved 0.5 cm or turned 3.0° in 3.0s. Treating as FAILED so the subgoal can end.
[NAV] No free cell behind the robot; backing out blind.
[NAV] state FOLLOWING -> RETREATING pose=(20.9,44.7,θ=134.4°)
[NAV] Retreat done after 90 ticks (ran out of ticks); drive FAILED (blocked).
[NAV] navigate_to: goal=(24.5,64.0) θ=any, from=(27.4,41.9), obstacles=11
[NAV] state RETREATING -> PRE_ROTATING pose=(27.4,41.9,θ=170.9°) pre_target_θ=138.7° heading_err=-32.2°
[NAV] state PRE_ROTATING -> FOLLOWING pose=(27.4,41.9,θ=171.3°) path_waypoints=30 final_wp=(24.8,64.2)
[NAV] !! NO PROGRESS (under_commanded): robot at (22.9,48.8,θ=159.4°) has not moved 0.5 cm or turned 3.0° in 3.0s. Treating as FAILED so the subgoal can end.
[NAV] Retreating to (26.7, 45.6)
[NAV] state FOLLOWING -> RETREATING pose=(23.0,48.8,θ=159.0°)
[NAV] Retreat done after 12 ticks (reached the cell); drive FAILED (under_commanded).
[NAV] navigate_to: goal=(24.5,64.0) θ=any, from=(24.4,47.9), obstacles=11
[NAV] state RETREATING -> PRE_ROTATING pose=(24.4,47.9,θ=146.1°) pre_target_θ=122.8° heading_err=-23.3°
[NAV] state PRE_ROTATING -> FOLLOWING pose=(24.3,48.0,θ=143.4°) path_waypoints=20 final_wp=(24.8,64.2)
[NAV] !! NO PROGRESS (blocked): robot at (23.2,49.7,θ=161.2°) has not moved 0.5 cm or turned 3.0° in 3.0s. Treating as FAILED so the subgoal can end.
[NAV] Retreating to (27.1, 46.6)
[NAV] state FOLLOWING -> RETREATING pose=(23.3,49.7,θ=161.4°)
[NAV] Retreat done after 11 ticks (reached the cell); drive FAILED (blocked).
[NAV] navigate_to: goal=(24.5,64.0) θ=any, from=(24.8,48.9), obstacles=11
[NAV] state RETREATING -> PRE_ROTATING pose=(24.8,48.9,θ=148.1°) pre_target_θ=132.1° heading_err=-16.0°
[NAV] state PRE_ROTATING -> FOLLOWING pose=(24.7,49.0,θ=145.3°) path_waypoints=20 final_wp=(24.8,64.2)
[NAV] !! NO PROGRESS (blocked): robot at (23.5,50.4,θ=161.3°) has not moved 0.5 cm or turned 3.0° in 3.0s. Treating as FAILED so the subgoal can end.
[NAV] Retreating to (27.4, 47.3)
[NAV] state FOLLOWING -> RETREATING pose=(23.6,50.4,θ=161.2°)
[NAV] Retreat done after 15 ticks (reached the cell); drive FAILED (blocked).
[NAV] navigate_to: goal=(24.5,64.0) θ=any, from=(24.9,49.5), obstacles=11
[NAV] state RETREATING -> PRE_ROTATING pose=(24.9,49.5,θ=143.6°) pre_target_θ=129.2° heading_err=-14.3°
[NAV] state PRE_ROTATING -> FOLLOWING pose=(24.9,49.5,θ=143.8°) path_waypoints=19 final_wp=(24.8,64.2)
[NAV] !! NO PROGRESS (blocked): robot at (23.6,50.8,θ=161.4°) has not moved 0.5 cm or turned 3.0° in 3.0s. Treating as FAILED so the subgoal can end.
[NAV] Retreating to (27.5, 47.7)
[NAV] state FOLLOWING -> RETREATING pose=(23.7,50.8,θ=161.3°)
[NAV] Retreat done after 90 ticks (ran out of ticks); drive FAILED (blocked).
nav_baseline_penalise: status=failure reached=False distance_to_goal_cm=13.87 sim_time_s=92.967 -> /scratch/tdn39/real_exp/results/twohop_v3_multiobject/navigation_realstack_all100_margin_0p1cm_v1/scenes/hard1-hard1/twohop_multi_00725/nav_baseline_penalise
