[NAV] navigate_to: goal=(24.5,64.0) θ=any, from=(8.0,9.0), obstacles=11
[NAV] state - -> PRE_ROTATING pose=(8.0,9.0,θ=0.0°) pre_target_θ=86.6° heading_err=+86.6°
[NAV] state PRE_ROTATING -> FOLLOWING pose=(8.1,9.1,θ=47.9°) path_waypoints=71 final_wp=(24.8,63.8)
[NAV] !! NO PROGRESS (under_commanded): robot at (21.4,47.6,θ=133.1°) has not moved 0.5 cm or turned 3.0° in 3.0s. Treating as FAILED so the subgoal can end.
[NAV] Retreating to (26.1, 36.6)
[NAV] state FOLLOWING -> RETREATING pose=(21.4,47.5,θ=133.4°)
[NAV] Retreat done after 60 ticks (reached the cell); drive FAILED (under_commanded).
[NAV] navigate_to: goal=(24.5,64.0) θ=any, from=(25.2,39.8), obstacles=11
[NAV] state RETREATING -> PRE_ROTATING pose=(25.2,39.8,θ=111.8°) pre_target_θ=134.4° heading_err=+22.7°
[NAV] state PRE_ROTATING -> FOLLOWING pose=(25.2,39.8,θ=111.1°) path_waypoints=30 final_wp=(24.8,63.8)
[NAV] !! NO PROGRESS (blocked): robot at (23.4,50.9,θ=155.9°) has not moved 0.5 cm or turned 3.0° in 3.0s. Treating as FAILED so the subgoal can end.
[NAV] No free cell behind the robot; backing out blind.
[NAV] state FOLLOWING -> RETREATING pose=(23.6,50.9,θ=157.1°)
[NAV] Retreat done after 90 ticks (ran out of ticks); drive FAILED (blocked).
[NAV] navigate_to: goal=(24.5,64.0) θ=any, from=(26.3,48.8), obstacles=11
[NAV] state RETREATING -> PRE_ROTATING pose=(26.3,48.8,θ=-168.4°) pre_target_θ=158.3° heading_err=-33.3°
[NAV] state PRE_ROTATING -> FOLLOWING pose=(26.1,48.8,θ=-168.2°) path_waypoints=22 final_wp=(24.8,63.8)
[NAV] !! NO PROGRESS (blocked): robot at (22.4,49.0,θ=148.6°) has not moved 0.5 cm or turned 3.0° in 3.0s. Treating as FAILED so the subgoal can end.
[NAV] No free cell behind the robot; backing out blind.
[NAV] state FOLLOWING -> RETREATING pose=(22.6,48.9,θ=148.9°)
[NAV] Retreat done after 90 ticks (ran out of ticks); drive FAILED (blocked).
[NAV] navigate_to: goal=(24.5,64.0) θ=any, from=(31.7,44.1), obstacles=11
[NAV] state RETREATING -> PRE_ROTATING pose=(31.7,44.1,θ=129.6°) pre_target_θ=-158.8° heading_err=+71.6°
[NAV] state PRE_ROTATING -> FOLLOWING pose=(31.2,44.3,θ=161.0°) path_waypoints=35 final_wp=(24.8,63.8)
[NAV] !! NO PROGRESS (blocked): robot at (22.4,48.9,θ=143.9°) has not moved 0.5 cm or turned 3.0° in 3.0s. Treating as FAILED so the subgoal can end.
[NAV] Retreating to (25.2, 44.8)
[NAV] state FOLLOWING -> RETREATING pose=(22.6,48.8,θ=144.2°)
[NAV] Retreat done after 10 ticks (reached the cell); drive FAILED (blocked).
[NAV] navigate_to: goal=(24.5,64.0) θ=any, from=(23.7,47.6), obstacles=11
[NAV] state RETREATING -> PRE_ROTATING pose=(23.7,47.6,θ=131.9°) pre_target_θ=111.3° heading_err=-20.6°
[NAV] state PRE_ROTATING -> FOLLOWING pose=(23.7,47.6,θ=132.5°) path_waypoints=21 final_wp=(24.8,63.8)
[NAV] !! NO PROGRESS (blocked): robot at (23.3,50.7,θ=154.4°) has not moved 0.5 cm or turned 3.0° in 3.0s. Treating as FAILED so the subgoal can end.
[NAV] Retreating to (28.9, 45.0)
[NAV] state FOLLOWING -> RETREATING pose=(23.5,50.7,θ=154.6°)
[NAV] Retreat done after 90 ticks (ran out of ticks); drive FAILED (blocked).
[NAV] navigate_to: goal=(24.5,64.0) θ=any, from=(25.4,47.6), obstacles=11
[NAV] state RETREATING -> PRE_ROTATING pose=(25.4,47.6,θ=168.6°) pre_target_θ=134.9° heading_err=-33.8°
[NAV] state PRE_ROTATING -> FOLLOWING pose=(25.4,47.6,θ=167.4°) path_waypoints=22 final_wp=(24.8,63.8)
[NAV] !! NO PROGRESS (under_commanded): robot at (22.5,49.2,θ=148.1°) has not moved 0.5 cm or turned 3.0° in 3.0s. Treating as FAILED so the subgoal can end.
[NAV] Retreating to (25.6, 45.3)
[NAV] state FOLLOWING -> RETREATING pose=(22.6,49.2,θ=147.6°)
[NAV] Retreat done after 11 ticks (reached the cell); drive FAILED (under_commanded).
nav_baseline_ignore: status=failure reached=False distance_to_goal_cm=15.9 sim_time_s=107.433 -> /scratch/tdn39/real_exp/results/twohop_v3_multiobject/navigation_realstack_all100_margin_0p1cm_v1/scenes/hard1-hard1/twohop_multi_00003/nav_baseline_ignore
[NAV] navigate_to: goal=(24.5,64.0) θ=any, from=(8.0,9.0), obstacles=11
[NAV] state - -> PRE_ROTATING pose=(8.0,9.0,θ=0.0°) pre_target_θ=118.3° heading_err=+118.3°
[NAV] state PRE_ROTATING -> FOLLOWING pose=(8.0,9.2,θ=78.5°) path_waypoints=75 final_wp=(24.8,63.8)
[NAV] !! NO PROGRESS (blocked): robot at (12.8,44.1,θ=79.7°) has not moved 0.5 cm or turned 3.0° in 3.0s. Treating as FAILED so the subgoal can end.
[NAV] Retreating to (10.2, 39.8)
[NAV] state FOLLOWING -> RETREATING pose=(12.7,44.1,θ=78.7°)
[NAV] Retreat done after 11 ticks (reached the cell); drive FAILED (blocked).
[NAV] navigate_to: goal=(24.5,64.0) θ=any, from=(12.1,42.5), obstacles=11
[NAV] state RETREATING -> PRE_ROTATING pose=(12.1,42.5,θ=66.9°) pre_target_θ=2.9° heading_err=-63.9°
[NAV] state PRE_ROTATING -> FOLLOWING pose=(12.2,42.6,θ=43.8°) path_waypoints=34 final_wp=(24.8,63.8)
[NAV] !! NO PROGRESS (blocked): robot at (22.1,48.6,θ=140.5°) has not moved 0.5 cm or turned 3.0° in 3.0s. Treating as FAILED so the subgoal can end.
[NAV] No free cell behind the robot; backing out blind.
[NAV] state FOLLOWING -> RETREATING pose=(22.3,48.5,θ=140.2°)
[NAV] Retreat done after 90 ticks (ran out of ticks); drive FAILED (blocked).
[NAV] navigate_to: goal=(24.5,64.0) θ=any, from=(27.6,46.0), obstacles=11
[NAV] state RETREATING -> PRE_ROTATING pose=(27.6,46.0,θ=160.3°) pre_target_θ=152.6° heading_err=-7.7°
[NAV] state PRE_ROTATING -> FOLLOWING pose=(27.4,46.1,θ=160.4°) path_waypoints=30 final_wp=(24.8,64.2)
[NAV] !! NO PROGRESS (blocked): robot at (23.4,50.7,θ=151.2°) has not moved 0.5 cm or turned 3.0° in 3.0s. Treating as FAILED so the subgoal can end.
[NAV] No free cell behind the robot; backing out blind.
[NAV] state FOLLOWING -> RETREATING pose=(23.5,50.7,θ=150.9°)
[NAV] Retreat done after 90 ticks (ran out of ticks); drive FAILED (blocked).
[NAV] navigate_to: goal=(24.5,64.0) θ=any, from=(26.7,47.5), obstacles=11
[NAV] state RETREATING -> PRE_ROTATING pose=(26.7,47.5,θ=-155.0°) pre_target_θ=136.4° heading_err=-68.6°
[NAV] state PRE_ROTATING -> FOLLOWING pose=(25.8,47.6,θ=177.6°) path_waypoints=27 final_wp=(24.8,63.8)
[NAV] !! NO PROGRESS (under_commanded): robot at (22.5,49.1,θ=146.5°) has not moved 0.5 cm or turned 3.0° in 3.0s. Treating as FAILED so the subgoal can end.
[NAV] Retreating to (25.4, 45.1)
[NAV] state FOLLOWING -> RETREATING pose=(22.5,49.0,θ=145.8°)
[NAV] Retreat done after 13 ticks (reached the cell); drive FAILED (under_commanded).
[NAV] navigate_to: goal=(24.5,64.0) θ=any, from=(23.7,47.8), obstacles=11
[NAV] state RETREATING -> PRE_ROTATING pose=(23.7,47.8,θ=132.7°) pre_target_θ=96.0° heading_err=-36.8°
[NAV] state PRE_ROTATING -> FOLLOWING pose=(23.6,47.9,θ=131.3°) path_waypoints=23 final_wp=(24.8,63.8)
[NAV] !! NO PROGRESS (blocked): robot at (23.7,51.8,θ=161.2°) has not moved 0.5 cm or turned 3.0° in 3.0s. Treating as FAILED so the subgoal can end.
[NAV] No free cell behind the robot; backing out blind.
[NAV] state FOLLOWING -> RETREATING pose=(23.8,51.8,θ=160.8°)
[NAV] Retreat done after 90 ticks (ran out of ticks); drive FAILED (blocked).
[NAV] navigate_to: goal=(24.5,64.0) θ=any, from=(26.1,50.1), obstacles=11
[NAV] state RETREATING -> PRE_ROTATING pose=(26.1,50.1,θ=-167.7°) pre_target_θ=147.3° heading_err=-45.0°
[NAV] state PRE_ROTATING -> FOLLOWING pose=(25.9,50.1,θ=-171.3°) path_waypoints=22 final_wp=(24.8,63.8)
[NAV] !! NO PROGRESS (blocked): robot at (23.1,50.2,θ=154.5°) has not moved 0.5 cm or turned 3.0° in 3.0s. Treating as FAILED so the subgoal can end.
[NAV] No free cell behind the robot; backing out blind.
[NAV] state FOLLOWING -> RETREATING pose=(23.2,50.2,θ=154.7°)
[NAV] Retreat done after 90 ticks (ran out of ticks); drive FAILED (blocked).
nav_baseline_penalise: status=failure reached=False distance_to_goal_cm=16.91 sim_time_s=103.733 -> /scratch/tdn39/real_exp/results/twohop_v3_multiobject/navigation_realstack_all100_margin_0p1cm_v1/scenes/hard1-hard1/twohop_multi_00003/nav_baseline_penalise
