[Diagnostics] Wrote config.json
[DIAG] Diagnostics enabled: /home/dhruv/projects_dhruv/namo/robot_control/real_exp/results/real_2mov/v3_snap/hard_zig/rb_00020_mirror_x/uniform_search/trial4
planner: full_namo  |  exec mode: search  local search: best_first/uniform  hmax=2  budget=canonical  scope=inherited  device=cuda

Starting NAMO execution...
Press ESCAPE to quit
==================================================
[Runtime] Using remote camera service at tcp://localhost:5556
[Runtime] Speeds in effect: nav=0.40, push=0.40, keyboard/follow_path=0.30
[Runtime] Starting RemoteObserverNode...
[RemoteObserver] Connected to tcp://localhost:5556
[SerialSender] Port /dev/serial/by-id/usb-Espressif_USB_JTAG_serial_debug_unit_10:51:DB:18:34:7C-if00 opened at 115200
[SerialSender] Started at 30.0 Hz
[RealEnv] Started (robot_id=1)
[RemoteRecordClient] Recording started → /home/dhruv/projects_dhruv/namo/robot_control/real_exp/results/real_2mov/v3_snap/hard_zig/rb_00020_mirror_x/uniform_search/trial4/recordings/session_2026-09-03_17-57-45/full_run.mp4
[Runtime] Full-run video + per-subgoal meta will write to /home/dhruv/projects_dhruv/namo/robot_control/real_exp/results/real_2mov/v3_snap/hard_zig/rb_00020_mirror_x/uniform_search/trial4/recordings/session_2026-09-03_17-57-45
[SerialSender] Car 1 CONNECTED (alive now: [1])
[Runtime] 🔌 Robot 1 ONLINE at startup (alive_ids=[1], ap_connected=True)

[Trapped-start recovery] Robot at (19.1, 6.9) cm was in an inflated-obstacle cell; cleared local cells so the planner can BFS from here. Position unchanged.


[Trapped-start recovery] Robot at (19.1, 6.9) cm was in an inflated-obstacle cell; cleared local cells so the planner can BFS from here. Position unchanged.

[NAMOPlanner] Goal BLOCKED - running NAMO planning...

==================================================
Robot Control - Real Robot (Autonomous)
==================================================
Serial port: /dev/serial/by-id/usb-Espressif_USB_JTAG_serial_debug_unit_10:51:DB:18:34:7C-if00
Robot ID: 1
Dry run: False
Speed (autonomous): nav=0.40, push=0.40
==================================================
Running in autonomous mode
Press 'r' to toggle recording
Press 'space' for emergency stop
Press 'escape' to quit
==================================================


[Trapped-start recovery] Robot at (19.1, 6.9) cm was in an inflated-obstacle cell; cleared local cells so the planner can BFS from here. Position unchanged.

[NAMOPlanner] Plan #1: 9111ms, cumulative: 9111ms
[DIAG] plan #1 recorded (success=True)
[NAMOPlanner] MPC mode: preserving 2 pushes from fresh_plan, queuing only the first for real execution
[Subgoal] --> DISPATCH PUSH: obj 'obj_1' at (20.7,22.0,θ=5.0°), edge=32, push_steps=5, robot at (19.1,6.9,θ=86.0°)
[DIAG] subgoal #1 start recorded

[Trapped-start recovery] Robot at (19.1, 6.9) cm was in an inflated-obstacle cell; cleared local cells so the planner can BFS from here. Position unchanged.

[PUSH] Starting navigation: robot=(19.1,6.9) → approach=(29.2,16.3)
[NAV] navigate_to: goal=(29.2,16.3) θ=-175.0°, from=(19.1,6.9), obstacles=4
[Wavefront] Saved grid image to output_dump/wavefront/wavefront_20260903_175755_001.png (98x155)
[PUSH] navigate_to() returned: True, nav_state=PRE_ROTATING
[NAV] state - -> PRE_ROTATING pose=(19.1,6.9,θ=86.0°) pre_target_θ=30.4° heading_err=-55.6°
[NAV] state PRE_ROTATING -> FOLLOWING pose=(19.1,6.9,θ=72.9°) path_waypoints=23 final_wp=(29.2,16.2)
[NAV] state FOLLOWING -> POST_ROTATING pose=(30.4,15.4,θ=121.6°) goal_θ=-175.0° heading_err=+63.4°
[PUSH] Navigation done - transitioning to ADVANCING (nav_state=FINISHED)
[PUSH] >>> PUSHING start: obj 'obj_1' at (20.7,22.0,θ=4.8°), robot at (30.5,16.0,θ=182.9°), edge=32, push_steps=5 (150 ticks)
[PUSH DEBUG] ========== PUSH START ==========
[PUSH DEBUG] Object: pos=(20.7,22.0) theta=4.8° size=(15x7.0)
[PUSH DEBUG] Edge 32: face=2 sample=1
[PUSH DEBUG] Theoretical: edge_pt (29.2,16.3) → mid_pt (21.2,15.6)
[PUSH DEBUG] Actual line: (30.5,16.0) → (22.5,15.3)
[PUSH DEBUG] Mode: FIXED
[PUSH DEBUG] ================================

[PUSH] ========== PUSH COMPLETE ==========
[PUSH] Robot: (21.2, 15.6) theta=155.2°
[PUSH] Δobject 'obj_1': Δpos=(-3.09,+1.72) |Δ|=3.53cm, Δθ=-35.71°
[PUSH] Robot position is FREE in wavefront
[PUSH] Object 'obj_4': (6.3, 23.4) theta=61.8° size=(12.0x7.5)
[PUSH]   Distance robot→object center: 16.8cm
[PUSH] Object 'obj_1': (17.6, 23.7) theta=329.1° size=(15x7.0)
[PUSH]   Distance robot→object center: 8.9cm
[PUSH] Object 'wall_11': (10.1, 47.1) theta=82.5° size=(19.5x5.5)
[PUSH]   Distance robot→object center: 33.4cm
[PUSH] Object 'wall_10': (35.6, 25.6) theta=101.4° size=(19.5x5.5)
[PUSH]   Distance robot→object center: 17.5cm
[Wavefront] Saved grid image to /tmp/wavefront/wavefront_20260903_175808.png (98x155)
[PUSH] Wavefront saved to: /tmp/wavefront/wavefront_20260903_175808.png
[PUSH] ======================================

[PUSH] Retreat target: (24.7, 12.1) [BACKWARD]
[PUSH] Retreat reached target after 85 steps: moved 3.0 cm, stopped 2.0 cm from target (tolerance 2.0 cm, commanded speed 0.15), robot at (23.3, 13.4), target (24.7, 12.1)
[Subgoal] <-- DONE (SUCCESS) after 15.8s, robot now at (23.3,13.4,θ=134.7°)
[DIAG] subgoal #1 end recorded (outcome=success)
[DIAG] push recorded (obj=obj_1, Δ=3.47cm, stuck=False)

[Trapped-start recovery] Robot at (23.3, 13.4) cm was in an inflated-obstacle cell; cleared local cells so the planner can BFS from here. Position unchanged.

[NAMOPlanner] Push complete. Will try reuse from updated real scene for remaining chain len=1

[Trapped-start recovery] Robot at (23.3, 13.4) cm was in an inflated-obstacle cell; cleared local cells so the planner can BFS from here. Position unchanged.

[NAMOPlanner] Reuse check from updated real scene: source=fresh_plan, chain_len=2

[Trapped-start recovery] Robot at (23.3, 13.4) cm was in an inflated-obstacle cell; cleared local cells so the planner can BFS from here. Position unchanged.

[DIAG] plan #2 recorded (success=False)
[NAMOPlanner] Post-push reuse failed; falling back to full replanning
[NAMOPlanner] Goal BLOCKED - running NAMO planning...

[Trapped-start recovery] Robot at (23.3, 13.4) cm was in an inflated-obstacle cell; cleared local cells so the planner can BFS from here. Position unchanged.

[NAMOPlanner] Plan #3: 1288ms, cumulative: 10756ms
[DIAG] plan #3 recorded (success=True)
[NAMOPlanner] MPC mode: preserving 2 pushes from fresh_plan, queuing only the first for real execution
[Subgoal] --> DISPATCH PUSH: obj 'obj_1' at (17.7,23.7,θ=329.2°), edge=25, push_steps=1, robot at (23.3,13.4,θ=134.7°)
[DIAG] subgoal #2 start recorded

[Trapped-start recovery] Robot at (23.3, 13.4) cm was in an inflated-obstacle cell; cleared local cells so the planner can BFS from here. Position unchanged.

[PUSH] Starting navigation: robot=(23.3,13.4) → approach=(13.7,12.1)
[NAV] navigate_to: goal=(13.7,12.1) θ=59.2°, from=(23.3,13.4), obstacles=4
[Wavefront] Saved grid image to output_dump/wavefront/wavefront_20260903_175812_002.png (98x155)
[PUSH] navigate_to() returned: True, nav_state=PRE_ROTATING
[NAV] state POST_ROTATING -> PRE_ROTATING pose=(23.3,13.4,θ=134.7°) pre_target_θ=-133.8° heading_err=+91.4°
[NAV] state PRE_ROTATING -> FOLLOWING pose=(23.8,13.1,θ=182.1°) path_waypoints=19 final_wp=(13.8,12.2)
[NAV] state FOLLOWING -> POST_ROTATING pose=(13.9,11.2,θ=117.4°) goal_θ=59.2° heading_err=-58.2°
[PUSH] Navigation done - transitioning to ADVANCING (nav_state=FINISHED)
[PUSH] >>> PUSHING start: obj 'obj_1' at (17.7,23.7,θ=329.2°), robot at (13.5,11.8,θ=56.9°), edge=25, push_steps=1 (30 ticks)
[PUSH DEBUG] ========== PUSH START ==========
[PUSH DEBUG] Object: pos=(17.7,23.7) theta=329.2° size=(15x7.0)
[PUSH DEBUG] Edge 25: face=1 sample=12
[PUSH DEBUG] Theoretical: edge_pt (13.7,12.1) → mid_pt (19.8,22.4)
[PUSH DEBUG] Actual line: (13.5,11.8) → (19.7,22.1)
[PUSH DEBUG] Mode: FIXED
[PUSH DEBUG] ================================

[PUSH] ========== PUSH COMPLETE ==========
[PUSH] Robot: (15.5, 14.7) theta=60.6°
[PUSH] Δobject 'obj_1': Δpos=(+1.03,+1.76) |Δ|=2.03cm, Δθ=+1.57°
[PUSH] Robot position is BLOCKED in wavefront
[PUSH] Object 'obj_4': (6.3, 23.4) theta=61.9° size=(12.0x7.5)
[PUSH]   Distance robot→object center: 12.6cm
[PUSH] Object 'obj_1': (18.7, 25.5) theta=330.8° size=(15x7.0)
[PUSH]   Distance robot→object center: 11.2cm
[PUSH] Object 'wall_11': (10.1, 47.1) theta=82.4° size=(19.5x5.5)
[PUSH]   Distance robot→object center: 32.8cm
[PUSH] Object 'wall_10': (35.6, 25.6) theta=101.4° size=(19.5x5.5)
[PUSH]   Distance robot→object center: 22.8cm
[Wavefront] Saved grid image to /tmp/wavefront/wavefront_20260903_175819.png (98x155)
[PUSH] Wavefront saved to: /tmp/wavefront/wavefront_20260903_175819.png
[PUSH] ======================================

[PUSH] Retreat target: (11.7, 11.5) [BACKWARD]
[PUSH] Retreat reached target after 103 steps: moved 3.0 cm, stopped 2.0 cm from target (tolerance 2.0 cm, commanded speed 0.15), robot at (13.1, 12.9), target (11.7, 11.5)
[Subgoal] <-- DONE (SUCCESS) after 10.1s, robot now at (13.1,12.9,θ=46.2°)
[DIAG] subgoal #2 end recorded (outcome=success)
[DIAG] push recorded (obj=obj_1, Δ=3.25cm, stuck=False)

[Trapped-start recovery] Robot at (13.1, 12.9) cm was in an inflated-obstacle cell; cleared local cells so the planner can BFS from here. Position unchanged.

[NAMOPlanner] Push complete. Will try reuse from updated real scene for remaining chain len=1

[Trapped-start recovery] Robot at (13.1, 12.9) cm was in an inflated-obstacle cell; cleared local cells so the planner can BFS from here. Position unchanged.

[NAMOPlanner] Reuse check from updated real scene: source=fresh_plan, chain_len=2

[Trapped-start recovery] Robot at (13.1, 12.9) cm was in an inflated-obstacle cell; cleared local cells so the planner can BFS from here. Position unchanged.

[DIAG] plan #4 recorded (success=True)
[NAMOPlanner] Reusing suffix chain (1 pushes) from updated real scene
[Subgoal] --> DISPATCH PUSH: obj 'obj_1' at (19.1,26.7,θ=331.4°), edge=19, push_steps=5, robot at (13.1,12.9,θ=46.2°)
[DIAG] subgoal #3 start recorded

[Trapped-start recovery] Robot at (13.1, 12.9) cm was in an inflated-obstacle cell; cleared local cells so the planner can BFS from here. Position unchanged.

[PUSH] Starting navigation: robot=(13.1,12.9) → approach=(14.2,15.6)
[NAV] navigate_to: goal=(14.2,15.6) θ=61.4°, from=(13.1,12.9), obstacles=4
[Wavefront] Saved grid image to output_dump/wavefront/wavefront_20260903_175823_003.png (98x155)
[NAV] navigate_to: already at goal (all 5 waypoints within 3.5cm of robot). Skipping FOLLOWING.
[PUSH] navigate_to() returned: True, nav_state=POST_ROTATING
[NAV] state - -> POST_ROTATING pose=(13.1,12.9,θ=46.2°) goal_θ=61.4° heading_err=+15.2°
[PUSH] Navigation done - transitioning to ADVANCING (nav_state=FINISHED)
[PUSH] >>> PUSHING start: obj 'obj_1' at (19.1,26.7,θ=331.3°), robot at (12.9,12.6,θ=63.4°), edge=19, push_steps=5 (150 ticks)
[PUSH DEBUG] ========== PUSH START ==========
[PUSH DEBUG] Object: pos=(19.1,26.7) theta=331.3° size=(15x7.0)
[PUSH DEBUG] Edge 19: face=1 sample=9
[PUSH DEBUG] Theoretical: edge_pt (14.2,15.7) → mid_pt (19.9,26.2)
[PUSH DEBUG] Actual line: (12.9,12.6) → (18.7,23.2)
[PUSH DEBUG] Mode: FIXED
[PUSH DEBUG] ================================

[PUSH] ========== PUSH COMPLETE ==========
[PUSH] Robot: (24.7, 34.4) theta=60.6°
[PUSH] Δobject 'obj_1': Δpos=(+9.12,+18.30) |Δ|=20.44cm, Δθ=-0.31°
[PUSH] Robot position is BLOCKED in wavefront
[PUSH] Object 'obj_4': (6.3, 23.4) theta=61.8° size=(12.0x7.5)
[PUSH]   Distance robot→object center: 21.4cm
[PUSH] Object 'wall_11': (10.1, 47.0) theta=82.5° size=(19.5x5.5)
[PUSH]   Distance robot→object center: 19.3cm
[PUSH] Object 'obj_1': (28.2, 45.0) theta=330.9° size=(15x7.0)
[PUSH]   Distance robot→object center: 11.1cm
[PUSH] Object 'wall_10': (35.6, 25.6) theta=101.4° size=(19.5x5.5)
[PUSH]   Distance robot→object center: 14.1cm
[Wavefront] Saved grid image to /tmp/wavefront/wavefront_20260903_175829.png (98x155)
[PUSH] Wavefront saved to: /tmp/wavefront/wavefront_20260903_175829.png
[PUSH] ======================================

[PUSH] Retreat target: (20.9, 31.2) [BACKWARD]
[PUSH] Retreat reached target after 104 steps: moved 3.0 cm, stopped 2.0 cm from target (tolerance 2.0 cm, commanded speed 0.15), robot at (22.3, 32.6), target (20.9, 31.2)
[Subgoal] <-- DONE (SUCCESS) after 9.7s, robot now at (22.3,32.6,θ=45.1°)
[DIAG] subgoal #3 end recorded (outcome=success)
[DIAG] push recorded (obj=obj_1, Δ=21.58cm, stuck=False)

[Trapped-start recovery] Robot at (22.3, 32.6) cm was in an inflated-obstacle cell; cleared local cells so the planner can BFS from here. Position unchanged.

[NAMOPlanner] Goal is NOW REACHABLE - skipping committed-chain reuse

[Trapped-start recovery] Robot at (22.3, 32.6) cm was in an inflated-obstacle cell; cleared local cells so the planner can BFS from here. Position unchanged.

[NAMOPlanner] Goal REACHABLE - navigating to (25.7, 68.8) [dist=36.4cm]
[Subgoal] --> DISPATCH NAVIGATE: target=(25.7,68.8), robot at (22.3,32.6,θ=45.1°)
[DIAG] subgoal #4 start recorded

[Trapped-start recovery] Robot at (22.3, 32.6) cm was in an inflated-obstacle cell; cleared local cells so the planner can BFS from here. Position unchanged.

[NAV] navigate_to: goal=(25.7,68.8) θ=any, from=(22.3,32.6), obstacles=4
[Wavefront] Saved grid image to output_dump/wavefront/wavefront_20260903_175833_004.png (98x155)
[NAV] state POST_ROTATING -> PRE_ROTATING pose=(22.3,32.6,θ=45.1°) pre_target_θ=-4.4° heading_err=-49.5°
[NAV] state PRE_ROTATING -> FOLLOWING pose=(22.1,32.4,θ=35.6°) path_waypoints=72 final_wp=(26.2,68.8)
[Subgoal] <-- DONE (SUCCESS) after 12.3s, robot now at (27.0,68.4,θ=135.4°)
[DIAG] subgoal #4 end recorded (outcome=success)
[NAMOPlanner] GOAL REACHED! Distance: 1.4cm | Total planning: 4 calls, 11112ms cumulative
[Runtime] Plan complete - stopping robot
[Runtime] Shutting down

[Trapped-start recovery] Robot at (27.0, 68.4) cm was in an inflated-obstacle cell; cleared local cells so the planner can BFS from here. Position unchanged.

[Diagnostics] Wrote summary.json (outcome=success)
[RemoteRecordClient] Recording stopped → /home/dhruv/projects_dhruv/namo/robot_control/real_exp/results/real_2mov/v3_snap/hard_zig/rb_00020_mirror_x/uniform_search/trial4/recordings/session_2026-09-03_17-57-45/full_run.mp4
[Runtime] Sending stop command to robot...
[SerialSender] Stopped
[RealEnv] Stopped
[RemoteObserver] Stopped
[Runtime] Shutdown complete
