[NAV_PATH] 0.2175,0.1325
[NAV_END]
[PUSH_PATH] 0 0.2175,0.1325 0.21313,0.212381 0.185819,0.711634
[PUSH_CTRL] 0 3.57133 3.57133 TRACK
[PUSH_CTRL] 1 3.57133 3.57133 TRACK
[PUSH_CTRL] 2 3.57133 3.57133 TRACK
[PUSH_CTRL] 3 3.57133 3.57133 TRACK
[PUSH_CTRL] 4 3.57133 3.57133 TRACK
[PUSH_CTRL] 5 3.57133 3.57133 TRACK
[PUSH_CTRL] 6 3.57133 3.57133 TRACK
[PUSH_CTRL] 7 3.57133 3.57133 TRACK
[PUSH_CTRL] 8 3.57133 3.57133 TRACK
[PUSH_CTRL] 9 3.57133 3.57133 TRACK
[PUSH_CTRL] 10 3.57133 3.57133 TRACK
[PUSH_CTRL] 11 3.57133 3.57133 TRACK
[PUSH_CTRL] 12 3.57133 3.57133 TRACK
[PUSH_CTRL] 13 3.57133 3.57133 TRACK
[PUSH_CTRL] 14 3.57133 3.57133 TRACK
[PUSH_CTRL] 15 3.57133 3.57133 TRACK
[PUSH_CTRL] 16 3.57133 3.57133 TRACK
[PUSH_CTRL] 17 3.57133 3.57133 TRACK
[PUSH_CTRL] 18 3.57133 3.57133 TRACK
[PUSH_CTRL] 19 3.57133 3.57133 TRACK
[PUSH_CTRL] 20 3.57133 3.57133 TRACK
[PUSH_CTRL] 21 3.57133 3.57133 TRACK
[PUSH_CTRL] 22 3.57133 3.57133 TRACK
[PUSH_CTRL] 23 3.57133 3.57133 TRACK
[PUSH_CTRL] 24 3.57133 3.57133 TRACK
[PUSH_CTRL] 25 3.57133 3.57133 TRACK
[PUSH_CTRL] 26 3.57133 3.57133 TRACK
[PUSH_CTRL] 27 3.57133 3.57133 TRACK
[PUSH_CTRL] 28 3.57133 3.57133 TRACK
[PUSH_CTRL] 29 3.57133 3.57133 TRACK
[PUSH_CTRL] 30 3.57133 3.57133 TRACK
[PUSH_CTRL] 31 3.57133 3.57133 TRACK
[PUSH_CTRL] 32 3.57133 3.57133 TRACK
[PUSH_CTRL] 33 3.57133 3.57133 TRACK
[PUSH_CTRL] 34 3.57133 3.57133 TRACK
[PUSH_CTRL] 35 3.57133 3.57133 TRACK
[PUSH_CTRL] 36 3.57133 3.57133 TRACK
[PUSH_CTRL] 37 3.57133 3.57133 TRACK
[PUSH_CTRL] 38 3.57133 3.57133 TRACK
[PUSH_CTRL] 39 3.57133 3.57133 TRACK
[PUSH_CTRL] 40 3.57133 3.57133 TRACK
[PUSH_CTRL] 41 3.57133 3.57133 TRACK
[PUSH_CTRL] 42 3.57133 3.57133 TRACK
[PUSH_CTRL] 43 3.57133 3.57133 TRACK
[PUSH_CTRL] 44 3.57133 3.57133 TRACK
[PUSH_CTRL] 45 3.57133 3.57133 TRACK
[PUSH_CTRL] 46 3.57133 3.57133 TRACK
[PUSH_CTRL] 47 3.57133 3.57133 TRACK
[PUSH_CTRL] 48 3.57133 3.57133 TRACK
[PUSH_CTRL] 49 3.57133 3.57133 TRACK
[PUSH_CTRL] 50 3.57133 3.57133 TRACK
[PUSH_CTRL] 51 3.57133 3.57133 TRACK
[PUSH_CTRL] 52 3.57133 3.57133 TRACK
[PUSH_CTRL] 53 3.57133 3.57133 TRACK
[PUSH_CTRL] 54 3.57133 3.57133 TRACK
[PUSH_CTRL] 55 3.57133 3.57133 TRACK
[PUSH_CTRL] 56 3.57133 3.57133 TRACK
[PUSH_CTRL] 57 3.57133 3.57133 TRACK
[PUSH_CTRL] 58 3.57133 3.57133 TRACK
[PUSH_CTRL] 59 3.57133 3.57133 TRACK
[PUSH_CTRL] 60 3.57133 3.57133 TRACK
[PUSH_CTRL] 61 3.57133 3.57133 TRACK
[PUSH_CTRL] 62 3.57133 3.57133 TRACK
[PUSH_CTRL] 63 3.57133 3.57133 TRACK
[PUSH_CTRL] 64 3.57133 3.57133 TRACK
[PUSH_CTRL] 65 3.57133 3.57133 TRACK
[PUSH_CTRL] 66 3.57133 3.57133 TRACK
[PUSH_CTRL] 67 3.57133 3.57133 TRACK
[PUSH_CTRL] 68 3.57133 3.57133 TRACK
[PUSH_CTRL] 69 3.57133 3.57133 TRACK
[PUSH_CTRL] 70 3.57133 3.57133 TRACK
[PUSH_CTRL] 71 3.57133 3.57133 TRACK
[PUSH_CTRL] 72 3.57133 3.57133 TRACK
[PUSH_CTRL] 73 3.57133 3.57133 TRACK
[PUSH_CTRL] 74 3.57133 3.57133 TRACK
[PUSH_CTRL] 75 3.57133 3.57133 TRACK
[PUSH_CTRL] 76 3.57133 3.57133 TRACK
[PUSH_CTRL] 77 3.57133 3.57133 TRACK
[PUSH_CTRL] 78 3.57133 3.57133 TRACK
[PUSH_CTRL] 79 3.57133 3.57133 TRACK
[PUSH_CTRL] 80 3.57133 3.57133 TRACK
[PUSH_CTRL] 81 3.57133 3.57133 TRACK
[PUSH_CTRL] 82 3.57133 3.57133 TRACK
[PUSH_CTRL] 83 3.57133 3.57133 TRACK
[PUSH_CTRL] 84 3.57133 3.57133 TRACK
[PUSH_CTRL] 85 3.57133 3.57133 TRACK
[PUSH_CTRL] 86 3.57133 3.57133 TRACK
[PUSH_CTRL] 87 3.57133 3.57133 TRACK
[PUSH_CTRL] 88 3.57133 3.57133 TRACK
[PUSH_CTRL] 89 3.57133 3.57133 TRACK
[PUSH_CTRL] 90 3.57133 3.57133 TRACK
[PUSH_CTRL] 91 3.57133 3.57133 TRACK
[PUSH_CTRL] 92 3.57133 3.57133 TRACK
[PUSH_CTRL] 93 3.57133 3.57133 TRACK
[PUSH_CTRL] 94 3.57133 3.57133 TRACK
[PUSH_CTRL] 95 3.57133 3.57133 TRACK
[PUSH_CTRL] 96 3.57133 3.57133 TRACK
[PUSH_CTRL] 97 3.57133 3.57133 TRACK
[PUSH_CTRL] 98 3.57133 3.57133 TRACK
[PUSH_CTRL] 99 3.57133 3.57133 TRACK
[PUSH_CTRL] 100 3.57133 3.57133 TRACK
[PUSH_CTRL] 101 3.57133 3.57133 TRACK
[PUSH_CTRL] 102 3.57133 3.57133 TRACK
[PUSH_CTRL] 103 3.57133 3.57133 TRACK
[PUSH_CTRL] 104 3.57133 3.57133 TRACK
[PUSH_CTRL] 105 3.57133 3.57133 TRACK
[PUSH_CTRL] 106 3.57133 3.57133 TRACK
[PUSH_CTRL] 107 3.57133 3.57133 TRACK
[PUSH_CTRL] 108 3.57133 3.57133 TRACK
[PUSH_CTRL] 109 3.57133 3.57133 TRACK
[PUSH_CTRL] 110 3.57133 3.57133 TRACK
[PUSH_CTRL] 111 3.57133 3.57133 TRACK
[PUSH_CTRL] 112 3.57133 3.57133 TRACK
[PUSH_CTRL] 113 3.57133 3.57133 TRACK
[PUSH_CTRL] 114 3.57133 3.57133 TRACK
[PUSH_CTRL] 115 3.57132 3.57133 TRACK
[PUSH_CTRL] 116 3.57131 3.57133 TRACK
[PUSH_CTRL] 117 3.57123 3.57133 TRACK
[PUSH_CTRL] 118 3.57101 3.57133 TRACK
[PUSH_CTRL] 119 3.57084 3.57133 TRACK
[PUSH_CTRL] 120 3.5707 3.57133 TRACK
[PUSH_CTRL] 121 3.5706 3.57133 TRACK
[PUSH_CTRL] 122 3.57052 3.57133 TRACK
[PUSH_CTRL] 123 3.57046 3.57133 TRACK
[PUSH_CTRL] 124 3.57057 3.57133 TRACK
[PUSH_CTRL] 125 3.57129 3.57133 TRACK
[PUSH_CTRL] 126 3.57133 3.57043 TRACK
[PUSH_CTRL] 127 3.57119 3.57133 TRACK
[PUSH_CTRL] 128 3.57025 3.57133 TRACK
[PUSH_CTRL] 129 3.56953 3.57133 TRACK
[PUSH_CTRL] 130 3.56901 3.57133 TRACK
[PUSH_CTRL] 131 3.56863 3.57133 TRACK
[PUSH_CTRL] 132 3.56791 3.57133 TRACK
[PUSH_CTRL] 133 3.56701 3.57133 TRACK
[PUSH_CTRL] 134 3.5659 3.57133 TRACK
[PUSH_CTRL] 135 3.56609 3.57133 TRACK
[PUSH_CTRL] 136 3.56649 3.57133 TRACK
[PUSH_CTRL] 137 3.56698 3.57133 TRACK
[PUSH_CTRL] 138 3.56707 3.57133 TRACK
[PUSH_CTRL] 139 3.56678 3.57133 TRACK
[PUSH_CTRL] 140 3.56851 3.57133 TRACK
[PUSH_CTRL] 141 3.57089 3.57133 TRACK
[PUSH_CTRL] 142 3.57133 3.56964 TRACK
[PUSH_CTRL] 143 3.57133 3.56853 TRACK
[PUSH_CTRL] 144 3.57133 3.56831 TRACK
[PUSH_CTRL] 145 3.57133 3.56882 TRACK
[PUSH_CTRL] 146 3.57133 3.5691 TRACK
[PUSH_CTRL] 147 3.57133 3.5692 TRACK
[PUSH_CTRL] 148 3.57133 3.56902 TRACK
[PUSH_CTRL] 149 3.57133 3.56896 TRACK
[PUSH_CTRL] 150 3.57133 3.56794 TRACK
[PUSH_CTRL] 151 3.57133 3.56476 TRACK
[PUSH_CTRL] 152 3.57133 3.5611 TRACK
[PUSH_CTRL] 153 3.57133 3.55792 TRACK
[PUSH_CTRL] 154 3.57133 3.55586 TRACK
[PUSH_CTRL] 155 3.57133 3.55477 TRACK
[PUSH_CTRL] 156 3.57133 3.55447 TRACK
[PUSH_CTRL] 157 3.57133 3.55483 TRACK
[PUSH_CTRL] 158 3.57133 3.55572 TRACK
[PUSH_CTRL] 159 3.57133 3.5575 TRACK
[PUSH_CTRL] 160 3.57133 3.5579 TRACK
[PUSH_CTRL] 161 3.57133 3.55926 TRACK
[PUSH_CTRL] 162 3.57133 3.56161 TRACK
[PUSH_CTRL] 163 3.57133 3.56571 TRACK
[PUSH_CTRL] 164 3.57133 3.57022 TRACK
[PUSH_CTRL] 165 3.56853 3.57133 TRACK
[PUSH_CTRL] 166 3.56515 3.57133 TRACK
[PUSH_CTRL] 167 3.56226 3.57133 TRACK
[PUSH_CTRL] 168 3.55998 3.57133 TRACK
[PUSH_CTRL] 169 3.56077 3.57133 TRACK
[PUSH_CTRL] 170 3.56366 3.57133 TRACK
[PUSH_CTRL] 171 3.56931 3.57133 TRACK
[PUSH_CTRL] 172 3.57133 3.56679 TRACK
[PUSH_CTRL] 173 3.57133 3.56127 TRACK
[PUSH_CTRL] 174 3.57133 3.55653 TRACK
[PUSH_CTRL] 175 3.57133 3.55189 TRACK
[PUSH_CTRL] 176 3.57133 3.55311 TRACK
[PUSH_CTRL] 177 3.57133 3.55505 TRACK
[PUSH_CTRL] 178 3.57133 3.55991 TRACK
[PUSH_CTRL] 179 3.57133 3.56263 TRACK
[PUSH_CTRL] 180 3.57133 3.56425 TRACK
[PUSH_CTRL] 181 3.57133 3.5649 TRACK
[PUSH_CTRL] 182 3.57133 3.5623 TRACK
[PUSH_CTRL] 183 3.57133 3.55813 TRACK
[PUSH_CTRL] 184 3.57133 3.5545 TRACK
[PUSH_CTRL] 185 3.57133 3.55141 TRACK
[PUSH_CTRL] 186 3.57133 3.54893 TRACK
[PUSH_CTRL] 187 3.57133 3.55086 TRACK
[PUSH_CTRL] 188 3.57133 3.55205 TRACK
[PUSH_CTRL] 189 3.57133 3.55432 TRACK
[PUSH_CTRL] 190 3.57133 3.55585 TRACK
[PUSH_CTRL] 191 3.57133 3.55693 TRACK
[PUSH_CTRL] 192 3.57133 3.55542 TRACK
[PUSH_CTRL] 193 3.57133 3.55398 TRACK
[PUSH_CTRL] 194 3.57133 3.55282 TRACK
[PUSH_CTRL] 195 3.57133 3.55171 TRACK
[PUSH_CTRL] 196 3.57133 3.55092 TRACK
[PUSH_CTRL] 197 3.57133 3.55051 TRACK
[PUSH_CTRL] 198 3.57133 3.55128 TRACK
[PUSH_CTRL] 199 3.57133 3.55356 TRACK
[PUSH_CTRL] 200 3.57133 3.5556 TRACK
[PUSH_CTRL] 201 3.57133 3.55757 TRACK
[PUSH_CTRL] 202 3.57133 3.55911 TRACK
[PUSH_CTRL] 203 3.57133 3.5606 TRACK
[PUSH_CTRL] 204 3.57133 3.56176 TRACK
[PUSH_CTRL] 205 3.57133 3.56214 TRACK
[PUSH_CTRL] 206 3.57133 3.56305 TRACK
[PUSH_CTRL] 207 3.57133 3.56384 TRACK
[PUSH_CTRL] 208 3.57133 3.56524 TRACK
[PUSH_CTRL] 209 3.57133 3.56581 TRACK
[PUSH_CTRL] 210 3.57133 3.56629 TRACK
[PUSH_CTRL] 211 3.57133 3.56668 TRACK
[PUSH_CTRL] 212 3.57133 3.56701 TRACK
[PUSH_CTRL] 213 3.57133 3.56685 TRACK
[PUSH_CTRL] 214 3.57133 3.56639 TRACK
[PUSH_CTRL] 215 3.57133 3.56588 TRACK
[PUSH_CTRL] 216 3.57133 3.56647 TRACK
[PUSH_CTRL] 217 3.57133 3.56738 TRACK
[PUSH_CTRL] 218 3.57133 3.56839 TRACK
[PUSH_CTRL] 219 3.57133 3.56863 TRACK
[PUSH_CTRL] 220 3.57133 3.56817 TRACK
[PUSH_CTRL] 221 3.57133 3.56472 TRACK
[PUSH_CTRL] 222 3.57133 3.56 TRACK
[PUSH_CTRL] 223 3.57133 3.55646 TRACK
[PUSH_CTRL] 224 3.57133 3.55403 TRACK
[PUSH_CTRL] 225 3.57133 3.55359 TRACK
[PUSH_CTRL] 226 3.57133 3.55565 TRACK
[PUSH_CTRL] 227 3.57133 3.55814 TRACK
[PUSH_CTRL] 228 3.57133 3.55968 TRACK
[PUSH_CTRL] 229 3.57133 3.56137 TRACK
[PUSH_CTRL] 230 3.57133 3.56332 TRACK
[PUSH_CTRL] 231 3.57133 3.56799 TRACK
[PUSH_CTRL] 232 3.56849 3.57133 TRACK
[PUSH_CTRL] 233 3.564 3.57133 TRACK
[PUSH_CTRL] 234 3.56318 3.57133 TRACK
[PUSH_CTRL] 235 3.56498 3.57133 TRACK
[PUSH_CTRL] 236 3.56725 3.57133 TRACK
[PUSH_CTRL] 237 3.57019 3.57133 TRACK
[PUSH_CTRL] 238 3.57133 3.56868 TRACK
[PUSH_CTRL] 239 3.57133 3.56474 TRACK
[PUSH_CTRL] 240 3.57133 3.55855 TRACK
[PUSH_CTRL] 241 3.57133 3.5513 TRACK
[PUSH_CTRL] 242 3.57133 3.54451 TRACK
[PUSH_CTRL] 243 3.57133 3.53921 TRACK
[PUSH_CTRL] 244 3.57133 3.536 TRACK
[PUSH_CTRL] 245 3.57133 3.5353 TRACK
[PUSH_CTRL] 246 3.57133 3.53634 TRACK
[PUSH_CTRL] 247 3.57133 3.53992 TRACK
[PUSH_CTRL] 248 3.57133 3.54263 TRACK
[PUSH_CTRL] 249 3.57133 3.54592 TRACK
[PUSH_CTRL] 250 3.57133 3.54785 TRACK
[PUSH_CTRL] 251 3.57133 3.54809 TRACK
[PUSH_CTRL] 252 3.57133 3.54769 TRACK
[PUSH_CTRL] 253 3.57133 3.54655 TRACK
[PUSH_CTRL] 254 3.57133 3.54511 TRACK
[PUSH_CTRL] 255 3.57133 3.54326 TRACK
[PUSH_CTRL] 256 3.57133 3.54089 TRACK
[PUSH_CTRL] 257 3.57133 3.53793 TRACK
[PUSH_CTRL] 258 3.57133 3.53411 TRACK
[PUSH_CTRL] 259 3.57133 3.52946 TRACK
[PUSH_CTRL] 260 3.57133 3.52249 TRACK
[PUSH_CTRL] 261 3.57133 3.51559 TRACK
[PUSH_CTRL] 262 3.57133 3.50961 TRACK
[PUSH_CTRL] 263 3.57133 3.50461 TRACK
[PUSH_CTRL] 264 3.57133 3.5015 TRACK
[PUSH_CTRL] 265 3.57133 3.49966 TRACK
[PUSH_CTRL] 266 3.57133 3.49868 TRACK
[PUSH_CTRL] 267 3.57133 3.49814 TRACK
[PUSH_CTRL] 268 3.57133 3.49822 TRACK
[PUSH_CTRL] 269 3.57133 3.50155 TRACK
[PUSH_CTRL] 270 3.57133 3.50201 TRACK
[PUSH_CTRL] 271 3.57133 3.50265 TRACK
[PUSH_CTRL] 272 3.57133 3.50341 TRACK
[PUSH_CTRL] 273 3.57133 3.505 TRACK
[PUSH_CTRL] 274 3.57133 3.50677 TRACK
[PUSH_CTRL] 275 3.57133 3.50801 TRACK
[PUSH_CTRL] 276 3.57133 3.50828 TRACK
[PUSH_CTRL] 277 3.57133 3.50811 TRACK
[PUSH_CTRL] 278 3.57133 3.50752 TRACK
[PUSH_CTRL] 279 3.57133 3.50981 TRACK
[PUSH_CTRL] 280 3.57133 3.50939 TRACK
[PUSH_CTRL] 281 3.57133 3.5091 TRACK
[PUSH_CTRL] 282 3.57133 3.50892 TRACK
[PUSH_CTRL] 283 3.57133 3.50852 TRACK
[PUSH_CTRL] 284 3.57133 3.50824 TRACK
[PUSH_CTRL] 285 3.57133 3.50786 TRACK
[PUSH_CTRL] 286 3.57133 3.50758 TRACK
[PUSH_CTRL] 287 3.57133 3.50733 TRACK
[PUSH_CTRL] 288 3.57133 3.50712 TRACK
[PUSH_CTRL] 289 3.57133 3.50966 TRACK
[PUSH_CTRL] 290 3.57133 3.50971 TRACK
[PUSH_CTRL] 291 3.57133 3.51012 TRACK
[PUSH_CTRL] 292 3.57133 3.50964 TRACK
[PUSH_CTRL] 293 3.57133 3.50823 TRACK
[PUSH_CTRL] 294 3.57133 3.50247 TRACK
[PUSH_CTRL] 295 3.57133 3.49742 TRACK
[PUSH_CTRL] 296 3.57133 3.49348 TRACK
[PUSH_CTRL] 297 3.57133 3.49348 TRACK
[PUSH_CTRL] 298 3.57133 3.49108 TRACK
[PUSH_CTRL] 299 3.57133 3.48951 TRACK
[PUSH_CTRL] 300 3.57133 3.48831 TRACK
[PUSH_CTRL] 301 3.57133 3.487 TRACK
[PUSH_CTRL] 302 3.57133 3.48567 TRACK
[PUSH_CTRL] 303 3.57133 3.48454 TRACK
[PUSH_CTRL] 304 3.57133 3.48351 TRACK
[PUSH_CTRL] 305 3.57133 3.48269 TRACK
[PUSH_CTRL] 306 3.57133 3.48192 TRACK
[PUSH_CTRL] 307 3.57133 3.48126 TRACK
[PUSH_CTRL] 308 3.57133 3.48447 TRACK
[PUSH_CTRL] 309 3.57133 3.48391 TRACK
[PUSH_CTRL] 310 3.57133 3.48354 TRACK
[PUSH_CTRL] 311 3.57133 3.48528 TRACK
[PUSH_CTRL] 312 3.57133 3.48747 TRACK
[PUSH_CTRL] 313 3.57133 3.48947 TRACK
[PUSH_CTRL] 314 3.57133 3.49117 TRACK
[PUSH_CTRL] 315 3.57133 3.49249 TRACK
[PUSH_CTRL] 316 3.57133 3.49325 TRACK
[PUSH_CTRL] 317 3.57133 3.49618 TRACK
[PUSH_CTRL] 318 3.57133 3.49509 TRACK
[PUSH_CTRL] 319 3.57133 3.49412 TRACK
[PUSH_CTRL] 320 3.57133 3.49325 TRACK
[PUSH_CTRL] 321 3.57133 3.49146 TRACK
[PUSH_CTRL] 322 3.57133 3.48894 TRACK
[PUSH_CTRL] 323 3.57133 3.48631 TRACK
[PUSH_CTRL] 324 3.57133 3.4838 TRACK
[PUSH_CTRL] 325 3.57133 3.48145 TRACK
[PUSH_CTRL] 326 3.57133 3.48386 TRACK
[PUSH_CTRL] 327 3.57133 3.48296 TRACK
[PUSH_CTRL] 328 3.57133 3.48251 TRACK
[PUSH_CTRL] 329 3.57133 3.4824 TRACK
[PUSH_CTRL] 330 3.57133 3.48269 TRACK
[PUSH_CTRL] 331 3.57133 3.48317 TRACK
[PUSH_CTRL] 332 3.57133 3.48388 TRACK
[PUSH_CTRL] 333 3.57133 3.48549 TRACK
[PUSH_CTRL] 334 3.57133 3.48792 TRACK
[PUSH_CTRL] 335 3.57133 3.49594 TRACK
[PUSH_CTRL] 336 3.57133 3.50034 TRACK
[PUSH_CTRL] 337 3.57133 3.50395 TRACK
[PUSH_CTRL] 338 3.57133 3.50719 TRACK
[PUSH_CTRL] 339 3.57133 3.51007 TRACK
[PUSH_CTRL] 340 3.57133 3.5114 TRACK
[PUSH_CTRL] 341 3.57133 3.51249 TRACK
[PUSH_CTRL] 342 3.57133 3.51307 TRACK
[PUSH_CTRL] 343 3.57133 3.51456 TRACK
[PUSH_CTRL] 344 3.57133 3.51942 TRACK
[PUSH_CTRL] 345 3.57133 3.52373 TRACK
[PUSH_CTRL] 346 3.57133 3.52767 TRACK
[PUSH_CTRL] 347 3.57133 3.53129 TRACK
[PUSH_CTRL] 348 3.57133 3.53364 TRACK
[PUSH_CTRL] 349 3.57133 3.53563 TRACK
[PUSH_CTRL] 350 3.57133 3.53416 TRACK
[PUSH_CTRL] 351 3.57133 3.53011 TRACK
[PUSH_CTRL] 352 3.57133 3.52848 TRACK
[PUSH_CTRL] 353 3.57133 3.52902 TRACK
[PUSH_CTRL] 354 3.57133 3.5342 TRACK
[PUSH_CTRL] 355 3.57133 3.53611 TRACK
[PUSH_CTRL] 356 3.57133 3.53762 TRACK
[PUSH_CTRL] 357 3.57133 3.53954 TRACK
[PUSH_CTRL] 358 3.57133 3.54137 TRACK
[PUSH_CTRL] 359 3.57133 3.54346 TRACK
[PUSH_CTRL] 360 3.57133 3.54556 TRACK
[PUSH_CTRL] 361 3.57133 3.54698 TRACK
[PUSH_CTRL] 362 3.57133 3.54886 TRACK
[PUSH_CTRL] 363 3.57133 3.54818 TRACK
[PUSH_CTRL] 364 3.57133 3.5471 TRACK
[PUSH_CTRL] 365 3.57133 3.54656 TRACK
[PUSH_CTRL] 366 3.57133 3.54685 TRACK
[PUSH_CTRL] 367 3.57133 3.54759 TRACK
[PUSH_CTRL] 368 3.57133 3.54906 TRACK
[PUSH_CTRL] 369 3.57133 3.55089 TRACK
[PUSH_CTRL] 370 3.57133 3.5525 TRACK
[PUSH_CTRL] 371 3.57133 3.55387 TRACK
[PUSH_CTRL] 372 3.57133 3.55464 TRACK
[PUSH_CTRL] 373 3.57133 3.55221 TRACK
[PUSH_CTRL] 374 3.57133 3.5481 TRACK
[PUSH_CTRL] 375 3.57133 3.54301 TRACK
[PUSH_CTRL] 376 3.57133 3.54026 TRACK
[PUSH_CTRL] 377 3.57133 3.54008 TRACK
[PUSH_CTRL] 378 3.57133 3.54213 TRACK
[PUSH_CTRL] 379 3.57133 3.54383 TRACK
[PUSH_CTRL] 380 3.57133 3.5453 TRACK
[PUSH_CTRL] 381 3.57133 3.54918 TRACK
[PUSH_CTRL] 382 3.57133 3.55128 TRACK
[PUSH_CTRL] 383 3.57133 3.5537 TRACK
[PUSH_CTRL] 384 3.57133 3.55789 TRACK
[PUSH_CTRL] 385 3.57133 3.5626 TRACK
[PUSH_CTRL] 386 3.57133 3.56686 TRACK
[PUSH_CTRL] 387 3.57133 3.56808 TRACK
[PUSH_CTRL] 388 3.57133 3.56667 TRACK
[PUSH_CTRL] 389 3.57133 3.56631 TRACK
[PUSH_CTRL] 390 3.57133 3.56767 TRACK
[PUSH_CTRL] 391 3.57133 3.56733 TRACK
[PUSH_CTRL] 392 3.57133 3.56684 TRACK
[PUSH_CTRL] 393 3.57133 3.56535 TRACK
[PUSH_CTRL] 394 3.57133 3.56372 TRACK
[PUSH_CTRL] 395 3.57133 3.56197 TRACK
[PUSH_CTRL] 396 3.57133 3.56044 TRACK
[PUSH_CTRL] 397 3.57133 3.55916 TRACK
[PUSH_CTRL] 398 3.57133 3.55823 TRACK
[PUSH_CTRL] 399 3.57133 3.55952 TRACK
[PUSH_CTRL] 400 3.57133 3.55936 TRACK
[PUSH_CTRL] 401 3.57133 3.56095 TRACK
[PUSH_CTRL] 402 3.57133 3.5658 TRACK
[PUSH_CTRL] 403 3.5695 3.57133 TRACK
[PUSH_CTRL] 404 3.56265 3.57133 TRACK
[PUSH_CTRL] 405 3.55677 3.57133 TRACK
[PUSH_CTRL] 406 3.55399 3.57133 TRACK
[PUSH_CTRL] 407 3.55392 3.57133 TRACK
[PUSH_CTRL] 408 3.55372 3.57133 TRACK
[PUSH_CTRL] 409 3.55486 3.57133 TRACK
[PUSH_CTRL] 410 3.55634 3.57133 TRACK
[PUSH_CTRL] 411 3.55787 3.57133 TRACK
[PUSH_CTRL] 412 3.55955 3.57133 TRACK
[PUSH_CTRL] 413 3.5614 3.57133 TRACK
[PUSH_CTRL] 414 3.56288 3.57133 TRACK
[PUSH_CTRL] 415 3.56415 3.57133 TRACK
[PUSH_CTRL] 416 3.56518 3.57133 TRACK
[PUSH_CTRL] 417 3.56298 3.57133 TRACK
[PUSH_CTRL] 418 3.56168 3.57133 TRACK
[PUSH_CTRL] 419 3.55992 3.57133 TRACK
[PUSH_CTRL] 420 3.55767 3.57133 TRACK
[PUSH_CTRL] 421 3.55564 3.57133 TRACK
[PUSH_CTRL] 422 3.55374 3.57133 TRACK
[PUSH_CTRL] 423 3.55216 3.57133 TRACK
[PUSH_CTRL] 424 3.55097 3.57133 TRACK
[PUSH_CTRL] 425 3.55014 3.57133 TRACK
[PUSH_CTRL] 426 3.54902 3.57133 TRACK
[PUSH_CTRL] 427 3.54693 3.57133 TRACK
[PUSH_CTRL] 428 3.54526 3.57133 TRACK
[PUSH_CTRL] 429 3.54515 3.57133 TRACK
[PUSH_CTRL] 430 3.54526 3.57133 TRACK
[PUSH_CTRL] 431 3.54534 3.57133 TRACK
[PUSH_CTRL] 432 3.54504 3.57133 TRACK
[PUSH_CTRL] 433 3.54445 3.57133 TRACK
[PUSH_CTRL] 434 3.54367 3.57133 TRACK
[PUSH_CTRL] 435 3.54295 3.57133 TRACK
[PUSH_CTRL] 436 3.54237 3.57133 TRACK
[PUSH_CTRL] 437 3.5427 3.57133 TRACK
[PUSH_CTRL] 438 3.54282 3.57133 TRACK
[PUSH_CTRL] 439 3.54274 3.57133 TRACK
[PUSH_CTRL] 440 3.54261 3.57133 TRACK
[PUSH_CTRL] 441 3.54252 3.57133 TRACK
[PUSH_CTRL] 442 3.54265 3.57133 TRACK
[PUSH_CTRL] 443 3.54336 3.57133 TRACK
[PUSH_CTRL] 444 3.54314 3.57133 TRACK
[PUSH_CTRL] 445 3.54161 3.57133 TRACK
[PUSH_CTRL] 446 3.53973 3.57133 TRACK
[PUSH_CTRL] 447 3.537 3.57133 TRACK
[PUSH_CTRL] 448 3.53385 3.57133 TRACK
[PUSH_CTRL] 449 3.53185 3.57133 TRACK
[PUSH_CTRL] 450 3.53074 3.57133 TRACK
[PUSH_CTRL] 451 3.53022 3.57133 TRACK
[PUSH_CTRL] 452 3.53049 3.57133 TRACK
[PUSH_CTRL] 453 3.53195 3.57133 TRACK
[PUSH_CTRL] 454 3.53308 3.57133 TRACK
[PUSH_CTRL] 455 3.53397 3.57133 TRACK
[PUSH_CTRL] 456 3.53465 3.57133 TRACK
[PUSH_CTRL] 457 3.53556 3.57133 TRACK
[PUSH_CTRL] 458 3.53611 3.57133 TRACK
[PUSH_CTRL] 459 3.53586 3.57133 TRACK
[PUSH_CTRL] 460 3.53554 3.57133 TRACK
[PUSH_CTRL] 461 3.53574 3.57133 TRACK
[PUSH_CTRL] 462 3.53508 3.57133 TRACK
[PUSH_CTRL] 463 3.53456 3.57133 TRACK
[PUSH_CTRL] 464 3.53386 3.57133 TRACK
[PUSH_CTRL] 465 3.53327 3.57133 TRACK
[PUSH_CTRL] 466 3.53168 3.57133 TRACK
[PUSH_CTRL] 467 3.53249 3.57133 TRACK
[PUSH_CTRL] 468 3.53392 3.57133 TRACK
[PUSH_CTRL] 469 3.53596 3.57133 TRACK
[PUSH_CTRL] 470 3.53702 3.57133 TRACK
[PUSH_CTRL] 471 3.53704 3.57133 TRACK
[PUSH_CTRL] 472 3.53604 3.57133 TRACK
[PUSH_CTRL] 473 3.53376 3.57133 TRACK
[PUSH_CTRL] 474 3.5314 3.57133 TRACK
[PUSH_CTRL] 475 3.52932 3.57133 TRACK
[PUSH_CTRL] 476 3.52733 3.57133 TRACK
[PUSH_CTRL] 477 3.52656 3.57133 TRACK
[PUSH_CTRL] 478 3.52397 3.57133 TRACK
[PUSH_CTRL] 479 3.52158 3.57133 TRACK
[PUSH_CTRL] 480 3.51963 3.57133 TRACK
[PUSH_CTRL] 481 3.51844 3.57133 TRACK
[PUSH_CTRL] 482 3.51763 3.57133 TRACK
[PUSH_CTRL] 483 3.5172 3.57133 TRACK
[PUSH_CTRL] 484 3.51717 3.57133 TRACK
[PUSH_CTRL] 485 3.51752 3.57133 TRACK
[PUSH_CTRL] 486 3.51953 3.57133 TRACK
[PUSH_CTRL] 487 3.52038 3.57133 TRACK
[PUSH_CTRL] 488 3.52171 3.57133 TRACK
[PUSH_CTRL] 489 3.52358 3.57133 TRACK
[PUSH_CTRL] 490 3.52448 3.57133 TRACK
[PUSH_CTRL] 491 3.52454 3.57133 TRACK
[PUSH_CTRL] 492 3.52428 3.57133 TRACK
[PUSH_CTRL] 493 3.52265 3.57133 TRACK
[PUSH_CTRL] 494 3.52256 3.57133 TRACK
[PUSH_CTRL] 495 3.52139 3.57133 TRACK
[PUSH_CTRL] 496 3.52158 3.57133 TRACK
[PUSH_CTRL] 497 3.52183 3.57133 TRACK
[PUSH_CTRL] 498 3.52077 3.57133 TRACK
[PUSH_CTRL] 499 3.51925 3.57133 TRACK
[PUSH_CTRL] 500 3.51756 3.57133 TRACK
[PUSH_CTRL] 501 3.51604 3.57133 TRACK
[PUSH_CTRL] 502 3.51631 3.57133 TRACK
[PUSH_CTRL] 503 3.51519 3.57133 TRACK
[PUSH_CTRL] 504 3.51424 3.57133 TRACK
[PUSH_CTRL] 505 3.51671 3.57133 TRACK
[PUSH_CTRL] 506 3.51985 3.57133 TRACK
[PUSH_CTRL] 507 3.52441 3.57133 TRACK
[PUSH_CTRL] 508 3.52916 3.57133 TRACK
[PUSH_CTRL] 509 3.5331 3.57133 TRACK
[PUSH_CTRL] 510 3.53725 3.57133 TRACK
[PUSH_CTRL] 511 3.53933 3.57133 TRACK
[PUSH_CTRL] 512 3.54056 3.57133 TRACK
[PUSH_CTRL] 513 3.54112 3.57133 TRACK
[PUSH_CTRL] 514 3.54116 3.57133 TRACK
[PUSH_CTRL] 515 3.53926 3.57133 TRACK
[PUSH_CTRL] 516 3.5345 3.57133 TRACK
[PUSH_CTRL] 517 3.52887 3.57133 TRACK
[PUSH_CTRL] 518 3.52367 3.57133 TRACK
[PUSH_CTRL] 519 3.51731 3.57133 TRACK
[PUSH_CTRL] 520 3.51427 3.57133 TRACK
[PUSH_CTRL] 521 3.51439 3.57133 TRACK
[PUSH_CTRL] 522 3.51654 3.57133 TRACK
[PUSH_CTRL] 523 3.52038 3.57133 TRACK
[PUSH_CTRL] 524 3.52391 3.57133 TRACK
[PUSH_CTRL] 525 3.52764 3.57133 TRACK
[PUSH_CTRL] 526 3.53102 3.57133 TRACK
[PUSH_CTRL] 527 3.53509 3.57133 TRACK
[PUSH_CTRL] 528 3.53753 3.57133 TRACK
[PUSH_CTRL] 529 3.53953 3.57133 TRACK
[PUSH_CTRL] 530 3.54115 3.57133 TRACK
[PUSH_CTRL] 531 3.5426 3.57133 TRACK
[PUSH_CTRL] 532 3.54401 3.57133 TRACK
[PUSH_CTRL] 533 3.54566 3.57133 TRACK
[PUSH_CTRL] 534 3.5463 3.57133 TRACK
[PUSH_CTRL] 535 3.54661 3.57133 TRACK
[PUSH_CTRL] 536 3.5477 3.57133 TRACK
[PUSH_CTRL] 537 3.54768 3.57133 TRACK
[PUSH_CTRL] 538 3.54757 3.57133 TRACK
[PUSH_CTRL] 539 3.54739 3.57133 TRACK
[PUSH_CTRL] 540 3.54717 3.57133 TRACK
[PUSH_CTRL] 541 3.54686 3.57133 TRACK
[PUSH_CTRL] 542 3.5465 3.57133 TRACK
[PUSH_CTRL] 543 3.54553 3.57133 TRACK
[PUSH_CTRL] 544 3.5457 3.57133 TRACK
[PUSH_CTRL] 545 3.54369 3.57133 TRACK
[PUSH_CTRL] 546 3.54126 3.57133 TRACK
[PUSH_CTRL] 547 3.53899 3.57133 TRACK
[PUSH_CTRL] 548 3.53726 3.57133 TRACK
[PUSH_CTRL] 549 3.53572 3.57133 TRACK
[PUSH_CTRL] 550 3.53403 3.57133 TRACK
[PUSH_CTRL] 551 3.53279 3.57133 TRACK
[PUSH_CTRL] 552 3.53596 3.57133 TRACK
[PUSH_CTRL] 553 3.53783 3.57133 TRACK
[PUSH_CTRL] 554 3.53832 3.57133 TRACK
[PUSH_CTRL] 555 3.5374 3.57133 TRACK
[PUSH_CTRL] 556 3.53543 3.57133 TRACK
[PUSH_CTRL] 557 3.53285 3.57133 TRACK
[PUSH_CTRL] 558 3.53037 3.57133 TRACK
[PUSH_CTRL] 559 3.52818 3.57133 TRACK
[PUSH_CTRL] 560 3.52586 3.57133 TRACK
[PUSH_CTRL] 561 3.52442 3.57133 TRACK
[PUSH_CTRL] 562 3.52239 3.57133 TRACK
[PUSH_CTRL] 563 3.52092 3.57133 TRACK
[PUSH_CTRL] 564 3.51977 3.57133 TRACK
[PUSH_CTRL] 565 3.51891 3.57133 TRACK
[PUSH_CTRL] 566 3.51858 3.57133 TRACK
[PUSH_CTRL] 567 3.51858 3.57133 TRACK
[PUSH_CTRL] 568 3.51827 3.57133 TRACK
[PUSH_CTRL] 569 3.51789 3.57133 TRACK
[PUSH_CTRL] 570 3.51599 3.57133 TRACK
[PUSH_CTRL] 571 3.51336 3.57133 TRACK
[PUSH_CTRL] 572 3.51186 3.57133 TRACK
[PUSH_CTRL] 573 3.51135 3.57133 TRACK
[PUSH_CTRL] 574 3.51111 3.57133 TRACK
[PUSH_CTRL] 575 3.51101 3.57133 TRACK
[PUSH_CTRL] 576 3.5113 3.57133 TRACK
[PUSH_CTRL] 577 3.51154 3.57133 TRACK
[PUSH_CTRL] 578 3.51358 3.57133 TRACK
[PUSH_CTRL] 579 3.51365 3.57133 TRACK
[PUSH_CTRL] 580 3.51364 3.57133 TRACK
[PUSH_CTRL] 581 3.51354 3.57133 TRACK
[PUSH_CTRL] 582 3.51342 3.57133 TRACK
[PUSH_CTRL] 583 3.51186 3.57133 TRACK
[PUSH_CTRL] 584 3.50979 3.57133 TRACK
[PUSH_CTRL] 585 3.50707 3.57133 TRACK
[PUSH_CTRL] 586 3.50695 3.57133 TRACK
[PUSH_CTRL] 587 3.50507 3.57133 TRACK
[PUSH_CTRL] 588 3.50344 3.57133 TRACK
[PUSH_CTRL] 589 3.50203 3.57133 TRACK
[PUSH_CTRL] 590 3.50103 3.57133 TRACK
[PUSH_CTRL] 591 3.50049 3.57133 TRACK
[PUSH_CTRL] 592 3.50034 3.57133 TRACK
[PUSH_CTRL] 593 3.50019 3.57133 TRACK
[PUSH_CTRL] 594 3.50322 3.57133 TRACK
[PUSH_CTRL] 595 3.50543 3.57133 TRACK
[PUSH_CTRL] 596 3.5079 3.57133 TRACK
[PUSH_CTRL] 597 3.5098 3.57133 TRACK
[PUSH_CTRL] 598 3.51112 3.57133 TRACK
[PUSH_CTRL] 599 3.51218 3.57133 TRACK
[PUSH_CTRL] 600 3.51265 3.57133 TRACK
[PUSH_CTRL] 601 3.51255 3.57133 TRACK
[PUSH_CTRL] 602 3.51214 3.57133 TRACK
[PUSH_CTRL] 603 3.5137 3.57133 TRACK
[PUSH_CTRL] 604 3.5128 3.57133 TRACK
[PUSH_CTRL] 605 3.51177 3.57133 TRACK
[PUSH_CTRL] 606 3.51059 3.57133 TRACK
[PUSH_CTRL] 607 3.50918 3.57133 TRACK
[PUSH_CTRL] 608 3.50694 3.57133 TRACK
[PUSH_CTRL] 609 3.50553 3.57133 TRACK
[PUSH_CTRL] 610 3.50451 3.57133 TRACK
[PUSH_CTRL] 611 3.50611 3.57133 TRACK
[PUSH_CTRL] 612 3.50538 3.57133 TRACK
[PUSH_CTRL] 613 3.50472 3.57133 TRACK
[PUSH_CTRL] 614 3.5032 3.57133 TRACK
[PUSH_CTRL] 615 3.49998 3.57133 TRACK
[PUSH_CTRL] 616 3.49654 3.57133 TRACK
[PUSH_CTRL] 617 3.49313 3.57133 TRACK
[PUSH_CTRL] 618 3.49002 3.57133 TRACK
[PUSH_CTRL] 619 3.48987 3.57133 TRACK
[PUSH_CTRL] 620 3.4875 3.57133 TRACK
[PUSH_CTRL] 621 3.48566 3.57133 TRACK
[PUSH_CTRL] 622 3.48413 3.57133 TRACK
[PUSH_CTRL] 623 3.48284 3.57133 TRACK
[PUSH_CTRL] 624 3.48176 3.57133 TRACK
[PUSH_CTRL] 625 3.48165 3.57133 TRACK
[PUSH_CTRL] 626 3.48247 3.57133 TRACK
[PUSH_CTRL] 627 3.48857 3.57133 TRACK
[PUSH_CTRL] 628 3.49255 3.57133 TRACK
[PUSH_CTRL] 629 3.49761 3.57133 TRACK
[PUSH_CTRL] 630 3.50268 3.57133 TRACK
[PUSH_CTRL] 631 3.5076 3.57133 TRACK
[PUSH_CTRL] 632 3.50889 3.57133 TRACK
[PUSH_CTRL] 633 3.5075 3.57133 TRACK
[PUSH_CTRL] 634 3.50424 3.57133 TRACK
[PUSH_CTRL] 635 3.50197 3.57133 TRACK
[PUSH_CTRL] 636 3.49828 3.57133 TRACK
[PUSH_CTRL] 637 3.49571 3.57133 TRACK
[PUSH_CTRL] 638 3.49382 3.57133 TRACK
[PUSH_CTRL] 639 3.49189 3.57133 TRACK
[PUSH_CTRL] 640 3.48977 3.57133 TRACK
[PUSH_CTRL] 641 3.48736 3.57133 TRACK
[PUSH_CTRL] 642 3.48462 3.57133 TRACK
[PUSH_CTRL] 643 3.48148 3.57133 TRACK
[PUSH_CTRL] 644 3.48174 3.57133 TRACK
[PUSH_CTRL] 645 3.47794 3.57133 TRACK
[PUSH_CTRL] 646 3.47457 3.57133 TRACK
[PUSH_CTRL] 647 3.47147 3.57133 TRACK
[PUSH_CTRL] 648 3.46883 3.57133 TRACK
[PUSH_CTRL] 649 3.46695 3.57133 TRACK
[PUSH_CTRL] 650 3.46509 3.57133 TRACK
[PUSH_CTRL] 651 3.46355 3.57133 TRACK
[PUSH_CTRL] 652 3.46741 3.57133 TRACK
[PUSH_CTRL] 653 3.46732 3.57133 TRACK
[PUSH_CTRL] 654 3.46751 3.57133 TRACK
[PUSH_CTRL] 655 3.46793 3.57133 TRACK
[PUSH_CTRL] 656 3.46818 3.57133 TRACK
[PUSH_CTRL] 657 3.4683 3.57133 TRACK
[PUSH_CTRL] 658 3.46854 3.57133 TRACK
[PUSH_CTRL] 659 3.47043 3.57133 TRACK
[PUSH_CTRL] 660 3.47666 3.57133 TRACK
[PUSH_CTRL] 661 3.47944 3.57133 TRACK
[PUSH_CTRL] 662 3.48184 3.57133 TRACK
[PUSH_CTRL] 663 3.48351 3.57133 TRACK
[PUSH_CTRL] 664 3.48482 3.57133 TRACK
[PUSH_CTRL] 665 3.48573 3.57133 TRACK
[PUSH_CTRL] 666 3.48632 3.57133 TRACK
[PUSH_CTRL] 667 3.48613 3.57133 TRACK
[PUSH_CTRL] 668 3.48866 3.57133 TRACK
[PUSH_CTRL] 669 3.48672 3.57133 TRACK
[PUSH_CTRL] 670 3.48285 3.57133 TRACK
[PUSH_CTRL] 671 3.4792 3.57133 TRACK
[PUSH_CTRL] 672 3.47555 3.57133 TRACK
[PUSH_CTRL] 673 3.47176 3.57133 TRACK
[PUSH_CTRL] 674 3.46823 3.57133 TRACK
[PUSH_CTRL] 675 3.46499 3.57133 TRACK
[PUSH_CTRL] 676 3.46252 3.57133 TRACK
[PUSH_CTRL] 677 3.46446 3.57133 TRACK
[PUSH_CTRL] 678 3.4626 3.57133 TRACK
[PUSH_CTRL] 679 3.46082 3.57133 TRACK
[PUSH_CTRL] 680 3.45945 3.57133 TRACK
[PUSH_CTRL] 681 3.45814 3.57133 TRACK
[PUSH_CTRL] 682 3.45784 3.57133 TRACK
[PUSH_CTRL] 683 3.45743 3.57133 TRACK
[PUSH_CTRL] 684 3.4605 3.57133 TRACK
[PUSH_CTRL] 685 3.45867 3.57133 TRACK
[PUSH_CTRL] 686 3.45634 3.57133 TRACK
[PUSH_CTRL] 687 3.45398 3.57133 TRACK
[PUSH_CTRL] 688 3.45176 3.57133 TRACK
[PUSH_CTRL] 689 3.45025 3.57133 TRACK
[PUSH_CTRL] 690 3.44991 3.57133 TRACK
[PUSH_CTRL] 691 3.45174 3.57133 TRACK
[PUSH_CTRL] 692 3.45451 3.57133 TRACK
[PUSH_CTRL] 693 3.46154 3.57133 TRACK
[PUSH_CTRL] 694 3.46379 3.57133 TRACK
[PUSH_CTRL] 695 3.46537 3.57133 TRACK
[PUSH_CTRL] 696 3.46676 3.57133 TRACK
[PUSH_CTRL] 697 3.46798 3.57133 TRACK
[PUSH_CTRL] 698 3.46903 3.57133 TRACK
[PUSH_CTRL] 699 3.46997 3.57133 TRACK
[PUSH_CTRL] 700 3.47063 3.57133 TRACK
[PUSH_CTRL] 701 3.47529 3.57133 TRACK
[PUSH_CTRL] 702 3.47543 3.57133 TRACK
[PUSH_CTRL] 703 3.47525 3.57133 TRACK
[PUSH_CTRL] 704 3.47449 3.57133 TRACK
[PUSH_CTRL] 705 3.47329 3.57133 TRACK
[PUSH_CTRL] 706 3.47217 3.57133 TRACK
[PUSH_CTRL] 707 3.47111 3.57133 TRACK
[PUSH_CTRL] 708 3.47012 3.57133 TRACK
[PUSH_CTRL] 709 3.47219 3.57133 TRACK
[PUSH_CTRL] 710 3.46885 3.57133 TRACK
[PUSH_CTRL] 711 3.46424 3.57133 TRACK
[PUSH_CTRL] 712 3.45839 3.57133 TRACK
[PUSH_CTRL] 713 3.45327 3.57133 TRACK
[PUSH_CTRL] 714 3.44913 3.57133 TRACK
[PUSH_CTRL] 715 3.44557 3.57133 TRACK
[PUSH_CTRL] 716 3.44257 3.57133 TRACK
[PUSH_CTRL] 717 3.44006 3.57133 TRACK
[PUSH_CTRL] 718 3.44313 3.57133 TRACK
[PUSH_CTRL] 719 3.4416 3.57133 TRACK
[PUSH_CTRL] 720 3.44055 3.57133 TRACK
[PUSH_CTRL] 721 3.43995 3.57133 TRACK
[PUSH_CTRL] 722 3.43986 3.57133 TRACK
[PUSH_CTRL] 723 3.44116 3.57133 TRACK
[PUSH_CTRL] 724 3.44325 3.57133 TRACK
[PUSH_CTRL] 725 3.44505 3.57133 TRACK
[PUSH_CTRL] 726 3.45159 3.57133 TRACK
[PUSH_CTRL] 727 3.45234 3.57133 TRACK
[PUSH_CTRL] 728 3.4525 3.57133 TRACK
[PUSH_CTRL] 729 3.4522 3.57133 TRACK
[PUSH_CTRL] 730 3.45043 3.57133 TRACK
[PUSH_CTRL] 731 3.44836 3.57133 TRACK
[PUSH_CTRL] 732 3.44594 3.57133 TRACK
[PUSH_CTRL] 733 3.44226 3.57133 TRACK
[PUSH_CTRL] 734 3.4443 3.57133 TRACK
[PUSH_CTRL] 735 3.44142 3.57133 TRACK
[PUSH_CTRL] 736 3.43856 3.57133 TRACK
[PUSH_CTRL] 737 3.43654 3.57133 TRACK
[PUSH_CTRL] 738 3.43432 3.57133 TRACK
[PUSH_CTRL] 739 3.43222 3.57133 TRACK
[PUSH_CTRL] 740 3.43041 3.57133 TRACK
[PUSH_CTRL] 741 3.42886 3.57133 TRACK
[PUSH_CTRL] 742 3.43331 3.57133 TRACK
[PUSH_CTRL] 743 3.43214 3.57133 TRACK
[PUSH_CTRL] 744 3.43106 3.57133 TRACK
[PUSH_CTRL] 745 3.43019 3.57133 TRACK
[PUSH_CTRL] 746 3.42934 3.57133 TRACK
[PUSH_CTRL] 747 3.4295 3.57133 TRACK
[PUSH_CTRL] 748 3.43286 3.57133 TRACK
[PUSH_CTRL] 749 3.43587 3.57133 TRACK
[PUSH_CTRL] 750 3.43782 3.57133 TRACK
[PUSH_CTRL] 751 3.4443 3.57133 TRACK
[PUSH_CTRL] 752 3.44502 3.57133 TRACK
[PUSH_CTRL] 753 3.44559 3.57133 TRACK
[PUSH_CTRL] 754 3.44562 3.57133 TRACK
[PUSH_CTRL] 755 3.44515 3.57133 TRACK
[PUSH_CTRL] 756 3.44449 3.57133 TRACK
[PUSH_CTRL] 757 3.44351 3.57133 TRACK
[PUSH_CTRL] 758 3.4423 3.57133 TRACK
[PUSH_CTRL] 759 3.44672 3.57133 TRACK
[PUSH_CTRL] 760 3.44595 3.57133 TRACK
[PUSH_CTRL] 761 3.4454 3.57133 TRACK
[PUSH_CTRL] 762 3.44424 3.57133 TRACK
[PUSH_CTRL] 763 3.44362 3.57133 TRACK
[PUSH_CTRL] 764 3.44301 3.57133 TRACK
[PUSH_CTRL] 765 3.44241 3.57133 TRACK
[PUSH_CTRL] 766 3.44179 3.57133 TRACK
[PUSH_CTRL] 767 3.44664 3.57133 TRACK
[PUSH_CTRL] 768 3.44601 3.57133 TRACK
[PUSH_CTRL] 769 3.44551 3.57133 TRACK
[PUSH_CTRL] 770 3.4451 3.57133 TRACK
[PUSH_CTRL] 771 3.44474 3.57133 TRACK
[PUSH_CTRL] 772 3.44435 3.57133 TRACK
[PUSH_CTRL] 773 3.44409 3.57133 TRACK
[PUSH_CTRL] 774 3.44394 3.57133 TRACK
[PUSH_CTRL] 775 3.44372 3.57133 TRACK
[PUSH_CTRL] 776 3.44885 3.57133 TRACK
[PUSH_CTRL] 777 3.44842 3.57133 TRACK
[PUSH_CTRL] 778 3.44796 3.57133 TRACK
[PUSH_CTRL] 779 3.44743 3.57133 TRACK
[PUSH_CTRL] 780 3.44686 3.57133 TRACK
[PUSH_CTRL] 781 3.44626 3.57133 TRACK
[PUSH_CTRL] 782 3.44605 3.57133 TRACK
[PUSH_CTRL] 783 3.44572 3.57133 TRACK
[PUSH_CTRL] 784 3.44998 3.57133 TRACK
[PUSH_CTRL] 785 3.44893 3.57133 TRACK
[PUSH_CTRL] 786 3.44793 3.57133 TRACK
[PUSH_CTRL] 787 3.44699 3.57133 TRACK
[PUSH_CTRL] 788 3.44611 3.57133 TRACK
[PUSH_CTRL] 789 3.44563 3.57133 TRACK
[PUSH_CTRL] 790 3.44492 3.57133 TRACK
[PUSH_CTRL] 791 3.44306 3.57133 TRACK
[PUSH_CTRL] 792 3.4461 3.57133 TRACK
[PUSH_CTRL] 793 3.44266 3.57133 TRACK
[PUSH_CTRL] 794 3.43937 3.57133 TRACK
[PUSH_CTRL] 795 3.43657 3.57133 TRACK
[PUSH_CTRL] 796 3.43412 3.57133 TRACK
[PUSH_CTRL] 797 3.43197 3.57133 TRACK
[PUSH_CTRL] 798 3.43056 3.57133 TRACK
[PUSH_CTRL] 799 3.42917 3.57133 TRACK
[PUSH_CTRL] 800 3.43385 3.57133 TRACK
[PUSH_CTRL] 801 3.4324 3.57133 TRACK
[PUSH_CTRL] 802 3.43117 3.57133 TRACK
[PUSH_CTRL] 803 3.42993 3.57133 TRACK
[PUSH_CTRL] 804 3.42884 3.57133 TRACK
[PUSH_CTRL] 805 3.42899 3.57133 TRACK
[PUSH_CTRL] 806 3.43038 3.57133 TRACK
[PUSH_CTRL] 807 3.43305 3.57133 TRACK
[PUSH_CTRL] 808 3.44238 3.57133 TRACK
[PUSH_CTRL] 809 3.44417 3.57133 TRACK
[PUSH_CTRL] 810 3.44492 3.57133 TRACK
[PUSH_CTRL] 811 3.44504 3.57133 TRACK
[PUSH_CTRL] 812 3.44474 3.57133 TRACK
[PUSH_CTRL] 813 3.44394 3.57133 TRACK
[PUSH_CTRL] 814 3.4446 3.57133 TRACK
[PUSH_CTRL] 815 3.44501 3.57133 TRACK
[PUSH_CTRL] 816 3.44493 3.57133 TRACK
[PUSH_CTRL] 817 3.45163 3.57133 TRACK
[PUSH_CTRL] 818 3.453 3.57133 TRACK
[PUSH_CTRL] 819 3.45402 3.57133 TRACK
[PUSH_CTRL] 820 3.45472 3.57133 TRACK
[PUSH_CTRL] 821 3.45496 3.57133 TRACK
[PUSH_CTRL] 822 3.45481 3.57133 TRACK
[PUSH_CTRL] 823 3.45301 3.57133 TRACK
[PUSH_CTRL] 824 3.45026 3.57133 TRACK
[PUSH_CTRL] 825 3.45335 3.57133 TRACK
[PUSH_CTRL] 826 3.45091 3.57133 TRACK
[PUSH_CTRL] 827 3.44808 3.57133 TRACK
[PUSH_CTRL] 828 3.44528 3.57133 TRACK
[PUSH_CTRL] 829 3.44293 3.57133 TRACK
[PUSH_CTRL] 830 3.44103 3.57133 TRACK
[PUSH_CTRL] 831 3.43948 3.57133 TRACK
[PUSH_CTRL] 832 3.43818 3.57133 TRACK
[PUSH_CTRL] 833 3.44387 3.57133 TRACK
[PUSH_CTRL] 834 3.4435 3.57133 TRACK
[PUSH_CTRL] 835 3.44305 3.57133 TRACK
[PUSH_CTRL] 836 3.44248 3.57133 TRACK
[PUSH_CTRL] 837 3.44173 3.57133 TRACK
[PUSH_CTRL] 838 3.441 3.57133 TRACK
[PUSH_CTRL] 839 3.43903 3.57133 TRACK
[PUSH_CTRL] 840 3.4363 3.57133 TRACK
[PUSH_CTRL] 841 3.44055 3.57133 TRACK
[PUSH_CTRL] 842 3.43792 3.57133 TRACK
[PUSH_CTRL] 843 3.4354 3.57133 TRACK
[PUSH_CTRL] 844 3.43319 3.57133 TRACK
[PUSH_CTRL] 845 3.43126 3.57133 TRACK
[PUSH_CTRL] 846 3.4296 3.57133 TRACK
[PUSH_CTRL] 847 3.42817 3.57133 TRACK
[PUSH_CTRL] 848 3.42737 3.57133 TRACK
[PUSH_CTRL] 849 3.43404 3.57133 TRACK
[PUSH_CTRL] 850 3.43479 3.57133 TRACK
[PUSH_CTRL] 851 3.43634 3.57133 TRACK
[PUSH_CTRL] 852 3.43814 3.57133 TRACK
[PUSH_CTRL] 853 3.43955 3.57133 TRACK
[PUSH_CTRL] 854 3.44083 3.57133 TRACK
[PUSH_CTRL] 855 3.4418 3.57133 TRACK
[PUSH_CTRL] 856 3.44248 3.57133 TRACK
[PUSH_CTRL] 857 3.44873 3.57133 TRACK
[PUSH_CTRL] 858 3.44851 3.57133 TRACK
[PUSH_CTRL] 859 3.44901 3.57133 TRACK
[PUSH_CTRL] 860 3.44738 3.57133 TRACK
[PUSH_CTRL] 861 3.44539 3.57133 TRACK
[PUSH_CTRL] 862 3.44346 3.57133 TRACK
[PUSH_CTRL] 863 3.44166 3.57133 TRACK
[PUSH_CTRL] 864 3.44001 3.57133 TRACK
[PUSH_CTRL] 865 3.44461 3.57133 TRACK
[PUSH_CTRL] 866 3.44323 3.57133 TRACK
[PUSH_CTRL] 867 3.44195 3.57133 TRACK
[PUSH_CTRL] 868 3.43975 3.57133 TRACK
[PUSH_CTRL] 869 3.43827 3.57133 TRACK
[PUSH_CTRL] 870 3.43729 3.57133 TRACK
[PUSH_CTRL] 871 3.43696 3.57133 TRACK
[PUSH_CTRL] 872 3.4364 3.57133 TRACK
[PUSH_CTRL] 873 3.4421 3.57133 TRACK
[PUSH_CTRL] 874 3.44151 3.57133 TRACK
[PUSH_CTRL] 875 3.44052 3.57133 TRACK
[PUSH_CTRL] 876 3.43956 3.57133 TRACK
[PUSH_CTRL] 877 3.43867 3.57133 TRACK
[PUSH_CTRL] 878 3.43748 3.57133 TRACK
[PUSH_CTRL] 879 3.43637 3.57133 TRACK
[PUSH_CTRL] 880 3.43533 3.57133 TRACK
[PUSH_CTRL] 881 3.44073 3.57133 TRACK
[PUSH_CTRL] 882 3.43979 3.57133 TRACK
[PUSH_CTRL] 883 3.43903 3.57133 TRACK
[PUSH_CTRL] 884 3.43826 3.57133 TRACK
[PUSH_CTRL] 885 3.43761 3.57133 TRACK
[PUSH_CTRL] 886 3.43622 3.57133 TRACK
[PUSH_CTRL] 887 3.43519 3.57133 TRACK
[PUSH_CTRL] 888 3.43475 3.57133 TRACK
[PUSH_CTRL] 889 3.44096 3.57133 TRACK
[PUSH_CTRL] 890 3.44054 3.57133 TRACK
[PUSH_CTRL] 891 3.43963 3.57133 TRACK
[PUSH_CTRL] 892 3.43838 3.57133 TRACK
[PUSH_CTRL] 893 3.43603 3.57133 TRACK
[PUSH_CTRL] 894 3.43355 3.57133 TRACK
[PUSH_CTRL] 895 3.43111 3.57133 TRACK
[PUSH_CTRL] 896 3.42863 3.57133 TRACK
[PUSH_CTRL] 897 3.42653 3.57133 TRACK
[PUSH_CTRL] 898 3.4317 3.57133 TRACK
[PUSH_CTRL] 899 3.43015 3.57133 TRACK
[PUSH_CTRL] 900 3.42868 3.57133 TRACK
[PUSH_CTRL] 901 3.42687 3.57133 TRACK
[PUSH_CTRL] 902 3.42547 3.57133 TRACK
[PUSH_CTRL] 903 3.4244 3.57133 TRACK
[PUSH_CTRL] 904 3.42621 3.57133 TRACK
[PUSH_CTRL] 905 3.42798 3.57133 TRACK
[PUSH_CTRL] 906 3.43619 3.57133 TRACK
[PUSH_CTRL] 907 3.43694 3.57133 TRACK
[PUSH_CTRL] 908 3.43796 3.57133 TRACK
[PUSH_CTRL] 909 3.43897 3.57133 TRACK
[PUSH_CTRL] 910 3.43918 3.57133 TRACK
[PUSH_CTRL] 911 3.43902 3.57133 TRACK
[PUSH_CTRL] 912 3.43802 3.57133 TRACK
[PUSH_CTRL] 913 3.43644 3.57133 TRACK
[PUSH_CTRL] 914 3.44104 3.57133 TRACK
[PUSH_CTRL] 915 3.43917 3.57133 TRACK
[PUSH_CTRL] 916 3.43738 3.57133 TRACK
[PUSH_CTRL] 917 3.43515 3.57133 TRACK
[PUSH_CTRL] 918 3.43317 3.57133 TRACK
[PUSH_CTRL] 919 3.43163 3.57133 TRACK
[PUSH_CTRL] 920 3.43207 3.57133 TRACK
[PUSH_CTRL] 921 3.43309 3.57133 TRACK
[PUSH_CTRL] 922 3.44053 3.57133 TRACK
[PUSH_CTRL] 923 3.44114 3.57133 TRACK
[PUSH_CTRL] 924 3.44148 3.57133 TRACK
[PUSH_CTRL] 925 3.44161 3.57133 TRACK
[PUSH_CTRL] 926 3.44142 3.57133 TRACK
[PUSH_CTRL] 927 3.44095 3.57133 TRACK
[PUSH_CTRL] 928 3.44078 3.57133 TRACK
[PUSH_CTRL] 929 3.44043 3.57133 TRACK
[PUSH_CTRL] 930 3.4464 3.57133 TRACK
[PUSH_CTRL] 931 3.44508 3.57133 TRACK
[PUSH_CTRL] 932 3.4432 3.57133 TRACK
[PUSH_CTRL] 933 3.44048 3.57133 TRACK
[PUSH_CTRL] 934 3.43748 3.57133 TRACK
[PUSH_CTRL] 935 3.43493 3.57133 TRACK
[PUSH_CTRL] 936 3.43294 3.57133 TRACK
[PUSH_CTRL] 937 3.43111 3.57133 TRACK
[PUSH_CTRL] 938 3.42944 3.57133 TRACK
[PUSH_CTRL] 939 3.43583 3.57133 TRACK
[PUSH_CTRL] 940 3.43568 3.57133 TRACK
[PUSH_CTRL] 941 3.43557 3.57133 TRACK
[PUSH_CTRL] 942 3.43551 3.57133 TRACK
[PUSH_CTRL] 943 3.4354 3.57133 TRACK
[PUSH_CTRL] 944 3.43545 3.57133 TRACK
[PUSH_CTRL] 945 3.43565 3.57133 TRACK
[PUSH_CTRL] 946 3.4353 3.57133 TRACK
[PUSH_CTRL] 947 3.44188 3.57133 TRACK
[PUSH_CTRL] 948 3.44159 3.57133 TRACK
[PUSH_CTRL] 949 3.44052 3.57133 TRACK
[PUSH_CTRL] 950 3.43953 3.57133 TRACK
[PUSH_CTRL] 951 3.43848 3.57133 TRACK
[PUSH_CTRL] 952 3.43734 3.57133 TRACK
[PUSH_CTRL] 953 3.43678 3.57133 TRACK
[PUSH_CTRL] 954 3.44288 3.57133 TRACK
[PUSH_CTRL] 955 3.44148 3.57133 TRACK
[PUSH_CTRL] 956 3.43964 3.57133 TRACK
[PUSH_CTRL] 957 3.43739 3.57133 TRACK
[PUSH_CTRL] 958 3.43499 3.57133 TRACK
[PUSH_CTRL] 959 3.43258 3.57133 TRACK
[PUSH_CTRL] 960 3.43023 3.57133 TRACK
[PUSH_CTRL] 961 3.42834 3.57133 TRACK
[PUSH_CTRL] 962 3.42799 3.57133 TRACK
[PUSH_CTRL] 963 3.43538 3.57133 TRACK
[PUSH_CTRL] 964 3.43634 3.57133 TRACK
[PUSH_CTRL] 965 3.4371 3.57133 TRACK
[PUSH_CTRL] 966 3.43768 3.57133 TRACK
[PUSH_CTRL] 967 3.43809 3.57133 TRACK
[PUSH_CTRL] 968 3.43832 3.57133 TRACK
[PUSH_CTRL] 969 3.43851 3.57133 TRACK
[PUSH_CTRL] 970 3.43736 3.57133 TRACK
[PUSH_CTRL] 971 3.4417 3.57133 TRACK
[PUSH_CTRL] 972 3.43841 3.57133 TRACK
[PUSH_CTRL] 973 3.43483 3.57133 TRACK
[PUSH_CTRL] 974 3.43145 3.57133 TRACK
[PUSH_CTRL] 975 3.42877 3.57133 TRACK
[PUSH_CTRL] 976 3.4263 3.57133 TRACK
[PUSH_CTRL] 977 3.42418 3.57133 TRACK
[PUSH_CTRL] 978 3.42239 3.57133 TRACK
[PUSH_CTRL] 979 3.42822 3.57133 TRACK
[PUSH_CTRL] 980 3.42731 3.57133 TRACK
[PUSH_CTRL] 981 3.42636 3.57133 TRACK
[PUSH_CTRL] 982 3.42505 3.57133 TRACK
[PUSH_CTRL] 983 3.42375 3.57133 TRACK
[PUSH_CTRL] 984 3.42305 3.57133 TRACK
[PUSH_CTRL] 985 3.42227 3.57133 TRACK
[PUSH_CTRL] 986 3.42118 3.57133 TRACK
[PUSH_CTRL] 987 3.42776 3.57133 TRACK
[PUSH_CTRL] 988 3.42653 3.57133 TRACK
[PUSH_CTRL] 989 3.42477 3.57133 TRACK
[PUSH_CTRL] 990 3.42355 3.57133 TRACK
[PUSH_CTRL] 991 3.42316 3.57133 TRACK
[PUSH_CTRL] 992 3.42285 3.57133 TRACK
[PUSH_CTRL] 993 3.42237 3.57133 TRACK
[PUSH_CTRL] 994 3.42892 3.57133 TRACK
[PUSH_CTRL] 995 3.42806 3.57133 TRACK
[PUSH_CTRL] 996 3.42721 3.57133 TRACK
[PUSH_CTRL] 997 3.42565 3.57133 TRACK
[PUSH_CTRL] 998 3.42336 3.57133 TRACK
[PUSH_CTRL] 999 3.42135 3.57133 TRACK
[PUSH_CTRL] 1000 3.41967 3.57133 TRACK
[PUSH_CTRL] 1001 3.41802 3.57133 TRACK
[PUSH_CTRL] 1002 3.42427 3.57133 TRACK
[PUSH_CTRL] 1003 3.42303 3.57133 TRACK
[PUSH_CTRL] 1004 3.42187 3.57133 TRACK
[PUSH_CTRL] 1005 3.42031 3.57133 TRACK
[PUSH_CTRL] 1006 3.41973 3.57133 TRACK
[PUSH_CTRL] 1007 3.42114 3.57133 TRACK
[PUSH_CTRL] 1008 3.42229 3.57133 TRACK
[PUSH_CTRL] 1009 3.42317 3.57133 TRACK
[PUSH_CTRL] 1010 3.4313 3.57133 TRACK
[PUSH_CTRL] 1011 3.43141 3.57133 TRACK
[PUSH_CTRL] 1012 3.43111 3.57133 TRACK
[PUSH_CTRL] 1013 3.4305 3.57133 TRACK
[PUSH_CTRL] 1014 3.42883 3.57133 TRACK
[PUSH_CTRL] 1015 3.42611 3.57133 TRACK
[PUSH_CTRL] 1016 3.42252 3.57133 TRACK
[PUSH_CTRL] 1017 3.41898 3.57133 TRACK
[PUSH_CTRL] 1018 3.4237 3.57133 TRACK
[PUSH_CTRL] 1019 3.42123 3.57133 TRACK
[PUSH_CTRL] 1020 3.41928 3.57133 TRACK
[PUSH_CTRL] 1021 3.41787 3.57133 TRACK
[PUSH_CTRL] 1022 3.41599 3.57133 TRACK
[PUSH_CTRL] 1023 3.41452 3.57133 TRACK
[PUSH_CTRL] 1024 3.41383 3.57133 TRACK
[PUSH_CTRL] 1025 3.41372 3.57133 TRACK
[PUSH_CTRL] 1026 3.42141 3.57133 TRACK
[PUSH_CTRL] 1027 3.42066 3.57133 TRACK
[PUSH_CTRL] 1028 3.42004 3.57133 TRACK
[PUSH_CTRL] 1029 3.41963 3.57133 TRACK
[PUSH_CTRL] 1030 3.41946 3.57133 TRACK
[PUSH_CTRL] 1031 3.41886 3.57133 TRACK
[PUSH_CTRL] 1032 3.41797 3.57133 TRACK
[PUSH_CTRL] 1033 3.41754 3.57133 TRACK
[PUSH_CTRL] 1034 3.42567 3.57133 TRACK
[PUSH_CTRL] 1035 3.42582 3.57133 TRACK
[PUSH_CTRL] 1036 3.42596 3.57133 TRACK
[PUSH_CTRL] 1037 3.42546 3.57133 TRACK
[PUSH_CTRL] 1038 3.42487 3.57133 TRACK
[PUSH_CTRL] 1039 3.42448 3.57133 TRACK
[PUSH_CTRL] 1040 3.42389 3.57133 TRACK
[PUSH_CTRL] 1041 3.43105 3.57133 TRACK
[PUSH_CTRL] 1042 3.43081 3.57133 TRACK
[PUSH_CTRL] 1043 3.43025 3.57133 TRACK
[PUSH_CTRL] 1044 3.42963 3.57133 TRACK
[PUSH_CTRL] 1045 3.43038 3.57133 TRACK
[PUSH_CTRL] 1046 3.43163 3.57133 TRACK
[PUSH_CTRL] 1047 3.43344 3.57133 TRACK
[PUSH_CTRL] 1048 3.43515 3.57133 TRACK
[PUSH_CTRL] 1049 3.44381 3.57133 TRACK
[PUSH_CTRL] 1050 3.44428 3.57133 TRACK
[PUSH_CTRL] 1051 3.44431 3.57133 TRACK
[PUSH_CTRL] 1052 3.44396 3.57133 TRACK
[PUSH_CTRL] 1053 3.44318 3.57133 TRACK
[PUSH_CTRL] 1054 3.44233 3.57133 TRACK
[PUSH_CTRL] 1055 3.4417 3.57133 TRACK
[PUSH_CTRL] 1056 3.44088 3.57133 TRACK
[PUSH_CTRL] 1057 3.44643 3.57133 TRACK
[PUSH_CTRL] 1058 3.44463 3.57133 TRACK
[PUSH_CTRL] 1059 3.44304 3.57133 TRACK
[PUSH_CTRL] 1060 3.44162 3.57133 TRACK
[PUSH_CTRL] 1061 3.44037 3.57133 TRACK
[PUSH_CTRL] 1062 3.43923 3.57133 TRACK
[PUSH_CTRL] 1063 3.43823 3.57133 TRACK
[PUSH_CTRL] 1064 3.43749 3.57133 TRACK
[PUSH_CTRL] 1065 3.44429 3.57133 TRACK
[PUSH_CTRL] 1066 3.44373 3.57133 TRACK
[PUSH_CTRL] 1067 3.44309 3.57133 TRACK
[PUSH_CTRL] 1068 3.44216 3.57133 TRACK
[PUSH_CTRL] 1069 3.44014 3.57133 TRACK
[PUSH_CTRL] 1070 3.43921 3.57133 TRACK
[PUSH_CTRL] 1071 3.43817 3.57133 TRACK
[PUSH_CTRL] 1072 3.43702 3.57133 TRACK
[PUSH_CTRL] 1073 3.44355 3.57133 TRACK
[PUSH_CTRL] 1074 3.44249 3.57133 TRACK
[PUSH_CTRL] 1075 3.44105 3.57133 TRACK
[PUSH_CTRL] 1076 3.43941 3.57133 TRACK
[PUSH_CTRL] 1077 3.43755 3.57133 TRACK
[PUSH_CTRL] 1078 3.43448 3.57133 TRACK
[PUSH_CTRL] 1079 3.43054 3.57133 TRACK
[PUSH_CTRL] 1080 3.42737 3.57133 TRACK
[PUSH_CTRL] 1081 3.43262 3.57133 TRACK
[PUSH_CTRL] 1082 3.43097 3.57133 TRACK
[PUSH_CTRL] 1083 3.42972 3.57133 TRACK
[PUSH_CTRL] 1084 3.42826 3.57133 TRACK
[PUSH_CTRL] 1085 3.42706 3.57133 TRACK
[PUSH_CTRL] 1086 3.42678 3.57133 TRACK
[PUSH_CTRL] 1087 3.42699 3.57133 TRACK
[PUSH_CTRL] 1088 3.4273 3.57133 TRACK
[PUSH_CTRL] 1089 3.43516 3.57133 TRACK
[PUSH_CTRL] 1090 3.43522 3.57133 TRACK
[PUSH_CTRL] 1091 3.43513 3.57133 TRACK
[PUSH_CTRL] 1092 3.435 3.57133 TRACK
[PUSH_CTRL] 1093 3.43524 3.57133 TRACK
[PUSH_CTRL] 1094 3.43533 3.57133 TRACK
[PUSH_CTRL] 1095 3.4353 3.57133 TRACK
[PUSH_CTRL] 1096 3.43511 3.57133 TRACK
[PUSH_CTRL] 1097 3.44183 3.57133 TRACK
[PUSH_CTRL] 1098 3.43915 3.57133 TRACK
[PUSH_CTRL] 1099 3.43493 3.57133 TRACK
[PUSH_CTRL] 1100 3.43 3.57133 TRACK
[PUSH_CTRL] 1101 3.42614 3.57133 TRACK
[PUSH_CTRL] 1102 3.42315 3.57133 TRACK
[PUSH_CTRL] 1103 3.42094 3.57133 TRACK
[PUSH_CTRL] 1104 3.4195 3.57133 TRACK
[PUSH_CTRL] 1105 3.42659 3.57133 TRACK
[PUSH_CTRL] 1106 3.42726 3.57133 TRACK
[PUSH_CTRL] 1107 3.42818 3.57133 TRACK
[PUSH_CTRL] 1108 3.42924 3.57133 TRACK
[PUSH_CTRL] 1109 3.43019 3.57133 TRACK
[PUSH_CTRL] 1110 3.43111 3.57133 TRACK
[PUSH_CTRL] 1111 3.43168 3.57133 TRACK
[PUSH_CTRL] 1112 3.43208 3.57133 TRACK
[PUSH_CTRL] 1113 3.44049 3.57133 TRACK
[PUSH_CTRL] 1114 3.44082 3.57133 TRACK
[PUSH_CTRL] 1115 3.44101 3.57133 TRACK
[PUSH_CTRL] 1116 3.44116 3.57133 TRACK
[PUSH_CTRL] 1117 3.44063 3.57133 TRACK
[PUSH_CTRL] 1118 3.43945 3.57133 TRACK
[PUSH_CTRL] 1119 3.43831 3.57133 TRACK
[PUSH_CTRL] 1120 3.43683 3.57133 TRACK
[PUSH_CTRL] 1121 3.44225 3.57133 TRACK
[PUSH_CTRL] 1122 3.44028 3.57133 TRACK
[PUSH_CTRL] 1123 3.4385 3.57133 TRACK
[PUSH_CTRL] 1124 3.4369 3.57133 TRACK
[PUSH_CTRL] 1125 3.43547 3.57133 TRACK
[PUSH_CTRL] 1126 3.43419 3.57133 TRACK
[PUSH_CTRL] 1127 3.43328 3.57133 TRACK
[PUSH_CTRL] 1128 3.43387 3.57133 TRACK
[PUSH_CTRL] 1129 3.44311 3.57133 TRACK
[PUSH_CTRL] 1130 3.4442 3.57133 TRACK
[PUSH_CTRL] 1131 3.44497 3.57133 TRACK
[PUSH_CTRL] 1132 3.44545 3.57133 TRACK
[PUSH_CTRL] 1133 3.44567 3.57133 TRACK
[PUSH_CTRL] 1134 3.44568 3.57133 TRACK
[PUSH_CTRL] 1135 3.44433 3.57133 TRACK
[PUSH_CTRL] 1136 3.44221 3.57133 TRACK
[PUSH_CTRL] 1137 3.44694 3.57133 TRACK
[PUSH_CTRL] 1138 3.44417 3.57133 TRACK
[PUSH_CTRL] 1139 3.44126 3.57133 TRACK
[PUSH_CTRL] 1140 3.43881 3.57133 TRACK
[PUSH_CTRL] 1141 3.43686 3.57133 TRACK
[PUSH_CTRL] 1142 3.4355 3.57133 TRACK
[PUSH_CTRL] 1143 3.43449 3.57133 TRACK
[PUSH_CTRL] 1144 3.43339 3.57133 TRACK
[PUSH_CTRL] 1145 3.43218 3.57133 TRACK
[PUSH_CTRL] 1146 3.4386 3.57133 TRACK
[PUSH_CTRL] 1147 3.43747 3.57133 TRACK
[PUSH_CTRL] 1148 3.43621 3.57133 TRACK
[PUSH_CTRL] 1149 3.43277 3.57133 TRACK
[PUSH_CTRL] 1150 3.4287 3.57133 TRACK
[PUSH_CTRL] 1151 3.42469 3.57133 TRACK
[PUSH_CTRL] 1152 3.42101 3.57133 TRACK
[PUSH_CTRL] 1153 3.41775 3.57133 TRACK
[PUSH_CTRL] 1154 3.42318 3.57133 TRACK
[PUSH_CTRL] 1155 3.42075 3.57133 TRACK
[PUSH_CTRL] 1156 3.41831 3.57133 TRACK
[PUSH_CTRL] 1157 3.4173 3.57133 TRACK
[PUSH_CTRL] 1158 3.41627 3.57133 TRACK
[PUSH_CTRL] 1159 3.41543 3.57133 TRACK
[PUSH_CTRL] 1160 3.4148 3.57133 TRACK
[PUSH_CTRL] 1161 3.41492 3.57133 TRACK
[PUSH_CTRL] 1162 3.42303 3.57133 TRACK
[PUSH_CTRL] 1163 3.42263 3.57133 TRACK
[PUSH_CTRL] 1164 3.42171 3.57133 TRACK
[PUSH_CTRL] 1165 3.4204 3.57133 TRACK
[PUSH_CTRL] 1166 3.41885 3.57133 TRACK
[PUSH_CTRL] 1167 3.41712 3.57133 TRACK
[PUSH_CTRL] 1168 3.41527 3.57133 TRACK
[PUSH_CTRL] 1169 3.4138 3.57133 TRACK
[PUSH_CTRL] 1170 3.42124 3.57133 TRACK
[PUSH_CTRL] 1171 3.41986 3.57133 TRACK
[PUSH_CTRL] 1172 3.41856 3.57133 TRACK
[PUSH_CTRL] 1173 3.41734 3.57133 TRACK
[PUSH_CTRL] 1174 3.41568 3.57133 TRACK
[PUSH_CTRL] 1175 3.41302 3.57133 TRACK
[PUSH_CTRL] 1176 3.41 3.57133 TRACK
[PUSH_CTRL] 1177 3.40715 3.57133 TRACK
[PUSH_CTRL] 1178 3.41311 3.57133 TRACK
[PUSH_CTRL] 1179 3.41037 3.57133 TRACK
[PUSH_CTRL] 1180 3.40757 3.57133 TRACK
[PUSH_CTRL] 1181 3.4054 3.57133 TRACK
[PUSH_CTRL] 1182 3.40439 3.57133 TRACK
[PUSH_CTRL] 1183 3.40487 3.57133 TRACK
[PUSH_CTRL] 1184 3.40617 3.57133 TRACK
[PUSH_CTRL] 1185 3.40683 3.57133 TRACK
[PUSH_CTRL] 1186 3.41616 3.57133 TRACK
[PUSH_CTRL] 1187 3.41642 3.57133 TRACK
[PUSH_CTRL] 1188 3.41644 3.57133 TRACK
[PUSH_CTRL] 1189 3.41628 3.57133 TRACK
[PUSH_CTRL] 1190 3.41598 3.57133 TRACK
[PUSH_CTRL] 1191 3.41544 3.57133 TRACK
[PUSH_CTRL] 1192 3.41378 3.57133 TRACK
[PUSH_CTRL] 1193 3.41012 3.57133 TRACK
[PUSH_CTRL] 1194 3.41529 3.57133 TRACK
[PUSH_CTRL] 1195 3.41195 3.57133 TRACK
[PUSH_CTRL] 1196 3.40841 3.57133 TRACK
[PUSH_CTRL] 1197 3.40542 3.57133 TRACK
[PUSH_CTRL] 1198 3.40393 3.57133 TRACK
[PUSH_CTRL] 1199 3.40375 3.57133 TRACK
[PUSH_CTRL] 1200 3.4039 3.57133 TRACK
[PUSH_CTRL] 1201 3.40436 3.57133 TRACK
[PUSH_CTRL] 1202 3.40503 3.57133 TRACK
[PUSH_CTRL] 1203 3.41546 3.57133 TRACK
[PUSH_CTRL] 1204 3.41641 3.57133 TRACK
[PUSH_CTRL] 1205 3.41678 3.57133 TRACK
[PUSH_CTRL] 1206 3.41651 3.57133 TRACK
[PUSH_CTRL] 1207 3.41673 3.57133 TRACK
[PUSH_CTRL] 1208 3.41669 3.57133 TRACK
[PUSH_CTRL] 1209 3.41606 3.57133 TRACK
[PUSH_CTRL] 1210 3.41559 3.57133 TRACK
[PUSH_CTRL] 1211 3.4238 3.57133 TRACK
[PUSH_CTRL] 1212 3.42323 3.57133 TRACK
[PUSH_CTRL] 1213 3.42227 3.57133 TRACK
[PUSH_CTRL] 1214 3.42039 3.57133 TRACK
[PUSH_CTRL] 1215 3.41814 3.57133 TRACK
[PUSH_CTRL] 1216 3.4168 3.57133 TRACK
[PUSH_CTRL] 1217 3.41696 3.57133 TRACK
[PUSH_CTRL] 1218 3.42561 3.57133 TRACK
[PUSH_CTRL] 1219 3.42543 3.57133 TRACK
[PUSH_CTRL] 1220 3.42508 3.57133 TRACK
[PUSH_CTRL] 1221 3.42401 3.57133 TRACK
[PUSH_CTRL] 1222 3.42268 3.57133 TRACK
[PUSH_CTRL] 1223 3.42137 3.57133 TRACK
[PUSH_CTRL] 1224 3.42146 3.57133 TRACK
[PUSH_CTRL] 1225 3.42191 3.57133 TRACK
[PUSH_CTRL] 1226 3.4312 3.57133 TRACK
[PUSH_CTRL] 1227 3.43187 3.57133 TRACK
[PUSH_CTRL] 1228 3.43221 3.57133 TRACK
[PUSH_CTRL] 1229 3.43225 3.57133 TRACK
[PUSH_CTRL] 1230 3.43106 3.57133 TRACK
[PUSH_CTRL] 1231 3.42861 3.57133 TRACK
[PUSH_CTRL] 1232 3.42665 3.57133 TRACK
[PUSH_CTRL] 1233 3.42552 3.57133 TRACK
[PUSH_CTRL] 1234 3.42516 3.57133 TRACK
[PUSH_CTRL] 1235 3.4331 3.57133 TRACK
[PUSH_CTRL] 1236 3.43234 3.57133 TRACK
[PUSH_CTRL] 1237 3.43146 3.57133 TRACK
[PUSH_CTRL] 1238 3.43053 3.57133 TRACK
[PUSH_CTRL] 1239 3.42926 3.57133 TRACK
[PUSH_CTRL] 1240 3.42807 3.57133 TRACK
[PUSH_CTRL] 1241 3.42694 3.57133 TRACK
[PUSH_CTRL] 1242 3.4255 3.57133 TRACK
[PUSH_CTRL] 1243 3.43295 3.57133 TRACK
[PUSH_CTRL] 1244 3.43218 3.57133 TRACK
[PUSH_CTRL] 1245 3.43174 3.57133 TRACK
[PUSH_CTRL] 1246 3.43056 3.57133 TRACK
[PUSH_CTRL] 1247 3.42935 3.57133 TRACK
[PUSH_CTRL] 1248 3.42837 3.57133 TRACK
[PUSH_CTRL] 1249 3.4276 3.57133 TRACK
[PUSH_CTRL] 1250 3.42689 3.57133 TRACK
[PUSH_CTRL] 1251 3.43473 3.57133 TRACK
[PUSH_CTRL] 1252 3.43399 3.57133 TRACK
[PUSH_CTRL] 1253 3.43248 3.57133 TRACK
[PUSH_CTRL] 1254 3.42967 3.57133 TRACK
[PUSH_CTRL] 1255 3.42685 3.57133 TRACK
[PUSH_CTRL] 1256 3.4238 3.57133 TRACK
[PUSH_CTRL] 1257 3.42044 3.57133 TRACK
[PUSH_CTRL] 1258 3.41736 3.57133 TRACK
[PUSH_CTRL] 1259 3.4236 3.57133 TRACK
[PUSH_CTRL] 1260 3.42134 3.57133 TRACK
[PUSH_CTRL] 1261 3.41933 3.57133 TRACK
[PUSH_CTRL] 1262 3.41809 3.57133 TRACK
[PUSH_CTRL] 1263 3.41758 3.57133 TRACK
[PUSH_CTRL] 1264 3.41849 3.57133 TRACK
[PUSH_CTRL] 1265 3.42108 3.57133 TRACK
[PUSH_CTRL] 1266 3.42419 3.57133 TRACK
[PUSH_CTRL] 1267 3.43525 3.57133 TRACK
[PUSH_CTRL] 1268 3.43703 3.57133 TRACK
[PUSH_CTRL] 1269 3.43847 3.57133 TRACK
[PUSH_CTRL] 1270 3.43914 3.57133 TRACK
[PUSH_CTRL] 1271 3.4395 3.57133 TRACK
[PUSH_CTRL] 1272 3.43962 3.57133 TRACK
[PUSH_CTRL] 1273 3.43954 3.57133 TRACK
[PUSH_CTRL] 1274 3.43915 3.57133 TRACK
[PUSH_CTRL] 1275 3.44738 3.57133 TRACK
[PUSH_CTRL] 1276 3.44712 3.57133 TRACK
[PUSH_CTRL] 1277 3.44691 3.57133 TRACK
[PUSH_CTRL] 1278 3.44605 3.57133 TRACK
[PUSH_CTRL] 1279 3.4433 3.57133 TRACK
[PUSH_CTRL] 1280 3.44028 3.57133 TRACK
[PUSH_CTRL] 1281 3.43762 3.57133 TRACK
[PUSH_CTRL] 1282 3.4355 3.57133 TRACK
[PUSH_CTRL] 1283 3.44191 3.57133 TRACK
[PUSH_CTRL] 1284 3.4398 3.57133 TRACK
[PUSH_CTRL] 1285 3.43755 3.57133 TRACK
[PUSH_CTRL] 1286 3.43529 3.57133 TRACK
[PUSH_CTRL] 1287 3.4331 3.57133 TRACK
[PUSH_CTRL] 1288 3.43229 3.57133 TRACK
[PUSH_CTRL] 1289 3.43246 3.57133 TRACK
[PUSH_CTRL] 1290 3.43315 3.57133 TRACK
[PUSH_CTRL] 1291 3.44249 3.57133 TRACK
[PUSH_CTRL] 1292 3.44358 3.57133 TRACK
[PUSH_CTRL] 1293 3.44414 3.57133 TRACK
[PUSH_CTRL] 1294 3.4444 3.57133 TRACK
[PUSH_CTRL] 1295 3.44443 3.57133 TRACK
[PUSH_CTRL] 1296 3.44427 3.57133 TRACK
[PUSH_CTRL] 1297 3.44396 3.57133 TRACK
[PUSH_CTRL] 1298 3.44244 3.57133 TRACK
[PUSH_CTRL] 1299 3.44836 3.57133 TRACK
[PUSH_CTRL] 1300 3.44456 3.57133 TRACK
[PUSH_CTRL] 1301 3.43942 3.57133 TRACK
[PUSH_CTRL] 1302 3.43393 3.57133 TRACK
[PUSH_CTRL] 1303 3.42913 3.57133 TRACK
[PUSH_CTRL] 1304 3.42498 3.57133 TRACK
[PUSH_CTRL] 1305 3.4219 3.57133 TRACK
[PUSH_CTRL] 1306 3.41938 3.57133 TRACK
[PUSH_CTRL] 1307 3.4272 3.57133 TRACK
[PUSH_CTRL] 1308 3.42604 3.57133 TRACK
[PUSH_CTRL] 1309 3.4249 3.57133 TRACK
[PUSH_CTRL] 1310 3.42401 3.57133 TRACK
[PUSH_CTRL] 1311 3.42341 3.57133 TRACK
[PUSH_CTRL] 1312 3.42245 3.57133 TRACK
[PUSH_CTRL] 1313 3.42128 3.57133 TRACK
[PUSH_CTRL] 1314 3.42029 3.57133 TRACK
[PUSH_CTRL] 1315 3.42866 3.57133 TRACK
[PUSH_CTRL] 1316 3.42821 3.57133 TRACK
[PUSH_CTRL] 1317 3.42763 3.57133 TRACK
[PUSH_CTRL] 1318 3.42717 3.57133 TRACK
[PUSH_CTRL] 1319 3.42675 3.57133 TRACK
[PUSH_CTRL] 1320 3.42632 3.57133 TRACK
[PUSH_CTRL] 1321 3.42572 3.57133 TRACK
[PUSH_CTRL] 1322 3.43438 3.57133 TRACK
[PUSH_CTRL] 1323 3.43423 3.57133 TRACK
[PUSH_CTRL] 1324 3.4332 3.57133 TRACK
[PUSH_CTRL] 1325 3.43188 3.57133 TRACK
[PUSH_CTRL] 1326 3.43053 3.57133 TRACK
[PUSH_CTRL] 1327 3.42924 3.57133 TRACK
[PUSH_CTRL] 1328 3.42793 3.57133 TRACK
[PUSH_CTRL] 1329 3.42701 3.57133 TRACK
[PUSH_CTRL] 1330 3.42611 3.57133 TRACK
[PUSH_CTRL] 1331 3.43407 3.57133 TRACK
[PUSH_CTRL] 1332 3.43318 3.57133 TRACK
[PUSH_CTRL] 1333 3.43184 3.57133 TRACK
[PUSH_CTRL] 1334 3.43089 3.57133 TRACK
[PUSH_CTRL] 1335 3.43035 3.57133 TRACK
[PUSH_CTRL] 1336 3.42977 3.57133 TRACK
[PUSH_CTRL] 1337 3.4294 3.57133 TRACK
[PUSH_CTRL] 1338 3.42927 3.57133 TRACK
[PUSH_CTRL] 1339 3.43743 3.57133 TRACK
[PUSH_CTRL] 1340 3.43698 3.57133 TRACK
[PUSH_CTRL] 1341 3.4368 3.57133 TRACK
[PUSH_CTRL] 1342 3.43779 3.57133 TRACK
[PUSH_CTRL] 1343 3.43903 3.57133 TRACK
[PUSH_CTRL] 1344 3.43937 3.57133 TRACK
[PUSH_CTRL] 1345 3.43829 3.57133 TRACK
[PUSH_CTRL] 1346 3.43655 3.57133 TRACK
[PUSH_CTRL] 1347 3.44304 3.57133 TRACK
[PUSH_CTRL] 1348 3.44043 3.57133 TRACK
[PUSH_CTRL] 1349 3.43791 3.57133 TRACK
[PUSH_CTRL] 1350 3.43545 3.57133 TRACK
[PUSH_CTRL] 1351 3.43329 3.57133 TRACK
[PUSH_CTRL] 1352 3.43152 3.57133 TRACK
[PUSH_CTRL] 1353 3.43127 3.57133 TRACK
[PUSH_CTRL] 1354 3.43167 3.57133 TRACK
[PUSH_CTRL] 1355 3.44049 3.57133 TRACK
[PUSH_CTRL] 1356 3.44034 3.57133 TRACK
[PUSH_CTRL] 1357 3.43997 3.57133 TRACK
[PUSH_CTRL] 1358 3.43944 3.57133 TRACK
[PUSH_CTRL] 1359 3.43882 3.57133 TRACK
[PUSH_CTRL] 1360 3.43813 3.57133 TRACK
[PUSH_CTRL] 1361 3.43735 3.57133 TRACK
[PUSH_CTRL] 1362 3.43653 3.57133 TRACK
[PUSH_CTRL] 1363 3.44483 3.57133 TRACK
[PUSH_CTRL] 1364 3.44713 3.57133 TRACK
[PUSH_CTRL] 1365 3.4485 3.57133 TRACK
[PUSH_CTRL] 1366 3.44904 3.57133 TRACK
[PUSH_CTRL] 1367 3.44928 3.57133 TRACK
[PUSH_CTRL] 1368 3.44901 3.57133 TRACK
[PUSH_CTRL] 1369 3.44842 3.57133 TRACK
[PUSH_CTRL] 1370 3.44704 3.57133 TRACK
[PUSH_CTRL] 1371 3.44506 3.57133 TRACK
[PUSH_CTRL] 1372 3.45153 3.57133 TRACK
[PUSH_CTRL] 1373 3.44971 3.57133 TRACK
[PUSH_CTRL] 1374 3.44821 3.57133 TRACK
[PUSH_CTRL] 1375 3.44698 3.57133 TRACK
[PUSH_CTRL] 1376 3.44608 3.57133 TRACK
[PUSH_CTRL] 1377 3.44564 3.57133 TRACK
[PUSH_CTRL] 1378 3.44604 3.57133 TRACK
[PUSH_CTRL] 1379 3.45429 3.57133 TRACK
[PUSH_CTRL] 1380 3.45425 3.57133 TRACK
[PUSH_CTRL] 1381 3.45401 3.57133 TRACK
[PUSH_CTRL] 1382 3.45292 3.57133 TRACK
[PUSH_CTRL] 1383 3.4514 3.57133 TRACK
[PUSH_CTRL] 1384 3.44975 3.57133 TRACK
[PUSH_CTRL] 1385 3.44822 3.57133 TRACK
[PUSH_CTRL] 1386 3.4472 3.57133 TRACK
[PUSH_CTRL] 1387 3.44905 3.57133 TRACK
[PUSH_CTRL] 1388 3.45882 3.57133 TRACK
[PUSH_CTRL] 1389 3.46001 3.57133 TRACK
[PUSH_CTRL] 1390 3.45959 3.57133 TRACK
[PUSH_CTRL] 1391 3.4578 3.57133 TRACK
[PUSH_CTRL] 1392 3.45535 3.57133 TRACK
[PUSH_CTRL] 1393 3.45293 3.57133 TRACK
[PUSH_CTRL] 1394 3.45093 3.57133 TRACK
[PUSH_CTRL] 1395 3.44981 3.57133 TRACK
[PUSH_CTRL] 1396 3.44896 3.57133 TRACK
[PUSH_CTRL] 1397 3.45589 3.57133 TRACK
[PUSH_CTRL] 1398 3.45454 3.57133 TRACK
[PUSH_CTRL] 1399 3.45359 3.57133 TRACK
[PUSH_CTRL] 1400 3.45298 3.57133 TRACK
[PUSH_CTRL] 1401 3.45249 3.57133 TRACK
[PUSH_CTRL] 1402 3.45163 3.57133 TRACK
[PUSH_CTRL] 1403 3.45039 3.57133 TRACK
[PUSH_CTRL] 1404 3.44971 3.57133 TRACK
[PUSH_CTRL] 1405 3.4572 3.57133 TRACK
[PUSH_CTRL] 1406 3.45652 3.57133 TRACK
[PUSH_CTRL] 1407 3.45575 3.57133 TRACK
[PUSH_CTRL] 1408 3.45498 3.57133 TRACK
[PUSH_CTRL] 1409 3.45447 3.57133 TRACK
[PUSH_CTRL] 1410 3.45538 3.57133 TRACK
[PUSH_CTRL] 1411 3.4572 3.57133 TRACK
[PUSH_CTRL] 1412 3.46683 3.57133 TRACK
[PUSH_CTRL] 1413 3.46849 3.57133 TRACK
[PUSH_CTRL] 1414 3.47007 3.57133 TRACK
[PUSH_CTRL] 1415 3.47146 3.57133 TRACK
[PUSH_CTRL] 1416 3.47214 3.57133 TRACK
[PUSH_CTRL] 1417 3.47265 3.57133 TRACK
[PUSH_CTRL] 1418 3.47312 3.57133 TRACK
[PUSH_CTRL] 1419 3.47296 3.57133 TRACK
[PUSH_CTRL] 1420 3.47947 3.57133 TRACK
[PUSH_CTRL] 1421 3.47869 3.57133 TRACK
[PUSH_CTRL] 1422 3.47757 3.57133 TRACK
[PUSH_CTRL] 1423 3.47621 3.57133 TRACK
[PUSH_CTRL] 1424 3.47498 3.57133 TRACK
[PUSH_CTRL] 1425 3.47388 3.57133 TRACK
[PUSH_CTRL] 1426 3.47291 3.57133 TRACK
[PUSH_CTRL] 1427 3.47191 3.57133 TRACK
[PUSH_CTRL] 1428 3.47839 3.57133 TRACK
[PUSH_CTRL] 1429 3.4778 3.57133 TRACK
[PUSH_CTRL] 1430 3.4773 3.57133 TRACK
[PUSH_CTRL] 1431 3.47688 3.57133 TRACK
[PUSH_CTRL] 1432 3.47648 3.57133 TRACK
[PUSH_CTRL] 1433 3.47611 3.57133 TRACK
[PUSH_CTRL] 1434 3.47573 3.57133 TRACK
[PUSH_CTRL] 1435 3.47538 3.57133 TRACK
[PUSH_CTRL] 1436 3.48248 3.57133 TRACK
[PUSH_CTRL] 1437 3.48226 3.57133 TRACK
[PUSH_CTRL] 1438 3.48176 3.57133 TRACK
[PUSH_CTRL] 1439 3.48097 3.57133 TRACK
[PUSH_CTRL] 1440 3.48057 3.57133 TRACK
[PUSH_CTRL] 1441 3.48044 3.57133 TRACK
[PUSH_CTRL] 1442 3.48018 3.57133 TRACK
[PUSH_CTRL] 1443 3.47981 3.57133 TRACK
[PUSH_CTRL] 1444 3.48588 3.57133 TRACK
[PUSH_CTRL] 1445 3.48474 3.57133 TRACK
[PUSH_CTRL] 1446 3.48318 3.57133 TRACK
[PUSH_CTRL] 1447 3.48143 3.57133 TRACK
[PUSH_CTRL] 1448 3.47966 3.57133 TRACK
[PUSH_CTRL] 1449 3.47814 3.57133 TRACK
[PUSH_CTRL] 1450 3.4771 3.57133 TRACK
[PUSH_CTRL] 1451 3.47658 3.57133 TRACK
[PUSH_CTRL] 1452 3.48287 3.57133 TRACK
[PUSH_CTRL] 1453 3.48351 3.57133 TRACK
[PUSH_CTRL] 1454 3.48427 3.57133 TRACK
[PUSH_CTRL] 1455 3.48565 3.57133 TRACK
[PUSH_CTRL] 1456 3.48771 3.57133 TRACK
[PUSH_CTRL] 1457 3.48933 3.57133 TRACK
[PUSH_CTRL] 1458 3.49056 3.57133 TRACK
[PUSH_CTRL] 1459 3.49145 3.57133 TRACK
[PUSH_CTRL] 1460 3.49857 3.57133 TRACK
[PUSH_CTRL] 1461 3.49891 3.57133 TRACK
[PUSH_CTRL] 1462 3.49917 3.57133 TRACK
[PUSH_CTRL] 1463 3.49923 3.57133 TRACK
[PUSH_CTRL] 1464 3.49962 3.57133 TRACK
[PUSH_CTRL] 1465 3.49984 3.57133 TRACK
[PUSH_CTRL] 1466 3.49993 3.57133 TRACK
[PUSH_CTRL] 1467 3.49944 3.57133 TRACK
[PUSH_CTRL] 1468 3.49892 3.57133 TRACK
[PUSH_CTRL] 1469 3.50509 3.57133 TRACK
[PUSH_CTRL] 1470 3.50466 3.57133 TRACK
[PUSH_CTRL] 1471 3.50415 3.57133 TRACK
[PUSH_CTRL] 1472 3.50359 3.57133 TRACK
[PUSH_CTRL] 1473 3.50304 3.57133 TRACK
[PUSH_CTRL] 1474 3.50256 3.57133 TRACK
[PUSH_CTRL] 1475 3.50198 3.57133 TRACK
[PUSH_CTRL] 1476 3.50146 3.57133 TRACK
[PUSH_CTRL] 1477 3.50717 3.57133 TRACK
[PUSH_CTRL] 1478 3.50646 3.57133 TRACK
[PUSH_CTRL] 1479 3.50575 3.57133 TRACK
[PUSH_CTRL] 1480 3.50379 3.57133 TRACK
[PUSH_CTRL] 1481 3.50147 3.57133 TRACK
[PUSH_CTRL] 1482 3.49898 3.57133 TRACK
[PUSH_CTRL] 1483 3.49583 3.57133 TRACK
[PUSH_CTRL] 1484 3.49308 3.57133 TRACK
[PUSH_CTRL] 1485 3.49719 3.57133 TRACK
[PUSH_CTRL] 1486 3.4954 3.57133 TRACK
[PUSH_CTRL] 1487 3.49386 3.57133 TRACK
[PUSH_CTRL] 1488 3.4933 3.57133 TRACK
[PUSH_CTRL] 1489 3.49448 3.57133 TRACK
[PUSH_CTRL] 1490 3.49665 3.57133 TRACK
[PUSH_CTRL] 1491 3.49969 3.57133 TRACK
[PUSH_CTRL] 1492 3.50266 3.57133 TRACK
[PUSH_CTRL] 1493 3.5108 3.57133 TRACK
[PUSH_CTRL] 1494 3.51101 3.57133 TRACK
[PUSH_CTRL] 1495 3.51075 3.57133 TRACK
[PUSH_CTRL] 1496 3.51024 3.57133 TRACK
[PUSH_CTRL] 1497 3.50925 3.57133 TRACK
[PUSH_CTRL] 1498 3.50833 3.57133 TRACK
[PUSH_CTRL] 1499 3.50782 3.57133 TRACK
[PUSH_CTRL] 1500 3.50761 3.57133 TRACK
[PUSH_CTRL] 1501 3.51378 3.57133 TRACK
[PUSH_CTRL] 1502 3.51401 3.57133 TRACK
[PUSH_CTRL] 1503 3.51397 3.57133 TRACK
[PUSH_CTRL] 1504 3.5139 3.57133 TRACK
[PUSH_CTRL] 1505 3.51316 3.57133 TRACK
[PUSH_CTRL] 1506 3.51242 3.57133 TRACK
[PUSH_CTRL] 1507 3.51172 3.57133 TRACK
[PUSH_CTRL] 1508 3.51105 3.57133 TRACK
[PUSH_CTRL] 1509 3.51511 3.57133 TRACK
[PUSH_CTRL] 1510 3.51282 3.57133 TRACK
[PUSH_CTRL] 1511 3.5106 3.57133 TRACK
[PUSH_CTRL] 1512 3.50859 3.57133 TRACK
[PUSH_CTRL] 1513 3.50704 3.57133 TRACK
[PUSH_CTRL] 1514 3.50594 3.57133 TRACK
[PUSH_CTRL] 1515 3.50498 3.57133 TRACK
[PUSH_CTRL] 1516 3.50401 3.57133 TRACK
[PUSH_CTRL] 1517 3.50361 3.57133 TRACK
[PUSH_CTRL] 1518 3.51022 3.57133 TRACK
[PUSH_CTRL] 1519 3.51075 3.57133 TRACK
[PUSH_CTRL] 1520 3.51097 3.57133 TRACK
[PUSH_CTRL] 1521 3.50997 3.57133 TRACK
[PUSH_CTRL] 1522 3.50733 3.57133 TRACK
[PUSH_CTRL] 1523 3.50445 3.57133 TRACK
[PUSH_CTRL] 1524 3.50168 3.57133 TRACK
[PUSH_CTRL] 1525 3.49892 3.57133 TRACK
[PUSH_CTRL] 1526 3.50257 3.57133 TRACK
[PUSH_CTRL] 1527 3.50031 3.57133 TRACK
[PUSH_CTRL] 1528 3.4983 3.57133 TRACK
[PUSH_CTRL] 1529 3.49678 3.57133 TRACK
[PUSH_CTRL] 1530 3.49582 3.57133 TRACK
[PUSH_CTRL] 1531 3.49489 3.57133 TRACK
[PUSH_CTRL] 1532 3.49494 3.57133 TRACK
[PUSH_CTRL] 1533 3.49504 3.57133 TRACK
[PUSH_CTRL] 1534 3.50104 3.57133 TRACK
[PUSH_CTRL] 1535 3.50159 3.57133 TRACK
[PUSH_CTRL] 1536 3.50137 3.57133 TRACK
[PUSH_CTRL] 1537 3.50096 3.57133 TRACK
[PUSH_CTRL] 1538 3.5005 3.57133 TRACK
[PUSH_CTRL] 1539 3.49965 3.57133 TRACK
[PUSH_CTRL] 1540 3.49814 3.57133 TRACK
[PUSH_CTRL] 1541 3.49638 3.57133 TRACK
[PUSH_CTRL] 1542 3.50048 3.57133 TRACK
[PUSH_CTRL] 1543 3.49854 3.57133 TRACK
[PUSH_CTRL] 1544 3.49675 3.57133 TRACK
[PUSH_CTRL] 1545 3.49502 3.57133 TRACK
[PUSH_CTRL] 1546 3.49336 3.57133 TRACK
[PUSH_CTRL] 1547 3.49179 3.57133 TRACK
[PUSH_CTRL] 1548 3.49043 3.57133 TRACK
[PUSH_CTRL] 1549 3.48998 3.57133 TRACK
[PUSH_CTRL] 1550 3.49538 3.57133 TRACK
[PUSH_CTRL] 1551 3.49456 3.57133 TRACK
[PUSH_CTRL] 1552 3.49397 3.57133 TRACK
[PUSH_CTRL] 1553 3.49421 3.57133 TRACK
[PUSH_CTRL] 1554 3.49388 3.57133 TRACK
[PUSH_CTRL] 1555 3.49185 3.57133 TRACK
[PUSH_CTRL] 1556 3.48962 3.57133 TRACK
[PUSH_CTRL] 1557 3.48766 3.57133 TRACK
[PUSH_CTRL] 1558 3.48627 3.57133 TRACK
[PUSH_CTRL] 1559 3.49131 3.57133 TRACK
[PUSH_CTRL] 1560 3.49041 3.57133 TRACK
[PUSH_CTRL] 1561 3.48952 3.57133 TRACK
[PUSH_CTRL] 1562 3.48861 3.57133 TRACK
[PUSH_CTRL] 1563 3.48722 3.57133 TRACK
[PUSH_CTRL] 1564 3.48601 3.57133 TRACK
[PUSH_CTRL] 1565 3.48503 3.57133 TRACK
[PUSH_CTRL] 1566 3.48423 3.57133 TRACK
[PUSH_CTRL] 1567 3.48986 3.57133 TRACK
[PUSH_CTRL] 1568 3.48939 3.57133 TRACK
[PUSH_CTRL] 1569 3.49164 3.57133 TRACK
[PUSH_CTRL] 1570 3.49122 3.57133 TRACK
[PUSH_CTRL] 1571 3.49095 3.57133 TRACK
[PUSH_CTRL] 1572 3.49114 3.57133 TRACK
[PUSH_CTRL] 1573 3.49131 3.57133 TRACK
[PUSH_CTRL] 1574 3.49143 3.57133 TRACK
[PUSH_CTRL] 1575 3.4978 3.57133 TRACK
[PUSH_CTRL] 1576 3.4981 3.57133 TRACK
[PUSH_CTRL] 1577 3.49848 3.57133 TRACK
[PUSH_CTRL] 1578 3.49877 3.57133 TRACK
[PUSH_CTRL] 1579 3.49928 3.57133 TRACK
[PUSH_CTRL] 1580 3.50034 3.57133 TRACK
[PUSH_CTRL] 1581 3.50171 3.57133 TRACK
[PUSH_CTRL] 1582 3.50325 3.57133 TRACK
[PUSH_CTRL] 1583 3.50932 3.57133 TRACK
[PUSH_CTRL] 1584 3.50953 3.57133 TRACK
[PUSH_CTRL] 1585 3.50967 3.57133 TRACK
[PUSH_CTRL] 1586 3.50964 3.57133 TRACK
[PUSH_CTRL] 1587 3.50962 3.57133 TRACK
[PUSH_CTRL] 1588 3.50881 3.57133 TRACK
[PUSH_CTRL] 1589 3.50753 3.57133 TRACK
[PUSH_CTRL] 1590 3.50654 3.57133 TRACK
[PUSH_CTRL] 1591 3.51225 3.57133 TRACK
[PUSH_CTRL] 1592 3.51248 3.57133 TRACK
[PUSH_CTRL] 1593 3.51373 3.57133 TRACK
[PUSH_CTRL] 1594 3.51449 3.57133 TRACK
[PUSH_CTRL] 1595 3.51457 3.57133 TRACK
[PUSH_CTRL] 1596 3.5143 3.57133 TRACK
[PUSH_CTRL] 1597 3.5148 3.57133 TRACK
[PUSH_CTRL] 1598 3.51536 3.57133 TRACK
[PUSH_CTRL] 1599 3.51579 3.57133 TRACK
[PUSH_CTRL] 1600 3.52143 3.57133 TRACK
[PUSH_CTRL] 1601 3.52105 3.57133 TRACK
[PUSH_CTRL] 1602 3.52052 3.57133 TRACK
[PUSH_CTRL] 1603 3.51958 3.57133 TRACK
[PUSH_CTRL] 1604 3.51827 3.57133 TRACK
[PUSH_CTRL] 1605 3.51666 3.57133 TRACK
[PUSH_CTRL] 1606 3.515 3.57133 TRACK
[PUSH_CTRL] 1607 3.5135 3.57133 TRACK
[PUSH_CTRL] 1608 3.51708 3.57133 TRACK
[PUSH_CTRL] 1609 3.51428 3.57133 TRACK
[PUSH_CTRL] 1610 3.51101 3.57133 TRACK
[PUSH_CTRL] 1611 3.50845 3.57133 TRACK
[PUSH_CTRL] 1612 3.50642 3.57133 TRACK
[PUSH_CTRL] 1613 3.50467 3.57133 TRACK
[PUSH_CTRL] 1614 3.50329 3.57133 TRACK
[PUSH_CTRL] 1615 3.50301 3.57133 TRACK
[PUSH_CTRL] 1616 3.50827 3.57133 TRACK
[PUSH_CTRL] 1617 3.50797 3.57133 TRACK
[PUSH_CTRL] 1618 3.50772 3.57133 TRACK
[PUSH_CTRL] 1619 3.50757 3.57133 TRACK
[PUSH_CTRL] 1620 3.51068 3.57133 TRACK
[PUSH_CTRL] 1621 3.513 3.57133 TRACK
[PUSH_CTRL] 1622 3.51512 3.57133 TRACK
[PUSH_CTRL] 1623 3.51643 3.57133 TRACK
[PUSH_CTRL] 1624 3.52238 3.57133 TRACK
[PUSH_CTRL] 1625 3.52289 3.57133 TRACK
[PUSH_CTRL] 1626 3.52289 3.57133 TRACK
[PUSH_CTRL] 1627 3.52254 3.57133 TRACK
[PUSH_CTRL] 1628 3.52201 3.57133 TRACK
[PUSH_CTRL] 1629 3.52117 3.57133 TRACK
[PUSH_CTRL] 1630 3.51914 3.57133 TRACK
[PUSH_CTRL] 1631 3.51769 3.57133 TRACK
[PUSH_CTRL] 1632 3.52076 3.57133 TRACK
[PUSH_CTRL] 1633 3.52001 3.57133 TRACK
[PUSH_CTRL] 1634 3.5193 3.57133 TRACK
[PUSH_CTRL] 1635 3.51871 3.57133 TRACK
[PUSH_CTRL] 1636 3.51822 3.57133 TRACK
[PUSH_CTRL] 1637 3.51778 3.57133 TRACK
[PUSH_CTRL] 1638 3.51739 3.57133 TRACK
[PUSH_CTRL] 1639 3.51704 3.57133 TRACK
[PUSH_CTRL] 1640 3.52096 3.57133 TRACK
[PUSH_CTRL] 1641 3.51991 3.57133 TRACK
[PUSH_CTRL] 1642 3.51872 3.57133 TRACK
[PUSH_CTRL] 1643 3.51567 3.57133 TRACK
[PUSH_CTRL] 1644 3.50996 3.57133 TRACK
[PUSH_CTRL] 1645 3.50383 3.57133 TRACK
[PUSH_CTRL] 1646 3.49896 3.57133 TRACK
[PUSH_CTRL] 1647 3.49529 3.57133 TRACK
[PUSH_CTRL] 1648 3.4979 3.57133 TRACK
[PUSH_CTRL] 1649 3.49582 3.57133 TRACK
[PUSH_CTRL] 1650 3.49545 3.57133 TRACK
[PUSH_CTRL] 1651 3.49819 3.57133 TRACK
[PUSH_CTRL] 1652 3.50117 3.57133 TRACK
[PUSH_CTRL] 1653 3.50369 3.57133 TRACK
[PUSH_CTRL] 1654 3.50554 3.57133 TRACK
[PUSH_CTRL] 1655 3.50665 3.57133 TRACK
[PUSH_CTRL] 1656 3.51249 3.57133 TRACK
[PUSH_CTRL] 1657 3.51313 3.57133 TRACK
[PUSH_CTRL] 1658 3.51382 3.57133 TRACK
[PUSH_CTRL] 1659 3.514 3.57133 TRACK
[PUSH_CTRL] 1660 3.51407 3.57133 TRACK
[PUSH_CTRL] 1661 3.51408 3.57133 TRACK
[PUSH_CTRL] 1662 3.5136 3.57133 TRACK
[PUSH_CTRL] 1663 3.51311 3.57133 TRACK
[PUSH_CTRL] 1664 3.51721 3.57133 TRACK
[PUSH_CTRL] 1665 3.51642 3.57133 TRACK
[PUSH_CTRL] 1666 3.51595 3.57133 TRACK
[PUSH_CTRL] 1667 3.51586 3.57133 TRACK
[PUSH_CTRL] 1668 3.51569 3.57133 TRACK
[PUSH_CTRL] 1669 3.51496 3.57133 TRACK
[PUSH_CTRL] 1670 3.51367 3.57133 TRACK
[PUSH_CTRL] 1671 3.51242 3.57133 TRACK
[PUSH_CTRL] 1672 3.51569 3.57133 TRACK
[PUSH_CTRL] 1673 3.5145 3.57133 TRACK
[PUSH_CTRL] 1674 3.51382 3.57133 TRACK
[PUSH_CTRL] 1675 3.5137 3.57133 TRACK
[PUSH_CTRL] 1676 3.51463 3.57133 TRACK
[PUSH_CTRL] 1677 3.51609 3.57133 TRACK
[PUSH_CTRL] 1678 3.51851 3.57133 TRACK
[PUSH_CTRL] 1679 3.52115 3.57133 TRACK
[PUSH_CTRL] 1680 3.52682 3.57133 TRACK
[PUSH_CTRL] 1681 3.52825 3.57133 TRACK
[PUSH_CTRL] 1682 3.52939 3.57133 TRACK
[PUSH_CTRL] 1683 3.53026 3.57133 TRACK
[PUSH_CTRL] 1684 3.53127 3.57133 TRACK
[PUSH_CTRL] 1685 3.5318 3.57133 TRACK
[PUSH_CTRL] 1686 3.53201 3.57133 TRACK
[PUSH_CTRL] 1687 3.53202 3.57133 TRACK
[PUSH_CTRL] 1688 3.53571 3.57133 TRACK
[PUSH_CTRL] 1689 3.53492 3.57133 TRACK
[PUSH_CTRL] 1690 3.53357 3.57133 TRACK
[PUSH_CTRL] 1691 3.53191 3.57133 TRACK
[PUSH_CTRL] 1692 3.53007 3.57133 TRACK
[PUSH_CTRL] 1693 3.52845 3.57133 TRACK
[PUSH_CTRL] 1694 3.52761 3.57133 TRACK
[PUSH_CTRL] 1695 3.52796 3.57133 TRACK
[PUSH_CTRL] 1696 3.53182 3.57133 TRACK
[PUSH_CTRL] 1697 3.53258 3.57133 TRACK
[PUSH_CTRL] 1698 3.53382 3.57133 TRACK
[PUSH_CTRL] 1699 3.53494 3.57133 TRACK
[PUSH_CTRL] 1700 3.53586 3.57133 TRACK
[PUSH_CTRL] 1701 3.53658 3.57133 TRACK
[PUSH_CTRL] 1702 3.53713 3.57133 TRACK
[PUSH_CTRL] 1703 3.53723 3.57133 TRACK
[PUSH_CTRL] 1704 3.54112 3.57133 TRACK
[PUSH_CTRL] 1705 3.54104 3.57133 TRACK
[PUSH_CTRL] 1706 3.54084 3.57133 TRACK
[PUSH_CTRL] 1707 3.53937 3.57133 TRACK
[PUSH_CTRL] 1708 3.53655 3.57133 TRACK
[PUSH_CTRL] 1709 3.53231 3.57133 TRACK
[PUSH_CTRL] 1710 3.52845 3.57133 TRACK
[PUSH_CTRL] 1711 3.52976 3.57133 TRACK
[PUSH_CTRL] 1712 3.5276 3.57133 TRACK
[PUSH_CTRL] 1713 3.52577 3.57133 TRACK
[PUSH_CTRL] 1714 3.52438 3.57133 TRACK
[PUSH_CTRL] 1715 3.52327 3.57133 TRACK
[PUSH_CTRL] 1716 3.5234 3.57133 TRACK
[PUSH_CTRL] 1717 3.52438 3.57133 TRACK
[PUSH_CTRL] 1718 3.52579 3.57133 TRACK
[PUSH_CTRL] 1719 3.52681 3.57133 TRACK
[PUSH_CTRL] 1720 3.5309 3.57133 TRACK
[PUSH_CTRL] 1721 3.53134 3.57133 TRACK
[PUSH_CTRL] 1722 3.5323 3.57133 TRACK
[PUSH_CTRL] 1723 3.53303 3.57133 TRACK
[PUSH_CTRL] 1724 3.5336 3.57133 TRACK
[PUSH_CTRL] 1725 3.53403 3.57133 TRACK
[PUSH_CTRL] 1726 3.53439 3.57133 TRACK
[PUSH_CTRL] 1727 3.53909 3.57133 TRACK
[PUSH_CTRL] 1728 3.53989 3.57133 TRACK
[PUSH_CTRL] 1729 3.54058 3.57133 TRACK
[PUSH_CTRL] 1730 3.54347 3.57133 TRACK
[PUSH_CTRL] 1731 3.5475 3.57133 TRACK
[PUSH_CTRL] 1732 3.55075 3.57133 TRACK
[PUSH_CTRL] 1733 3.55302 3.57133 TRACK
[PUSH_CTRL] 1734 3.55476 3.57133 TRACK
[PUSH_CTRL] 1735 3.55892 3.57133 TRACK
[PUSH_CTRL] 1736 3.55984 3.57133 TRACK
[PUSH_CTRL] 1737 3.56017 3.57133 TRACK
[PUSH_CTRL] 1738 3.56057 3.57133 TRACK
[PUSH_CTRL] 1739 3.55953 3.57133 TRACK
[PUSH_CTRL] 1740 3.55646 3.57133 TRACK
[PUSH_CTRL] 1741 3.55311 3.57133 TRACK
[PUSH_CTRL] 1742 3.54984 3.57133 TRACK
[PUSH_CTRL] 1743 3.54974 3.57133 TRACK
[PUSH_CTRL] 1744 3.5468 3.57133 TRACK
[PUSH_CTRL] 1745 3.54401 3.57133 TRACK
[PUSH_CTRL] 1746 3.54139 3.57133 TRACK
[PUSH_CTRL] 1747 3.53924 3.57133 TRACK
[PUSH_CTRL] 1748 3.53783 3.57133 TRACK
[PUSH_CTRL] 1749 3.53702 3.57133 TRACK
[PUSH_CTRL] 1750 3.53623 3.57133 TRACK
[PUSH_CTRL] 1751 3.53944 3.57133 TRACK
[PUSH_CTRL] 1752 3.54061 3.57133 TRACK
[PUSH_CTRL] 1753 3.54136 3.57133 TRACK
[PUSH_CTRL] 1754 3.54171 3.57133 TRACK
[PUSH_CTRL] 1755 3.5414 3.57133 TRACK
[PUSH_CTRL] 1756 3.54036 3.57133 TRACK
[PUSH_CTRL] 1757 3.53895 3.57133 TRACK
[PUSH_CTRL] 1758 3.53748 3.57133 TRACK
[PUSH_CTRL] 1759 3.53956 3.57133 TRACK
[PUSH_CTRL] 1760 3.53865 3.57133 TRACK
[PUSH_CTRL] 1761 3.53782 3.57133 TRACK
[PUSH_CTRL] 1762 3.53704 3.57133 TRACK
[PUSH_CTRL] 1763 3.53636 3.57133 TRACK
[PUSH_CTRL] 1764 3.53545 3.57133 TRACK
[PUSH_CTRL] 1765 3.53437 3.57133 TRACK
[PUSH_CTRL] 1766 3.53317 3.57133 TRACK
[PUSH_CTRL] 1767 3.53564 3.57133 TRACK
[PUSH_CTRL] 1768 3.53443 3.57133 TRACK
[PUSH_CTRL] 1769 3.53315 3.57133 TRACK
[PUSH_CTRL] 1770 3.53272 3.57133 TRACK
[PUSH_CTRL] 1771 3.53219 3.57133 TRACK
[PUSH_CTRL] 1772 3.53157 3.57133 TRACK
[PUSH_CTRL] 1773 3.53025 3.57133 TRACK
[PUSH_CTRL] 1774 3.52793 3.57133 TRACK
[PUSH_CTRL] 1775 3.52928 3.57133 TRACK
[PUSH_CTRL] 1776 3.52713 3.57133 TRACK
[PUSH_CTRL] 1777 3.52516 3.57133 TRACK
[PUSH_CTRL] 1778 3.52392 3.57133 TRACK
[PUSH_CTRL] 1779 3.52335 3.57133 TRACK
[PUSH_CTRL] 1780 3.52367 3.57133 TRACK
[PUSH_CTRL] 1781 3.52433 3.57133 TRACK
[PUSH_CTRL] 1782 3.52521 3.57133 TRACK
[PUSH_CTRL] 1783 3.52982 3.57133 TRACK
[PUSH_CTRL] 1784 3.53066 3.57133 TRACK
[PUSH_CTRL] 1785 3.53251 3.57133 TRACK
[PUSH_CTRL] 1786 3.53379 3.57133 TRACK
[PUSH_CTRL] 1787 3.53514 3.57133 TRACK
[PUSH_CTRL] 1788 3.53609 3.57133 TRACK
[PUSH_CTRL] 1789 3.53673 3.57133 TRACK
[PUSH_CTRL] 1790 3.53676 3.57133 TRACK
[PUSH_CTRL] 1791 3.53984 3.57133 TRACK
[PUSH_CTRL] 1792 3.53911 3.57133 TRACK
[PUSH_CTRL] 1793 3.53844 3.57133 TRACK
[PUSH_CTRL] 1794 3.53785 3.57133 TRACK
[PUSH_CTRL] 1795 3.53674 3.57133 TRACK
[PUSH_CTRL] 1796 3.53497 3.57133 TRACK
[PUSH_CTRL] 1797 3.53321 3.57133 TRACK
[PUSH_CTRL] 1798 3.53174 3.57133 TRACK
[PUSH_CTRL] 1799 3.53055 3.57133 TRACK
[PUSH_CTRL] 1800 3.53336 3.57133 TRACK
[PUSH_CTRL] 1801 3.53266 3.57133 TRACK
[PUSH_CTRL] 1802 3.53155 3.57133 TRACK
[PUSH_CTRL] 1803 3.53007 3.57133 TRACK
[PUSH_CTRL] 1804 3.52848 3.57133 TRACK
[PUSH_CTRL] 1805 3.52696 3.57133 TRACK
[PUSH_CTRL] 1806 3.52521 3.57133 TRACK
[PUSH_CTRL] 1807 3.52305 3.57133 TRACK
[PUSH_CTRL] 1808 3.5245 3.57133 TRACK
[PUSH_CTRL] 1809 3.52276 3.57133 TRACK
[PUSH_CTRL] 1810 3.52137 3.57133 TRACK
[PUSH_CTRL] 1811 3.52026 3.57133 TRACK
[PUSH_CTRL] 1812 3.51989 3.57133 TRACK
[PUSH_CTRL] 1813 3.51941 3.57133 TRACK
[PUSH_CTRL] 1814 3.51895 3.57133 TRACK
[PUSH_CTRL] 1815 3.51854 3.57133 TRACK
[PUSH_CTRL] 1816 3.52331 3.57133 TRACK
[PUSH_CTRL] 1817 3.52484 3.57133 TRACK
[PUSH_CTRL] 1818 3.52564 3.57133 TRACK
[PUSH_CTRL] 1819 3.52448 3.57133 TRACK
[PUSH_CTRL] 1820 3.52314 3.57133 TRACK
[PUSH_CTRL] 1821 3.52164 3.57133 TRACK
[PUSH_CTRL] 1822 3.52022 3.57133 TRACK
[PUSH_CTRL] 1823 3.519 3.57133 TRACK
[PUSH_CTRL] 1824 3.51797 3.57133 TRACK
[PUSH_CTRL] 1825 3.52073 3.57133 TRACK
[PUSH_CTRL] 1826 3.52004 3.57133 TRACK
[PUSH_CTRL] 1827 3.52233 3.57133 TRACK
[PUSH_CTRL] 1828 3.52554 3.57133 TRACK
[PUSH_CTRL] 1829 3.52832 3.57133 TRACK
[PUSH_CTRL] 1830 3.5313 3.57133 TRACK
[PUSH_CTRL] 1831 3.5324 3.57133 TRACK
[PUSH_CTRL] 1832 3.5332 3.57133 TRACK
[PUSH_CTRL] 1833 3.53699 3.57133 TRACK
[PUSH_CTRL] 1834 3.53692 3.57133 TRACK
[PUSH_CTRL] 1835 3.53591 3.57133 TRACK
[PUSH_CTRL] 1836 3.5346 3.57133 TRACK
[PUSH_CTRL] 1837 3.53337 3.57133 TRACK
[PUSH_CTRL] 1838 3.53289 3.57133 TRACK
[PUSH_CTRL] 1839 3.53234 3.57133 TRACK
[PUSH_CTRL] 1840 3.53143 3.57133 TRACK
[PUSH_CTRL] 1841 3.5339 3.57133 TRACK
[PUSH_CTRL] 1842 3.53347 3.57133 TRACK
[PUSH_CTRL] 1843 3.53528 3.57133 TRACK
[PUSH_CTRL] 1844 3.53862 3.57133 TRACK
[PUSH_CTRL] 1845 3.54106 3.57133 TRACK
[PUSH_CTRL] 1846 3.54251 3.57133 TRACK
[PUSH_CTRL] 1847 3.54306 3.57133 TRACK
[PUSH_CTRL] 1848 3.54339 3.57133 TRACK
[PUSH_CTRL] 1849 3.54607 3.57133 TRACK
[PUSH_CTRL] 1850 3.54588 3.57133 TRACK
[PUSH_CTRL] 1851 3.54468 3.57133 TRACK
[PUSH_CTRL] 1852 3.54251 3.57133 TRACK
[PUSH_CTRL] 1853 3.54042 3.57133 TRACK
[PUSH_CTRL] 1854 3.53894 3.57133 TRACK
[PUSH_CTRL] 1855 3.538 3.57133 TRACK
[PUSH_CTRL] 1856 3.53717 3.57133 TRACK
[PUSH_CTRL] 1857 3.53926 3.57133 TRACK
[PUSH_CTRL] 1858 3.53723 3.57133 TRACK
[PUSH_CTRL] 1859 3.53457 3.57133 TRACK
[PUSH_CTRL] 1860 3.53198 3.57133 TRACK
[PUSH_CTRL] 1861 3.53008 3.57133 TRACK
[PUSH_CTRL] 1862 3.53096 3.57133 TRACK
[PUSH_CTRL] 1863 3.53238 3.57133 TRACK
[PUSH_CTRL] 1864 3.53523 3.57133 TRACK
[PUSH_CTRL] 1865 3.5375 3.57133 TRACK
[PUSH_CTRL] 1866 3.54198 3.57133 TRACK
[PUSH_CTRL] 1867 3.54291 3.57133 TRACK
[PUSH_CTRL] 1868 3.54329 3.57133 TRACK
[PUSH_CTRL] 1869 3.54323 3.57133 TRACK
[PUSH_CTRL] 1870 3.54311 3.57133 TRACK
[PUSH_CTRL] 1871 3.54246 3.57133 TRACK
[PUSH_CTRL] 1872 3.54192 3.57133 TRACK
[PUSH_CTRL] 1873 3.54009 3.57133 TRACK
[PUSH_CTRL] 1874 3.54006 3.57133 TRACK
[PUSH_CTRL] 1875 3.53713 3.57133 TRACK
[PUSH_CTRL] 1876 3.53413 3.57133 TRACK
[PUSH_CTRL] 1877 3.53139 3.57133 TRACK
[PUSH_CTRL] 1878 3.52902 3.57133 TRACK
[PUSH_CTRL] 1879 3.52741 3.57133 TRACK
[PUSH_CTRL] 1880 3.52572 3.57133 TRACK
[PUSH_CTRL] 1881 3.52433 3.57133 TRACK
[PUSH_CTRL] 1882 3.52671 3.57133 TRACK
[PUSH_CTRL] 1883 3.52612 3.57133 TRACK
[PUSH_CTRL] 1884 3.52581 3.57133 TRACK
[PUSH_CTRL] 1885 3.52575 3.57133 TRACK
[PUSH_CTRL] 1886 3.5259 3.57133 TRACK
[PUSH_CTRL] 1887 3.52615 3.57133 TRACK
[PUSH_CTRL] 1888 3.52769 3.57133 TRACK
[PUSH_CTRL] 1889 3.5301 3.57133 TRACK
[PUSH_CTRL] 1890 3.53697 3.57133 TRACK
[PUSH_CTRL] 1891 3.5392 3.57133 TRACK
[PUSH_CTRL] 1892 3.54075 3.57133 TRACK
[PUSH_CTRL] 1893 3.542 3.57133 TRACK
[PUSH_CTRL] 1894 3.54317 3.57133 TRACK
[PUSH_CTRL] 1895 3.54426 3.57133 TRACK
[PUSH_CTRL] 1896 3.54512 3.57133 TRACK
[PUSH_CTRL] 1897 3.54591 3.57133 TRACK
[PUSH_CTRL] 1898 3.54909 3.57133 TRACK
[PUSH_CTRL] 1899 3.54946 3.57133 TRACK
[PUSH_CTRL] 1900 3.54831 3.57133 TRACK
[PUSH_CTRL] 1901 3.54553 3.57133 TRACK
[PUSH_CTRL] 1902 3.54167 3.57133 TRACK
[PUSH_CTRL] 1903 3.5373 3.57133 TRACK
[PUSH_CTRL] 1904 3.53376 3.57133 TRACK
[PUSH_CTRL] 1905 3.531 3.57133 TRACK
[PUSH_CTRL] 1906 3.53203 3.57133 TRACK
[PUSH_CTRL] 1907 3.53066 3.57133 TRACK
[PUSH_CTRL] 1908 3.52954 3.57133 TRACK
[PUSH_CTRL] 1909 3.52862 3.57133 TRACK
[PUSH_CTRL] 1910 3.52787 3.57133 TRACK
[PUSH_CTRL] 1911 3.52744 3.57133 TRACK
[PUSH_CTRL] 1912 3.52713 3.57133 TRACK
[PUSH_CTRL] 1913 3.52797 3.57133 TRACK
[PUSH_CTRL] 1914 3.53184 3.57133 TRACK
[PUSH_CTRL] 1915 3.53229 3.57133 TRACK
[PUSH_CTRL] 1916 3.53274 3.57133 TRACK
[PUSH_CTRL] 1917 3.53337 3.57133 TRACK
[PUSH_CTRL] 1918 3.53415 3.57133 TRACK
[PUSH_CTRL] 1919 3.53366 3.57133 TRACK
[PUSH_CTRL] 1920 3.53343 3.57133 TRACK
[PUSH_CTRL] 1921 3.53339 3.57133 TRACK
[PUSH_CTRL] 1922 3.53619 3.57133 TRACK
[PUSH_CTRL] 1923 3.53599 3.57133 TRACK
[PUSH_CTRL] 1924 3.53579 3.57133 TRACK
[PUSH_CTRL] 1925 3.53643 3.57133 TRACK
[PUSH_CTRL] 1926 3.53682 3.57133 TRACK
[PUSH_CTRL] 1927 3.53703 3.57133 TRACK
[PUSH_CTRL] 1928 3.53708 3.57133 TRACK
[PUSH_CTRL] 1929 3.53867 3.57133 TRACK
[PUSH_CTRL] 1930 3.53608 3.57133 TRACK
[PUSH_CTRL] 1931 3.53199 3.57133 TRACK
[PUSH_CTRL] 1932 3.52774 3.57133 TRACK
[PUSH_CTRL] 1933 3.52306 3.57133 TRACK
[PUSH_CTRL] 1934 3.51912 3.57133 TRACK
[PUSH_CTRL] 1935 3.51588 3.57133 TRACK
[PUSH_CTRL] 1936 3.51304 3.57133 TRACK
[PUSH_CTRL] 1937 3.51049 3.57133 TRACK
[PUSH_CTRL] 1938 3.51232 3.57133 TRACK
[PUSH_CTRL] 1939 3.51184 3.57133 TRACK
[PUSH_CTRL] 1940 3.5113 3.57133 TRACK
[PUSH_CTRL] 1941 3.51066 3.57133 TRACK
[PUSH_CTRL] 1942 3.51032 3.57133 TRACK
[PUSH_CTRL] 1943 3.5098 3.57133 TRACK
[PUSH_CTRL] 1944 3.50911 3.57133 TRACK
[PUSH_CTRL] 1945 3.51208 3.57133 TRACK
[PUSH_CTRL] 1946 3.51111 3.57133 TRACK
[PUSH_CTRL] 1947 3.51001 3.57133 TRACK
[PUSH_CTRL] 1948 3.50902 3.57133 TRACK
[PUSH_CTRL] 1949 3.50762 3.57133 TRACK
[PUSH_CTRL] 1950 3.50519 3.57133 TRACK
[PUSH_CTRL] 1951 3.50217 3.57133 TRACK
[PUSH_CTRL] 1952 3.49961 3.57133 TRACK
[PUSH_CTRL] 1953 3.49728 3.57133 TRACK
[PUSH_CTRL] 1954 3.49957 3.57133 TRACK
[PUSH_CTRL] 1955 3.49702 3.57133 TRACK
[PUSH_CTRL] 1956 3.49488 3.57133 TRACK
[PUSH_CTRL] 1957 3.49313 3.57133 TRACK
[PUSH_CTRL] 1958 3.49183 3.57133 TRACK
[PUSH_CTRL] 1959 3.49184 3.57133 TRACK
[PUSH_CTRL] 1960 3.49237 3.57133 TRACK
[PUSH_CTRL] 1961 3.49388 3.57133 TRACK
[PUSH_CTRL] 1962 3.49958 3.57133 TRACK
[PUSH_CTRL] 1963 3.50106 3.57133 TRACK
[PUSH_CTRL] 1964 3.5028 3.57133 TRACK
[PUSH_CTRL] 1965 3.50392 3.57133 TRACK
[PUSH_CTRL] 1966 3.50461 3.57133 TRACK
[PUSH_CTRL] 1967 3.50509 3.57133 TRACK
[PUSH_CTRL] 1968 3.50542 3.57133 TRACK
[PUSH_CTRL] 1969 3.50919 3.57133 TRACK
[PUSH_CTRL] 1970 3.5093 3.57133 TRACK
[PUSH_CTRL] 1971 3.50906 3.57133 TRACK
[PUSH_CTRL] 1972 3.50865 3.57133 TRACK
[PUSH_CTRL] 1973 3.50813 3.57133 TRACK
[PUSH_CTRL] 1974 3.50751 3.57133 TRACK
[PUSH_CTRL] 1975 3.50619 3.57133 TRACK
[PUSH_CTRL] 1976 3.50446 3.57133 TRACK
[PUSH_CTRL] 1977 3.50702 3.57133 TRACK
[PUSH_CTRL] 1978 3.50579 3.57133 TRACK
[PUSH_CTRL] 1979 3.50523 3.57133 TRACK
[PUSH_CTRL] 1980 3.50456 3.57133 TRACK
[PUSH_CTRL] 1981 3.50392 3.57133 TRACK
[PUSH_CTRL] 1982 3.50257 3.57133 TRACK
[PUSH_CTRL] 1983 3.50129 3.57133 TRACK
[PUSH_CTRL] 1984 3.50396 3.57133 TRACK
[PUSH_CTRL] 1985 3.50269 3.57133 TRACK
[PUSH_CTRL] 1986 3.50125 3.57133 TRACK
[PUSH_CTRL] 1987 3.49957 3.57133 TRACK
[PUSH_CTRL] 1988 3.49919 3.57133 TRACK
[PUSH_CTRL] 1989 3.49861 3.57133 TRACK
[PUSH_CTRL] 1990 3.49738 3.57133 TRACK
[PUSH_CTRL] 1991 3.49584 3.57133 TRACK
[PUSH_CTRL] 1992 3.49417 3.57133 TRACK
[PUSH_CTRL] 1993 3.49711 3.57133 TRACK
[PUSH_CTRL] 1994 3.49607 3.57133 TRACK
[PUSH_CTRL] 1995 3.49517 3.57133 TRACK
[PUSH_CTRL] 1996 3.49446 3.57133 TRACK
[PUSH_CTRL] 1997 3.49417 3.57133 TRACK
[PUSH_CTRL] 1998 3.49415 3.57133 TRACK
[PUSH_CTRL] 1999 3.49468 3.57133 TRACK
[PUSH_CTRL] 2000 3.4948 3.57133 TRACK
[PUSH_CTRL] 2001 3.49894 3.57133 TRACK
[PUSH_CTRL] 2002 3.49882 3.57133 TRACK
[PUSH_CTRL] 2003 3.49861 3.57133 TRACK
[PUSH_CTRL] 2004 3.49804 3.57133 TRACK
[PUSH_CTRL] 2005 3.49853 3.57133 TRACK
[PUSH_CTRL] 2006 3.49944 3.57133 TRACK
[PUSH_CTRL] 2007 3.50054 3.57133 TRACK
[PUSH_CTRL] 2008 3.50128 3.57133 TRACK
[PUSH_CTRL] 2009 3.50582 3.57133 TRACK
[PUSH_CTRL] 2010 3.50619 3.57133 TRACK
[PUSH_CTRL] 2011 3.50598 3.57133 TRACK
[PUSH_CTRL] 2012 3.50572 3.57133 TRACK
[PUSH_CTRL] 2013 3.50544 3.57133 TRACK
[PUSH_CTRL] 2014 3.50367 3.57133 TRACK
[PUSH_CTRL] 2015 3.50129 3.57133 TRACK
[PUSH_CTRL] 2016 3.50322 3.57133 TRACK
[PUSH_CTRL] 2017 3.50157 3.57133 TRACK
[PUSH_CTRL] 2018 3.50027 3.57133 TRACK
[PUSH_CTRL] 2019 3.49913 3.57133 TRACK
[PUSH_CTRL] 2020 3.4984 3.57133 TRACK
[PUSH_CTRL] 2021 3.49776 3.57133 TRACK
[PUSH_CTRL] 2022 3.49724 3.57133 TRACK
[PUSH_CTRL] 2023 3.49651 3.57133 TRACK
[PUSH_CTRL] 2024 3.49958 3.57133 TRACK
[PUSH_CTRL] 2025 3.49867 3.57133 TRACK
[PUSH_CTRL] 2026 3.49783 3.57133 TRACK
[PUSH_CTRL] 2027 3.49707 3.57133 TRACK
[PUSH_CTRL] 2028 3.49636 3.57133 TRACK
[PUSH_CTRL] 2029 3.49538 3.57133 TRACK
[PUSH_CTRL] 2030 3.49233 3.57133 TRACK
[PUSH_CTRL] 2031 3.48749 3.57133 TRACK
[PUSH_CTRL] 2032 3.48622 3.57133 TRACK
[PUSH_CTRL] 2033 3.48059 3.57133 TRACK
[PUSH_CTRL] 2034 3.47607 3.57133 TRACK
[PUSH_CTRL] 2035 3.47242 3.57133 TRACK
[PUSH_CTRL] 2036 3.46984 3.57133 TRACK
[PUSH_CTRL] 2037 3.46783 3.57133 TRACK
[PUSH_CTRL] 2038 3.46624 3.57133 TRACK
[PUSH_CTRL] 2039 3.46497 3.57133 TRACK
[PUSH_CTRL] 2040 3.46919 3.57133 TRACK
[PUSH_CTRL] 2041 3.46832 3.57133 TRACK
[PUSH_CTRL] 2042 3.46816 3.57133 TRACK
[PUSH_CTRL] 2043 3.4691 3.57133 TRACK
[PUSH_CTRL] 2044 3.4695 3.57133 TRACK
[PUSH_CTRL] 2045 3.46987 3.57133 TRACK
[PUSH_CTRL] 2046 3.46995 3.57133 TRACK
[PUSH_CTRL] 2047 3.47001 3.57133 TRACK
[PUSH_CTRL] 2048 3.47018 3.57133 TRACK
[PUSH_CTRL] 2049 3.4755 3.57133 TRACK
[PUSH_CTRL] 2050 3.4759 3.57133 TRACK
[PUSH_CTRL] 2051 3.4758 3.57133 TRACK
[PUSH_CTRL] 2052 3.47578 3.57133 TRACK
[PUSH_CTRL] 2053 3.47569 3.57133 TRACK
[PUSH_CTRL] 2054 3.47555 3.57133 TRACK
[PUSH_CTRL] 2055 3.47538 3.57133 TRACK
[PUSH_CTRL] 2056 3.47489 3.57133 TRACK
[PUSH_CTRL] 2057 3.47984 3.57133 TRACK
[PUSH_CTRL] 2058 3.48161 3.57133 TRACK
[PUSH_CTRL] 2059 3.48314 3.57133 TRACK
[PUSH_CTRL] 2060 3.48472 3.57133 TRACK
[PUSH_CTRL] 2061 3.48607 3.57133 TRACK
[PUSH_CTRL] 2062 3.48676 3.57133 TRACK
[PUSH_CTRL] 2063 3.48694 3.57133 TRACK
[PUSH_CTRL] 2064 3.49116 3.57133 TRACK
[PUSH_CTRL] 2065 3.49005 3.57133 TRACK
[PUSH_CTRL] 2066 3.48878 3.57133 TRACK
[PUSH_CTRL] 2067 3.48621 3.57133 TRACK
[PUSH_CTRL] 2068 3.48277 3.57133 TRACK
[PUSH_CTRL] 2069 3.47836 3.57133 TRACK
[PUSH_CTRL] 2070 3.47409 3.57133 TRACK
[PUSH_CTRL] 2071 3.47045 3.57133 TRACK
[PUSH_CTRL] 2072 3.4674 3.57133 TRACK
[PUSH_CTRL] 2073 3.47048 3.57133 TRACK
[PUSH_CTRL] 2074 3.46897 3.57133 TRACK
[PUSH_CTRL] 2075 3.46844 3.57133 TRACK
[PUSH_CTRL] 2076 3.4687 3.57133 TRACK
[PUSH_CTRL] 2077 3.46801 3.57133 TRACK
[PUSH_CTRL] 2078 3.46674 3.57133 TRACK
[PUSH_CTRL] 2079 3.46568 3.57133 TRACK
[PUSH_CTRL] 2080 3.47007 3.57133 TRACK
[PUSH_CTRL] 2081 3.46911 3.57133 TRACK
[PUSH_CTRL] 2082 3.46807 3.57133 TRACK
[PUSH_CTRL] 2083 3.46698 3.57133 TRACK
[PUSH_CTRL] 2084 3.46641 3.57133 TRACK
[PUSH_CTRL] 2085 3.46582 3.57133 TRACK
[PUSH_CTRL] 2086 3.46521 3.57133 TRACK
[PUSH_CTRL] 2087 3.46483 3.57133 TRACK
[PUSH_CTRL] 2088 3.47007 3.57133 TRACK
[PUSH_CTRL] 2089 3.46937 3.57133 TRACK
[PUSH_CTRL] 2090 3.46964 3.57133 TRACK
[PUSH_CTRL] 2091 3.47031 3.57133 TRACK
[PUSH_CTRL] 2092 3.47215 3.57133 TRACK
[PUSH_CTRL] 2093 3.47456 3.57133 TRACK
[PUSH_CTRL] 2094 3.47599 3.57133 TRACK
[PUSH_CTRL] 2095 3.4766 3.57133 TRACK
[PUSH_CTRL] 2096 3.48194 3.57133 TRACK
[PUSH_CTRL] 2097 3.48195 3.57133 TRACK
[PUSH_CTRL] 2098 3.48177 3.57133 TRACK
[PUSH_CTRL] 2099 3.4805 3.57133 TRACK
[PUSH_CTRL] 2100 3.47875 3.57133 TRACK
[PUSH_CTRL] 2101 3.47691 3.57133 TRACK
[PUSH_CTRL] 2102 3.47512 3.57133 TRACK
[PUSH_CTRL] 2103 3.47318 3.57133 TRACK
[PUSH_CTRL] 2104 3.47646 3.57133 TRACK
[PUSH_CTRL] 2105 3.47455 3.57133 TRACK
[PUSH_CTRL] 2106 3.47273 3.57133 TRACK
[PUSH_CTRL] 2107 3.47141 3.57133 TRACK
[PUSH_CTRL] 2108 3.47026 3.57133 TRACK
[PUSH_CTRL] 2109 3.47011 3.57133 TRACK
[PUSH_CTRL] 2110 3.47049 3.57133 TRACK
[PUSH_CTRL] 2111 3.46997 3.57133 TRACK
[PUSH_CTRL] 2112 3.4747 3.57133 TRACK
[PUSH_CTRL] 2113 3.47438 3.57133 TRACK
[PUSH_CTRL] 2114 3.47447 3.57133 TRACK
[PUSH_CTRL] 2115 3.47539 3.57133 TRACK
[PUSH_CTRL] 2116 3.47639 3.57133 TRACK
[PUSH_CTRL] 2117 3.4771 3.57133 TRACK
[PUSH_CTRL] 2118 3.4775 3.57133 TRACK
[PUSH_CTRL] 2119 3.47699 3.57133 TRACK
[PUSH_CTRL] 2120 3.48128 3.57133 TRACK
[PUSH_CTRL] 2121 3.48009 3.57133 TRACK
[PUSH_CTRL] 2122 3.47863 3.57133 TRACK
[PUSH_CTRL] 2123 3.47719 3.57133 TRACK
[PUSH_CTRL] 2124 3.47584 3.57133 TRACK
[PUSH_CTRL] 2125 3.47442 3.57133 TRACK
[PUSH_CTRL] 2126 3.47316 3.57133 TRACK
[PUSH_CTRL] 2127 3.47205 3.57133 TRACK
[PUSH_CTRL] 2128 3.47655 3.57133 TRACK
[PUSH_CTRL] 2129 3.47582 3.57133 TRACK
[PUSH_CTRL] 2130 3.47513 3.57133 TRACK
[PUSH_CTRL] 2131 3.4745 3.57133 TRACK
[PUSH_CTRL] 2132 3.47475 3.57133 TRACK
[PUSH_CTRL] 2133 3.47649 3.57133 TRACK
[PUSH_CTRL] 2134 3.47968 3.57133 TRACK
[PUSH_CTRL] 2135 3.48224 3.57133 TRACK
[PUSH_CTRL] 2136 3.48914 3.57133 TRACK
[PUSH_CTRL] 2137 3.49012 3.57133 TRACK
[PUSH_CTRL] 2138 3.4901 3.57133 TRACK
[PUSH_CTRL] 2139 3.48877 3.57133 TRACK
[PUSH_CTRL] 2140 3.48653 3.57133 TRACK
[PUSH_CTRL] 2141 3.48398 3.57133 TRACK
[PUSH_CTRL] 2142 3.48136 3.57133 TRACK
[PUSH_CTRL] 2143 3.47874 3.57133 TRACK
[PUSH_CTRL] 2144 3.48153 3.57133 TRACK
[PUSH_CTRL] 2145 3.47925 3.57133 TRACK
[PUSH_CTRL] 2146 3.47748 3.57133 TRACK
[PUSH_CTRL] 2147 3.47591 3.57133 TRACK
[PUSH_CTRL] 2148 3.4745 3.57133 TRACK
[PUSH_CTRL] 2149 3.47337 3.57133 TRACK
[PUSH_CTRL] 2150 3.47238 3.57133 TRACK
[PUSH_CTRL] 2151 3.47127 3.57133 TRACK
[PUSH_CTRL] 2152 3.47612 3.57133 TRACK
[PUSH_CTRL] 2153 3.47498 3.57133 TRACK
[PUSH_CTRL] 2154 3.47383 3.57133 TRACK
[PUSH_CTRL] 2155 3.4722 3.57133 TRACK
[PUSH_CTRL] 2156 3.47035 3.57133 TRACK
[PUSH_CTRL] 2157 3.46971 3.57133 TRACK
[PUSH_CTRL] 2158 3.46911 3.57133 TRACK
[PUSH_CTRL] 2159 3.46853 3.57133 TRACK
[PUSH_CTRL] 2160 3.47367 3.57133 TRACK
[PUSH_CTRL] 2161 3.47205 3.57133 TRACK
[PUSH_CTRL] 2162 3.47002 3.57133 TRACK
[PUSH_CTRL] 2163 3.46784 3.57133 TRACK
[PUSH_CTRL] 2164 3.46539 3.57133 TRACK
[PUSH_CTRL] 2165 3.46316 3.57133 TRACK
[PUSH_CTRL] 2166 3.46121 3.57133 TRACK
[PUSH_CTRL] 2167 3.45973 3.57133 TRACK
[PUSH_CTRL] 2168 3.46472 3.57133 TRACK
[PUSH_CTRL] 2169 3.46405 3.57133 TRACK
[PUSH_CTRL] 2170 3.46236 3.57133 TRACK
[PUSH_CTRL] 2171 3.45984 3.57133 TRACK
[PUSH_CTRL] 2172 3.45897 3.57133 TRACK
[PUSH_CTRL] 2173 3.45969 3.57133 TRACK
[PUSH_CTRL] 2174 3.46127 3.57133 TRACK
[PUSH_CTRL] 2175 3.46258 3.57133 TRACK
[PUSH_CTRL] 2176 3.46966 3.57133 TRACK
[PUSH_CTRL] 2177 3.4704 3.57133 TRACK
[PUSH_CTRL] 2178 3.47084 3.57133 TRACK
[PUSH_CTRL] 2179 3.47104 3.57133 TRACK
[PUSH_CTRL] 2180 3.47057 3.57133 TRACK
[PUSH_CTRL] 2181 3.46944 3.57133 TRACK
[PUSH_CTRL] 2182 3.46781 3.57133 TRACK
[PUSH_CTRL] 2183 3.46511 3.57133 TRACK
[PUSH_CTRL] 2184 3.46847 3.57133 TRACK
[PUSH_CTRL] 2185 3.46603 3.57133 TRACK
[PUSH_CTRL] 2186 3.46353 3.57133 TRACK
[PUSH_CTRL] 2187 3.46208 3.57133 TRACK
[PUSH_CTRL] 2188 3.46069 3.57133 TRACK
[PUSH_CTRL] 2189 3.45966 3.57133 TRACK
[PUSH_CTRL] 2190 3.45902 3.57133 TRACK
[PUSH_CTRL] 2191 3.45878 3.57133 TRACK
[PUSH_CTRL] 2192 3.46433 3.57133 TRACK
[PUSH_CTRL] 2193 3.46382 3.57133 TRACK
[PUSH_CTRL] 2194 3.46361 3.57133 TRACK
[PUSH_CTRL] 2195 3.46398 3.57133 TRACK
[PUSH_CTRL] 2196 3.46471 3.57133 TRACK
[PUSH_CTRL] 2197 3.46577 3.57133 TRACK
[PUSH_CTRL] 2198 3.46692 3.57133 TRACK
[PUSH_CTRL] 2199 3.46789 3.57133 TRACK
[PUSH_CTRL] 2200 3.47463 3.57133 TRACK
[PUSH_CTRL] 2201 3.47503 3.57133 TRACK
[PUSH_CTRL] 2202 3.47566 3.57133 TRACK
[PUSH_CTRL] 2203 3.47603 3.57133 TRACK
[PUSH_CTRL] 2204 3.47584 3.57133 TRACK
[PUSH_CTRL] 2205 3.47558 3.57133 TRACK
[PUSH_CTRL] 2206 3.47525 3.57133 TRACK
[PUSH_CTRL] 2207 3.48053 3.57133 TRACK
[PUSH_CTRL] 2208 3.47994 3.57133 TRACK
[PUSH_CTRL] 2209 3.47722 3.57133 TRACK
[PUSH_CTRL] 2210 3.47421 3.57133 TRACK
[PUSH_CTRL] 2211 3.47155 3.57133 TRACK
[PUSH_CTRL] 2212 3.4692 3.57133 TRACK
[PUSH_CTRL] 2213 3.46745 3.57133 TRACK
[PUSH_CTRL] 2214 3.46628 3.57133 TRACK
[PUSH_CTRL] 2215 3.47131 3.57133 TRACK
[PUSH_CTRL] 2216 3.4705 3.57133 TRACK
[PUSH_CTRL] 2217 3.46999 3.57133 TRACK
[PUSH_CTRL] 2218 3.46985 3.57133 TRACK
[PUSH_CTRL] 2219 3.47016 3.57133 TRACK
[PUSH_CTRL] 2220 3.47084 3.57133 TRACK
[PUSH_CTRL] 2221 3.47169 3.57133 TRACK
[PUSH_CTRL] 2222 3.47241 3.57133 TRACK
[PUSH_CTRL] 2223 3.47887 3.57133 TRACK
[PUSH_CTRL] 2224 3.47914 3.57133 TRACK
[PUSH_CTRL] 2225 3.47951 3.57133 TRACK
[PUSH_CTRL] 2226 3.47995 3.57133 TRACK
[PUSH_CTRL] 2227 3.47944 3.57133 TRACK
[PUSH_CTRL] 2228 3.47833 3.57133 TRACK
[PUSH_CTRL] 2229 3.477 3.57133 TRACK
[PUSH_CTRL] 2230 3.4755 3.57133 TRACK
[PUSH_CTRL] 2231 3.47954 3.57133 TRACK
[PUSH_CTRL] 2232 3.47777 3.57133 TRACK
[PUSH_CTRL] 2233 3.47619 3.57133 TRACK
[PUSH_CTRL] 2234 3.47449 3.57133 TRACK
[PUSH_CTRL] 2235 3.47274 3.57133 TRACK
[PUSH_CTRL] 2236 3.47098 3.57133 TRACK
[PUSH_CTRL] 2237 3.46943 3.57133 TRACK
[PUSH_CTRL] 2238 3.46735 3.57133 TRACK
[PUSH_CTRL] 2239 3.47276 3.57133 TRACK
[PUSH_CTRL] 2240 3.4721 3.57133 TRACK
[PUSH_CTRL] 2241 3.47217 3.57133 TRACK
[PUSH_CTRL] 2242 3.47276 3.57133 TRACK
[PUSH_CTRL] 2243 3.47371 3.57133 TRACK
[PUSH_CTRL] 2244 3.47485 3.57133 TRACK
[PUSH_CTRL] 2245 3.4765 3.57133 TRACK
[PUSH_CTRL] 2246 3.47839 3.57133 TRACK
[PUSH_CTRL] 2247 3.48435 3.57133 TRACK
[PUSH_CTRL] 2248 3.48455 3.57133 TRACK
[PUSH_CTRL] 2249 3.48467 3.57133 TRACK
[PUSH_CTRL] 2250 3.48462 3.57133 TRACK
[PUSH_CTRL] 2251 3.48458 3.57133 TRACK
[PUSH_CTRL] 2252 3.48375 3.57133 TRACK
[PUSH_CTRL] 2253 3.48225 3.57133 TRACK
[PUSH_CTRL] 2254 3.48065 3.57133 TRACK
[PUSH_CTRL] 2255 3.4844 3.57133 TRACK
[PUSH_CTRL] 2256 3.48238 3.57133 TRACK
[PUSH_CTRL] 2257 3.48056 3.57133 TRACK
[PUSH_CTRL] 2258 3.47923 3.57133 TRACK
[PUSH_CTRL] 2259 3.47694 3.57133 TRACK
[PUSH_CTRL] 2260 3.47459 3.57133 TRACK
[PUSH_CTRL] 2261 3.47279 3.57133 TRACK
[PUSH_CTRL] 2262 3.47124 3.57133 TRACK
[PUSH_CTRL] 2263 3.4766 3.57133 TRACK
[PUSH_CTRL] 2264 3.47593 3.57133 TRACK
[PUSH_CTRL] 2265 3.47524 3.57133 TRACK
[PUSH_CTRL] 2266 3.47454 3.57133 TRACK
[PUSH_CTRL] 2267 3.47385 3.57133 TRACK
[PUSH_CTRL] 2268 3.47303 3.57133 TRACK
[PUSH_CTRL] 2269 3.47204 3.57133 TRACK
[PUSH_CTRL] 2270 3.47694 3.57133 TRACK
[PUSH_CTRL] 2271 3.47496 3.57133 TRACK
[PUSH_CTRL] 2272 3.47182 3.57133 TRACK
[PUSH_CTRL] 2273 3.46819 3.57133 TRACK
[PUSH_CTRL] 2274 3.46424 3.57133 TRACK
[PUSH_CTRL] 2275 3.4608 3.57133 TRACK
[PUSH_CTRL] 2276 3.45788 3.57133 TRACK
[PUSH_CTRL] 2277 3.45575 3.57133 TRACK
[PUSH_CTRL] 2278 3.45428 3.57133 TRACK
[PUSH_CTRL] 2279 3.45944 3.57133 TRACK
[PUSH_CTRL] 2280 3.45819 3.57133 TRACK
[PUSH_CTRL] 2281 3.45794 3.57133 TRACK
[PUSH_CTRL] 2282 3.45823 3.57133 TRACK
[PUSH_CTRL] 2283 3.45878 3.57133 TRACK
[PUSH_CTRL] 2284 3.45954 3.57133 TRACK
[PUSH_CTRL] 2285 3.46045 3.57133 TRACK
[PUSH_CTRL] 2286 3.46138 3.57133 TRACK
[PUSH_CTRL] 2287 3.46871 3.57133 TRACK
[PUSH_CTRL] 2288 3.46981 3.57133 TRACK
[PUSH_CTRL] 2289 3.47056 3.57133 TRACK
[PUSH_CTRL] 2290 3.47134 3.57133 TRACK
[PUSH_CTRL] 2291 3.47216 3.57133 TRACK
[PUSH_CTRL] 2292 3.47261 3.57133 TRACK
[PUSH_CTRL] 2293 3.47273 3.57133 TRACK
[PUSH_CTRL] 2294 3.47754 3.57133 TRACK
[PUSH_CTRL] 2295 3.47595 3.57133 TRACK
[PUSH_CTRL] 2296 3.47387 3.57133 TRACK
[PUSH_CTRL] 2297 3.47155 3.57133 TRACK
[PUSH_CTRL] 2298 3.46913 3.57133 TRACK
[PUSH_CTRL] 2299 3.46669 3.57133 TRACK
[PUSH_CTRL] 2300 3.46564 3.57133 TRACK
[PUSH_CTRL] 2301 3.46509 3.57133 TRACK
[PUSH_CTRL] 2302 3.46491 3.57133 TRACK
[PUSH_CTRL] 2303 3.471 3.57133 TRACK
[PUSH_CTRL] 2304 3.47082 3.57133 TRACK
[PUSH_CTRL] 2305 3.47032 3.57133 TRACK
[PUSH_CTRL] 2306 3.46955 3.57133 TRACK
[PUSH_CTRL] 2307 3.46931 3.57133 TRACK
[PUSH_CTRL] 2308 3.46986 3.57133 TRACK
[PUSH_CTRL] 2309 3.471 3.57133 TRACK
[PUSH_CTRL] 2310 3.47217 3.57133 TRACK
[PUSH_CTRL] 2311 3.47956 3.57133 TRACK
[PUSH_CTRL] 2312 3.47985 3.57133 TRACK
[PUSH_CTRL] 2313 3.47893 3.57133 TRACK
[PUSH_CTRL] 2314 3.47762 3.57133 TRACK
[PUSH_CTRL] 2315 3.47616 3.57133 TRACK
[PUSH_CTRL] 2316 3.47431 3.57133 TRACK
[PUSH_CTRL] 2317 3.47223 3.57133 TRACK
[PUSH_CTRL] 2318 3.47006 3.57133 TRACK
[PUSH_CTRL] 2319 3.47397 3.57133 TRACK
[PUSH_CTRL] 2320 3.47188 3.57133 TRACK
[PUSH_CTRL] 2321 3.46987 3.57133 TRACK
[PUSH_CTRL] 2322 3.46834 3.57133 TRACK
[PUSH_CTRL] 2323 3.46751 3.57133 TRACK
[PUSH_CTRL] 2324 3.46716 3.57133 TRACK
[PUSH_CTRL] 2325 3.46729 3.57133 TRACK
[PUSH_CTRL] 2326 3.46729 3.57133 TRACK
[PUSH_CTRL] 2327 3.47342 3.57133 TRACK
[PUSH_CTRL] 2328 3.47319 3.57133 TRACK
[PUSH_CTRL] 2329 3.47285 3.57133 TRACK
[PUSH_CTRL] 2330 3.47379 3.57133 TRACK
[PUSH_CTRL] 2331 3.47592 3.57133 TRACK
[PUSH_CTRL] 2332 3.47857 3.57133 TRACK
[PUSH_CTRL] 2333 3.48061 3.57133 TRACK
[PUSH_CTRL] 2334 3.48316 3.57133 TRACK
[PUSH_CTRL] 2335 3.49074 3.57133 TRACK
[PUSH_CTRL] 2336 3.49168 3.57133 TRACK
[PUSH_CTRL] 2337 3.4922 3.57133 TRACK
[PUSH_CTRL] 2338 3.49155 3.57133 TRACK
[PUSH_CTRL] 2339 3.49 3.57133 TRACK
[PUSH_CTRL] 2340 3.48804 3.57133 TRACK
[PUSH_CTRL] 2341 3.48568 3.57133 TRACK
[PUSH_CTRL] 2342 3.48311 3.57133 TRACK
[PUSH_CTRL] 2343 3.48557 3.57133 TRACK
[PUSH_CTRL] 2344 3.48281 3.57133 TRACK
[PUSH_CTRL] 2345 3.48063 3.57133 TRACK
[PUSH_CTRL] 2346 3.47927 3.57133 TRACK
[PUSH_CTRL] 2347 3.47809 3.57133 TRACK
[PUSH_CTRL] 2348 3.47708 3.57133 TRACK
[PUSH_CTRL] 2349 3.47619 3.57133 TRACK
[PUSH_CTRL] 2350 3.48135 3.57133 TRACK
[PUSH_CTRL] 2351 3.48093 3.57133 TRACK
[PUSH_CTRL] 2352 3.4807 3.57133 TRACK
[PUSH_CTRL] 2353 3.4806 3.57133 TRACK
[PUSH_CTRL] 2354 3.48015 3.57133 TRACK
[PUSH_CTRL] 2355 3.47855 3.57133 TRACK
[PUSH_CTRL] 2356 3.47576 3.57133 TRACK
[PUSH_CTRL] 2357 3.47181 3.57133 TRACK
[PUSH_CTRL] 2358 3.46614 3.57133 TRACK
[PUSH_CTRL] 2359 3.4668 3.57133 TRACK
[PUSH_CTRL] 2360 3.46214 3.57133 TRACK
[PUSH_CTRL] 2361 3.45828 3.57133 TRACK
[PUSH_CTRL] 2362 3.4555 3.57133 TRACK
[PUSH_CTRL] 2363 3.4533 3.57133 TRACK
[PUSH_CTRL] 2364 3.45154 3.57133 TRACK
[PUSH_CTRL] 2365 3.45012 3.57133 TRACK
[PUSH_CTRL] 2366 3.44979 3.57133 TRACK
[PUSH_CTRL] 2367 3.45626 3.57133 TRACK
[PUSH_CTRL] 2368 3.45584 3.57133 TRACK
[PUSH_CTRL] 2369 3.4563 3.57133 TRACK
[PUSH_CTRL] 2370 3.45734 3.57133 TRACK
[PUSH_CTRL] 2371 3.45871 3.57133 TRACK
[PUSH_CTRL] 2372 3.46049 3.57133 TRACK
[PUSH_CTRL] 2373 3.46343 3.57133 TRACK
[PUSH_CTRL] 2374 3.46675 3.57133 TRACK
[PUSH_CTRL] 2375 3.47657 3.57133 TRACK
[PUSH_CTRL] 2376 3.47993 3.57133 TRACK
[PUSH_CTRL] 2377 3.48283 3.57133 TRACK
[PUSH_CTRL] 2378 3.4855 3.57133 TRACK
[PUSH_CTRL] 2379 3.48753 3.57133 TRACK
[PUSH_CTRL] 2380 3.48937 3.57133 TRACK
[PUSH_CTRL] 2381 3.49105 3.57133 TRACK
[PUSH_CTRL] 2382 3.49258 3.57133 TRACK
[PUSH_CTRL] 2383 3.49776 3.57133 TRACK
[PUSH_CTRL] 2384 3.49677 3.57133 TRACK
[PUSH_CTRL] 2385 3.49457 3.57133 TRACK
[PUSH_CTRL] 2386 3.49236 3.57133 TRACK
[PUSH_CTRL] 2387 3.49036 3.57133 TRACK
[PUSH_CTRL] 2388 3.48877 3.57133 TRACK
[PUSH_CTRL] 2389 3.48713 3.57133 TRACK
[PUSH_CTRL] 2390 3.4855 3.57133 TRACK
[PUSH_CTRL] 2391 3.4889 3.57133 TRACK
[PUSH_CTRL] 2392 3.48855 3.57133 TRACK
[PUSH_CTRL] 2393 3.48988 3.57133 TRACK
[PUSH_CTRL] 2394 3.49224 3.57133 TRACK
[PUSH_CTRL] 2395 3.49321 3.57133 TRACK
[PUSH_CTRL] 2396 3.49365 3.57133 TRACK
[PUSH_CTRL] 2397 3.49405 3.57133 TRACK
[PUSH_CTRL] 2398 3.49422 3.57133 TRACK
[PUSH_CTRL] 2399 3.4994 3.57133 TRACK
[PUSH_CTRL] 2400 3.49921 3.57133 TRACK
[PUSH_CTRL] 2401 3.49879 3.57133 TRACK
[PUSH_CTRL] 2402 3.49834 3.57133 TRACK
[PUSH_CTRL] 2403 3.49757 3.57133 TRACK
[PUSH_CTRL] 2404 3.4965 3.57133 TRACK
[PUSH_CTRL] 2405 3.49548 3.57133 TRACK
[PUSH_CTRL] 2406 3.49922 3.57133 TRACK
[PUSH_CTRL] 2407 3.49837 3.57133 TRACK
[PUSH_CTRL] 2408 3.49839 3.57133 TRACK
[PUSH_CTRL] 2409 3.49869 3.57133 TRACK
[PUSH_CTRL] 2410 3.4984 3.57133 TRACK
[PUSH_CTRL] 2411 3.49777 3.57133 TRACK
[PUSH_CTRL] 2412 3.49708 3.57133 TRACK
[PUSH_CTRL] 2413 3.49648 3.57133 TRACK
[PUSH_CTRL] 2414 3.50089 3.57133 TRACK
[PUSH_CTRL] 2415 3.49998 3.57133 TRACK
[PUSH_CTRL] 2416 3.49837 3.57133 TRACK
[PUSH_CTRL] 2417 3.49622 3.57133 TRACK
[PUSH_CTRL] 2418 3.49529 3.57133 TRACK
[PUSH_CTRL] 2419 3.49604 3.57133 TRACK
[PUSH_CTRL] 2420 3.49692 3.57133 TRACK
[PUSH_CTRL] 2421 3.49791 3.57133 TRACK
[PUSH_CTRL] 2422 3.50407 3.57133 TRACK
[PUSH_CTRL] 2423 3.50486 3.57133 TRACK
[PUSH_CTRL] 2424 3.50541 3.57133 TRACK
[PUSH_CTRL] 2425 3.50576 3.57133 TRACK
[PUSH_CTRL] 2426 3.50593 3.57133 TRACK
[PUSH_CTRL] 2427 3.50595 3.57133 TRACK
[PUSH_CTRL] 2428 3.50571 3.57133 TRACK
