[Diagnostics] Wrote config.json
[DIAG] Diagnostics enabled: /home/dhruv/projects_dhruv/namo/robot_control/real_exp/results/formal_v2/hmax2/easy_020/model_pure_policy/trial2
planner: full_namo  |  exec mode: greedy_policy  local search: best_first/model  ckpt=/home/dhruv/projects_dhruv/namo/ranking/models/HY5U_s2.ckpt  hmax=2  budget=canonical  device=cuda

Starting NAMO execution...
Press ESCAPE to quit
==================================================
[Runtime] Using remote camera service at tcp://localhost:5556
[Runtime] Speeds in effect: nav=0.40, push=0.40, keyboard/follow_path=0.30
[Runtime] Starting RemoteObserverNode...
[RemoteObserver] Connected to tcp://localhost:5556
[SerialSender] Port /dev/serial/by-id/usb-Espressif_USB_JTAG_serial_debug_unit_10:51:DB:18:34:7C-if00 opened at 115200
[SerialSender] Started at 30.0 Hz
[RealEnv] Started (robot_id=1)
[Runtime] Per-subgoal video + meta will write to /home/dhruv/projects_dhruv/namo/robot_control/real_exp/results/formal_v2/hmax2/easy_020/model_pure_policy/trial2/recordings/session_2026-08-28_13-19-23
[SerialSender] Car 1 CONNECTED (alive now: [1])
[Runtime] 🔌 Robot 1 ONLINE at startup (alive_ids=[1], ap_connected=True)

[Trapped-start recovery] Robot at (27.8, 9.9) cm was in an inflated-obstacle cell; cleared local cells so the planner can BFS from here. Position unchanged.

[NAMOPlanner] Goal BLOCKED - running NAMO planning...
[NAMOBridge] Warming best-first scorer (checkpoint=/home/dhruv/projects_dhruv/namo/ranking/models/HY5U_s2.ckpt, device=cuda); excluded from planning time

[Trapped-start recovery] Robot at (27.8, 9.9) cm was in an inflated-obstacle cell; cleared local cells so the planner can BFS from here. Position unchanged.


==================================================
Robot Control - Real Robot (Autonomous)
==================================================
Serial port: /dev/serial/by-id/usb-Espressif_USB_JTAG_serial_debug_unit_10:51:DB:18:34:7C-if00
Robot ID: 1
Dry run: False
Speed (autonomous): nav=0.40, push=0.40
==================================================
Running in autonomous mode
Press 'r' to toggle recording
Press 'space' for emergency stop
Press 'escape' to quit
==================================================

[SerialSender] ⚠️ Car 1 DISCONNECTED (alive now: [])
[SerialSender] Car 1 CONNECTED (alive now: [1])
[NAMOPlanner] Best-first scorer warmup: 3735ms (recorded separately; excluded from planning_wall_time_ms)

[Trapped-start recovery] Robot at (27.8, 9.9) cm was in an inflated-obstacle cell; cleared local cells so the planner can BFS from here. Position unchanged.

[NAMOPlanner] Plan #1: 103ms, cumulative: 103ms
[DIAG] plan #1 recorded (success=True)
[Subgoal] --> DISPATCH PUSH: obj 'obj_1' at (20.4,27.3,θ=309.7°), edge=48, push_steps=5, robot at (27.8,9.9,θ=88.6°)
[DIAG] subgoal #1 start recorded
[RemoteRecordClient] Recording started → /home/dhruv/projects_dhruv/namo/robot_control/real_exp/results/formal_v2/hmax2/easy_020/model_pure_policy/trial2/recordings/session_2026-08-28_13-19-23/subgoal_001_push_obj_1_e48_s5.mp4

[Trapped-start recovery] Robot at (27.8, 9.9) cm was in an inflated-obstacle cell; cleared local cells so the planner can BFS from here. Position unchanged.

[PUSH] Starting navigation: robot=(27.8,9.9) → approach=(27.1,22.5)
[NAV] navigate_to: goal=(27.1,22.5) θ=129.7°, from=(27.8,9.9), obstacles=3
[Wavefront] Saved grid image to output_dump/wavefront/wavefront_20260828_131928_001.png (98x155)
[PUSH] navigate_to() returned: True, nav_state=PRE_ROTATING
[NAV] state - -> PRE_ROTATING pose=(27.8,9.9,θ=88.6°) pre_target_θ=96.8° heading_err=+8.2°
[NAV] state PRE_ROTATING -> FOLLOWING pose=(27.8,9.9,θ=88.5°) path_waypoints=14 final_wp=(27.3,22.2)
[NAV] state FOLLOWING -> POST_ROTATING pose=(27.0,21.5,θ=89.9°) goal_θ=129.7° heading_err=+39.8°
[PUSH] Navigation done - transitioning to ADVANCING (nav_state=FINISHED)
[PUSH] >>> PUSHING start: obj 'obj_1' at (20.4,27.3,θ=309.6°), robot at (27.0,22.4,θ=132.1°), edge=48, push_steps=5 (150 ticks)
[PUSH DEBUG] ========== PUSH START ==========
[PUSH DEBUG] Object: pos=(20.4,27.3) theta=309.6° size=(15x7.0)
[PUSH DEBUG] Edge 48: face=2 sample=9
[PUSH DEBUG] Theoretical: edge_pt (27.1,22.5) → mid_pt (22.0,28.7)
[PUSH DEBUG] Actual line: (27.0,22.4) → (21.9,28.6)
[PUSH DEBUG] Mode: FIXED
[PUSH DEBUG] ================================

[PUSH] ========== PUSH COMPLETE ==========
[PUSH] Robot: (23.0, 27.3) theta=129.0°
[PUSH] Δobject 'obj_1': Δpos=(-3.46,+3.83) |Δ|=5.16cm, Δθ=+15.50°
[PUSH] Robot position is BLOCKED in wavefront
[PUSH] Object 'obj_1': (16.9, 31.1) theta=325.1° size=(15x7.0)
[PUSH]   Distance robot→object center: 7.3cm
[PUSH] Object 'wall_11': (13.5, 41.2) theta=158.4° size=(19.5x5.5)
[PUSH]   Distance robot→object center: 16.9cm
[PUSH] Object 'wall_10': (38.7, 31.6) theta=98.3° size=(19.5x5.5)
[PUSH]   Distance robot→object center: 16.3cm
[Wavefront] Saved grid image to /tmp/wavefront/wavefront_20260828_131938.png (98x155)
[PUSH] Wavefront saved to: /tmp/wavefront/wavefront_20260828_131938.png
[PUSH] ======================================

[PUSH] Retreat target: (24.7, 22.5) [BACKWARD]
[PUSH] Retreat reached target after 79 steps: moved 3.1 cm, stopped 1.9 cm from target (tolerance 2.0 cm, commanded speed 0.15), robot at (24.0, 24.3), target (24.7, 22.5)
[Subgoal] <-- DONE (SUCCESS) after 13.6s, robot now at (24.0,24.3,θ=109.2°)
[DIAG] subgoal #1 end recorded (outcome=success)
[DIAG] push recorded (obj=obj_1, Δ=5.12cm, stuck=False)
[RemoteRecordClient] Recording stopped → /home/dhruv/projects_dhruv/namo/robot_control/real_exp/results/formal_v2/hmax2/easy_020/model_pure_policy/trial2/recordings/session_2026-08-28_13-19-23/subgoal_001_push_obj_1_e48_s5.mp4
[NAMOPlanner] Greedy policy step complete; replanning from fresh camera observation

[Trapped-start recovery] Robot at (24.0, 24.3) cm was in an inflated-obstacle cell; cleared local cells so the planner can BFS from here. Position unchanged.

[NAMOPlanner] Goal BLOCKED - running NAMO planning...

[Trapped-start recovery] Robot at (24.0, 24.3) cm was in an inflated-obstacle cell; cleared local cells so the planner can BFS from here. Position unchanged.

[NAMOPlanner] Plan #2: 82ms, cumulative: 186ms
[DIAG] plan #2 recorded (success=True)
[Subgoal] --> DISPATCH PUSH: obj 'obj_1' at (17.0,31.1,θ=325.5°), edge=17, push_steps=5, robot at (24.0,24.3,θ=109.2°)
[DIAG] subgoal #2 start recorded
[RemoteRecordClient] Recording started → /home/dhruv/projects_dhruv/namo/robot_control/real_exp/results/formal_v2/hmax2/easy_020/model_pure_policy/trial2/recordings/session_2026-08-28_13-19-23/subgoal_002_push_obj_1_e17_s5.mp4

[Trapped-start recovery] Robot at (24.0, 24.3) cm was in an inflated-obstacle cell; cleared local cells so the planner can BFS from here. Position unchanged.

[PUSH] Starting navigation: robot=(24.0,24.3) → approach=(10.6,21.0)
[NAV] navigate_to: goal=(10.6,21.0) θ=55.5°, from=(24.0,24.3), obstacles=3
[Wavefront] Saved grid image to output_dump/wavefront/wavefront_20260828_131941_002.png (98x155)
[PUSH] navigate_to() returned: True, nav_state=PRE_ROTATING
[NAV] state POST_ROTATING -> PRE_ROTATING pose=(24.0,24.3,θ=109.2°) pre_target_θ=-127.7° heading_err=+123.0°
[NAV] state PRE_ROTATING -> FOLLOWING pose=(23.9,24.4,θ=189.3°) path_waypoints=25 final_wp=(10.8,20.8)
[NAV] state FOLLOWING -> POST_ROTATING pose=(10.6,19.5,θ=114.1°) goal_θ=55.5° heading_err=-58.6°
[PUSH] Navigation done - transitioning to ADVANCING (nav_state=FINISHED)
[PUSH] >>> PUSHING start: obj 'obj_1' at (17.0,31.1,θ=325.6°), robot at (10.2,19.3,θ=54.0°), edge=17, push_steps=5 (150 ticks)
[PUSH DEBUG] ========== PUSH START ==========
[PUSH DEBUG] Object: pos=(17.0,31.1) theta=325.6° size=(15x7.0)
[PUSH DEBUG] Edge 17: face=1 sample=8
[PUSH DEBUG] Theoretical: edge_pt (10.6,21.0) → mid_pt (17.4,30.9)
[PUSH DEBUG] Actual line: (10.2,19.3) → (17.0,29.2)
[PUSH DEBUG] Mode: FIXED
[PUSH DEBUG] ================================

[PUSH] ========== PUSH COMPLETE ==========
[PUSH] Robot: (23.7, 39.4) theta=54.2°
[PUSH] Δobject 'obj_1': Δpos=(+12.37,+17.69) |Δ|=21.58cm, Δθ=+0.81°
[PUSH] Robot position is BLOCKED in wavefront
[PUSH] Object 'wall_11': (13.5, 41.2) theta=158.2° size=(19.5x5.5)
[PUSH]   Distance robot→object center: 10.3cm
[PUSH] Object 'obj_1': (29.3, 48.8) theta=326.4° size=(15x7.0)
[PUSH]   Distance robot→object center: 11.0cm
[PUSH] Object 'wall_10': (38.7, 31.6) theta=98.4° size=(19.5x5.5)
[PUSH]   Distance robot→object center: 16.9cm
[Wavefront] Saved grid image to /tmp/wavefront/wavefront_20260828_131954.png (98x155)
[PUSH] Wavefront saved to: /tmp/wavefront/wavefront_20260828_131954.png
[PUSH] ======================================

[PUSH] Retreat target: (19.6, 36.6) [BACKWARD]
[PUSH] Retreat reached target after 99 steps: moved 3.1 cm, stopped 1.9 cm from target (tolerance 2.0 cm, commanded speed 0.15), robot at (21.0, 37.9), target (19.6, 36.6)
[Subgoal] <-- DONE (SUCCESS) after 16.3s, robot now at (21.0,37.9,θ=37.6°)
[DIAG] subgoal #2 end recorded (outcome=success)
[DIAG] push recorded (obj=obj_1, Δ=22.45cm, stuck=False)
[RemoteRecordClient] Recording stopped → /home/dhruv/projects_dhruv/namo/robot_control/real_exp/results/formal_v2/hmax2/easy_020/model_pure_policy/trial2/recordings/session_2026-08-28_13-19-23/subgoal_002_push_obj_1_e17_s5.mp4
[NAMOPlanner] Greedy policy step complete; replanning from fresh camera observation

[Trapped-start recovery] Robot at (21.0, 37.9) cm was in an inflated-obstacle cell; cleared local cells so the planner can BFS from here. Position unchanged.

[NAMOPlanner] Goal BLOCKED - running NAMO planning...

[Trapped-start recovery] Robot at (21.0, 37.9) cm was in an inflated-obstacle cell; cleared local cells so the planner can BFS from here. Position unchanged.

[NAMOPlanner] Plan #3: 89ms, cumulative: 274ms
[DIAG] plan #3 recorded (success=True)
[Subgoal] --> DISPATCH PUSH: obj 'obj_1' at (29.8,49.5,θ=325.0°), edge=29, push_steps=5, robot at (21.0,37.9,θ=37.6°)
[DIAG] subgoal #3 start recorded
[RemoteRecordClient] Recording started → /home/dhruv/projects_dhruv/namo/robot_control/real_exp/results/formal_v2/hmax2/easy_020/model_pure_policy/trial2/recordings/session_2026-08-28_13-19-23/subgoal_003_push_obj_1_e29_s5.mp4

[Trapped-start recovery] Robot at (21.0, 37.9) cm was in an inflated-obstacle cell; cleared local cells so the planner can BFS from here. Position unchanged.

[PUSH] Starting navigation: robot=(21.0,37.9) → approach=(25.8,37.7)
[NAV] navigate_to: goal=(25.8,37.7) θ=55.0°, from=(21.0,37.9), obstacles=3
[Wavefront] Saved grid image to output_dump/wavefront/wavefront_20260828_131958_003.png (98x155)
[PUSH] navigate_to() returned: True, nav_state=PRE_ROTATING
[NAV] state POST_ROTATING -> PRE_ROTATING pose=(21.0,37.9,θ=37.6°) pre_target_θ=-1.8° heading_err=-39.4°
[NAV] state PRE_ROTATING -> FOLLOWING pose=(20.9,37.8,θ=37.2°) path_waypoints=5 final_wp=(25.2,37.8)
[NAV] state FOLLOWING -> POST_ROTATING pose=(24.4,38.3,θ=345.7°) goal_θ=55.0° heading_err=+69.3°
[PUSH] Navigation done - transitioning to ADVANCING (nav_state=FINISHED)
[PUSH] >>> PUSHING start: obj 'obj_1' at (29.9,49.5,θ=325.0°), robot at (25.3,38.1,θ=56.6°), edge=29, push_steps=5 (150 ticks)
[PUSH DEBUG] ========== PUSH START ==========
[PUSH DEBUG] Object: pos=(29.9,49.5) theta=325.0° size=(15x7.0)
[PUSH DEBUG] Edge 29: face=1 sample=14
[PUSH DEBUG] Theoretical: edge_pt (25.8,37.7) → mid_pt (32.7,47.5)
[PUSH DEBUG] Actual line: (25.3,38.1) → (32.2,47.9)
[PUSH DEBUG] Mode: FIXED
[PUSH DEBUG] ================================

[PUSH] ========== PUSH COMPLETE ==========
[PUSH] Robot: (38.6, 57.6) theta=54.0°
[PUSH] Δobject 'obj_1': Δpos=(+4.80,+18.55) |Δ|=19.16cm, Δθ=+65.87°
[PUSH] Robot position is BLOCKED in wavefront
[PUSH] Object 'wall_11': (13.5, 41.2) theta=158.7° size=(19.5x5.5)
[PUSH]   Distance robot→object center: 30.0cm
[PUSH] Object 'wall_10': (38.7, 31.6) theta=98.5° size=(19.5x5.5)
[PUSH]   Distance robot→object center: 26.0cm
[PUSH] Object 'obj_1': (34.7, 68.1) theta=30.9° size=(15x7.0)
[PUSH]   Distance robot→object center: 11.2cm
[Wavefront] Saved grid image to /tmp/wavefront/wavefront_20260828_132007.png (98x155)
[PUSH] Wavefront saved to: /tmp/wavefront/wavefront_20260828_132007.png
[PUSH] ======================================

[PUSH] Retreat target: (34.7, 54.4) [BACKWARD]
[PUSH] Retreat reached target after 116 steps: moved 3.1 cm, stopped 1.9 cm from target (tolerance 2.0 cm, commanded speed 0.15), robot at (36.1, 55.8), target (34.7, 54.4)
[Subgoal] <-- DONE (SUCCESS) after 13.1s, robot now at (36.0,55.7,θ=42.8°)
[DIAG] subgoal #3 end recorded (outcome=success)
[DIAG] push recorded (obj=obj_1, Δ=19.47cm, stuck=False)
[RemoteRecordClient] Recording stopped → /home/dhruv/projects_dhruv/namo/robot_control/real_exp/results/formal_v2/hmax2/easy_020/model_pure_policy/trial2/recordings/session_2026-08-28_13-19-23/subgoal_003_push_obj_1_e29_s5.mp4
[NAMOPlanner] Greedy policy step complete; replanning from fresh camera observation
[NAMOPlanner] Goal point BLOCKED but region is open - retargeting to (25.2, 68.2) [5.2cm from goal, cap=12.0cm]
[DIAG] plan #4 recorded (success=True)
[Subgoal] --> DISPATCH NAVIGATE: target=(25.2,68.2), robot at (36.0,55.7,θ=42.8°)
[DIAG] subgoal #4 start recorded
[RemoteRecordClient] Recording started → /home/dhruv/projects_dhruv/namo/robot_control/real_exp/results/formal_v2/hmax2/easy_020/model_pure_policy/trial2/recordings/session_2026-08-28_13-19-23/subgoal_004_navigate.mp4

[Trapped-start recovery] Robot at (36.0, 55.7) cm was in an inflated-obstacle cell; cleared local cells so the planner can BFS from here. Position unchanged.

[NAV] navigate_to: goal=(25.2,68.2) θ=any, from=(36.0,55.7), obstacles=3
[WavefrontPathPlanner] Start blocked at (36.0, 55.7) cm — applied trapped-start recovery (now FREE)
[Wavefront] Saved grid image to output_dump/wavefront/wavefront_20260828_132011_004.png (98x155)
[NAV] state POST_ROTATING -> PRE_ROTATING pose=(36.0,55.7,θ=42.8°) pre_target_θ=178.8° heading_err=+136.1°
[NAV] state PRE_ROTATING -> FOLLOWING pose=(36.2,56.0,θ=134.2°) path_waypoints=33 final_wp=(25.2,68.2)
[Subgoal] <-- DONE (SUCCESS) after 10.1s, robot now at (24.4,67.4,θ=63.6°)
[DIAG] subgoal #4 end recorded (outcome=success)
[RemoteRecordClient] Recording stopped → /home/dhruv/projects_dhruv/namo/robot_control/real_exp/results/formal_v2/hmax2/easy_020/model_pure_policy/trial2/recordings/session_2026-08-28_13-19-23/subgoal_004_navigate.mp4
[NAMOPlanner] GOAL REACHED (success-with-retarget)! Distance to retarget point: 1.2cm | Total planning: 3 calls, 274ms cumulative
[Runtime] Plan complete - stopping robot
[Runtime] Shutting down

[Trapped-start recovery] Robot at (24.5, 67.7) cm was in an inflated-obstacle cell; cleared local cells so the planner can BFS from here. Position unchanged.

[Diagnostics] Wrote summary.json (outcome=success)
[Runtime] Sending stop command to robot...
[SerialSender] Stopped
[RealEnv] Stopped
[RemoteObserver] Stopped
[Runtime] Shutdown complete
