[NAV_PATH] 0.2475,0.1575
[NAV_END]
[PUSH_PATH] 0 0.2475,0.1575 0.247018,0.237499 0.244007,0.737489
[PUSH_CTRL] 0 3.57133 3.57133 TRACK
[PUSH_CTRL] 1 3.57133 3.57133 TRACK
[PUSH_CTRL] 2 3.57133 3.57133 TRACK
[PUSH_CTRL] 3 3.57133 3.57133 TRACK
[PUSH_CTRL] 4 3.57133 3.57133 TRACK
[PUSH_CTRL] 5 3.57133 3.57133 TRACK
[PUSH_CTRL] 6 3.57133 3.57133 TRACK
[PUSH_CTRL] 7 3.57133 3.57133 TRACK
[PUSH_CTRL] 8 3.57133 3.57133 TRACK
[PUSH_CTRL] 9 3.57133 3.57133 TRACK
[PUSH_CTRL] 10 3.57133 3.57133 TRACK
[PUSH_CTRL] 11 3.57133 3.57133 TRACK
[PUSH_CTRL] 12 3.57133 3.57133 TRACK
[PUSH_CTRL] 13 3.57133 3.57133 TRACK
[PUSH_CTRL] 14 3.57133 3.57133 TRACK
[PUSH_CTRL] 15 3.57133 3.57133 TRACK
[PUSH_CTRL] 16 3.57133 3.57133 TRACK
[PUSH_CTRL] 17 3.57133 3.57133 TRACK
[PUSH_CTRL] 18 3.57133 3.57133 TRACK
[PUSH_CTRL] 19 3.57133 3.57133 TRACK
[PUSH_CTRL] 20 3.57133 3.57133 TRACK
[PUSH_CTRL] 21 3.57133 3.57133 TRACK
[PUSH_CTRL] 22 3.57133 3.57133 TRACK
[PUSH_CTRL] 23 3.57133 3.57133 TRACK
[PUSH_CTRL] 24 3.57133 3.57133 TRACK
[PUSH_CTRL] 25 3.57133 3.57133 TRACK
[PUSH_CTRL] 26 3.57133 3.57133 TRACK
[PUSH_CTRL] 27 3.57133 3.57133 TRACK
[PUSH_CTRL] 28 3.57133 3.57133 TRACK
[PUSH_CTRL] 29 3.57133 3.57133 TRACK
[PUSH_CTRL] 30 3.57133 3.57133 TRACK
[PUSH_CTRL] 31 3.57133 3.57133 TRACK
[PUSH_CTRL] 32 3.57133 3.57133 TRACK
[PUSH_CTRL] 33 3.57133 3.57133 TRACK
[PUSH_CTRL] 34 3.57133 3.57133 TRACK
[PUSH_CTRL] 35 3.57133 3.57133 TRACK
[PUSH_CTRL] 36 3.57133 3.57133 TRACK
[PUSH_CTRL] 37 3.57133 3.57133 TRACK
[PUSH_CTRL] 38 3.57133 3.57133 TRACK
[PUSH_CTRL] 39 3.57133 3.57133 TRACK
[PUSH_CTRL] 40 3.57133 3.57133 TRACK
[PUSH_CTRL] 41 3.57133 3.57133 TRACK
[PUSH_CTRL] 42 3.57133 3.57133 TRACK
[PUSH_CTRL] 43 3.57133 3.57133 TRACK
[PUSH_CTRL] 44 3.57133 3.57133 TRACK
[PUSH_CTRL] 45 3.57133 3.57133 TRACK
[PUSH_CTRL] 46 3.57133 3.57133 TRACK
[PUSH_CTRL] 47 3.57133 3.57133 TRACK
[PUSH_CTRL] 48 3.57133 3.57133 TRACK
[PUSH_CTRL] 49 3.57133 3.57133 TRACK
[PUSH_CTRL] 50 3.57133 3.57133 TRACK
[PUSH_CTRL] 51 3.57133 3.57133 TRACK
[PUSH_CTRL] 52 3.57133 3.57133 TRACK
[PUSH_CTRL] 53 3.57133 3.57133 TRACK
[PUSH_CTRL] 54 3.57133 3.57133 TRACK
[PUSH_CTRL] 55 3.57133 3.57133 TRACK
[PUSH_CTRL] 56 3.57133 3.57133 TRACK
[PUSH_CTRL] 57 3.57133 3.57133 TRACK
[PUSH_CTRL] 58 3.57133 3.57133 TRACK
[PUSH_CTRL] 59 3.57133 3.57133 TRACK
[PUSH_CTRL] 60 3.57133 3.57133 TRACK
[PUSH_CTRL] 61 3.57133 3.57133 TRACK
[PUSH_CTRL] 62 3.57133 3.57133 TRACK
[PUSH_CTRL] 63 3.57133 3.57133 TRACK
[PUSH_CTRL] 64 3.57133 3.57133 TRACK
[PUSH_CTRL] 65 3.57133 3.57133 TRACK
[PUSH_CTRL] 66 3.57133 3.57133 TRACK
[PUSH_CTRL] 67 3.57133 3.57133 TRACK
[PUSH_CTRL] 68 3.57133 3.57133 TRACK
[PUSH_CTRL] 69 3.57133 3.57133 TRACK
[PUSH_CTRL] 70 3.57133 3.57133 TRACK
[PUSH_CTRL] 71 3.57133 3.57133 TRACK
[PUSH_CTRL] 72 3.57133 3.57133 TRACK
[PUSH_CTRL] 73 3.57133 3.57133 TRACK
[PUSH_CTRL] 74 3.57133 3.57133 TRACK
[PUSH_CTRL] 75 3.57133 3.57133 TRACK
[PUSH_CTRL] 76 3.57133 3.57133 TRACK
[PUSH_CTRL] 77 3.57133 3.57133 TRACK
[PUSH_CTRL] 78 3.57133 3.57133 TRACK
[PUSH_CTRL] 79 3.57133 3.57133 TRACK
[PUSH_CTRL] 80 3.57133 3.57133 TRACK
[PUSH_CTRL] 81 3.57133 3.57133 TRACK
[PUSH_CTRL] 82 3.57133 3.57133 TRACK
[PUSH_CTRL] 83 3.57133 3.57133 TRACK
[PUSH_CTRL] 84 3.57133 3.57133 TRACK
[PUSH_CTRL] 85 3.57133 3.57133 TRACK
[PUSH_CTRL] 86 3.57133 3.57133 TRACK
[PUSH_CTRL] 87 3.57133 3.57133 TRACK
[PUSH_CTRL] 88 3.57133 3.57133 TRACK
[PUSH_CTRL] 89 3.57133 3.57133 TRACK
[PUSH_CTRL] 90 3.57133 3.57133 TRACK
[PUSH_CTRL] 91 3.57133 3.57133 TRACK
[PUSH_CTRL] 92 3.57133 3.57133 TRACK
[PUSH_CTRL] 93 3.57133 3.57133 TRACK
[PUSH_CTRL] 94 3.57133 3.57133 TRACK
[PUSH_CTRL] 95 3.57133 3.57133 TRACK
[PUSH_CTRL] 96 3.57133 3.57133 TRACK
[PUSH_CTRL] 97 3.57133 3.57133 TRACK
[PUSH_CTRL] 98 3.57133 3.57133 TRACK
[PUSH_CTRL] 99 3.57133 3.57133 TRACK
[PUSH_CTRL] 100 3.57133 3.57133 TRACK
[PUSH_CTRL] 101 3.57133 3.57133 TRACK
[PUSH_CTRL] 102 3.57133 3.57133 TRACK
[PUSH_CTRL] 103 3.57133 3.57133 TRACK
[PUSH_CTRL] 104 3.57133 3.57133 TRACK
[PUSH_CTRL] 105 3.57133 3.57133 TRACK
[PUSH_CTRL] 106 3.57133 3.57133 TRACK
[PUSH_CTRL] 107 3.57133 3.57133 TRACK
[PUSH_CTRL] 108 3.57133 3.57133 TRACK
[PUSH_CTRL] 109 3.57133 3.57133 TRACK
[PUSH_CTRL] 110 3.57133 3.57133 TRACK
[PUSH_CTRL] 111 3.57133 3.57133 TRACK
[PUSH_CTRL] 112 3.57133 3.57133 TRACK
[PUSH_CTRL] 113 3.57133 3.57133 TRACK
[PUSH_CTRL] 114 3.57133 3.57133 TRACK
[PUSH_CTRL] 115 3.57133 3.57133 TRACK
[PUSH_CTRL] 116 3.57133 3.57133 TRACK
[PUSH_CTRL] 117 3.57133 3.57133 TRACK
[PUSH_CTRL] 118 3.57133 3.57133 TRACK
[PUSH_CTRL] 119 3.57133 3.57133 TRACK
[PUSH_CTRL] 120 3.57133 3.57133 TRACK
[PUSH_CTRL] 121 3.57133 3.57133 TRACK
[PUSH_CTRL] 122 3.57133 3.57133 TRACK
[PUSH_CTRL] 123 3.57133 3.57133 TRACK
[PUSH_CTRL] 124 3.57133 3.57133 TRACK
[PUSH_CTRL] 125 3.57133 3.57133 TRACK
[PUSH_CTRL] 126 3.57133 3.57133 TRACK
[PUSH_CTRL] 127 3.57133 3.57133 TRACK
[PUSH_CTRL] 128 3.57133 3.57133 TRACK
[PUSH_CTRL] 129 3.57133 3.57133 TRACK
[PUSH_CTRL] 130 3.57133 3.57133 TRACK
[PUSH_CTRL] 131 3.57059 3.57133 TRACK
[PUSH_CTRL] 132 3.56863 3.57133 TRACK
[PUSH_CTRL] 133 3.56712 3.57133 TRACK
[PUSH_CTRL] 134 3.56594 3.57133 TRACK
[PUSH_CTRL] 135 3.56503 3.57133 TRACK
[PUSH_CTRL] 136 3.56393 3.57133 TRACK
[PUSH_CTRL] 137 3.56278 3.57133 TRACK
[PUSH_CTRL] 138 3.56172 3.57133 TRACK
[PUSH_CTRL] 139 3.56108 3.57133 TRACK
[PUSH_CTRL] 140 3.56273 3.57133 TRACK
[PUSH_CTRL] 141 3.56729 3.57133 TRACK
[PUSH_CTRL] 142 3.57133 3.57021 TRACK
[PUSH_CTRL] 143 3.57133 3.56676 TRACK
[PUSH_CTRL] 144 3.57133 3.56409 TRACK
[PUSH_CTRL] 145 3.57133 3.56224 TRACK
[PUSH_CTRL] 146 3.57133 3.56086 TRACK
[PUSH_CTRL] 147 3.57133 3.55976 TRACK
[PUSH_CTRL] 148 3.57133 3.55905 TRACK
[PUSH_CTRL] 149 3.57133 3.55872 TRACK
[PUSH_CTRL] 150 3.57133 3.55809 TRACK
[PUSH_CTRL] 151 3.57133 3.55855 TRACK
[PUSH_CTRL] 152 3.57133 3.55829 TRACK
[PUSH_CTRL] 153 3.57133 3.55813 TRACK
[PUSH_CTRL] 154 3.57133 3.55784 TRACK
[PUSH_CTRL] 155 3.57133 3.55714 TRACK
[PUSH_CTRL] 156 3.57133 3.5559 TRACK
[PUSH_CTRL] 157 3.57133 3.55409 TRACK
[PUSH_CTRL] 158 3.57133 3.55105 TRACK
[PUSH_CTRL] 159 3.57133 3.54763 TRACK
[PUSH_CTRL] 160 3.57133 3.54564 TRACK
[PUSH_CTRL] 161 3.57133 3.54422 TRACK
[PUSH_CTRL] 162 3.57133 3.54416 TRACK
[PUSH_CTRL] 163 3.57133 3.54349 TRACK
[PUSH_CTRL] 164 3.57133 3.54307 TRACK
[PUSH_CTRL] 165 3.57133 3.54286 TRACK
[PUSH_CTRL] 166 3.57133 3.54347 TRACK
[PUSH_CTRL] 167 3.57133 3.54699 TRACK
[PUSH_CTRL] 168 3.57133 3.55251 TRACK
[PUSH_CTRL] 169 3.57133 3.5576 TRACK
[PUSH_CTRL] 170 3.57133 3.56195 TRACK
[PUSH_CTRL] 171 3.57133 3.56525 TRACK
[PUSH_CTRL] 172 3.57133 3.56875 TRACK
[PUSH_CTRL] 173 3.57049 3.57133 TRACK
[PUSH_CTRL] 174 3.56672 3.57133 TRACK
[PUSH_CTRL] 175 3.56296 3.57133 TRACK
[PUSH_CTRL] 176 3.55944 3.57133 TRACK
[PUSH_CTRL] 177 3.55536 3.57133 TRACK
[PUSH_CTRL] 178 3.55061 3.57133 TRACK
[PUSH_CTRL] 179 3.5496 3.57133 TRACK
[PUSH_CTRL] 180 3.54948 3.57133 TRACK
[PUSH_CTRL] 181 3.54872 3.57133 TRACK
[PUSH_CTRL] 182 3.54738 3.57133 TRACK
[PUSH_CTRL] 183 3.54621 3.57133 TRACK
[PUSH_CTRL] 184 3.54694 3.57133 TRACK
[PUSH_CTRL] 185 3.54796 3.57133 TRACK
[PUSH_CTRL] 186 3.55012 3.57133 TRACK
[PUSH_CTRL] 187 3.55142 3.57133 TRACK
[PUSH_CTRL] 188 3.55224 3.57133 TRACK
[PUSH_CTRL] 189 3.5525 3.57133 TRACK
[PUSH_CTRL] 190 3.55235 3.57133 TRACK
[PUSH_CTRL] 191 3.55249 3.57133 TRACK
[PUSH_CTRL] 192 3.55235 3.57133 TRACK
[PUSH_CTRL] 193 3.55251 3.57133 TRACK
[PUSH_CTRL] 194 3.55144 3.57133 TRACK
[PUSH_CTRL] 195 3.55041 3.57133 TRACK
[PUSH_CTRL] 196 3.54816 3.57133 TRACK
[PUSH_CTRL] 197 3.54443 3.57133 TRACK
[PUSH_CTRL] 198 3.54107 3.57133 TRACK
[PUSH_CTRL] 199 3.53802 3.57133 TRACK
[PUSH_CTRL] 200 3.53567 3.57133 TRACK
[PUSH_CTRL] 201 3.53394 3.57133 TRACK
[PUSH_CTRL] 202 3.53434 3.57133 TRACK
[PUSH_CTRL] 203 3.53361 3.57133 TRACK
[PUSH_CTRL] 204 3.53296 3.57133 TRACK
[PUSH_CTRL] 205 3.52915 3.57133 TRACK
[PUSH_CTRL] 206 3.52564 3.57133 TRACK
[PUSH_CTRL] 207 3.52283 3.57133 TRACK
[PUSH_CTRL] 208 3.52054 3.57133 TRACK
[PUSH_CTRL] 209 3.51876 3.57133 TRACK
[PUSH_CTRL] 210 3.51739 3.57133 TRACK
[PUSH_CTRL] 211 3.51639 3.57133 TRACK
[PUSH_CTRL] 212 3.51624 3.57133 TRACK
[PUSH_CTRL] 213 3.5211 3.57133 TRACK
[PUSH_CTRL] 214 3.52489 3.57133 TRACK
[PUSH_CTRL] 215 3.52873 3.57133 TRACK
[PUSH_CTRL] 216 3.53195 3.57133 TRACK
[PUSH_CTRL] 217 3.53427 3.57133 TRACK
[PUSH_CTRL] 218 3.53292 3.57133 TRACK
[PUSH_CTRL] 219 3.52952 3.57133 TRACK
[PUSH_CTRL] 220 3.525 3.57133 TRACK
[PUSH_CTRL] 221 3.52066 3.57133 TRACK
[PUSH_CTRL] 222 3.52023 3.57133 TRACK
[PUSH_CTRL] 223 3.51941 3.57133 TRACK
[PUSH_CTRL] 224 3.51882 3.57133 TRACK
[PUSH_CTRL] 225 3.51849 3.57133 TRACK
[PUSH_CTRL] 226 3.51845 3.57133 TRACK
[PUSH_CTRL] 227 3.51961 3.57133 TRACK
[PUSH_CTRL] 228 3.52099 3.57133 TRACK
[PUSH_CTRL] 229 3.52269 3.57133 TRACK
[PUSH_CTRL] 230 3.52552 3.57133 TRACK
[PUSH_CTRL] 231 3.53144 3.57133 TRACK
[PUSH_CTRL] 232 3.53575 3.57133 TRACK
[PUSH_CTRL] 233 3.54012 3.57133 TRACK
[PUSH_CTRL] 234 3.54365 3.57133 TRACK
[PUSH_CTRL] 235 3.54597 3.57133 TRACK
[PUSH_CTRL] 236 3.54504 3.57133 TRACK
[PUSH_CTRL] 237 3.54196 3.57133 TRACK
[PUSH_CTRL] 238 3.53829 3.57133 TRACK
[PUSH_CTRL] 239 3.53388 3.57133 TRACK
[PUSH_CTRL] 240 3.53245 3.57133 TRACK
[PUSH_CTRL] 241 3.53567 3.57133 TRACK
[PUSH_CTRL] 242 3.53892 3.57133 TRACK
[PUSH_CTRL] 243 3.54035 3.57133 TRACK
[PUSH_CTRL] 244 3.54196 3.57133 TRACK
[PUSH_CTRL] 245 3.54256 3.57133 TRACK
[PUSH_CTRL] 246 3.5434 3.57133 TRACK
[PUSH_CTRL] 247 3.54493 3.57133 TRACK
[PUSH_CTRL] 248 3.54934 3.57133 TRACK
[PUSH_CTRL] 249 3.55181 3.57133 TRACK
[PUSH_CTRL] 250 3.55513 3.57133 TRACK
[PUSH_CTRL] 251 3.55583 3.57133 TRACK
[PUSH_CTRL] 252 3.55576 3.57133 TRACK
[PUSH_CTRL] 253 3.55509 3.57133 TRACK
[PUSH_CTRL] 254 3.55447 3.57133 TRACK
[PUSH_CTRL] 255 3.55387 3.57133 TRACK
[PUSH_CTRL] 256 3.55273 3.57133 TRACK
[PUSH_CTRL] 257 3.54789 3.57133 TRACK
[PUSH_CTRL] 258 3.54156 3.57133 TRACK
[PUSH_CTRL] 259 3.53419 3.57133 TRACK
[PUSH_CTRL] 260 3.53108 3.57133 TRACK
[PUSH_CTRL] 261 3.52748 3.57133 TRACK
[PUSH_CTRL] 262 3.52553 3.57133 TRACK
[PUSH_CTRL] 263 3.52479 3.57133 TRACK
[PUSH_CTRL] 264 3.52453 3.57133 TRACK
[PUSH_CTRL] 265 3.52441 3.57133 TRACK
[PUSH_CTRL] 266 3.52511 3.57133 TRACK
[PUSH_CTRL] 267 3.52621 3.57133 TRACK
[PUSH_CTRL] 268 3.53015 3.57133 TRACK
[PUSH_CTRL] 269 3.52953 3.57133 TRACK
[PUSH_CTRL] 270 3.52919 3.57133 TRACK
[PUSH_CTRL] 271 3.52913 3.57133 TRACK
[PUSH_CTRL] 272 3.5309 3.57133 TRACK
[PUSH_CTRL] 273 3.53279 3.57133 TRACK
[PUSH_CTRL] 274 3.53406 3.57133 TRACK
[PUSH_CTRL] 275 3.5348 3.57133 TRACK
[PUSH_CTRL] 276 3.53514 3.57133 TRACK
[PUSH_CTRL] 277 3.53487 3.57133 TRACK
[PUSH_CTRL] 278 3.53687 3.57133 TRACK
[PUSH_CTRL] 279 3.53715 3.57133 TRACK
[PUSH_CTRL] 280 3.54004 3.57133 TRACK
[PUSH_CTRL] 281 3.54387 3.57133 TRACK
[PUSH_CTRL] 282 3.54712 3.57133 TRACK
[PUSH_CTRL] 283 3.54971 3.57133 TRACK
[PUSH_CTRL] 284 3.55037 3.57133 TRACK
[PUSH_CTRL] 285 3.54899 3.57133 TRACK
[PUSH_CTRL] 286 3.54737 3.57133 TRACK
[PUSH_CTRL] 287 3.54571 3.57133 TRACK
[PUSH_CTRL] 288 3.54616 3.57133 TRACK
[PUSH_CTRL] 289 3.54469 3.57133 TRACK
[PUSH_CTRL] 290 3.54307 3.57133 TRACK
[PUSH_CTRL] 291 3.54137 3.57133 TRACK
[PUSH_CTRL] 292 3.53959 3.57133 TRACK
[PUSH_CTRL] 293 3.53824 3.57133 TRACK
[PUSH_CTRL] 294 3.53618 3.57133 TRACK
[PUSH_CTRL] 295 3.53323 3.57133 TRACK
[PUSH_CTRL] 296 3.53131 3.57133 TRACK
[PUSH_CTRL] 297 3.53102 3.57133 TRACK
[PUSH_CTRL] 298 3.52893 3.57133 TRACK
[PUSH_CTRL] 299 3.52708 3.57133 TRACK
[PUSH_CTRL] 300 3.52565 3.57133 TRACK
[PUSH_CTRL] 301 3.52463 3.57133 TRACK
[PUSH_CTRL] 302 3.52397 3.57133 TRACK
[PUSH_CTRL] 303 3.52684 3.57133 TRACK
[PUSH_CTRL] 304 3.53203 3.57133 TRACK
[PUSH_CTRL] 305 3.53675 3.57133 TRACK
[PUSH_CTRL] 306 3.54081 3.57133 TRACK
[PUSH_CTRL] 307 3.54588 3.57133 TRACK
[PUSH_CTRL] 308 3.54809 3.57133 TRACK
[PUSH_CTRL] 309 3.54915 3.57133 TRACK
[PUSH_CTRL] 310 3.54976 3.57133 TRACK
[PUSH_CTRL] 311 3.54988 3.57133 TRACK
[PUSH_CTRL] 312 3.54717 3.57133 TRACK
[PUSH_CTRL] 313 3.54457 3.57133 TRACK
[PUSH_CTRL] 314 3.54207 3.57133 TRACK
[PUSH_CTRL] 315 3.54121 3.57133 TRACK
[PUSH_CTRL] 316 3.54304 3.57133 TRACK
[PUSH_CTRL] 317 3.54404 3.57133 TRACK
[PUSH_CTRL] 318 3.54598 3.57133 TRACK
[PUSH_CTRL] 319 3.54798 3.57133 TRACK
[PUSH_CTRL] 320 3.55029 3.57133 TRACK
[PUSH_CTRL] 321 3.55235 3.57133 TRACK
[PUSH_CTRL] 322 3.55397 3.57133 TRACK
[PUSH_CTRL] 323 3.55515 3.57133 TRACK
[PUSH_CTRL] 324 3.55613 3.57133 TRACK
[PUSH_CTRL] 325 3.55687 3.57133 TRACK
[PUSH_CTRL] 326 3.55728 3.57133 TRACK
[PUSH_CTRL] 327 3.55588 3.57133 TRACK
[PUSH_CTRL] 328 3.55415 3.57133 TRACK
[PUSH_CTRL] 329 3.55168 3.57133 TRACK
[PUSH_CTRL] 330 3.54891 3.57133 TRACK
[PUSH_CTRL] 331 3.54645 3.57133 TRACK
[PUSH_CTRL] 332 3.54477 3.57133 TRACK
[PUSH_CTRL] 333 3.54598 3.57133 TRACK
[PUSH_CTRL] 334 3.54722 3.57133 TRACK
[PUSH_CTRL] 335 3.54821 3.57133 TRACK
[PUSH_CTRL] 336 3.54863 3.57133 TRACK
[PUSH_CTRL] 337 3.54618 3.57133 TRACK
[PUSH_CTRL] 338 3.54353 3.57133 TRACK
[PUSH_CTRL] 339 3.54083 3.57133 TRACK
[PUSH_CTRL] 340 3.53818 3.57133 TRACK
[PUSH_CTRL] 341 3.53566 3.57133 TRACK
[PUSH_CTRL] 342 3.53327 3.57133 TRACK
[PUSH_CTRL] 343 3.53289 3.57133 TRACK
[PUSH_CTRL] 344 3.53313 3.57133 TRACK
[PUSH_CTRL] 345 3.53677 3.57133 TRACK
[PUSH_CTRL] 346 3.53791 3.57133 TRACK
[PUSH_CTRL] 347 3.54151 3.57133 TRACK
[PUSH_CTRL] 348 3.54428 3.57133 TRACK
[PUSH_CTRL] 349 3.54644 3.57133 TRACK
[PUSH_CTRL] 350 3.54788 3.57133 TRACK
[PUSH_CTRL] 351 3.54776 3.57133 TRACK
[PUSH_CTRL] 352 3.54748 3.57133 TRACK
[PUSH_CTRL] 353 3.54706 3.57133 TRACK
[PUSH_CTRL] 354 3.54828 3.57133 TRACK
[PUSH_CTRL] 355 3.54781 3.57133 TRACK
[PUSH_CTRL] 356 3.54744 3.57133 TRACK
[PUSH_CTRL] 357 3.54741 3.57133 TRACK
[PUSH_CTRL] 358 3.54636 3.57133 TRACK
[PUSH_CTRL] 359 3.54261 3.57133 TRACK
[PUSH_CTRL] 360 3.53969 3.57133 TRACK
[PUSH_CTRL] 361 3.53742 3.57133 TRACK
[PUSH_CTRL] 362 3.53764 3.57133 TRACK
[PUSH_CTRL] 363 3.53698 3.57133 TRACK
[PUSH_CTRL] 364 3.53577 3.57133 TRACK
[PUSH_CTRL] 365 3.53511 3.57133 TRACK
[PUSH_CTRL] 366 3.5348 3.57133 TRACK
[PUSH_CTRL] 367 3.5347 3.57133 TRACK
[PUSH_CTRL] 368 3.53472 3.57133 TRACK
[PUSH_CTRL] 369 3.53482 3.57133 TRACK
[PUSH_CTRL] 370 3.53496 3.57133 TRACK
[PUSH_CTRL] 371 3.5376 3.57133 TRACK
[PUSH_CTRL] 372 3.5379 3.57133 TRACK
[PUSH_CTRL] 373 3.53786 3.57133 TRACK
[PUSH_CTRL] 374 3.5374 3.57133 TRACK
[PUSH_CTRL] 375 3.53653 3.57133 TRACK
[PUSH_CTRL] 376 3.5362 3.57133 TRACK
[PUSH_CTRL] 377 3.53538 3.57133 TRACK
[PUSH_CTRL] 378 3.53607 3.57133 TRACK
[PUSH_CTRL] 379 3.53751 3.57133 TRACK
[PUSH_CTRL] 380 3.54098 3.57133 TRACK
[PUSH_CTRL] 381 3.54276 3.57133 TRACK
[PUSH_CTRL] 382 3.5445 3.57133 TRACK
[PUSH_CTRL] 383 3.54626 3.57133 TRACK
[PUSH_CTRL] 384 3.54815 3.57133 TRACK
[PUSH_CTRL] 385 3.54989 3.57133 TRACK
[PUSH_CTRL] 386 3.55033 3.57133 TRACK
[PUSH_CTRL] 387 3.54774 3.57133 TRACK
[PUSH_CTRL] 388 3.54521 3.57133 TRACK
[PUSH_CTRL] 389 3.54388 3.57133 TRACK
[PUSH_CTRL] 390 3.54468 3.57133 TRACK
[PUSH_CTRL] 391 3.54783 3.57133 TRACK
[PUSH_CTRL] 392 3.54996 3.57133 TRACK
[PUSH_CTRL] 393 3.55119 3.57133 TRACK
[PUSH_CTRL] 394 3.55171 3.57133 TRACK
[PUSH_CTRL] 395 3.55236 3.57133 TRACK
[PUSH_CTRL] 396 3.55302 3.57133 TRACK
[PUSH_CTRL] 397 3.55413 3.57133 TRACK
[PUSH_CTRL] 398 3.55155 3.57133 TRACK
[PUSH_CTRL] 399 3.54661 3.57133 TRACK
[PUSH_CTRL] 400 3.54072 3.57133 TRACK
[PUSH_CTRL] 401 3.53587 3.57133 TRACK
[PUSH_CTRL] 402 3.53164 3.57133 TRACK
[PUSH_CTRL] 403 3.52803 3.57133 TRACK
[PUSH_CTRL] 404 3.52545 3.57133 TRACK
[PUSH_CTRL] 405 3.52373 3.57133 TRACK
[PUSH_CTRL] 406 3.52567 3.57133 TRACK
[PUSH_CTRL] 407 3.5255 3.57133 TRACK
[PUSH_CTRL] 408 3.52545 3.57133 TRACK
[PUSH_CTRL] 409 3.52552 3.57133 TRACK
[PUSH_CTRL] 410 3.52607 3.57133 TRACK
[PUSH_CTRL] 411 3.52769 3.57133 TRACK
[PUSH_CTRL] 412 3.52945 3.57133 TRACK
[PUSH_CTRL] 413 3.53126 3.57133 TRACK
[PUSH_CTRL] 414 3.53489 3.57133 TRACK
[PUSH_CTRL] 415 3.53596 3.57133 TRACK
[PUSH_CTRL] 416 3.53785 3.57133 TRACK
[PUSH_CTRL] 417 3.54085 3.57133 TRACK
[PUSH_CTRL] 418 3.54362 3.57133 TRACK
[PUSH_CTRL] 419 3.54541 3.57133 TRACK
[PUSH_CTRL] 420 3.54608 3.57133 TRACK
[PUSH_CTRL] 421 3.54634 3.57133 TRACK
[PUSH_CTRL] 422 3.54568 3.57133 TRACK
[PUSH_CTRL] 423 3.54631 3.57133 TRACK
[PUSH_CTRL] 424 3.54494 3.57133 TRACK
[PUSH_CTRL] 425 3.54354 3.57133 TRACK
[PUSH_CTRL] 426 3.54161 3.57133 TRACK
[PUSH_CTRL] 427 3.53993 3.57133 TRACK
[PUSH_CTRL] 428 3.5386 3.57133 TRACK
[PUSH_CTRL] 429 3.53535 3.57133 TRACK
[PUSH_CTRL] 430 3.53001 3.57133 TRACK
[PUSH_CTRL] 431 3.52508 3.57133 TRACK
[PUSH_CTRL] 432 3.52393 3.57133 TRACK
[PUSH_CTRL] 433 3.5213 3.57133 TRACK
[PUSH_CTRL] 434 3.51954 3.57133 TRACK
[PUSH_CTRL] 435 3.51848 3.57133 TRACK
[PUSH_CTRL] 436 3.51886 3.57133 TRACK
[PUSH_CTRL] 437 3.5229 3.57133 TRACK
[PUSH_CTRL] 438 3.52734 3.57133 TRACK
[PUSH_CTRL] 439 3.53177 3.57133 TRACK
[PUSH_CTRL] 440 3.5378 3.57133 TRACK
[PUSH_CTRL] 441 3.54031 3.57133 TRACK
[PUSH_CTRL] 442 3.54146 3.57133 TRACK
[PUSH_CTRL] 443 3.54201 3.57133 TRACK
[PUSH_CTRL] 444 3.54214 3.57133 TRACK
[PUSH_CTRL] 445 3.54091 3.57133 TRACK
[PUSH_CTRL] 446 3.53932 3.57133 TRACK
[PUSH_CTRL] 447 3.53779 3.57133 TRACK
[PUSH_CTRL] 448 3.53887 3.57133 TRACK
[PUSH_CTRL] 449 3.53781 3.57133 TRACK
[PUSH_CTRL] 450 3.53816 3.57133 TRACK
[PUSH_CTRL] 451 3.53835 3.57133 TRACK
[PUSH_CTRL] 452 3.53813 3.57133 TRACK
[PUSH_CTRL] 453 3.53759 3.57133 TRACK
[PUSH_CTRL] 454 3.53748 3.57133 TRACK
[PUSH_CTRL] 455 3.53766 3.57133 TRACK
[PUSH_CTRL] 456 3.54007 3.57133 TRACK
[PUSH_CTRL] 457 3.54007 3.57133 TRACK
[PUSH_CTRL] 458 3.54008 3.57133 TRACK
[PUSH_CTRL] 459 3.5396 3.57133 TRACK
[PUSH_CTRL] 460 3.53862 3.57133 TRACK
[PUSH_CTRL] 461 3.53679 3.57133 TRACK
[PUSH_CTRL] 462 3.53551 3.57133 TRACK
[PUSH_CTRL] 463 3.5348 3.57133 TRACK
[PUSH_CTRL] 464 3.53458 3.57133 TRACK
[PUSH_CTRL] 465 3.53747 3.57133 TRACK
[PUSH_CTRL] 466 3.53801 3.57133 TRACK
[PUSH_CTRL] 467 3.53817 3.57133 TRACK
[PUSH_CTRL] 468 3.53781 3.57133 TRACK
[PUSH_CTRL] 469 3.5371 3.57133 TRACK
[PUSH_CTRL] 470 3.53675 3.57133 TRACK
[PUSH_CTRL] 471 3.53706 3.57133 TRACK
[PUSH_CTRL] 472 3.53729 3.57133 TRACK
[PUSH_CTRL] 473 3.53744 3.57133 TRACK
[PUSH_CTRL] 474 3.53989 3.57133 TRACK
[PUSH_CTRL] 475 3.53968 3.57133 TRACK
[PUSH_CTRL] 476 3.53964 3.57133 TRACK
[PUSH_CTRL] 477 3.53981 3.57133 TRACK
[PUSH_CTRL] 478 3.54014 3.57133 TRACK
[PUSH_CTRL] 479 3.54127 3.57133 TRACK
[PUSH_CTRL] 480 3.54263 3.57133 TRACK
[PUSH_CTRL] 481 3.54369 3.57133 TRACK
[PUSH_CTRL] 482 3.54665 3.57133 TRACK
[PUSH_CTRL] 483 3.54699 3.57133 TRACK
[PUSH_CTRL] 484 3.54666 3.57133 TRACK
[PUSH_CTRL] 485 3.5457 3.57133 TRACK
[PUSH_CTRL] 486 3.54409 3.57133 TRACK
[PUSH_CTRL] 487 3.54212 3.57133 TRACK
[PUSH_CTRL] 488 3.54029 3.57133 TRACK
[PUSH_CTRL] 489 3.53858 3.57133 TRACK
[PUSH_CTRL] 490 3.53748 3.57133 TRACK
[PUSH_CTRL] 491 3.53687 3.57133 TRACK
[PUSH_CTRL] 492 3.53851 3.57133 TRACK
[PUSH_CTRL] 493 3.53761 3.57133 TRACK
[PUSH_CTRL] 494 3.53697 3.57133 TRACK
[PUSH_CTRL] 495 3.53678 3.57133 TRACK
[PUSH_CTRL] 496 3.53695 3.57133 TRACK
[PUSH_CTRL] 497 3.53771 3.57133 TRACK
[PUSH_CTRL] 498 3.53913 3.57133 TRACK
[PUSH_CTRL] 499 3.53929 3.57133 TRACK
[PUSH_CTRL] 500 3.54207 3.57133 TRACK
[PUSH_CTRL] 501 3.54263 3.57133 TRACK
[PUSH_CTRL] 502 3.54279 3.57133 TRACK
[PUSH_CTRL] 503 3.5426 3.57133 TRACK
[PUSH_CTRL] 504 3.54187 3.57133 TRACK
[PUSH_CTRL] 505 3.54096 3.57133 TRACK
[PUSH_CTRL] 506 3.54026 3.57133 TRACK
[PUSH_CTRL] 507 3.53973 3.57133 TRACK
[PUSH_CTRL] 508 3.53797 3.57133 TRACK
[PUSH_CTRL] 509 3.53837 3.57133 TRACK
[PUSH_CTRL] 510 3.53651 3.57133 TRACK
[PUSH_CTRL] 511 3.53475 3.57133 TRACK
[PUSH_CTRL] 512 3.53384 3.57133 TRACK
[PUSH_CTRL] 513 3.53271 3.57133 TRACK
[PUSH_CTRL] 514 3.53117 3.57133 TRACK
[PUSH_CTRL] 515 3.52932 3.57133 TRACK
[PUSH_CTRL] 516 3.52704 3.57133 TRACK
[PUSH_CTRL] 517 3.52719 3.57133 TRACK
[PUSH_CTRL] 518 3.52537 3.57133 TRACK
[PUSH_CTRL] 519 3.52388 3.57133 TRACK
[PUSH_CTRL] 520 3.52228 3.57133 TRACK
[PUSH_CTRL] 521 3.52097 3.57133 TRACK
[PUSH_CTRL] 522 3.52022 3.57133 TRACK
[PUSH_CTRL] 523 3.51915 3.57133 TRACK
[PUSH_CTRL] 524 3.51833 3.57133 TRACK
[PUSH_CTRL] 525 3.52057 3.57133 TRACK
[PUSH_CTRL] 526 3.51984 3.57133 TRACK
[PUSH_CTRL] 527 3.51903 3.57133 TRACK
[PUSH_CTRL] 528 3.51803 3.57133 TRACK
[PUSH_CTRL] 529 3.51701 3.57133 TRACK
[PUSH_CTRL] 530 3.51582 3.57133 TRACK
[PUSH_CTRL] 531 3.51495 3.57133 TRACK
[PUSH_CTRL] 532 3.51438 3.57133 TRACK
[PUSH_CTRL] 533 3.51407 3.57133 TRACK
[PUSH_CTRL] 534 3.51759 3.57133 TRACK
[PUSH_CTRL] 535 3.51879 3.57133 TRACK
[PUSH_CTRL] 536 3.52077 3.57133 TRACK
[PUSH_CTRL] 537 3.52253 3.57133 TRACK
[PUSH_CTRL] 538 3.524 3.57133 TRACK
[PUSH_CTRL] 539 3.52516 3.57133 TRACK
[PUSH_CTRL] 540 3.52606 3.57133 TRACK
[PUSH_CTRL] 541 3.52635 3.57133 TRACK
[PUSH_CTRL] 542 3.52747 3.57133 TRACK
[PUSH_CTRL] 543 3.52468 3.57133 TRACK
[PUSH_CTRL] 544 3.52089 3.57133 TRACK
[PUSH_CTRL] 545 3.51814 3.57133 TRACK
[PUSH_CTRL] 546 3.51641 3.57133 TRACK
[PUSH_CTRL] 547 3.51557 3.57133 TRACK
[PUSH_CTRL] 548 3.51648 3.57133 TRACK
[PUSH_CTRL] 549 3.51749 3.57133 TRACK
[PUSH_CTRL] 550 3.51866 3.57133 TRACK
[PUSH_CTRL] 551 3.52274 3.57133 TRACK
[PUSH_CTRL] 552 3.52306 3.57133 TRACK
[PUSH_CTRL] 553 3.5231 3.57133 TRACK
[PUSH_CTRL] 554 3.52298 3.57133 TRACK
[PUSH_CTRL] 555 3.52295 3.57133 TRACK
[PUSH_CTRL] 556 3.52265 3.57133 TRACK
[PUSH_CTRL] 557 3.52223 3.57133 TRACK
[PUSH_CTRL] 558 3.52177 3.57133 TRACK
[PUSH_CTRL] 559 3.52136 3.57133 TRACK
[PUSH_CTRL] 560 3.52388 3.57133 TRACK
[PUSH_CTRL] 561 3.5244 3.57133 TRACK
[PUSH_CTRL] 562 3.52607 3.57133 TRACK
[PUSH_CTRL] 563 3.52891 3.57133 TRACK
[PUSH_CTRL] 564 3.53209 3.57133 TRACK
[PUSH_CTRL] 565 3.53455 3.57133 TRACK
[PUSH_CTRL] 566 3.53625 3.57133 TRACK
[PUSH_CTRL] 567 3.53798 3.57133 TRACK
[PUSH_CTRL] 568 3.54204 3.57133 TRACK
[PUSH_CTRL] 569 3.54273 3.57133 TRACK
[PUSH_CTRL] 570 3.54297 3.57133 TRACK
[PUSH_CTRL] 571 3.54113 3.57133 TRACK
[PUSH_CTRL] 572 3.53904 3.57133 TRACK
[PUSH_CTRL] 573 3.5366 3.57133 TRACK
[PUSH_CTRL] 574 3.53361 3.57133 TRACK
[PUSH_CTRL] 575 3.5294 3.57133 TRACK
[PUSH_CTRL] 576 3.52866 3.57133 TRACK
[PUSH_CTRL] 577 3.52652 3.57133 TRACK
[PUSH_CTRL] 578 3.52539 3.57133 TRACK
[PUSH_CTRL] 579 3.52432 3.57133 TRACK
[PUSH_CTRL] 580 3.52344 3.57133 TRACK
[PUSH_CTRL] 581 3.52366 3.57133 TRACK
[PUSH_CTRL] 582 3.52498 3.57133 TRACK
[PUSH_CTRL] 583 3.52669 3.57133 TRACK
[PUSH_CTRL] 584 3.52823 3.57133 TRACK
[PUSH_CTRL] 585 3.53237 3.57133 TRACK
[PUSH_CTRL] 586 3.53378 3.57133 TRACK
[PUSH_CTRL] 587 3.53427 3.57133 TRACK
[PUSH_CTRL] 588 3.53408 3.57133 TRACK
[PUSH_CTRL] 589 3.53362 3.57133 TRACK
[PUSH_CTRL] 590 3.53306 3.57133 TRACK
[PUSH_CTRL] 591 3.53329 3.57133 TRACK
[PUSH_CTRL] 592 3.53362 3.57133 TRACK
[PUSH_CTRL] 593 3.53632 3.57133 TRACK
[PUSH_CTRL] 594 3.53599 3.57133 TRACK
[PUSH_CTRL] 595 3.53487 3.57133 TRACK
[PUSH_CTRL] 596 3.53331 3.57133 TRACK
[PUSH_CTRL] 597 3.53252 3.57133 TRACK
[PUSH_CTRL] 598 3.53197 3.57133 TRACK
[PUSH_CTRL] 599 3.53121 3.57133 TRACK
[PUSH_CTRL] 600 3.53047 3.57133 TRACK
[PUSH_CTRL] 601 3.53326 3.57133 TRACK
[PUSH_CTRL] 602 3.53383 3.57133 TRACK
[PUSH_CTRL] 603 3.53446 3.57133 TRACK
[PUSH_CTRL] 604 3.53533 3.57133 TRACK
[PUSH_CTRL] 605 3.53543 3.57133 TRACK
[PUSH_CTRL] 606 3.53483 3.57133 TRACK
[PUSH_CTRL] 607 3.53288 3.57133 TRACK
[PUSH_CTRL] 608 3.53089 3.57133 TRACK
[PUSH_CTRL] 609 3.5306 3.57133 TRACK
[PUSH_CTRL] 610 3.53312 3.57133 TRACK
[PUSH_CTRL] 611 3.5337 3.57133 TRACK
[PUSH_CTRL] 612 3.53436 3.57133 TRACK
[PUSH_CTRL] 613 3.53439 3.57133 TRACK
[PUSH_CTRL] 614 3.53452 3.57133 TRACK
[PUSH_CTRL] 615 3.53453 3.57133 TRACK
[PUSH_CTRL] 616 3.53501 3.57133 TRACK
[PUSH_CTRL] 617 3.53522 3.57133 TRACK
[PUSH_CTRL] 618 3.53768 3.57133 TRACK
[PUSH_CTRL] 619 3.53788 3.57133 TRACK
[PUSH_CTRL] 620 3.5374 3.57133 TRACK
[PUSH_CTRL] 621 3.53824 3.57133 TRACK
[PUSH_CTRL] 622 3.53943 3.57133 TRACK
[PUSH_CTRL] 623 3.54065 3.57133 TRACK
[PUSH_CTRL] 624 3.54176 3.57133 TRACK
[PUSH_CTRL] 625 3.54275 3.57133 TRACK
[PUSH_CTRL] 626 3.54575 3.57133 TRACK
[PUSH_CTRL] 627 3.54539 3.57133 TRACK
[PUSH_CTRL] 628 3.54299 3.57133 TRACK
[PUSH_CTRL] 629 3.53907 3.57133 TRACK
[PUSH_CTRL] 630 3.53543 3.57133 TRACK
[PUSH_CTRL] 631 3.53229 3.57133 TRACK
[PUSH_CTRL] 632 3.52962 3.57133 TRACK
[PUSH_CTRL] 633 3.5274 3.57133 TRACK
[PUSH_CTRL] 634 3.52846 3.57133 TRACK
[PUSH_CTRL] 635 3.52738 3.57133 TRACK
[PUSH_CTRL] 636 3.52683 3.57133 TRACK
[PUSH_CTRL] 637 3.52669 3.57133 TRACK
[PUSH_CTRL] 638 3.52739 3.57133 TRACK
[PUSH_CTRL] 639 3.52856 3.57133 TRACK
[PUSH_CTRL] 640 3.5305 3.57133 TRACK
[PUSH_CTRL] 641 3.53298 3.57133 TRACK
[PUSH_CTRL] 642 3.53532 3.57133 TRACK
[PUSH_CTRL] 643 3.53948 3.57133 TRACK
[PUSH_CTRL] 644 3.54062 3.57133 TRACK
[PUSH_CTRL] 645 3.54168 3.57133 TRACK
[PUSH_CTRL] 646 3.54319 3.57133 TRACK
[PUSH_CTRL] 647 3.54444 3.57133 TRACK
[PUSH_CTRL] 648 3.54543 3.57133 TRACK
[PUSH_CTRL] 649 3.54621 3.57133 TRACK
[PUSH_CTRL] 650 3.54902 3.57133 TRACK
[PUSH_CTRL] 651 3.54825 3.57133 TRACK
[PUSH_CTRL] 652 3.54551 3.57133 TRACK
[PUSH_CTRL] 653 3.54291 3.57133 TRACK
[PUSH_CTRL] 654 3.54071 3.57133 TRACK
[PUSH_CTRL] 655 3.539 3.57133 TRACK
[PUSH_CTRL] 656 3.53774 3.57133 TRACK
[PUSH_CTRL] 657 3.53727 3.57133 TRACK
[PUSH_CTRL] 658 3.53695 3.57133 TRACK
[PUSH_CTRL] 659 3.53875 3.57133 TRACK
[PUSH_CTRL] 660 3.53739 3.57133 TRACK
[PUSH_CTRL] 661 3.53586 3.57133 TRACK
[PUSH_CTRL] 662 3.53463 3.57133 TRACK
[PUSH_CTRL] 663 3.5335 3.57133 TRACK
[PUSH_CTRL] 664 3.53319 3.57133 TRACK
[PUSH_CTRL] 665 3.53304 3.57133 TRACK
[PUSH_CTRL] 666 3.53542 3.57133 TRACK
[PUSH_CTRL] 667 3.53531 3.57133 TRACK
[PUSH_CTRL] 668 3.53678 3.57133 TRACK
[PUSH_CTRL] 669 3.53821 3.57133 TRACK
[PUSH_CTRL] 670 3.53958 3.57133 TRACK
[PUSH_CTRL] 671 3.54057 3.57133 TRACK
[PUSH_CTRL] 672 3.54178 3.57133 TRACK
[PUSH_CTRL] 673 3.54307 3.57133 TRACK
[PUSH_CTRL] 674 3.54648 3.57133 TRACK
[PUSH_CTRL] 675 3.54729 3.57133 TRACK
[PUSH_CTRL] 676 3.5478 3.57133 TRACK
[PUSH_CTRL] 677 3.5483 3.57133 TRACK
[PUSH_CTRL] 678 3.54891 3.57133 TRACK
[PUSH_CTRL] 679 3.54969 3.57133 TRACK
[PUSH_CTRL] 680 3.55067 3.57133 TRACK
[PUSH_CTRL] 681 3.5517 3.57133 TRACK
[PUSH_CTRL] 682 3.55432 3.57133 TRACK
[PUSH_CTRL] 683 3.55501 3.57133 TRACK
[PUSH_CTRL] 684 3.55569 3.57133 TRACK
[PUSH_CTRL] 685 3.55592 3.57133 TRACK
[PUSH_CTRL] 686 3.55581 3.57133 TRACK
[PUSH_CTRL] 687 3.55527 3.57133 TRACK
[PUSH_CTRL] 688 3.55492 3.57133 TRACK
[PUSH_CTRL] 689 3.55892 3.57133 TRACK
[PUSH_CTRL] 690 3.56022 3.57133 TRACK
[PUSH_CTRL] 691 3.56077 3.57133 TRACK
[PUSH_CTRL] 692 3.56082 3.57133 TRACK
[PUSH_CTRL] 693 3.56026 3.57133 TRACK
[PUSH_CTRL] 694 3.55928 3.57133 TRACK
[PUSH_CTRL] 695 3.55803 3.57133 TRACK
[PUSH_CTRL] 696 3.55695 3.57133 TRACK
[PUSH_CTRL] 697 3.55776 3.57133 TRACK
[PUSH_CTRL] 698 3.5562 3.57133 TRACK
[PUSH_CTRL] 699 3.55368 3.57133 TRACK
[PUSH_CTRL] 700 3.55139 3.57133 TRACK
[PUSH_CTRL] 701 3.54894 3.57133 TRACK
[PUSH_CTRL] 702 3.54654 3.57133 TRACK
[PUSH_CTRL] 703 3.54445 3.57133 TRACK
[PUSH_CTRL] 704 3.54246 3.57133 TRACK
[PUSH_CTRL] 705 3.54272 3.57133 TRACK
[PUSH_CTRL] 706 3.54118 3.57133 TRACK
[PUSH_CTRL] 707 3.53959 3.57133 TRACK
[PUSH_CTRL] 708 3.53834 3.57133 TRACK
[PUSH_CTRL] 709 3.53765 3.57133 TRACK
[PUSH_CTRL] 710 3.53723 3.57133 TRACK
[PUSH_CTRL] 711 3.53709 3.57133 TRACK
[PUSH_CTRL] 712 3.53729 3.57133 TRACK
[PUSH_CTRL] 713 3.53993 3.57133 TRACK
[PUSH_CTRL] 714 3.54034 3.57133 TRACK
[PUSH_CTRL] 715 3.54068 3.57133 TRACK
[PUSH_CTRL] 716 3.54116 3.57133 TRACK
[PUSH_CTRL] 717 3.54207 3.57133 TRACK
[PUSH_CTRL] 718 3.54347 3.57133 TRACK
[PUSH_CTRL] 719 3.54541 3.57133 TRACK
[PUSH_CTRL] 720 3.54816 3.57133 TRACK
[PUSH_CTRL] 721 3.5545 3.57133 TRACK
[PUSH_CTRL] 722 3.55784 3.57133 TRACK
[PUSH_CTRL] 723 3.55982 3.57133 TRACK
[PUSH_CTRL] 724 3.5616 3.57133 TRACK
[PUSH_CTRL] 725 3.56264 3.57133 TRACK
[PUSH_CTRL] 726 3.5635 3.57133 TRACK
[PUSH_CTRL] 727 3.56421 3.57133 TRACK
[PUSH_CTRL] 728 3.56437 3.57133 TRACK
[PUSH_CTRL] 729 3.56553 3.57133 TRACK
[PUSH_CTRL] 730 3.56473 3.57133 TRACK
[PUSH_CTRL] 731 3.5635 3.57133 TRACK
[PUSH_CTRL] 732 3.56282 3.57133 TRACK
[PUSH_CTRL] 733 3.56245 3.57133 TRACK
[PUSH_CTRL] 734 3.56206 3.57133 TRACK
[PUSH_CTRL] 735 3.56169 3.57133 TRACK
[PUSH_CTRL] 736 3.56295 3.57133 TRACK
[PUSH_CTRL] 737 3.56683 3.57133 TRACK
[PUSH_CTRL] 738 3.5697 3.57133 TRACK
[PUSH_CTRL] 739 3.57133 3.57053 TRACK
[PUSH_CTRL] 740 3.57133 3.56851 TRACK
[PUSH_CTRL] 741 3.57133 3.56708 TRACK
[PUSH_CTRL] 742 3.57133 3.56598 TRACK
[PUSH_CTRL] 743 3.57133 3.56512 TRACK
[PUSH_CTRL] 744 3.57133 3.56467 TRACK
[PUSH_CTRL] 745 3.57133 3.5664 TRACK
[PUSH_CTRL] 746 3.57133 3.56976 TRACK
[PUSH_CTRL] 747 3.56892 3.57133 TRACK
[PUSH_CTRL] 748 3.5645 3.57133 TRACK
[PUSH_CTRL] 749 3.56041 3.57133 TRACK
[PUSH_CTRL] 750 3.55719 3.57133 TRACK
[PUSH_CTRL] 751 3.55459 3.57133 TRACK
[PUSH_CTRL] 752 3.55252 3.57133 TRACK
[PUSH_CTRL] 753 3.55306 3.57133 TRACK
[PUSH_CTRL] 754 3.55246 3.57133 TRACK
[PUSH_CTRL] 755 3.552 3.57133 TRACK
[PUSH_CTRL] 756 3.55185 3.57133 TRACK
[PUSH_CTRL] 757 3.552 3.57133 TRACK
[PUSH_CTRL] 758 3.55498 3.57133 TRACK
[PUSH_CTRL] 759 3.55923 3.57133 TRACK
[PUSH_CTRL] 760 3.56358 3.57133 TRACK
[PUSH_CTRL] 761 3.56776 3.57133 TRACK
[PUSH_CTRL] 762 3.57133 3.57019 TRACK
[PUSH_CTRL] 763 3.57133 3.56741 TRACK
[PUSH_CTRL] 764 3.57133 3.56556 TRACK
[PUSH_CTRL] 765 3.57133 3.56471 TRACK
[PUSH_CTRL] 766 3.57133 3.56461 TRACK
[PUSH_CTRL] 767 3.57133 3.56574 TRACK
[PUSH_CTRL] 768 3.57133 3.5691 TRACK
[PUSH_CTRL] 769 3.5694 3.57133 TRACK
[PUSH_CTRL] 770 3.56632 3.57133 TRACK
[PUSH_CTRL] 771 3.56257 3.57133 TRACK
[PUSH_CTRL] 772 3.55923 3.57133 TRACK
[PUSH_CTRL] 773 3.55649 3.57133 TRACK
[PUSH_CTRL] 774 3.55417 3.57133 TRACK
[PUSH_CTRL] 775 3.55219 3.57133 TRACK
[PUSH_CTRL] 776 3.55052 3.57133 TRACK
[PUSH_CTRL] 777 3.54935 3.57133 TRACK
[PUSH_CTRL] 778 3.55053 3.57133 TRACK
[PUSH_CTRL] 779 3.54996 3.57133 TRACK
[PUSH_CTRL] 780 3.54954 3.57133 TRACK
[PUSH_CTRL] 781 3.54896 3.57133 TRACK
[PUSH_CTRL] 782 3.54844 3.57133 TRACK
[PUSH_CTRL] 783 3.54777 3.57133 TRACK
[PUSH_CTRL] 784 3.54747 3.57133 TRACK
[PUSH_CTRL] 785 3.54722 3.57133 TRACK
[PUSH_CTRL] 786 3.54887 3.57133 TRACK
[PUSH_CTRL] 787 3.54871 3.57133 TRACK
[PUSH_CTRL] 788 3.54858 3.57133 TRACK
[PUSH_CTRL] 789 3.54856 3.57133 TRACK
[PUSH_CTRL] 790 3.5481 3.57133 TRACK
[PUSH_CTRL] 791 3.54918 3.57133 TRACK
[PUSH_CTRL] 792 3.55112 3.57133 TRACK
[PUSH_CTRL] 793 3.55298 3.57133 TRACK
[PUSH_CTRL] 794 3.55623 3.57133 TRACK
[PUSH_CTRL] 795 3.55754 3.57133 TRACK
[PUSH_CTRL] 796 3.55898 3.57133 TRACK
[PUSH_CTRL] 797 3.56015 3.57133 TRACK
[PUSH_CTRL] 798 3.55984 3.57133 TRACK
[PUSH_CTRL] 799 3.5589 3.57133 TRACK
[PUSH_CTRL] 800 3.55766 3.57133 TRACK
[PUSH_CTRL] 801 3.55635 3.57133 TRACK
[PUSH_CTRL] 802 3.55651 3.57133 TRACK
[PUSH_CTRL] 803 3.55485 3.57133 TRACK
[PUSH_CTRL] 804 3.55296 3.57133 TRACK
[PUSH_CTRL] 805 3.5514 3.57133 TRACK
[PUSH_CTRL] 806 3.55014 3.57133 TRACK
[PUSH_CTRL] 807 3.54885 3.57133 TRACK
[PUSH_CTRL] 808 3.54749 3.57133 TRACK
[PUSH_CTRL] 809 3.54641 3.57133 TRACK
[PUSH_CTRL] 810 3.54732 3.57133 TRACK
[PUSH_CTRL] 811 3.54671 3.57133 TRACK
[PUSH_CTRL] 812 3.54621 3.57133 TRACK
[PUSH_CTRL] 813 3.54581 3.57133 TRACK
[PUSH_CTRL] 814 3.54548 3.57133 TRACK
[PUSH_CTRL] 815 3.54521 3.57133 TRACK
[PUSH_CTRL] 816 3.54454 3.57133 TRACK
[PUSH_CTRL] 817 3.54485 3.57133 TRACK
[PUSH_CTRL] 818 3.54365 3.57133 TRACK
[PUSH_CTRL] 819 3.54372 3.57133 TRACK
[PUSH_CTRL] 820 3.54385 3.57133 TRACK
[PUSH_CTRL] 821 3.544 3.57133 TRACK
[PUSH_CTRL] 822 3.54415 3.57133 TRACK
[PUSH_CTRL] 823 3.54439 3.57133 TRACK
[PUSH_CTRL] 824 3.54474 3.57133 TRACK
[PUSH_CTRL] 825 3.54476 3.57133 TRACK
[PUSH_CTRL] 826 3.54647 3.57133 TRACK
[PUSH_CTRL] 827 3.54692 3.57133 TRACK
[PUSH_CTRL] 828 3.5471 3.57133 TRACK
[PUSH_CTRL] 829 3.54705 3.57133 TRACK
[PUSH_CTRL] 830 3.54682 3.57133 TRACK
[PUSH_CTRL] 831 3.54653 3.57133 TRACK
[PUSH_CTRL] 832 3.54583 3.57133 TRACK
[PUSH_CTRL] 833 3.54526 3.57133 TRACK
[PUSH_CTRL] 834 3.54647 3.57133 TRACK
[PUSH_CTRL] 835 3.54667 3.57133 TRACK
[PUSH_CTRL] 836 3.54819 3.57133 TRACK
[PUSH_CTRL] 837 3.54968 3.57133 TRACK
[PUSH_CTRL] 838 3.55051 3.57133 TRACK
[PUSH_CTRL] 839 3.55059 3.57133 TRACK
[PUSH_CTRL] 840 3.54991 3.57133 TRACK
[PUSH_CTRL] 841 3.54879 3.57133 TRACK
[PUSH_CTRL] 842 3.54913 3.57133 TRACK
[PUSH_CTRL] 843 3.54791 3.57133 TRACK
[PUSH_CTRL] 844 3.54677 3.57133 TRACK
[PUSH_CTRL] 845 3.54671 3.57133 TRACK
[PUSH_CTRL] 846 3.54772 3.57133 TRACK
[PUSH_CTRL] 847 3.5495 3.57133 TRACK
[PUSH_CTRL] 848 3.55119 3.57133 TRACK
[PUSH_CTRL] 849 3.55308 3.57133 TRACK
[PUSH_CTRL] 850 3.5547 3.57133 TRACK
[PUSH_CTRL] 851 3.55705 3.57133 TRACK
[PUSH_CTRL] 852 3.55853 3.57133 TRACK
[PUSH_CTRL] 853 3.56062 3.57133 TRACK
[PUSH_CTRL] 854 3.56238 3.57133 TRACK
[PUSH_CTRL] 855 3.5636 3.57133 TRACK
[PUSH_CTRL] 856 3.56436 3.57133 TRACK
[PUSH_CTRL] 857 3.56476 3.57133 TRACK
[PUSH_CTRL] 858 3.56481 3.57133 TRACK
[PUSH_CTRL] 859 3.56445 3.57133 TRACK
[PUSH_CTRL] 860 3.5619 3.57133 TRACK
[PUSH_CTRL] 861 3.55916 3.57133 TRACK
[PUSH_CTRL] 862 3.55665 3.57133 TRACK
[PUSH_CTRL] 863 3.55463 3.57133 TRACK
[PUSH_CTRL] 864 3.55322 3.57133 TRACK
[PUSH_CTRL] 865 3.55163 3.57133 TRACK
[PUSH_CTRL] 866 3.55062 3.57133 TRACK
[PUSH_CTRL] 867 3.5521 3.57133 TRACK
[PUSH_CTRL] 868 3.55278 3.57133 TRACK
[PUSH_CTRL] 869 3.5533 3.57133 TRACK
[PUSH_CTRL] 870 3.5537 3.57133 TRACK
[PUSH_CTRL] 871 3.554 3.57133 TRACK
[PUSH_CTRL] 872 3.55423 3.57133 TRACK
[PUSH_CTRL] 873 3.55443 3.57133 TRACK
[PUSH_CTRL] 874 3.55579 3.57133 TRACK
[PUSH_CTRL] 875 3.55879 3.57133 TRACK
[PUSH_CTRL] 876 3.56253 3.57133 TRACK
[PUSH_CTRL] 877 3.56669 3.57133 TRACK
[PUSH_CTRL] 878 3.57066 3.57133 TRACK
[PUSH_CTRL] 879 3.57133 3.56834 TRACK
[PUSH_CTRL] 880 3.57133 3.56504 TRACK
[PUSH_CTRL] 881 3.57133 3.56251 TRACK
[PUSH_CTRL] 882 3.57133 3.56072 TRACK
[PUSH_CTRL] 883 3.57133 3.55911 TRACK
[PUSH_CTRL] 884 3.57133 3.55748 TRACK
[PUSH_CTRL] 885 3.57133 3.5561 TRACK
[PUSH_CTRL] 886 3.57133 3.55471 TRACK
[PUSH_CTRL] 887 3.57133 3.5537 TRACK
[PUSH_CTRL] 888 3.57133 3.55274 TRACK
[PUSH_CTRL] 889 3.57133 3.55249 TRACK
[PUSH_CTRL] 890 3.57133 3.55214 TRACK
[PUSH_CTRL] 891 3.57133 3.5523 TRACK
[PUSH_CTRL] 892 3.57133 3.55247 TRACK
[PUSH_CTRL] 893 3.57133 3.55283 TRACK
[PUSH_CTRL] 894 3.57133 3.55319 TRACK
[PUSH_CTRL] 895 3.57133 3.55439 TRACK
[PUSH_CTRL] 896 3.57133 3.55628 TRACK
[PUSH_CTRL] 897 3.57133 3.558 TRACK
[PUSH_CTRL] 898 3.57133 3.55929 TRACK
[PUSH_CTRL] 899 3.57133 3.56075 TRACK
[PUSH_CTRL] 900 3.57133 3.56058 TRACK
[PUSH_CTRL] 901 3.57133 3.55989 TRACK
[PUSH_CTRL] 902 3.57133 3.55994 TRACK
[PUSH_CTRL] 903 3.57133 3.56006 TRACK
[PUSH_CTRL] 904 3.57133 3.56064 TRACK
[PUSH_CTRL] 905 3.57133 3.56111 TRACK
[PUSH_CTRL] 906 3.57133 3.56151 TRACK
[PUSH_CTRL] 907 3.57133 3.5618 TRACK
[PUSH_CTRL] 908 3.57133 3.56234 TRACK
[PUSH_CTRL] 909 3.57133 3.56299 TRACK
[PUSH_CTRL] 910 3.57133 3.56322 TRACK
[PUSH_CTRL] 911 3.57133 3.56293 TRACK
[PUSH_CTRL] 912 3.57133 3.5615 TRACK
[PUSH_CTRL] 913 3.57133 3.55927 TRACK
[PUSH_CTRL] 914 3.57133 3.55717 TRACK
[PUSH_CTRL] 915 3.57133 3.55464 TRACK
[PUSH_CTRL] 916 3.57133 3.55231 TRACK
[PUSH_CTRL] 917 3.57133 3.55024 TRACK
[PUSH_CTRL] 918 3.57133 3.54868 TRACK
[PUSH_CTRL] 919 3.57133 3.54748 TRACK
[PUSH_CTRL] 920 3.57133 3.54639 TRACK
[PUSH_CTRL] 921 3.57133 3.54578 TRACK
[PUSH_CTRL] 922 3.57133 3.54467 TRACK
[PUSH_CTRL] 923 3.57133 3.54348 TRACK
[PUSH_CTRL] 924 3.57133 3.54318 TRACK
[PUSH_CTRL] 925 3.57133 3.54299 TRACK
[PUSH_CTRL] 926 3.57133 3.54317 TRACK
[PUSH_CTRL] 927 3.57133 3.54334 TRACK
[PUSH_CTRL] 928 3.57133 3.54339 TRACK
[PUSH_CTRL] 929 3.57133 3.54413 TRACK
[PUSH_CTRL] 930 3.57133 3.54426 TRACK
[PUSH_CTRL] 931 3.57133 3.54504 TRACK
[PUSH_CTRL] 932 3.57133 3.54681 TRACK
[PUSH_CTRL] 933 3.57133 3.54913 TRACK
[PUSH_CTRL] 934 3.57133 3.55087 TRACK
[PUSH_CTRL] 935 3.57133 3.55179 TRACK
[PUSH_CTRL] 936 3.57133 3.55152 TRACK
[PUSH_CTRL] 937 3.57133 3.55105 TRACK
[PUSH_CTRL] 938 3.57133 3.55063 TRACK
[PUSH_CTRL] 939 3.57133 3.55024 TRACK
[PUSH_CTRL] 940 3.57133 3.54988 TRACK
[PUSH_CTRL] 941 3.57133 3.54917 TRACK
[PUSH_CTRL] 942 3.57133 3.54822 TRACK
[PUSH_CTRL] 943 3.57133 3.54865 TRACK
[PUSH_CTRL] 944 3.57133 3.54879 TRACK
[PUSH_CTRL] 945 3.57133 3.548 TRACK
[PUSH_CTRL] 946 3.57133 3.54717 TRACK
[PUSH_CTRL] 947 3.57133 3.5463 TRACK
[PUSH_CTRL] 948 3.57133 3.54549 TRACK
[PUSH_CTRL] 949 3.57133 3.54364 TRACK
[PUSH_CTRL] 950 3.57133 3.54221 TRACK
[PUSH_CTRL] 951 3.57133 3.54109 TRACK
[PUSH_CTRL] 952 3.57133 3.54109 TRACK
[PUSH_CTRL] 953 3.57133 3.54067 TRACK
[PUSH_CTRL] 954 3.57133 3.54036 TRACK
[PUSH_CTRL] 955 3.57133 3.5401 TRACK
[PUSH_CTRL] 956 3.57133 3.53988 TRACK
[PUSH_CTRL] 957 3.57133 3.53969 TRACK
[PUSH_CTRL] 958 3.57133 3.53953 TRACK
[PUSH_CTRL] 959 3.57133 3.5396 TRACK
[PUSH_CTRL] 960 3.57133 3.54063 TRACK
[PUSH_CTRL] 961 3.57133 3.54083 TRACK
[PUSH_CTRL] 962 3.57133 3.54001 TRACK
[PUSH_CTRL] 963 3.57133 3.53771 TRACK
[PUSH_CTRL] 964 3.57133 3.53488 TRACK
[PUSH_CTRL] 965 3.57133 3.53213 TRACK
[PUSH_CTRL] 966 3.57133 3.53021 TRACK
[PUSH_CTRL] 967 3.57133 3.52897 TRACK
[PUSH_CTRL] 968 3.57133 3.52909 TRACK
[PUSH_CTRL] 969 3.57133 3.52819 TRACK
[PUSH_CTRL] 970 3.57133 3.52776 TRACK
[PUSH_CTRL] 971 3.57133 3.5277 TRACK
[PUSH_CTRL] 972 3.57133 3.52912 TRACK
[PUSH_CTRL] 973 3.57133 3.53142 TRACK
[PUSH_CTRL] 974 3.57133 3.53358 TRACK
[PUSH_CTRL] 975 3.57133 3.53487 TRACK
[PUSH_CTRL] 976 3.57133 3.53542 TRACK
[PUSH_CTRL] 977 3.57133 3.53449 TRACK
[PUSH_CTRL] 978 3.57133 3.53342 TRACK
[PUSH_CTRL] 979 3.57133 3.53237 TRACK
[PUSH_CTRL] 980 3.57133 3.5314 TRACK
[PUSH_CTRL] 981 3.57133 3.53051 TRACK
[PUSH_CTRL] 982 3.57133 3.5297 TRACK
[PUSH_CTRL] 983 3.57133 3.52955 TRACK
[PUSH_CTRL] 984 3.57133 3.53087 TRACK
[PUSH_CTRL] 985 3.57133 3.53152 TRACK
[PUSH_CTRL] 986 3.57133 3.5324 TRACK
[PUSH_CTRL] 987 3.57133 3.53359 TRACK
[PUSH_CTRL] 988 3.57133 3.53493 TRACK
[PUSH_CTRL] 989 3.57133 3.53637 TRACK
[PUSH_CTRL] 990 3.57133 3.53764 TRACK
[PUSH_CTRL] 991 3.57133 3.53858 TRACK
[PUSH_CTRL] 992 3.57133 3.53957 TRACK
[PUSH_CTRL] 993 3.57133 3.5387 TRACK
[PUSH_CTRL] 994 3.57133 3.53747 TRACK
[PUSH_CTRL] 995 3.57133 3.53617 TRACK
[PUSH_CTRL] 996 3.57133 3.53494 TRACK
[PUSH_CTRL] 997 3.57133 3.53384 TRACK
[PUSH_CTRL] 998 3.57133 3.53287 TRACK
[PUSH_CTRL] 999 3.57133 3.53115 TRACK
[PUSH_CTRL] 1000 3.57133 3.53046 TRACK
[PUSH_CTRL] 1001 3.57133 3.52756 TRACK
[PUSH_CTRL] 1002 3.57133 3.52524 TRACK
[PUSH_CTRL] 1003 3.57133 3.52303 TRACK
[PUSH_CTRL] 1004 3.57133 3.52192 TRACK
[PUSH_CTRL] 1005 3.57133 3.52103 TRACK
[PUSH_CTRL] 1006 3.57133 3.52024 TRACK
[PUSH_CTRL] 1007 3.57133 3.51994 TRACK
[PUSH_CTRL] 1008 3.57133 3.52161 TRACK
[PUSH_CTRL] 1009 3.57133 3.52305 TRACK
[PUSH_CTRL] 1010 3.57133 3.52487 TRACK
[PUSH_CTRL] 1011 3.57133 3.5272 TRACK
[PUSH_CTRL] 1012 3.57133 3.52963 TRACK
[PUSH_CTRL] 1013 3.57133 3.53194 TRACK
[PUSH_CTRL] 1014 3.57133 3.53391 TRACK
[PUSH_CTRL] 1015 3.57133 3.5354 TRACK
[PUSH_CTRL] 1016 3.57133 3.5377 TRACK
[PUSH_CTRL] 1017 3.57133 3.53864 TRACK
[PUSH_CTRL] 1018 3.57133 3.53864 TRACK
[PUSH_CTRL] 1019 3.57133 3.54116 TRACK
[PUSH_CTRL] 1020 3.57133 3.54358 TRACK
[PUSH_CTRL] 1021 3.57133 3.54563 TRACK
[PUSH_CTRL] 1022 3.57133 3.5479 TRACK
[PUSH_CTRL] 1023 3.57133 3.54973 TRACK
[PUSH_CTRL] 1024 3.57133 3.5519 TRACK
[PUSH_CTRL] 1025 3.57133 3.55297 TRACK
[PUSH_CTRL] 1026 3.57133 3.55377 TRACK
[PUSH_CTRL] 1027 3.57133 3.55365 TRACK
[PUSH_CTRL] 1028 3.57133 3.5521 TRACK
[PUSH_CTRL] 1029 3.57133 3.55024 TRACK
[PUSH_CTRL] 1030 3.57133 3.54812 TRACK
[PUSH_CTRL] 1031 3.57133 3.54593 TRACK
[PUSH_CTRL] 1032 3.57133 3.54477 TRACK
[PUSH_CTRL] 1033 3.57133 3.543 TRACK
[PUSH_CTRL] 1034 3.57133 3.54046 TRACK
[PUSH_CTRL] 1035 3.57133 3.53924 TRACK
[PUSH_CTRL] 1036 3.57133 3.53931 TRACK
[PUSH_CTRL] 1037 3.57133 3.53965 TRACK
[PUSH_CTRL] 1038 3.57133 3.53993 TRACK
[PUSH_CTRL] 1039 3.57133 3.54104 TRACK
[PUSH_CTRL] 1040 3.57133 3.54299 TRACK
