[Diagnostics] Wrote config.json
[DIAG] Diagnostics enabled: /home/dhruv/projects_dhruv/namo/robot_control/push_calibration/obj_1/edge15/depth9/trial3
[tier2] wheel commands will be logged to /home/dhruv/projects_dhruv/namo/robot_control/push_calibration/obj_1/edge15/depth9/trial3/wheel_commands.jsonl
[collect] 1 trial(s) loaded from push_calibration/obj_1/edge15/depth9/spec.yaml
[collect] obstacle_target = (25.0, 35.0) cm  reset_tolerance = 3.0 cm
[mid-obs] logging every camera observation → /home/dhruv/projects_dhruv/namo/robot_control/push_calibration/obj_1/edge15/depth9/trial3/mid_obs.jsonl
[Runtime] Using remote camera service at tcp://localhost:5556
[Runtime] Speeds in effect: nav=0.40, push=0.40, keyboard/follow_path=0.30
[fresh] planner.attach_obs_source(world.get) wired
[Runtime] Starting RemoteObserverNode...
[RemoteObserver] Connected to tcp://localhost:5556
[SerialSender] Port /dev/serial/by-id/usb-Espressif_USB_JTAG_serial_debug_unit_10:51:DB:18:34:7C-if00 opened at 115200
[SerialSender] Started at 30.0 Hz
[RealEnv] Started (robot_id=1)
[Runtime] Per-subgoal video + meta will write to /home/dhruv/projects_dhruv/namo/robot_control/push_calibration/obj_1/edge15/depth9/trial3/recordings/session_2026-05-25_15-46-12
[SerialSender] Car 1 CONNECTED (alive now: [1])
[Runtime] 🔌 Robot 1 ONLINE at startup (alive_ids=[1], ap_connected=True)

=== Trial 1/1 === object=obj_1 edge_idx=15 push_steps=10
  [skip_reset] start pose: (23.75, 22.57) θ=1.15°. pushing...
[Subgoal] --> DISPATCH PUSH: obj 'obj_1' at (23.7,22.6,θ=1.1°), edge=15, push_steps=10, robot at (24.5,8.1,θ=91.0°)
[DIAG] subgoal #1 start recorded
[Diagnostics] ⚠️ scene_before.xml capture failed: no xml source path provided

==================================================
Robot Control - Real Robot (Autonomous)
==================================================
Serial port: /dev/serial/by-id/usb-Espressif_USB_JTAG_serial_debug_unit_10:51:DB:18:34:7C-if00
[RemoteRecordClient] Recording started → /home/dhruv/projects_dhruv/namo/robot_control/push_calibration/obj_1/edge15/depth9/trial3/recordings/session_2026-05-25_15-46-12/subgoal_001_push_obj_1_e15_s10.mp4
Robot ID: 1
Dry run: False[PUSH] Starting navigation: robot=(24.5,8.1) → approach=(24.0,10.9)
Speed: 0.3
==================================================
Running in autonomous mode
Press 'r' to toggle recording
Press 'space' for emergency stop
Press 'escape' to quit
==================================================


[NAV] navigate_to: goal=(24.0,10.9) θ=91.1°, from=(24.5,8.1), obstacles=1
[Wavefront] Saved grid image to output_dump/wavefront/wavefront_20260525_154613_001.png (98x155)
[NAV] navigate_to: already at goal (all 4 waypoints within 3.5cm of robot). Skipping FOLLOWING.
[PUSH] navigate_to() returned: True, nav_state=POST_ROTATING
[NAV] state - -> POST_ROTATING pose=(24.5,8.1,θ=91.0°) goal_θ=91.1° heading_err=+0.1°
[PUSH] Navigation done - transitioning to ADVANCING (nav_state=FINISHED)
[PUSH] >>> PUSHING start: obj 'obj_1' at (23.7,22.6,θ=1.2°), robot at (24.5,8.1,θ=91.0°), edge=15, push_steps=10 (260 ticks)
[PUSH DEBUG] ========== PUSH START ==========
[PUSH DEBUG] Object: pos=(23.7,22.6) theta=1.2° size=(15x7.0)
[PUSH DEBUG] Edge 15: face=1 sample=7
[PUSH DEBUG] Theoretical: edge_pt (24.0,10.9) → mid_pt (23.7,22.6)
[PUSH DEBUG] Actual line: (24.5,8.1) → (24.2,19.8)
[PUSH DEBUG] Mode: FIXED
[PUSH DEBUG] ================================

[PUSH] ========== PUSH COMPLETE ==========
[PUSH] Robot: (23.7, 40.4) theta=90.1°
[PUSH] Δobject 'obj_1': Δpos=(-0.67,+28.63) |Δ|=28.64cm, Δθ=-0.93°
[PUSH] Robot position is BLOCKED in wavefront
[PUSH] Object 'obj_1': (23.1, 51.2) theta=0.3° size=(15x7.0)
[PUSH]   Distance robot→object center: 10.9cm
[Wavefront] Saved grid image to /tmp/wavefront/wavefront_20260525_154622.png (98x155)
[PUSH] Wavefront saved to: /tmp/wavefront/wavefront_20260525_154622.png
[PUSH] ======================================

[PUSH] Retreat target: (22.0, 35.7) [BACKWARD]
[PUSH] Retreat timeout after 200 steps
[Subgoal] <-- DONE (SUCCESS) after 16.1s, robot now at (23.5,40.3,θ=67.0°)
[DIAG] subgoal #1 end recorded (outcome=success)
[DIAG] push recorded (obj=obj_1, Δ=29.34cm, stuck=False)
[RemoteRecordClient] Recording stopped → /home/dhruv/projects_dhruv/namo/robot_control/push_calibration/obj_1/edge15/depth9/trial3/recordings/session_2026-05-25_15-46-12/subgoal_001_push_obj_1_e15_s10.mp4
[Runtime] Plan complete - stopping robot
[Runtime] Shutting down
