[Diagnostics] Wrote config.json
[DIAG] Diagnostics enabled: /home/dhruv/projects_dhruv/namo/robot_control/real_exp/1hop_2obj/results/real/2push__env__obstacle_1_movable__f110e8c4/nav_baseline_penalise/trial2
Goal given: (24.4, 67.0) cm

Pure navigation baseline, mode 'penalise'. No pushes will be planned.
Press ESCAPE to quit
============================================================
[Runtime] Using remote camera service at tcp://localhost:5556
[Runtime] Speeds in effect: nav=0.40, push=0.40, keyboard/follow_path=0.30
[Runtime] Starting RemoteObserverNode...
[RemoteObserver] Connected to tcp://localhost:5556
[SerialSender] Port /dev/serial/by-id/usb-Espressif_USB_JTAG_serial_debug_unit_10:51:DB:18:34:7C-if00 opened at 115200
[SerialSender] Started at 30.0 Hz
[RealEnv] Started (robot_id=1)
[SerialSender] Car 1 CONNECTED (alive now: [1])
[RemoteRecordClient] Recording started → /home/dhruv/projects_dhruv/namo/robot_control/real_exp/1hop_2obj/results/real/2push__env__obstacle_1_movable__f110e8c4/nav_baseline_penalise/trial2/recordings/session_2026-09-05_18-43-04/full_run.mp4
[Runtime] Full-run video + per-subgoal meta will write to /home/dhruv/projects_dhruv/namo/robot_control/real_exp/1hop_2obj/results/real/2push__env__obstacle_1_movable__f110e8c4/nav_baseline_penalise/trial2/recordings/session_2026-09-05_18-43-04
[Runtime] 🔌 Robot 1 ONLINE at startup (alive_ids=[1], ap_connected=True)
[Subgoal] --> DISPATCH NAVIGATE: target=(24.4,67.0), robot at (36.0,12.6,θ=106.4°)
[DIAG] subgoal #1 start recorded
[Diagnostics] ⚠️ scene_before.xml capture failed: no xml source path provided[NAV] navigate_to: goal=(24.4,67.0) θ=any, from=(36.0,12.6), obstacles=5
[NAV] state - -> PRE_ROTATING pose=(36.0,12.6,θ=106.4°) pre_target_θ=135.6° heading_err=+29.2°


==================================================
[NAV] state PRE_ROTATING -> FOLLOWING pose=(36.0,12.6,θ=106.3°) path_waypoints=94 final_wp=(24.2,66.8)
Robot Control - Real Robot (Autonomous)
==================================================
Serial port: /dev/serial/by-id/usb-Espressif_USB_JTAG_serial_debug_unit_10:51:DB:18:34:7C-if00
Robot ID: 1
Dry run: False
Speed (autonomous): nav=0.40, push=0.40
==================================================
Running in autonomous mode
Press 'r' to toggle recording
Press 'space' for emergency stop
Press 'escape' to quit
==================================================

[SerialSender] ⚠️ Car 1 DISCONNECTED (alive now: [])
[SerialSender] Car 1 CONNECTED (alive now: [1])
[NAV] !! NO PROGRESS (blocked): robot at (19.0,43.8,θ=43.6°) has not moved 0.5 cm or turned 3.0° in 3.0s. Treating as FAILED so the subgoal can end.
[NAV] Retreating to (14.3, 37.4)
[NAV] state FOLLOWING -> RETREATING pose=(19.0,43.8,θ=43.6°)
[NAV] Retreat done after 90 ticks (ran out of ticks); drive FAILED (blocked).
[Subgoal] <-- DONE (FAILED) after 24.3s, robot now at (17.4,41.4,θ=57.8°)
[DIAG] subgoal #1 end recorded (outcome=failed)
[Subgoal] --> DISPATCH NAVIGATE: target=(24.4,67.0), robot at (17.4,41.4,θ=57.8°)
[DIAG] subgoal #2 start recorded
[NAV] navigate_to: goal=(24.4,67.0) θ=any, from=(17.4,41.4), obstacles=5
[NAV] state RETREATING -> PRE_ROTATING pose=(17.4,41.4,θ=57.8°) pre_target_θ=22.4° heading_err=-35.5°
[NAV] state PRE_ROTATING -> FOLLOWING pose=(17.4,41.3,θ=58.5°) path_waypoints=42 final_wp=(24.2,66.8)
[NAV] !! NO PROGRESS (blocked): robot at (19.4,45.5,θ=53.1°) has not moved 0.5 cm or turned 3.0° in 3.0s. Treating as FAILED so the subgoal can end.
[NAV] Retreating to (17.4, 38.8)
[NAV] state FOLLOWING -> RETREATING pose=(19.4,45.5,θ=53.1°)
[NAV] Retreat done after 87 ticks (reached the cell); drive FAILED (blocked).
[Subgoal] <-- DONE (FAILED) after 13.1s, robot now at (18.5,42.0,θ=74.6°)
[DIAG] subgoal #2 end recorded (outcome=failed)
[Subgoal] --> DISPATCH NAVIGATE: target=(24.4,67.0), robot at (18.5,42.0,θ=74.6°)
[DIAG] subgoal #3 start recorded
[NAV] navigate_to: goal=(24.4,67.0) θ=any, from=(18.5,42.0), obstacles=5
[NAV] state RETREATING -> PRE_ROTATING pose=(18.5,42.0,θ=74.6°) pre_target_θ=27.7° heading_err=-46.9°
[NAV] state PRE_ROTATING -> FOLLOWING pose=(18.5,41.9,θ=69.2°) path_waypoints=43 final_wp=(24.2,66.8)
[NAV] !! NO PROGRESS (blocked): robot at (19.0,43.8,θ=43.5°) has not moved 0.5 cm or turned 3.0° in 3.0s. Treating as FAILED so the subgoal can end.
[NAV] Retreating to (14.2, 37.4)
[NAV] state FOLLOWING -> RETREATING pose=(19.0,43.8,θ=43.5°)
[NAV] Retreat done after 90 ticks (ran out of ticks); drive FAILED (blocked).
[Subgoal] <-- DONE (FAILED) after 9.7s, robot now at (17.3,41.2,θ=54.2°)
[DIAG] subgoal #3 end recorded (outcome=failed)
[Subgoal] --> DISPATCH NAVIGATE: target=(24.4,67.0), robot at (17.3,41.2,θ=54.2°)
[DIAG] subgoal #4 start recorded
[NAV] navigate_to: goal=(24.4,67.0) θ=any, from=(17.3,41.2), obstacles=5
[NAV] state RETREATING -> PRE_ROTATING pose=(17.3,41.2,θ=54.2°) pre_target_θ=24.2° heading_err=-30.0°
[NAV] state PRE_ROTATING -> FOLLOWING pose=(17.3,41.2,θ=54.2°) path_waypoints=43 final_wp=(24.2,66.8)
[NAV] !! NO PROGRESS (blocked): robot at (18.1,42.0,θ=48.5°) has not moved 0.5 cm or turned 3.0° in 3.0s. Treating as FAILED so the subgoal can end.
[NAV] Retreating to (14.1, 37.5)
[NAV] state FOLLOWING -> RETREATING pose=(18.1,42.0,θ=48.9°)
[NAV] Retreat done after 59 ticks (reached the cell); drive FAILED (blocked).
[Subgoal] <-- DONE (FAILED) after 8.8s, robot now at (16.5,39.9,θ=50.0°)
[DIAG] subgoal #4 end recorded (outcome=failed)
[Subgoal] --> DISPATCH NAVIGATE: target=(24.4,67.0), robot at (16.5,39.9,θ=50.0°)
[DIAG] subgoal #5 start recorded
[NAV] navigate_to: goal=(24.4,67.0) θ=any, from=(16.5,39.9), obstacles=5
[NAV] state RETREATING -> PRE_ROTATING pose=(16.5,39.9,θ=50.0°) pre_target_θ=12.1° heading_err=-38.0°
[NAV] state PRE_ROTATING -> FOLLOWING pose=(16.4,39.9,θ=49.7°) path_waypoints=46 final_wp=(24.2,66.8)
[NAV] !! NO PROGRESS (blocked): robot at (16.5,40.0,θ=41.5°) has not moved 0.5 cm or turned 3.0° in 3.0s. Treating as FAILED so the subgoal can end.
[NAV] Retreating to (11.9, 38.2)
[NAV] state FOLLOWING -> RETREATING pose=(16.5,40.0,θ=41.5°)
[NAV] Retreat done after 90 ticks (ran out of ticks); drive FAILED (blocked).
[Subgoal] <-- DONE (FAILED) after 6.3s, robot now at (18.9,40.6,θ=16.7°)
[DIAG] subgoal #5 end recorded (outcome=failed)
[Subgoal] --> DISPATCH NAVIGATE: target=(24.4,67.0), robot at (18.9,40.6,θ=16.7°)
[DIAG] subgoal #6 start recorded
[NAV] navigate_to: goal=(24.4,67.0) θ=any, from=(18.9,40.6), obstacles=5
[NAV] state RETREATING -> PRE_ROTATING pose=(18.9,40.6,θ=16.7°) pre_target_θ=33.6° heading_err=+16.8°
[NAV] state PRE_ROTATING -> FOLLOWING pose=(18.9,40.6,θ=16.7°) path_waypoints=42 final_wp=(24.2,67.2)
[Subgoal] <-- DONE (SUCCESS) after 12.8s, robot now at (25.4,67.2,θ=117.6°)
[DIAG] subgoal #6 end recorded (outcome=success)
[Runtime] Plan complete - stopping robot
[Runtime] Shutting down
[Diagnostics] ⚠️ scene_after.xml capture failed: no xml source path provided
[Diagnostics] Wrote summary.json (outcome=success)
[RemoteRecordClient] Recording stopped → /home/dhruv/projects_dhruv/namo/robot_control/real_exp/1hop_2obj/results/real/2push__env__obstacle_1_movable__f110e8c4/nav_baseline_penalise/trial2/recordings/session_2026-09-05_18-43-04/full_run.mp4
[Runtime] Sending stop command to robot...
[SerialSender] Stopped
[RealEnv] Stopped
[RemoteObserver] Stopped
[Runtime] Shutdown complete

============================================================
  arm                : nav_baseline_penalise
  reached            : True
  stopped at         : (25.42, 67.21) cm
  distance to goal   : 1.02 cm
  route waypoints    : 57
  route crossed      : obj_1
  objects shoved     : obj_1
  elapsed            : 75.4 s
  failure            : none
============================================================

  Driving alone reached the goal. This scene did NOT need NAMO.

wrote /home/dhruv/projects_dhruv/namo/robot_control/real_exp/1hop_2obj/results/real/2push__env__obstacle_1_movable__f110e8c4/nav_baseline_penalise/trial2/nav_baseline_penalise_1788648260.json

real_exp/1hop_2obj/results/real/2push__env__obstacle_1_movable__f110e8c4/nav_verdict.json already holds a verdict; left alone.
