[Diagnostics] Wrote config.json
[DIAG] Diagnostics enabled: /home/dhruv/projects_dhruv/namo/robot_control/real_exp/results/formal_v2/hmax2/easy_020/uniform_search/trial3
planner: full_namo  |  exec mode: search  local search: best_first/uniform  hmax=2  budget=canonical  device=cuda

Starting NAMO execution...
Press ESCAPE to quit
==================================================
[Runtime] Using remote camera service at tcp://localhost:5556
[Runtime] Speeds in effect: nav=0.40, push=0.40, keyboard/follow_path=0.30
[Runtime] Starting RemoteObserverNode...
[RemoteObserver] Connected to tcp://localhost:5556
[SerialSender] Port /dev/serial/by-id/usb-Espressif_USB_JTAG_serial_debug_unit_10:51:DB:18:34:7C-if00 opened at 115200
[SerialSender] Started at 30.0 Hz
[RealEnv] Started (robot_id=1)
[Runtime] Per-subgoal video + meta will write to /home/dhruv/projects_dhruv/namo/robot_control/real_exp/results/formal_v2/hmax2/easy_020/uniform_search/trial3/recordings/session_2026-08-28_13-59-28

!!!!!!!!!!!!!!!!!!!!!!!!!!!!!!!!!!!!!!!!!!!!!!!!!!!!!!!!!!!!!!!!!!!!!!
!! ROBOT 1 OFFLINE at startup !!
!!   ap_connected=True, alive_ids=[], last_status=0.5s ago [fresh]
!!   Planning will run (sim-only), but the robot CANNOT execute.
!!   Restart the robot or check the camera_service serial link.
!!!!!!!!!!!!!!!!!!!!!!!!!!!!!!!!!!!!!!!!!!!!!!!!!!!!!!!!!!!!!!!!!!!!!!


[Trapped-start recovery] Robot at (28.4, 14.2) cm was in an inflated-obstacle cell; cleared local cells so the planner can BFS from here. Position unchanged.

[NAMOPlanner] Goal BLOCKED - running NAMO planning...

[Trapped-start recovery] Robot at (28.4, 14.2) cm was in an inflated-obstacle cell; cleared local cells so the planner can BFS from here. Position unchanged.

[Trapped-start recovery] Robot at (28.4, 14.2) cm was in an inflated-obstacle cell; cleared local cells so the planner can BFS from here. Position unchanged.



==================================================
Robot Control - Real Robot (Autonomous)
==================================================
Serial port: /dev/serial/by-id/usb-Espressif_USB_JTAG_serial_debug_unit_10:51:DB:18:34:7C-if00
Robot ID: 1
Dry run: False
Speed (autonomous): nav=0.40, push=0.40
==================================================
Running in autonomous mode
Press 'r' to toggle recording
Press 'space' for emergency stop
Press 'escape' to quit
==================================================

[NAMOPlanner] Plan #1: 4730ms, cumulative: 4730ms
[DIAG] plan #1 recorded (success=True)
[NAMOPlanner] MPC mode: preserving 2 pushes from fresh_plan, queuing only the first for real execution
[Subgoal] --> DISPATCH PUSH: obj 'obj_1' at (20.5,27.3,θ=129.6°), edge=45, push_steps=1, robot at (28.4,14.2,θ=106.2°)
[DIAG] subgoal #1 start recorded
[SerialSender] Car 1 CONNECTED (alive now: [1])
[RemoteRecordClient] Recording started → /home/dhruv/projects_dhruv/namo/robot_control/real_exp/results/formal_v2/hmax2/easy_020/uniform_search/trial3/recordings/session_2026-08-28_13-59-28/subgoal_001_push_obj_1_e45_s1.mp4

[Trapped-start recovery] Robot at (28.4, 14.2) cm was in an inflated-obstacle cell; cleared local cells so the planner can BFS from here. Position unchanged.

[PUSH] Starting navigation: robot=(28.4,14.2) → approach=(25.6,21.1)
[NAV] navigate_to: goal=(25.6,21.1) θ=129.6°, from=(28.4,14.2), obstacles=3
[Wavefront] Saved grid image to output_dump/wavefront/wavefront_20260828_135934_001.png (98x155)
[PUSH] navigate_to() returned: True, nav_state=PRE_ROTATING
[NAV] state - -> PRE_ROTATING pose=(28.4,14.2,θ=106.2°) pre_target_θ=126.0° heading_err=+19.7°
[NAV] state PRE_ROTATING -> FOLLOWING pose=(28.4,14.3,θ=106.3°) path_waypoints=10 final_wp=(25.8,21.2)
[NAV] state FOLLOWING -> POST_ROTATING pose=(25.9,20.3,θ=96.5°) goal_θ=129.6° heading_err=+33.1°
[PUSH] Navigation done - transitioning to ADVANCING (nav_state=FINISHED)
[PUSH] >>> PUSHING start: obj 'obj_1' at (20.5,27.2,θ=129.7°), robot at (25.8,21.1,θ=131.7°), edge=45, push_steps=1 (30 ticks)
[PUSH DEBUG] ========== PUSH START ==========
[PUSH DEBUG] Object: pos=(20.5,27.2) theta=129.7° size=(15x7.0)
[PUSH DEBUG] Edge 45: face=3 sample=7
[PUSH DEBUG] Theoretical: edge_pt (25.6,21.1) → mid_pt (20.5,27.2)
[PUSH DEBUG] Actual line: (25.8,21.1) → (20.7,27.3)
[PUSH DEBUG] Mode: FIXED
[PUSH DEBUG] ================================

[PUSH] ========== PUSH COMPLETE ==========
[PUSH] Robot: (23.3, 23.9) theta=128.4°
[PUSH] Δobject 'obj_1': Δpos=(-1.54,+2.05) |Δ|=2.56cm, Δθ=+0.06°
[PUSH] Robot position is BLOCKED in wavefront
[PUSH] Object 'wall_11': (13.5, 41.2) theta=158.6° size=(19.5x5.5)
[PUSH]   Distance robot→object center: 19.8cm
[PUSH] Object 'obj_1': (18.9, 29.3) theta=129.7° size=(15x7.0)
[PUSH]   Distance robot→object center: 7.0cm
[PUSH] Object 'wall_10': (38.7, 31.6) theta=98.2° size=(19.5x5.5)
[PUSH]   Distance robot→object center: 17.2cm
[Wavefront] Saved grid image to /tmp/wavefront/wavefront_20260828_135938.png (98x155)
[PUSH] Wavefront saved to: /tmp/wavefront/wavefront_20260828_135938.png
[PUSH] ======================================

[PUSH] Retreat target: (24.9, 19.2) [BACKWARD]
[PUSH] Retreat reached target after 117 steps: moved 3.1 cm, stopped 1.9 cm from target (tolerance 2.0 cm, commanded speed 0.15), robot at (24.2, 21.0), target (24.9, 19.2)
[Subgoal] <-- DONE (SUCCESS) after 8.3s, robot now at (24.2,21.0,θ=111.0°)
[DIAG] subgoal #1 end recorded (outcome=success)
[DIAG] push recorded (obj=obj_1, Δ=3.15cm, stuck=False)
[RemoteRecordClient] Recording stopped → /home/dhruv/projects_dhruv/namo/robot_control/real_exp/results/formal_v2/hmax2/easy_020/uniform_search/trial3/recordings/session_2026-08-28_13-59-28/subgoal_001_push_obj_1_e45_s1.mp4

[Trapped-start recovery] Robot at (24.2, 21.0) cm was in an inflated-obstacle cell; cleared local cells so the planner can BFS from here. Position unchanged.

[NAMOPlanner] Push complete. Will try reuse from updated real scene for remaining chain len=1
[Runtime] 🔌 Robot 1 → ONLINE (alive_ids=[1], ap_connected=True, last_status=0.7s ago)

[Trapped-start recovery] Robot at (24.2, 21.0) cm was in an inflated-obstacle cell; cleared local cells so the planner can BFS from here. Position unchanged.

[NAMOPlanner] Reuse check from updated real scene: source=fresh_plan, chain_len=2

[Trapped-start recovery] Robot at (24.2, 21.0) cm was in an inflated-obstacle cell; cleared local cells so the planner can BFS from here. Position unchanged.

[DIAG] plan #2 recorded (success=True)
[NAMOPlanner] Reusing suffix chain (1 pushes) from updated real scene
[Subgoal] --> DISPATCH PUSH: obj 'obj_1' at (18.6,29.8,θ=129.4°), edge=16, push_steps=5, robot at (24.2,21.0,θ=111.0°)
[DIAG] subgoal #2 start recorded
[RemoteRecordClient] Recording started → /home/dhruv/projects_dhruv/namo/robot_control/real_exp/results/formal_v2/hmax2/easy_020/uniform_search/trial3/recordings/session_2026-08-28_13-59-28/subgoal_002_push_obj_1_e16_s5.mp4

[Trapped-start recovery] Robot at (24.2, 21.0) cm was in an inflated-obstacle cell; cleared local cells so the planner can BFS from here. Position unchanged.

[PUSH] Starting navigation: robot=(24.2,21.0) → approach=(9.0,22.6)
[NAV] navigate_to: goal=(9.0,22.6) θ=39.4°, from=(24.2,21.0), obstacles=3
[Wavefront] Saved grid image to output_dump/wavefront/wavefront_20260828_135942_002.png (98x155)
[PUSH] navigate_to() returned: True, nav_state=PRE_ROTATING
[NAV] state POST_ROTATING -> PRE_ROTATING pose=(24.2,21.0,θ=111.0°) pre_target_θ=-132.0° heading_err=+117.0°
[NAV] state PRE_ROTATING -> FOLLOWING pose=(24.5,20.8,θ=184.3°) path_waypoints=32 final_wp=(9.2,22.8)
[NAV] state FOLLOWING -> POST_ROTATING pose=(8.5,21.9,θ=70.0°) goal_θ=39.4° heading_err=-30.6°
[PUSH] Navigation done - transitioning to ADVANCING (nav_state=FINISHED)
[PUSH] >>> PUSHING start: obj 'obj_1' at (18.6,29.8,θ=129.2°), robot at (8.3,22.1,θ=39.3°), edge=16, push_steps=5 (150 ticks)
[PUSH DEBUG] ========== PUSH START ==========
[PUSH DEBUG] Object: pos=(18.6,29.8) theta=129.2° size=(15x7.0)
[PUSH DEBUG] Edge 16: face=0 sample=8
[PUSH DEBUG] Theoretical: edge_pt (9.0,22.6) → mid_pt (18.3,30.2)
[PUSH DEBUG] Actual line: (8.3,22.1) → (17.6,29.7)
[PUSH DEBUG] Mode: FIXED
[PUSH DEBUG] ================================

[PUSH] ========== PUSH COMPLETE ==========
[PUSH] Robot: (25.1, 36.0) theta=37.4°
[PUSH] Δobject 'obj_1': Δpos=(+15.37,+12.34) |Δ|=19.71cm, Δθ=-2.14°
[PUSH] Robot position is BLOCKED in wavefront
[PUSH] Object 'wall_11': (13.5, 41.2) theta=158.1° size=(19.5x5.5)
[PUSH]   Distance robot→object center: 12.7cm
[PUSH] Object 'obj_1': (34.0, 42.1) theta=127.1° size=(15x7.0)
[PUSH]   Distance robot→object center: 10.7cm
[PUSH] Object 'wall_10': (38.7, 31.6) theta=98.2° size=(19.5x5.5)
[PUSH]   Distance robot→object center: 14.3cm
[Wavefront] Saved grid image to /tmp/wavefront/wavefront_20260828_135956.png (98x155)
[PUSH] Wavefront saved to: /tmp/wavefront/wavefront_20260828_135956.png
[PUSH] ======================================

[PUSH] Retreat target: (20.4, 34.5) [BACKWARD]
[PUSH] Retreat reached target after 141 steps: moved 3.1 cm, stopped 1.9 cm from target (tolerance 2.0 cm, commanded speed 0.15), robot at (22.1, 35.3), target (20.4, 34.5)
[Subgoal] <-- DONE (SUCCESS) after 18.9s, robot now at (22.1,35.3,θ=21.2°)
[DIAG] subgoal #2 end recorded (outcome=success)
[DIAG] push recorded (obj=obj_1, Δ=21.09cm, stuck=False)
[RemoteRecordClient] Recording stopped → /home/dhruv/projects_dhruv/namo/robot_control/real_exp/results/formal_v2/hmax2/easy_020/uniform_search/trial3/recordings/session_2026-08-28_13-59-28/subgoal_002_push_obj_1_e16_s5.mp4

[Trapped-start recovery] Robot at (22.1, 35.3) cm was in an inflated-obstacle cell; cleared local cells so the planner can BFS from here. Position unchanged.

[NAMOPlanner] Goal is NOW REACHABLE - skipping committed-chain reuse

[Trapped-start recovery] Robot at (22.1, 35.3) cm was in an inflated-obstacle cell; cleared local cells so the planner can BFS from here. Position unchanged.

[NAMOPlanner] Goal REACHABLE - navigating to (29.7, 71.0) [dist=36.5cm]
[Subgoal] --> DISPATCH NAVIGATE: target=(29.7,71.0), robot at (22.1,35.3,θ=21.2°)
[DIAG] subgoal #3 start recorded
[RemoteRecordClient] Recording started → /home/dhruv/projects_dhruv/namo/robot_control/real_exp/results/formal_v2/hmax2/easy_020/uniform_search/trial3/recordings/session_2026-08-28_13-59-28/subgoal_003_navigate.mp4

[Trapped-start recovery] Robot at (22.1, 35.3) cm was in an inflated-obstacle cell; cleared local cells so the planner can BFS from here. Position unchanged.

[NAV] navigate_to: goal=(29.7,71.0) θ=any, from=(22.1,35.3), obstacles=3
[Wavefront] Saved grid image to output_dump/wavefront/wavefront_20260828_140001_003.png (98x155)
[NAV] state POST_ROTATING -> PRE_ROTATING pose=(22.1,35.3,θ=21.2°) pre_target_θ=101.0° heading_err=+79.9°
[NAV] state PRE_ROTATING -> FOLLOWING pose=(22.1,35.2,θ=58.9°) path_waypoints=46 final_wp=(29.8,71.2)
[Subgoal] <-- DONE (SUCCESS) after 9.9s, robot now at (29.6,70.2,θ=89.5°)
[DIAG] subgoal #3 end recorded (outcome=success)
[RemoteRecordClient] Recording stopped → /home/dhruv/projects_dhruv/namo/robot_control/real_exp/results/formal_v2/hmax2/easy_020/uniform_search/trial3/recordings/session_2026-08-28_13-59-28/subgoal_003_navigate.mp4
[NAMOPlanner] GOAL REACHED! Distance: 0.8cm | Total planning: 2 calls, 5010ms cumulative
[Runtime] Plan complete - stopping robot
[Runtime] Shutting down

[Trapped-start recovery] Robot at (29.6, 70.2) cm was in an inflated-obstacle cell; cleared local cells so the planner can BFS from here. Position unchanged.

[Diagnostics] Wrote summary.json (outcome=success)
[Runtime] Sending stop command to robot...
[SerialSender] Stopped
[RealEnv] Stopped
[RemoteObserver] Stopped
[Runtime] Shutdown complete
