[Diagnostics] Wrote config.json
[DIAG] Diagnostics enabled: /home/dhruv/projects_dhruv/namo/robot_control/real_exp/1hop_multi_int/results/real/2push__env__obstacle_0_movable__fbdce248/model_policy/trial3
planner: full_namo  |  exec mode: greedy_policy  local search: best_first/model  ckpt=/home/dhruv/projects_dhruv/namo/ranking/models/HY5U_s2.ckpt  hmax=canonical  budget=canonical  scope=inherited  device=cuda

Starting NAMO execution...
Press ESCAPE to quit
==================================================
[Runtime] Using remote camera service at tcp://localhost:5556
[Runtime] Speeds in effect: nav=0.40, push=0.40, keyboard/follow_path=0.30
[Runtime] Safety filter: OFF
[Runtime] Starting RemoteObserverNode...
[RemoteObserver] Connected to tcp://localhost:5556
[SerialSender] Port /dev/serial/by-id/usb-Espressif_USB_JTAG_serial_debug_unit_10:51:DB:18:34:7C-if00 opened at 115200
[SerialSender] Started at 30.0 Hz
[RealEnv] Started (robot_id=1)
[RemoteRecordClient] Recording started → /home/dhruv/projects_dhruv/namo/robot_control/real_exp/1hop_multi_int/results/real/2push__env__obstacle_0_movable__fbdce248/model_policy/trial3/recordings/session_2026-09-08_01-24-15/full_run.mp4
[Runtime] Full-run video + per-subgoal meta will write to /home/dhruv/projects_dhruv/namo/robot_control/real_exp/1hop_multi_int/results/real/2push__env__obstacle_0_movable__fbdce248/model_policy/trial3/recordings/session_2026-09-08_01-24-15

!!!!!!!!!!!!!!!!!!!!!!!!!!!!!!!!!!!!!!!!!!!!!!!!!!!!!!!!!!!!!!!!!!!!!!
!! ROBOT 1 OFFLINE at startup !!
!!   ap_connected=True, alive_ids=[], last_status=0.5s ago [fresh]
!!   Planning will run (sim-only), but the robot CANNOT execute.
!!   Restart the robot or check the camera_service serial link.
!!!!!!!!!!!!!!!!!!!!!!!!!!!!!!!!!!!!!!!!!!!!!!!!!!!!!!!!!!!!!!!!!!!!!!


[Trapped-start recovery] Robot at (38.6, 7.3) cm was in an inflated-obstacle cell; cleared local cells so the planner can BFS from here. Position unchanged.

[NAMOPlanner] Goal BLOCKED - running NAMO planning...
[NAMOBridge] Warming best-first scorer (checkpoint=/home/dhruv/projects_dhruv/namo/ranking/models/HY5U_s2.ckpt, device=cuda); excluded from planning time

[Trapped-start recovery] Robot at (38.6, 7.3) cm was in an inflated-obstacle cell; cleared local cells so the planner can BFS from here. Position unchanged.


==================================================
Robot Control - Real Robot (Autonomous)
==================================================
Serial port: /dev/serial/by-id/usb-Espressif_USB_JTAG_serial_debug_unit_10:51:DB:18:34:7C-if00
Robot ID: 1
Dry run: False
Speed (autonomous): nav=0.40, push=0.40
==================================================
Running in autonomous mode
Press 'r' to toggle recording
Press 'space' for emergency stop
Press 'escape' to quit
==================================================

[SerialSender] Car 1 CONNECTED (alive now: [1])
[NAMOPlanner] Best-first scorer warmup: 3775ms (recorded separately; excluded from planning_wall_time_ms)

[Trapped-start recovery] Robot at (38.6, 7.3) cm was in an inflated-obstacle cell; cleared local cells so the planner can BFS from here. Position unchanged.

[NAMOPlanner] Plan #1: 111ms, cumulative: 111ms
[DIAG] plan #1 recorded (success=True)
[Subgoal] --> DISPATCH PUSH: obj 'obj_4' at (38.5,22.7,θ=244.8°), edge=46, push_steps=5, robot at (38.6,7.3,θ=96.1°)
[DIAG] subgoal #1 start recorded

[Trapped-start recovery] Robot at (38.6, 7.3) cm was in an inflated-obstacle cell; cleared local cells so the planner can BFS from here. Position unchanged.

[PUSH] Starting navigation: robot=(38.6,7.3) → approach=(35.7,14.8)
[NAV] navigate_to: goal=(35.7,14.8) θ=64.8°, from=(38.6,7.3), obstacles=5
[Wavefront] Saved grid image to output_dump/wavefront/wavefront_20260908_012420_001.png (98x155)
[PUSH] navigate_to() returned: True, nav_state=PRE_ROTATING
[NAV] state - -> PRE_ROTATING pose=(38.6,7.3,θ=96.1°) pre_target_θ=133.6° heading_err=+37.5°
[NAV] state PRE_ROTATING -> FOLLOWING pose=(38.6,7.2,θ=96.1°) path_waypoints=11 final_wp=(35.8,14.3)
[NAV] state FOLLOWING -> POST_ROTATING pose=(35.2,13.3,θ=92.4°) goal_θ=64.8° heading_err=-27.6°
[PUSH] Navigation done - transitioning to ADVANCING (nav_state=FINISHED)
[PUSH] >>> PUSHING start: obj 'obj_4' at (38.3,22.8,θ=247.9°), robot at (35.0,13.8,θ=63.0°), edge=46, push_steps=5 (150 ticks)
[PUSH DEBUG] ========== PUSH START ==========
[PUSH DEBUG] Object: pos=(38.3,22.8) theta=247.9° size=(12.0x7.5)
[PUSH DEBUG] Edge 46: face=2 sample=8
[PUSH DEBUG] Theoretical: edge_pt (35.9,14.8) → mid_pt (39.1,22.5)
[PUSH DEBUG] Actual line: (35.0,13.8) → (38.1,21.4)
[PUSH DEBUG] Mode: FIXED
[PUSH DEBUG] ================================

[PUSH] ========== PUSH COMPLETE ==========
[PUSH] Robot: (40.1, 30.6) theta=76.4°
[PUSH] Δobject 'obj_4': Δpos=(+3.77,+14.84) |Δ|=15.31cm, Δθ=+11.34°
[PUSH] Robot position is BLOCKED in wavefront
[PUSH] Object 'wall_12': (12.8, 37.2) theta=227.1° size=(19.5x5.5)
[PUSH]   Distance robot→object center: 28.1cm
[PUSH] Object 'obj_4': (42.0, 37.6) theta=259.2° size=(12.0x7.5)
[PUSH]   Distance robot→object center: 7.3cm
[PUSH] Object 'wall_10': (19.6, 22.4) theta=243.7° size=(19.5x5.5)
[PUSH]   Distance robot→object center: 22.1cm
[PUSH] Object 'obj_1': (46.1, 49.0) theta=182.5° size=(15x7.0)
[PUSH]   Distance robot→object center: 19.3cm
[PUSH] Object 'wall_11': (24.8, 39.9) theta=61.2° size=(19.5x5.5)
[PUSH]   Distance robot→object center: 17.9cm
[Wavefront] Saved grid image to /tmp/wavefront/wavefront_20260908_012429.png (98x155)
[PUSH] Wavefront saved to: /tmp/wavefront/wavefront_20260908_012429.png
[PUSH] ======================================

[PUSH] Retreat target: (37.3, 26.5) [BACKWARD]
[PUSH] Retreat reached target after 117 steps: moved 3.0 cm, stopped 2.0 cm from target (tolerance 2.0 cm, commanded speed 0.15), robot at (38.4, 28.2), target (37.3, 26.5)
[Subgoal] <-- DONE (SUCCESS) after 13.4s, robot now at (38.4,28.2,θ=56.8°)
[DIAG] subgoal #1 end recorded (outcome=success)
[DIAG] push recorded (obj=obj_4, Δ=15.87cm, stuck=False)
[NAMOPlanner] Greedy policy step complete; replanning from fresh camera observation
[Runtime] 🔌 Robot 1 → ONLINE (alive_ids=[1], ap_connected=True, last_status=0.2s ago)

[Trapped-start recovery] Robot at (38.4, 28.2) cm was in an inflated-obstacle cell; cleared local cells so the planner can BFS from here. Position unchanged.

[NAMOPlanner] Goal BLOCKED - running NAMO planning...

[Trapped-start recovery] Robot at (38.4, 28.2) cm was in an inflated-obstacle cell; cleared local cells so the planner can BFS from here. Position unchanged.

[NAMOPlanner] Plan #2: 84ms, cumulative: 195ms
[DIAG] plan #2 recorded (success=True)
[Subgoal] --> DISPATCH PUSH: obj 'obj_4' at (41.8,38.3,θ=259.9°), edge=42, push_steps=5, robot at (38.4,28.2,θ=56.8°)
[DIAG] subgoal #2 start recorded

[Trapped-start recovery] Robot at (38.4, 28.2) cm was in an inflated-obstacle cell; cleared local cells so the planner can BFS from here. Position unchanged.

[PUSH] Starting navigation: robot=(38.4,28.2) → approach=(39.5,30.3)
[NAV] navigate_to: goal=(39.5,30.3) θ=79.9°, from=(38.4,28.2), obstacles=5
[Wavefront] Saved grid image to output_dump/wavefront/wavefront_20260908_012433_002.png (98x155)
[NAV] navigate_to: already at goal (all 4 waypoints within 3.5cm of robot). Skipping FOLLOWING.
[PUSH] navigate_to() returned: True, nav_state=POST_ROTATING
[NAV] state - -> POST_ROTATING pose=(38.4,28.2,θ=56.8°) goal_θ=79.9° heading_err=+23.1°
[PUSH] Navigation done - transitioning to ADVANCING (nav_state=FINISHED)
[PUSH] >>> PUSHING start: obj 'obj_4' at (41.8,38.3,θ=259.9°), robot at (38.2,27.9,θ=78.7°), edge=42, push_steps=5 (150 ticks)
[PUSH DEBUG] ========== PUSH START ==========
[PUSH DEBUG] Object: pos=(41.8,38.3) theta=259.9° size=(12.0x7.5)
[PUSH DEBUG] Edge 42: face=2 sample=6
[PUSH DEBUG] Theoretical: edge_pt (39.5,30.3) → mid_pt (40.9,38.4)
[PUSH DEBUG] Actual line: (38.2,27.9) → (39.6,36.0)
[PUSH DEBUG] Mode: FIXED
[PUSH DEBUG] ================================

[PUSH] ========== PUSH COMPLETE ==========
[PUSH] Robot: (39.2, 43.5) theta=84.8°
[PUSH] Δobject 'obj_4': Δpos=(+0.22,+12.31) |Δ|=12.32cm, Δθ=+10.50°
[PUSH] Robot position is BLOCKED in wavefront
[PUSH] Object 'wall_12': (12.8, 37.2) theta=227.1° size=(19.5x5.5)
[PUSH]   Distance robot→object center: 27.1cm
[PUSH] Object 'wall_10': (19.6, 22.4) theta=243.7° size=(19.5x5.5)
[PUSH]   Distance robot→object center: 28.7cm
[PUSH] Object 'obj_1': (46.1, 62.0) theta=158.0° size=(15x7.0)
[PUSH]   Distance robot→object center: 19.8cm
[PUSH] Object 'obj_4': (42.0, 50.6) theta=270.4° size=(12.0x7.5)
[PUSH]   Distance robot→object center: 7.6cm
[PUSH] Object 'wall_11': (24.8, 39.9) theta=61.2° size=(19.5x5.5)
[PUSH]   Distance robot→object center: 14.8cm
[Wavefront] Saved grid image to /tmp/wavefront/wavefront_20260908_012440.png (98x155)
[PUSH] Wavefront saved to: /tmp/wavefront/wavefront_20260908_012440.png
[PUSH] ======================================

[PUSH] Retreat target: (39.1, 38.5) [BACKWARD]
[PUSH] Retreat reached target after 83 steps: moved 3.1 cm, stopped 1.9 cm from target (tolerance 2.0 cm, commanded speed 0.15), robot at (39.0, 40.4), target (39.1, 38.5)
[Subgoal] <-- DONE (SUCCESS) after 9.6s, robot now at (39.0,40.4,θ=89.6°)
[DIAG] subgoal #2 end recorded (outcome=success)
[DIAG] push recorded (obj=obj_4, Δ=12.68cm, stuck=False)
[NAMOPlanner] Greedy policy step complete; replanning from fresh camera observation

[Trapped-start recovery] Robot at (39.0, 40.4) cm was in an inflated-obstacle cell; cleared local cells so the planner can BFS from here. Position unchanged.

[NAMOPlanner] Goal REACHABLE - navigating to (20.1, 58.6) [dist=26.3cm]
[Subgoal] --> DISPATCH NAVIGATE: target=(20.1,58.6), robot at (39.0,40.4,θ=89.6°)
[DIAG] subgoal #3 start recorded

[Trapped-start recovery] Robot at (39.0, 40.4) cm was in an inflated-obstacle cell; cleared local cells so the planner can BFS from here. Position unchanged.

[NAV] navigate_to: goal=(20.1,58.6) θ=any, from=(39.0,40.4), obstacles=5
[Wavefront] Saved grid image to output_dump/wavefront/wavefront_20260908_012443_003.png (98x155)
[NAV] state POST_ROTATING -> PRE_ROTATING pose=(39.0,40.4,θ=89.6°) pre_target_θ=139.9° heading_err=+50.3°
[NAV] state PRE_ROTATING -> FOLLOWING pose=(39.2,40.1,θ=99.6°) path_waypoints=39 final_wp=(20.2,58.8)
[Subgoal] <-- DONE (SUCCESS) after 6.2s, robot now at (19.8,57.8,θ=80.2°)
[DIAG] subgoal #3 end recorded (outcome=success)
[NAMOPlanner] GOAL REACHED! Distance: 0.9cm | Total planning: 2 calls, 195ms cumulative
[Runtime] Plan complete - stopping robot
[Runtime] Shutting down

[Trapped-start recovery] Robot at (19.8, 57.8) cm was in an inflated-obstacle cell; cleared local cells so the planner can BFS from here. Position unchanged.

[Diagnostics] Wrote summary.json (outcome=success)
[RemoteRecordClient] Recording stopped → /home/dhruv/projects_dhruv/namo/robot_control/real_exp/1hop_multi_int/results/real/2push__env__obstacle_0_movable__fbdce248/model_policy/trial3/recordings/session_2026-09-08_01-24-15/full_run.mp4
[Runtime] Sending stop command to robot...
[SerialSender] Stopped
[RealEnv] Stopped
[RemoteObserver] Stopped
[Runtime] Shutdown complete
