[Diagnostics] Wrote config.json
[DIAG] Diagnostics enabled: /home/dhruv/projects_dhruv/namo/robot_control/real_exp/1hop_2obj/results/real/2push__env__obstacle_1_movable__f110e8c4/nav_baseline_penalise/trial1
Goal given: (24.4, 67.0) cm

Pure navigation baseline, mode 'penalise'. No pushes will be planned.
Press ESCAPE to quit
============================================================
[Runtime] Using remote camera service at tcp://localhost:5556
[Runtime] Speeds in effect: nav=0.40, push=0.40, keyboard/follow_path=0.30
[Runtime] Starting RemoteObserverNode...
[RemoteObserver] Connected to tcp://localhost:5556
[SerialSender] Port /dev/serial/by-id/usb-Espressif_USB_JTAG_serial_debug_unit_10:51:DB:18:34:7C-if00 opened at 115200
[SerialSender] Started at 30.0 Hz
[RealEnv] Started (robot_id=1)
[SerialSender] Car 1 CONNECTED (alive now: [1])
[RemoteRecordClient] Recording started → /home/dhruv/projects_dhruv/namo/robot_control/real_exp/1hop_2obj/results/real/2push__env__obstacle_1_movable__f110e8c4/nav_baseline_penalise/trial1/recordings/session_2026-09-05_18-30-40/full_run.mp4
[Runtime] Full-run video + per-subgoal meta will write to /home/dhruv/projects_dhruv/namo/robot_control/real_exp/1hop_2obj/results/real/2push__env__obstacle_1_movable__f110e8c4/nav_baseline_penalise/trial1/recordings/session_2026-09-05_18-30-40
[Runtime] 🔌 Robot 1 ONLINE at startup (alive_ids=[1], ap_connected=True)
[Diagnostics] ⚠️ scene_before.xml capture failed: no xml source path provided

==================================================
Robot Control - Real Robot (Autonomous)
==================================================
Serial port: /dev/serial/by-id/usb-Espressif_USB_JTAG_serial_debug_unit_10:51:DB:18:34:7C-if00
Robot ID: 1
Dry run: False
Speed (autonomous): nav=0.40, push=0.40
==================================================
Running in autonomous mode
[Subgoal] --> DISPATCH NAVIGATE: target=(24.4,67.0), robot at (35.9,14.5,θ=100.8°)
[DIAG] subgoal #1 start recorded
Press 'r' to toggle recording[NAV] navigate_to: goal=(24.4,67.0) θ=any, from=(35.9,14.5), obstacles=5
[NAV] state - -> PRE_ROTATING pose=(35.9,14.5,θ=100.8°) pre_target_θ=134.1° heading_err=+33.2°
[NAV] state PRE_ROTATING -> FOLLOWING pose=(35.9,14.5,θ=100.9°) path_waypoints=94 final_wp=(24.2,67.2)

Press 'space' for emergency stop
Press 'escape' to quit
==================================================

[SerialSender] ⚠️ Car 1 DISCONNECTED (alive now: [])
[SerialSender] Car 1 CONNECTED (alive now: [1])
[NAV] !! NO PROGRESS (blocked): robot at (35.9,14.5,θ=100.9°) has not moved 0.5 cm or turned 3.0° in 3.0s. Treating as FAILED so the subgoal can end.
[NAV] Retreating to (35.1, 9.6)
[NAV] state FOLLOWING -> RETREATING pose=(35.9,14.5,θ=100.9°)
[NAV] Retreat done after 90 ticks (ran out of ticks); drive FAILED (blocked).
[Subgoal] <-- DONE (FAILED) after 6.0s, robot now at (35.9,14.5,θ=100.9°)
[DIAG] subgoal #1 end recorded (outcome=failed)
[Subgoal] --> DISPATCH NAVIGATE: target=(24.4,67.0), robot at (35.9,14.5,θ=100.9°)
[DIAG] subgoal #2 start recorded
[NAV] navigate_to: goal=(24.4,67.0) θ=any, from=(35.9,14.5), obstacles=5
[NAV] state RETREATING -> PRE_ROTATING pose=(35.9,14.5,θ=100.9°) pre_target_θ=134.0° heading_err=+33.2°
[NAV] state PRE_ROTATING -> FOLLOWING pose=(35.9,14.5,θ=100.8°) path_waypoints=94 final_wp=(24.2,67.2)
[NAV] !! NO PROGRESS (blocked): robot at (35.9,14.5,θ=100.9°) has not moved 0.5 cm or turned 3.0° in 3.0s. Treating as FAILED so the subgoal can end.
[NAV] Retreating to (35.1, 9.6)
[NAV] state FOLLOWING -> RETREATING pose=(35.9,14.5,θ=100.9°)
[NAV] Retreat done after 76 ticks (reached the cell); drive FAILED (blocked).
[Subgoal] <-- DONE (FAILED) after 5.6s, robot now at (35.7,11.6,θ=112.7°)
[DIAG] subgoal #2 end recorded (outcome=failed)
[Subgoal] --> DISPATCH NAVIGATE: target=(24.4,67.0), robot at (35.7,11.6,θ=112.7°)
[DIAG] subgoal #3 start recorded
[NAV] navigate_to: goal=(24.4,67.0) θ=any, from=(35.7,11.6), obstacles=5
[NAV] state RETREATING -> PRE_ROTATING pose=(35.7,11.6,θ=112.7°) pre_target_θ=132.9° heading_err=+20.1°
[NAV] state PRE_ROTATING -> FOLLOWING pose=(34.8,12.6,θ=111.2°) path_waypoints=96 final_wp=(24.2,67.2)
[NAV] !! NO PROGRESS (blocked): robot at (34.9,12.5,θ=111.3°) has not moved 0.5 cm or turned 3.0° in 3.0s. Treating as FAILED so the subgoal can end.
[NAV] Retreating to (35.0, 7.5)
[NAV] state FOLLOWING -> RETREATING pose=(34.9,12.5,θ=111.3°)
[NAV] Retreat done after 8 ticks (reached the cell); drive FAILED (blocked).
[Subgoal] <-- DONE (FAILED) after 3.3s, robot now at (37.4,8.8,θ=119.3°)
[DIAG] subgoal #3 end recorded (outcome=failed)
[Subgoal] --> DISPATCH NAVIGATE: target=(24.4,67.0), robot at (37.4,8.8,θ=119.3°)
[DIAG] subgoal #4 start recorded
[NAV] navigate_to: goal=(24.4,67.0) θ=any, from=(37.4,8.8), obstacles=5
[NAV] state RETREATING -> PRE_ROTATING pose=(37.4,8.8,θ=119.3°) pre_target_θ=137.3° heading_err=+18.0°
[NAV] state PRE_ROTATING -> FOLLOWING pose=(35.3,11.2,θ=107.9°) path_waypoints=101 final_wp=(24.2,67.2)
[NAV] !! NO PROGRESS (blocked): robot at (36.3,-2.0,θ=99.5°) has not moved 0.5 cm or turned 3.0° in 3.0s. Treating as FAILED so the subgoal can end.
[NAV] No free cell behind the robot; backing out blind.
[NAV] state FOLLOWING -> RETREATING pose=(36.3,-2.0,θ=99.5°)
[NAV] Retreat done after 90 ticks (ran out of ticks); drive FAILED (blocked).
[Subgoal] <-- DONE (FAILED) after 8.0s, robot now at (36.2,-1.7,θ=76.7°)
[DIAG] subgoal #4 end recorded (outcome=failed)
[Runtime] Planning failed - stopping robot
[Runtime] Shutting down
[Diagnostics] ⚠️ scene_after.xml capture failed: no xml source path provided
[Diagnostics] Wrote summary.json (outcome=failure)
[RemoteRecordClient] Recording stopped → /home/dhruv/projects_dhruv/namo/robot_control/real_exp/1hop_2obj/results/real/2push__env__obstacle_1_movable__f110e8c4/nav_baseline_penalise/trial1/recordings/session_2026-09-05_18-30-40/full_run.mp4
[Runtime] Sending stop command to robot...
[SerialSender] Stopped
[RealEnv] Stopped
[RemoteObserver] Stopped
[Runtime] Shutdown complete

============================================================
  arm                : nav_baseline_penalise
  reached            : False
  stopped at         : (36.15, -1.73) cm
  distance to goal   : 69.72 cm
  route waypoints    : 128
  route crossed      : nothing
  objects shoved     : none
  elapsed            : 23.2 s
  failure            : no_route_around_static_geometry
============================================================

  Driving alone did not reach the goal. Reset the scene, then
  run the NAMO trial on the same layout.

wrote /home/dhruv/projects_dhruv/namo/robot_control/real_exp/1hop_2obj/results/real/2push__env__obstacle_1_movable__f110e8c4/nav_baseline_penalise/trial1/nav_baseline_penalise_1788647464.json
wrote real_exp/1hop_2obj/results/real/2push__env__obstacle_1_movable__f110e8c4/nav_verdict.json (qualifies is unset, waiting on your call)
