[Diagnostics] Wrote config.json
[DIAG] Diagnostics enabled: /home/dhruv/projects_dhruv/namo/robot_control/push_calibration/obj_1/edge1/depth9/trial1
[tier2] wheel commands will be logged to /home/dhruv/projects_dhruv/namo/robot_control/push_calibration/obj_1/edge1/depth9/trial1/wheel_commands.jsonl
[collect] 1 trial(s) loaded from push_calibration/obj_1/edge1/depth9/spec.yaml
[collect] obstacle_target = (25.0, 35.0) cm  reset_tolerance = 3.0 cm
[mid-obs] logging every camera observation → /home/dhruv/projects_dhruv/namo/robot_control/push_calibration/obj_1/edge1/depth9/trial1/mid_obs.jsonl
[Runtime] Using remote camera service at tcp://localhost:5556
[Runtime] Speeds in effect: nav=0.40, push=0.40, keyboard/follow_path=0.30
[fresh] planner.attach_obs_source(world.get) wired
[Runtime] Starting RemoteObserverNode...
[RemoteObserver] Connected to tcp://localhost:5556
[SerialSender] Port /dev/serial/by-id/usb-Espressif_USB_JTAG_serial_debug_unit_10:51:DB:18:34:7C-if00 opened at 115200
[SerialSender] Started at 30.0 Hz
[RealEnv] Started (robot_id=1)
[Runtime] Per-subgoal video + meta will write to /home/dhruv/projects_dhruv/namo/robot_control/push_calibration/obj_1/edge1/depth9/trial1/recordings/session_2026-05-25_13-58-39
[SerialSender] Car 1 CONNECTED (alive now: [1])
[Runtime] 🔌 Robot 1 ONLINE at startup (alive_ids=[1], ap_connected=True)

=== Trial 1/1 === object=obj_1 edge_idx=1 push_steps=10
  [skip_reset] start pose: (17.41, 24.55) θ=358.70°. pushing...
[Subgoal] --> DISPATCH PUSH: obj 'obj_1' at (17.4,24.5,θ=358.7°), edge=1, push_steps=10, robot at (18.0,7.4,θ=89.0°)
[DIAG] subgoal #1 start recorded
[RemoteRecordClient] Recording started → /home/dhruv/projects_dhruv/namo/robot_control/push_calibration/obj_1/edge1/depth9/trial1/recordings/session_2026-05-25_13-58-39/subgoal_001_push_obj_1_e1_s10.mp4
[PUSH] Starting navigation: robot=(18.0,7.4) → approach=(13.6,12.9)
[NAV] navigate_to: goal=(13.6,12.9) θ=88.7°, from=(18.0,7.4), obstacles=1
[Diagnostics] ⚠️ scene_before.xml capture failed: no xml source path provided

==================================================
Robot Control - Real Robot (Autonomous)
==================================================
Serial port: /dev/serial/by-id/usb-Espressif_USB_JTAG_serial_debug_unit_10:51:DB:18:34:7C-if00
Robot ID: 1
Dry run: False
Speed: 0.3
==================================================
Running in autonomous mode
Press 'r' to toggle recording
Press 'space' for emergency stop
Press 'escape' to quit
==================================================

[Wavefront] Saved grid image to output_dump/wavefront/wavefront_20260525_135840_001.png (98x155)
[PUSH] navigate_to() returned: True, nav_state=PRE_ROTATING
[NAV] state - -> PRE_ROTATING pose=(18.0,7.4,θ=89.0°) pre_target_θ=134.4° heading_err=+45.4°
[NAV] state PRE_ROTATING -> FOLLOWING pose=(18.1,7.3,θ=92.3°) path_waypoints=11 final_wp=(13.8,12.8)
[SerialSender] ⚠️ Car 1 DISCONNECTED (alive now: [])
[SerialSender] Car 1 CONNECTED (alive now: [1])
[NAV] state FOLLOWING -> POST_ROTATING pose=(14.2,11.9,θ=122.7°) goal_θ=88.7° heading_err=-34.0°
[PUSH] Navigation done - transitioning to ADVANCING (nav_state=FINISHED)
[PUSH] >>> PUSHING start: obj 'obj_1' at (17.4,24.5,θ=358.7°), robot at (13.8,12.3,θ=88.6°), edge=1, push_steps=10 (260 ticks)
[PUSH DEBUG] ========== PUSH START ==========
[PUSH DEBUG] Object: pos=(17.4,24.5) theta=358.7° size=(15x7.0)
[PUSH DEBUG] Edge 1: face=1 sample=0
[PUSH DEBUG] Theoretical: edge_pt (13.6,12.9) → mid_pt (13.9,24.6)
[PUSH DEBUG] Actual line: (13.8,12.3) → (14.1,24.0)
[PUSH DEBUG] Mode: FIXED
[PUSH DEBUG] ================================

[PUSH] ========== PUSH COMPLETE ==========
[PUSH] Robot: (14.7, 43.5) theta=88.2°
[PUSH] Δobject 'obj_1': Δpos=(+7.19,+12.73) |Δ|=14.62cm, Δθ=-92.35°
[PUSH] Robot position is BLOCKED in wavefront
[PUSH] Object 'obj_1': (24.6, 37.2) theta=266.3° size=(15x7.0)
[PUSH]   Distance robot→object center: 11.8cm
[Wavefront] Saved grid image to /tmp/wavefront/wavefront_20260525_135853.png (98x155)
[PUSH] Wavefront saved to: /tmp/wavefront/wavefront_20260525_135853.png
[PUSH] ======================================

[PUSH] Retreat target: (12.8, 38.9) [BACKWARD]
[Subgoal] <-- DONE (SUCCESS) after 18.0s, robot now at (13.5,40.7,θ=70.2°)
[DIAG] subgoal #1 end recorded (outcome=success)
[DIAG] push recorded (obj=obj_1, Δ=14.62cm, stuck=False)
[RemoteRecordClient] Recording stopped → /home/dhruv/projects_dhruv/namo/robot_control/push_calibration/obj_1/edge1/depth9/trial1/recordings/session_2026-05-25_13-58-39/subgoal_001_push_obj_1_e1_s10.mp4
[Runtime] Plan complete - stopping robot
[Runtime] Shutting down
