[Diagnostics] Wrote config.json
[DIAG] Diagnostics enabled: /home/dhruv/projects_dhruv/namo/robot_control/real_exp/1hop_multi_int/results/real/2push__env__obstacle_0_movable__fbdce248/uniform_search/trial3
planner: full_namo  |  exec mode: search  local search: best_first/uniform  hmax=canonical  budget=canonical  scope=inherited  device=cuda

Starting NAMO execution...
Press ESCAPE to quit
==================================================
[Runtime] Using remote camera service at tcp://localhost:5556
[Runtime] Speeds in effect: nav=0.40, push=0.40, keyboard/follow_path=0.30
[Runtime] Safety filter: OFF
[Runtime] Starting RemoteObserverNode...
[RemoteObserver] Connected to tcp://localhost:5556
[SerialSender] Port /dev/serial/by-id/usb-Espressif_USB_JTAG_serial_debug_unit_10:51:DB:18:34:7C-if00 opened at 115200
[SerialSender] Started at 30.0 Hz
[RealEnv] Started (robot_id=1)
[RemoteRecordClient] Recording started → /home/dhruv/projects_dhruv/namo/robot_control/real_exp/1hop_multi_int/results/real/2push__env__obstacle_0_movable__fbdce248/uniform_search/trial3/recordings/session_2026-09-08_01-49-13/full_run.mp4
[Runtime] Full-run video + per-subgoal meta will write to /home/dhruv/projects_dhruv/namo/robot_control/real_exp/1hop_multi_int/results/real/2push__env__obstacle_0_movable__fbdce248/uniform_search/trial3/recordings/session_2026-09-08_01-49-13
[SerialSender] Car 1 CONNECTED (alive now: [1])
[SerialSender] ⚠️ Car 1 DISCONNECTED (alive now: [])

!!!!!!!!!!!!!!!!!!!!!!!!!!!!!!!!!!!!!!!!!!!!!!!!!!!!!!!!!!!!!!!!!!!!!!
!! ROBOT 1 OFFLINE at startup !!
!!   ap_connected=True, alive_ids=[], last_status=0.1s ago [fresh]
!!   Planning will run (sim-only), but the robot CANNOT execute.
!!   Restart the robot or check the camera_service serial link.
!!!!!!!!!!!!!!!!!!!!!!!!!!!!!!!!!!!!!!!!!!!!!!!!!!!!!!!!!!!!!!!!!!!!!!


[Trapped-start recovery] Robot at (37.9, 10.9) cm was in an inflated-obstacle cell; cleared local cells so the planner can BFS from here. Position unchanged.


[Trapped-start recovery] Robot at (37.9, 10.9) cm was in an inflated-obstacle cell; cleared local cells so the planner can BFS from here. Position unchanged.

[NAMOPlanner] Goal BLOCKED - running NAMO planning...

[Trapped-start recovery] Robot at (37.9, 10.8) cm was in an inflated-obstacle cell; cleared local cells so the planner can BFS from here. Position unchanged.


[Trapped-start recovery] Robot at (37.9, 10.9) cm was in an inflated-obstacle cell; cleared local cells so the planner can BFS from here. Position unchanged.

[Runtime] sim-success: start XML → /home/dhruv/projects_dhruv/namo/robot_control/real_exp/1hop_multi_int/results/real/2push__env__obstacle_0_movable__fbdce248/uniform_search/trial3/sim_replay_start.xml

==================================================
Robot Control - Real Robot (Autonomous)
==================================================
Serial port: /dev/serial/by-id/usb-Espressif_USB_JTAG_serial_debug_unit_10:51:DB:18:34:7C-if00
Robot ID: 1
Dry run: False
Speed (autonomous): nav=0.40, push=0.40
==================================================
Running in autonomous mode
Press 'r' to toggle recording
Press 'space' for emergency stop
Press 'escape' to quit
==================================================

[SerialSender] Car 1 CONNECTED (alive now: [1])
[NAMOPlanner] Plan #1: 80947ms, cumulative: 80947ms
[DIAG] plan #1 recorded (success=True)
[NAMOPlanner] MPC mode: preserving 2 pushes from fresh_plan, queuing only the first for real execution
[SerialSender] ⚠️ Car 1 DISCONNECTED (alive now: [])
[SerialSender] Car 1 CONNECTED (alive now: [1])
[sim_replay_subprocess] re-encoded plan_001_replay.mp4 to H.264 for compatibility
[sim_replay_subprocess] wrote /home/dhruv/projects_dhruv/namo/robot_control/real_exp/1hop_multi_int/results/real/2push__env__obstacle_0_movable__fbdce248/uniform_search/trial3/sim_replays/plan_001_replay.mp4 (5900 frames @ 30 fps, stride=17)
[Runtime] sim-success per-plan: plan #1 (2 push(es)) → /home/dhruv/projects_dhruv/namo/robot_control/real_exp/1hop_multi_int/results/real/2push__env__obstacle_0_movable__fbdce248/uniform_search/trial3/sim_replays/
[Subgoal] --> DISPATCH PUSH: obj 'obj_4' at (38.7,22.6,θ=67.7°), edge=47, push_steps=5, robot at (37.9,10.9,θ=91.5°)
[DIAG] subgoal #1 start recorded

[Trapped-start recovery] Robot at (37.9, 10.9) cm was in an inflated-obstacle cell; cleared local cells so the planner can BFS from here. Position unchanged.

[PUSH] Starting navigation: robot=(37.9,10.9) → approach=(34.8,15.3)
[NAV] navigate_to: goal=(34.8,15.3) θ=67.7°, from=(37.9,10.9), obstacles=5
[Wavefront] Saved grid image to output_dump/wavefront/wavefront_20260908_015039_001.png (98x155)
[PUSH] navigate_to() returned: True, nav_state=PRE_ROTATING
[NAV] state - -> PRE_ROTATING pose=(37.9,10.9,θ=91.5°) pre_target_θ=137.8° heading_err=+46.4°
[NAV] state PRE_ROTATING -> FOLLOWING pose=(38.1,10.7,θ=94.7°) path_waypoints=8 final_wp=(34.8,14.8)
[NAV] state FOLLOWING -> POST_ROTATING pose=(34.9,13.8,θ=132.1°) goal_θ=67.7° heading_err=-64.4°
[PUSH] Navigation done - transitioning to ADVANCING (nav_state=FINISHED)
[PUSH] >>> PUSHING start: obj 'obj_4' at (38.7,22.6,θ=68.2°), robot at (34.5,14.4,θ=67.9°), edge=47, push_steps=5 (150 ticks)
[PUSH DEBUG] ========== PUSH START ==========
[PUSH DEBUG] Object: pos=(38.7,22.6) theta=68.2° size=(12.0x7.5)
[PUSH DEBUG] Edge 47: face=3 sample=8
[PUSH DEBUG] Theoretical: edge_pt (34.8,15.3) → mid_pt (37.9,23.0)
[PUSH DEBUG] Actual line: (34.5,14.4) → (37.5,22.0)
[PUSH DEBUG] Mode: FIXED
[PUSH DEBUG] ================================

[PUSH] ========== PUSH COMPLETE ==========
[PUSH] Robot: (42.0, 35.8) theta=70.7°
[PUSH] Δobject 'obj_4': Δpos=(+4.29,+20.57) |Δ|=21.02cm, Δθ=+19.66°
[PUSH] Robot position is FREE in wavefront
[PUSH] Object 'wall_12': (12.8, 37.2) theta=227.1° size=(19.5x5.5)
[PUSH]   Distance robot→object center: 29.3cm
[PUSH] Object 'obj_4': (43.0, 43.2) theta=87.9° size=(12.0x7.5)
[PUSH]   Distance robot→object center: 7.4cm
[PUSH] Object 'wall_10': (19.7, 22.4) theta=243.7° size=(19.5x5.5)
[PUSH]   Distance robot→object center: 26.1cm
[PUSH] Object 'obj_1': (45.8, 54.7) theta=164.9° size=(15x7.0)
[PUSH]   Distance robot→object center: 19.2cm
[PUSH] Object 'wall_11': (24.9, 39.9) theta=61.2° size=(19.5x5.5)
[PUSH]   Distance robot→object center: 17.6cm
[Wavefront] Saved grid image to /tmp/wavefront/wavefront_20260908_015047.png (98x155)
[PUSH] Wavefront saved to: /tmp/wavefront/wavefront_20260908_015047.png
[PUSH] ======================================

[PUSH] Retreat target: (38.9, 32.0) [BACKWARD]
[PUSH] Retreat reached target after 89 steps: moved 3.0 cm, stopped 2.0 cm from target (tolerance 2.0 cm, commanded speed 0.15), robot at (39.9, 33.6), target (38.9, 32.0)
[Subgoal] <-- DONE (SUCCESS) after 11.5s, robot now at (39.9,33.6,θ=53.7°)
[DIAG] subgoal #1 end recorded (outcome=success)
[DIAG] push recorded (obj=obj_4, Δ=21.97cm, stuck=False)

[Trapped-start recovery] Robot at (39.9, 33.6) cm was in an inflated-obstacle cell; cleared local cells so the planner can BFS from here. Position unchanged.

[NAMOPlanner] Push complete. Will try reuse from updated real scene for remaining chain len=1
[Runtime] 🔌 Robot 1 → ONLINE (alive_ids=[1], ap_connected=True, last_status=0.9s ago)

[Trapped-start recovery] Robot at (39.9, 33.6) cm was in an inflated-obstacle cell; cleared local cells so the planner can BFS from here. Position unchanged.

[NAMOPlanner] Reuse check from updated real scene: source=fresh_plan, chain_len=2

[Trapped-start recovery] Robot at (39.9, 33.6) cm was in an inflated-obstacle cell; cleared local cells so the planner can BFS from here. Position unchanged.

[DIAG] plan #2 recorded (success=True)
[NAMOPlanner] Reusing suffix chain (1 pushes) from updated real scene
[sim_replay_subprocess] re-encoded plan_002_replay.mp4 to H.264 for compatibility
[sim_replay_subprocess] wrote /home/dhruv/projects_dhruv/namo/robot_control/real_exp/1hop_multi_int/results/real/2push__env__obstacle_0_movable__fbdce248/uniform_search/trial3/sim_replays/plan_002_replay.mp4 (2950 frames @ 30 fps, stride=17)
[Runtime] sim-success per-plan: plan #2 (1 push(es)) → /home/dhruv/projects_dhruv/namo/robot_control/real_exp/1hop_multi_int/results/real/2push__env__obstacle_0_movable__fbdce248/uniform_search/trial3/sim_replays/
[Subgoal] --> DISPATCH PUSH: obj 'obj_4' at (43.6,44.1,θ=87.2°), edge=45, push_steps=5, robot at (39.9,33.6,θ=53.7°)
[DIAG] subgoal #2 start recorded

[Trapped-start recovery] Robot at (39.9, 33.6) cm was in an inflated-obstacle cell; cleared local cells so the planner can BFS from here. Position unchanged.

[PUSH] Starting navigation: robot=(39.9,33.6) → approach=(43.2,35.8)
[NAV] navigate_to: goal=(43.2,35.8) θ=87.2°, from=(39.9,33.6), obstacles=5
[Wavefront] Saved grid image to output_dump/wavefront/wavefront_20260908_015053_002.png (98x155)
[PUSH] navigate_to() returned: True, nav_state=PRE_ROTATING
[NAV] state POST_ROTATING -> PRE_ROTATING pose=(39.9,33.6,θ=53.7°) pre_target_θ=32.6° heading_err=-21.2°
[NAV] state PRE_ROTATING -> FOLLOWING pose=(39.8,33.4,θ=53.3°) path_waypoints=6 final_wp=(43.2,35.8)
[NAV] state FOLLOWING -> POST_ROTATING pose=(42.9,35.5,θ=22.2°) goal_θ=87.2° heading_err=+65.0°
[PUSH] Navigation done - transitioning to ADVANCING (nav_state=FINISHED)
[PUSH] >>> PUSHING start: obj 'obj_4' at (43.6,44.0,θ=87.3°), robot at (43.5,35.5,θ=85.8°), edge=45, push_steps=5 (150 ticks)
[PUSH DEBUG] ========== PUSH START ==========
[PUSH DEBUG] Object: pos=(43.6,44.0) theta=87.3° size=(12.0x7.5)
[PUSH DEBUG] Edge 45: face=3 sample=7
[PUSH DEBUG] Theoretical: edge_pt (43.2,35.8) → mid_pt (43.6,44.0)
[PUSH DEBUG] Actual line: (43.5,35.5) → (43.8,43.7)
[PUSH DEBUG] Mode: FIXED
[PUSH DEBUG] ================================

[PUSH] ========== PUSH COMPLETE ==========
[PUSH] Robot: (43.7, 52.3) theta=89.3°
[PUSH] Δobject 'obj_4': Δpos=(-0.46,+15.61) |Δ|=15.62cm, Δθ=+2.59°
[PUSH] Robot position is FREE in wavefront
[PUSH] Object 'wall_12': (12.8, 37.2) theta=227.1° size=(19.5x5.5)
[PUSH]   Distance robot→object center: 34.4cm
[PUSH] Object 'wall_10': (19.7, 22.4) theta=243.7° size=(19.5x5.5)
[PUSH]   Distance robot→object center: 38.4cm
[PUSH] Object 'obj_1': (46.4, 71.7) theta=179.5° size=(15x7.0)
[PUSH]   Distance robot→object center: 19.6cm
[PUSH] Object 'wall_11': (24.9, 39.9) theta=61.1° size=(19.5x5.5)
[PUSH]   Distance robot→object center: 22.5cm
[PUSH] Object 'obj_4': (43.1, 59.7) theta=89.9° size=(12.0x7.5)
[PUSH]   Distance robot→object center: 7.4cm
[Wavefront] Saved grid image to /tmp/wavefront/wavefront_20260908_015102.png (98x155)
[PUSH] Wavefront saved to: /tmp/wavefront/wavefront_20260908_015102.png
[PUSH] ======================================

[PUSH] Retreat target: (41.9, 47.6) [BACKWARD]
[PUSH] Retreat reached target after 67 steps: moved 3.0 cm, stopped 2.0 cm from target (tolerance 2.0 cm, commanded speed 0.15), robot at (42.6, 49.5), target (41.9, 47.6)
[Subgoal] <-- DONE (SUCCESS) after 10.5s, robot now at (42.6,49.4,θ=68.6°)
[DIAG] subgoal #2 end recorded (outcome=success)
[DIAG] push recorded (obj=obj_4, Δ=15.69cm, stuck=False)

[Trapped-start recovery] Robot at (42.6, 49.4) cm was in an inflated-obstacle cell; cleared local cells so the planner can BFS from here. Position unchanged.

[NAMOPlanner] Goal is NOW REACHABLE - skipping committed-chain reuse

[Trapped-start recovery] Robot at (42.6, 49.4) cm was in an inflated-obstacle cell; cleared local cells so the planner can BFS from here. Position unchanged.

[NAMOPlanner] Goal REACHABLE - navigating to (20.1, 58.6) [dist=24.4cm]
[Subgoal] --> DISPATCH NAVIGATE: target=(20.1,58.6), robot at (42.6,49.4,θ=68.6°)
[DIAG] subgoal #3 start recorded

[Trapped-start recovery] Robot at (42.6, 49.4) cm was in an inflated-obstacle cell; cleared local cells so the planner can BFS from here. Position unchanged.

[NAV] navigate_to: goal=(20.1,58.6) θ=any, from=(42.6,49.4), obstacles=5
[Wavefront] Saved grid image to output_dump/wavefront/wavefront_20260908_015104_003.png (98x155)
[NAV] state POST_ROTATING -> PRE_ROTATING pose=(42.6,49.4,θ=68.6°) pre_target_θ=167.4° heading_err=+98.8°
[NAV] state PRE_ROTATING -> FOLLOWING pose=(42.7,49.1,θ=128.6°) path_waypoints=33 final_wp=(20.2,58.8)
[Subgoal] <-- DONE (SUCCESS) after 6.0s, robot now at (20.8,58.9,θ=188.0°)
[DIAG] subgoal #3 end recorded (outcome=success)
[NAMOPlanner] GOAL REACHED! Distance: 0.8cm | Total planning: 2 calls, 81375ms cumulative
[Runtime] Plan complete - stopping robot
[Runtime] Shutting down

[Trapped-start recovery] Robot at (20.8, 58.9) cm was in an inflated-obstacle cell; cleared local cells so the planner can BFS from here. Position unchanged.

[Diagnostics] Wrote summary.json (outcome=success)
[Runtime] sim-success: chain (2 push(es)) → /home/dhruv/projects_dhruv/namo/robot_control/real_exp/1hop_multi_int/results/real/2push__env__obstacle_0_movable__fbdce248/uniform_search/trial3/success_chain.json
[sim_replay_subprocess] step 1 (object=obj_4 edge=47 depth=4) FAILED: Action not applicable. Halting chain (remaining 1 step(s) skipped).
[sim_replay_subprocess] failure produced no qpos dump; using current env full_state for a static failure frame
[sim_replay_subprocess] re-encoded success_sim_replay.mp4 to H.264 for compatibility
[sim_replay_subprocess] rendered failure context to /home/dhruv/projects_dhruv/namo/robot_control/real_exp/1hop_multi_int/results/real/2push__env__obstacle_0_movable__fbdce248/uniform_search/trial3/success_sim_replay.mp4 (failed at step 1)
[sim_replay] subprocess exited with status 2; see [sim_replay_subprocess] lines above for details
[RemoteRecordClient] Recording stopped → /home/dhruv/projects_dhruv/namo/robot_control/real_exp/1hop_multi_int/results/real/2push__env__obstacle_0_movable__fbdce248/uniform_search/trial3/recordings/session_2026-09-08_01-49-13/full_run.mp4
[Runtime] Sending stop command to robot...
[SerialSender] Stopped
[RealEnv] Stopped
[RemoteObserver] Stopped
[Runtime] Shutdown complete
