[Diagnostics] Wrote config.json
[DIAG] Diagnostics enabled: /home/dhruv/projects_dhruv/namo/robot_control/real_exp/results/formal_v2/hmax2_hard_004/policy_probe2
planner: full_namo  |  exec mode: reactive  local search: best_first/model  ckpt=/home/dhruv/projects_dhruv/namo/ranking/models/HY5U_s2.ckpt  hmax=canonical  budget=canonical  scope=inherited  device=cuda

Starting NAMO execution...
Press ESCAPE to quit
==================================================
[Runtime] Using remote camera service at tcp://localhost:5556
[Runtime] Speeds in effect: nav=0.40, push=0.40, keyboard/follow_path=0.30
[Runtime] Starting RemoteObserverNode...
[RemoteObserver] Connected to tcp://localhost:5556
[Runtime] DRY RUN - not sending commands to robot

!!!!!!!!!!!!!!!!!!!!!!!!!!!!!!!!!!!!!!!!!!!!!!!!!!!!!!!!!!!!!!!!!!!!!!
!! ROBOT 1 OFFLINE at startup !!
!!   ap_connected=False, alive_ids=[], last_status=never (no [STATUS] line parsed since startup) [stale]
!!   Planning will run (sim-only), but the robot CANNOT execute.
!!   Restart the robot or check the camera_service serial link.
!!!!!!!!!!!!!!!!!!!!!!!!!!!!!!!!!!!!!!!!!!!!!!!!!!!!!!!!!!!!!!!!!!!!!!


==================================================
Robot Control - Real Robot (Autonomous)
==================================================
Serial port: /dev/serial/by-id/usb-Espressif_USB_JTAG_serial_debug_unit_10:51:DB:18:34:7C-if00
Robot ID: 1
Dry run: True
Speed (autonomous): nav=0.40, push=0.40
==================================================
Running in autonomous mode
Press 'r' to toggle recording
Press 'space' for emergency stop
Press 'escape' to quit
==================================================

[NAMOPlanner] Goal BLOCKED - running NAMO planning...
[NAMOBridge] Warming best-first scorer (checkpoint=/home/dhruv/projects_dhruv/namo/ranking/models/HY5U_s2.ckpt, device=cuda); excluded from planning time
[NAMOPlanner] Best-first scorer warmup: 3703ms (recorded separately; excluded from planning_wall_time_ms)
[DIAG] plan #1 recorded (success=False)
[Runtime] Planning failed - stopping robot
[Runtime] Shutting down
[Diagnostics] Wrote summary.json (outcome=failure)
[RemoteObserver] Stopped
[Runtime] Shutdown complete
