[Diagnostics] Wrote config.json
[DIAG] Diagnostics enabled: /home/dhruv/projects_dhruv/namo/robot_control/real_exp/1hop_simple/results/real/2push__env__obstacle_0_movable__0489c6b2/uniform_search/trial1
planner: full_namo  |  exec mode: search  local search: best_first/uniform  hmax=canonical  budget=canonical  scope=inherited  device=cuda

Starting NAMO execution...
Press ESCAPE to quit
==================================================
[Runtime] Using remote camera service at tcp://localhost:5556
[Runtime] Speeds in effect: nav=0.40, push=0.40, keyboard/follow_path=0.30
[Runtime] Safety filter: OFF
[Runtime] Starting RemoteObserverNode...
[RemoteObserver] Connected to tcp://localhost:5556
[SerialSender] Port /dev/serial/by-id/usb-Espressif_USB_JTAG_serial_debug_unit_10:51:DB:18:34:7C-if00 opened at 115200
[SerialSender] Started at 30.0 Hz
[RealEnv] Started (robot_id=1)
[SerialSender] Car 1 CONNECTED (alive now: [1])
[RemoteRecordClient] Recording started → /home/dhruv/projects_dhruv/namo/robot_control/real_exp/1hop_simple/results/real/2push__env__obstacle_0_movable__0489c6b2/uniform_search/trial1/recordings/session_2026-09-08_03-06-34/full_run.mp4
[Runtime] Full-run video + per-subgoal meta will write to /home/dhruv/projects_dhruv/namo/robot_control/real_exp/1hop_simple/results/real/2push__env__obstacle_0_movable__0489c6b2/uniform_search/trial1/recordings/session_2026-09-08_03-06-34
[Runtime] 🔌 Robot 1 ONLINE at startup (alive_ids=[1], ap_connected=True)
[NAMOPlanner] Goal BLOCKED - running NAMO planning...
[Runtime] sim-success: start XML → /home/dhruv/projects_dhruv/namo/robot_control/real_exp/1hop_simple/results/real/2push__env__obstacle_0_movable__0489c6b2/uniform_search/trial1/sim_replay_start.xml

==================================================
Robot Control - Real Robot (Autonomous)
==================================================
Serial port: /dev/serial/by-id/usb-Espressif_USB_JTAG_serial_debug_unit_10:51:DB:18:34:7C-if00
Robot ID: 1
Dry run: False
Speed (autonomous): nav=0.40, push=0.40
==================================================
Running in autonomous mode
Press 'r' to toggle recording
Press 'space' for emergency stop
Press 'escape' to quit
==================================================

[NAMOPlanner] Plan #1: 150324ms, cumulative: 150324ms
[DIAG] plan #1 recorded (success=False)
[NAMOPlanner] Planning returned NO SUBGOALS (attempt 1/1)
[NAMOPlanner] All 1 planning attempts failed
[NAMOPlanner]   (planning is sim-only; check Runtime '🔌 Robot ... OFFLINE' lines above to verify the robot was online during this attempt)
[NAMOPlanner]   900 primitives enumerated across 1 attempts; breakdown:
[Runtime] Planning failed - stopping robot
[Runtime] Shutting down
[Diagnostics] Wrote summary.json (outcome=failure)
[Runtime] sim-success: chain (0 push(es)) → /home/dhruv/projects_dhruv/namo/robot_control/real_exp/1hop_simple/results/real/2push__env__obstacle_0_movable__0489c6b2/uniform_search/trial1/partial_chain.json
[RemoteRecordClient] Recording stopped → /home/dhruv/projects_dhruv/namo/robot_control/real_exp/1hop_simple/results/real/2push__env__obstacle_0_movable__0489c6b2/uniform_search/trial1/recordings/session_2026-09-08_03-06-34/full_run.mp4
[Runtime] Sending stop command to robot...
[SerialSender] ⚠️ Car 1 DISCONNECTED (alive now: [])
[SerialSender] Stopped
[RealEnv] Stopped
[RemoteObserver] Stopped
[Runtime] Shutdown complete
