[Diagnostics] Recording to /home/dhruv/projects_dhruv/namo/robot_control/real_exp/1hop_2obj/results/real/2push__env__obstacle_0_movable__0489c6b2/model_pure_policy/trial1
[Diagnostics] Wrote config.json
[DIAG] Diagnostics enabled: /home/dhruv/projects_dhruv/namo/robot_control/real_exp/1hop_2obj/results/real/2push__env__obstacle_0_movable__0489c6b2/model_pure_policy/trial1
planner: full_namo  |  exec mode: greedy_policy  local search: best_first/model  ckpt=/home/dhruv/projects_dhruv/namo/ranking/models/HY5U_s2.ckpt  hmax=2  budget=canonical  scope=inherited  device=cuda

Starting NAMO execution...
Press ESCAPE to quit
==================================================
[Runtime] Using remote camera service at tcp://localhost:5556
[Runtime] Speeds in effect: nav=0.40, push=0.40, keyboard/follow_path=0.30
[Runtime] Starting RemoteObserverNode...
[RemoteObserver] Connected to tcp://localhost:5556
[SerialSender] Port /dev/serial/by-id/usb-Espressif_USB_JTAG_serial_debug_unit_10:51:DB:18:34:7C-if00 opened at 115200
[SerialSender] Started at 30.0 Hz
[RealEnv] Started (robot_id=1)
[SerialSender] Car 1 CONNECTED (alive now: [1])
[RemoteRecordClient] Recording started → /home/dhruv/projects_dhruv/namo/robot_control/real_exp/1hop_2obj/results/real/2push__env__obstacle_0_movable__0489c6b2/model_pure_policy/trial1/recordings/session_2026-09-05_19-37-29/full_run.mp4
[Runtime] Full-run video + per-subgoal meta will write to /home/dhruv/projects_dhruv/namo/robot_control/real_exp/1hop_2obj/results/real/2push__env__obstacle_0_movable__0489c6b2/model_pure_policy/trial1/recordings/session_2026-09-05_19-37-29
[Runtime] 🔌 Robot 1 ONLINE at startup (alive_ids=[1], ap_connected=True)

[Trapped-start recovery] Robot at (38.9, 10.7) cm was in an inflated-obstacle cell; cleared local cells so the planner can BFS from here. Position unchanged.


[Trapped-start recovery] Robot at (38.9, 10.7) cm was in an inflated-obstacle cell; cleared local cells so the planner can BFS from here. Position unchanged.

[NAMOPlanner] Goal BLOCKED - running NAMO planning...
[NAMOBridge] Warming best-first scorer (checkpoint=/home/dhruv/projects_dhruv/namo/ranking/models/HY5U_s2.ckpt, device=cuda); excluded from planning time

==================================================
Robot Control - Real Robot (Autonomous)
==================================================
Serial port: /dev/serial/by-id/usb-Espressif_USB_JTAG_serial_debug_unit_10:51:DB:18:34:7C-if00
Robot ID: 1
Dry run: False
Speed (autonomous): nav=0.40, push=0.40
==================================================
Running in autonomous mode
Press 'r' to toggle recording
Press 'space' for emergency stop
Press 'escape' to quit
==================================================

[SerialSender] ⚠️ Car 1 DISCONNECTED (alive now: [])
[SerialSender] Car 1 CONNECTED (alive now: [1])
[NAMOPlanner] Best-first scorer warmup: 4008ms (recorded separately; excluded from planning_wall_time_ms)

[Trapped-start recovery] Robot at (38.9, 10.7) cm was in an inflated-obstacle cell; cleared local cells so the planner can BFS from here. Position unchanged.

[NAMOPlanner] Plan #1: 160ms, cumulative: 160ms
[DIAG] plan #1 recorded (success=True)
[Subgoal] --> DISPATCH PUSH: obj 'obj_4' at (27.1,35.8,θ=69.6°), edge=59, push_steps=5, robot at (38.9,10.7,θ=91.0°)
[DIAG] subgoal #1 start recorded

[Trapped-start recovery] Robot at (38.9, 10.7) cm was in an inflated-obstacle cell; cleared local cells so the planner can BFS from here. Position unchanged.

[PUSH] Starting navigation: robot=(38.9,10.7) → approach=(18.6,30.2)
[NAV] navigate_to: goal=(18.6,30.2) θ=69.6°, from=(38.9,10.7), obstacles=4
[Wavefront] Saved grid image to output_dump/wavefront/wavefront_20260905_193734_001.png (98x155)
[PUSH] navigate_to() returned: True, nav_state=PRE_ROTATING
[NAV] state - -> PRE_ROTATING pose=(38.9,10.7,θ=91.0°) pre_target_θ=135.5° heading_err=+44.5°
[NAV] state PRE_ROTATING -> FOLLOWING pose=(38.9,10.7,θ=91.0°) path_waypoints=41 final_wp=(18.8,30.2)
[NAV] state FOLLOWING -> POST_ROTATING pose=(19.3,29.1,θ=144.8°) goal_θ=69.6° heading_err=-75.2°
[PUSH] Navigation done - transitioning to ADVANCING (nav_state=FINISHED)
[PUSH] >>> PUSHING start: obj 'obj_4' at (27.2,35.8,θ=70.1°), robot at (18.5,29.4,θ=67.9°), edge=59, push_steps=5 (150 ticks)
[PUSH DEBUG] ========== PUSH START ==========
[PUSH DEBUG] Object: pos=(27.2,35.8) theta=70.1° size=(12.0x7.5)
[PUSH DEBUG] Edge 59: face=3 sample=14
[PUSH DEBUG] Theoretical: edge_pt (18.7,30.1) → mid_pt (21.5,37.8)
[PUSH DEBUG] Actual line: (18.5,29.4) → (21.3,37.2)
[PUSH DEBUG] Mode: FIXED
[PUSH DEBUG] ================================

[PUSH] ========== PUSH COMPLETE ==========
[PUSH] Robot: (21.1, 36.4) theta=86.5°
[PUSH] Δobject 'obj_4': Δpos=(+1.09,+3.02) |Δ|=3.21cm, Δθ=-32.14°
[PUSH] Robot position is BLOCKED in wavefront
[PUSH] Object 'wall_10': (9.9, 41.0) theta=99.7° size=(19.5x5.5)
[PUSH]   Distance robot→object center: 12.1cm
[PUSH] Object 'obj_4': (28.3, 38.8) theta=38.0° size=(12.0x7.5)
[PUSH]   Distance robot→object center: 7.5cm
[PUSH] Object 'obj_1': (41.1, 31.1) theta=15.8° size=(15x7.0)
[PUSH]   Distance robot→object center: 20.7cm
[PUSH] Object 'wall_11': (33.3, 49.1) theta=193.8° size=(19.5x5.5)
[PUSH]   Distance robot→object center: 17.6cm
[Wavefront] Saved grid image to /tmp/wavefront/wavefront_20260905_193746.png (98x155)
[PUSH] Wavefront saved to: /tmp/wavefront/wavefront_20260905_193746.png
[PUSH] ======================================

[PUSH] Retreat target: (19.1, 31.9) [BACKWARD]
[PUSH] Retreat reached target after 81 steps: moved 3.0 cm, stopped 2.0 cm from target (tolerance 2.0 cm, commanded speed 0.15), robot at (19.9, 33.7), target (19.1, 31.9)
[Subgoal] <-- DONE (SUCCESS) after 15.2s, robot now at (19.9,33.7,θ=65.6°)
[DIAG] subgoal #1 end recorded (outcome=success)
[DIAG] push recorded (obj=obj_4, Δ=2.67cm, stuck=False)
[NAMOPlanner] Greedy policy step complete; replanning from fresh camera observation

[Trapped-start recovery] Robot at (19.9, 33.7) cm was in an inflated-obstacle cell; cleared local cells so the planner can BFS from here. Position unchanged.

[NAMOPlanner] Goal BLOCKED - running NAMO planning...

[Trapped-start recovery] Robot at (19.9, 33.7) cm was in an inflated-obstacle cell; cleared local cells so the planner can BFS from here. Position unchanged.

[NAMOPlanner] Plan #2: 130ms, cumulative: 289ms
[DIAG] plan #2 recorded (success=True)
[Subgoal] --> DISPATCH PUSH: obj 'obj_1' at (41.1,31.1,θ=15.9°), edge=15, push_steps=5, robot at (19.9,33.7,θ=65.6°)
[DIAG] subgoal #2 start recorded

[Trapped-start recovery] Robot at (19.9, 33.7) cm was in an inflated-obstacle cell; cleared local cells so the planner can BFS from here. Position unchanged.

[PUSH] Starting navigation: robot=(19.9,33.7) → approach=(44.4,19.5)
[NAV] navigate_to: goal=(44.4,19.5) θ=105.9°, from=(19.9,33.7), obstacles=4
[Wavefront] Saved grid image to output_dump/wavefront/wavefront_20260905_193749_002.png (98x155)
[PUSH] navigate_to() returned: True, nav_state=PRE_ROTATING
[NAV] state POST_ROTATING -> PRE_ROTATING pose=(19.9,33.7,θ=65.6°) pre_target_θ=-45.5° heading_err=-111.1°
[NAV] state PRE_ROTATING -> FOLLOWING pose=(19.6,33.6,θ=348.5°) path_waypoints=46 final_wp=(44.2,19.8)
[NAV] state FOLLOWING -> POST_ROTATING pose=(43.8,19.1,θ=59.1°) goal_θ=105.9° heading_err=+46.7°
[NAV] !! STALL: stuck in POST_ROTATING for 150 ticks, target_θ=105.9°, current_θ=102.5°, heading_err=+3.4°. Likely cause: rotation tolerance / stable-hold not converging.
[PUSH] Navigation done - transitioning to ADVANCING (nav_state=FINISHED)
[PUSH] >>> PUSHING start: obj 'obj_1' at (41.1,31.1,θ=12.4°), robot at (43.6,20.1,θ=104.9°), edge=15, push_steps=5 (150 ticks)
[PUSH DEBUG] ========== PUSH START ==========
[PUSH DEBUG] Object: pos=(41.1,31.1) theta=12.4° size=(15x7.0)
[PUSH DEBUG] Edge 15: face=1 sample=7
[PUSH DEBUG] Theoretical: edge_pt (43.7,19.4) → mid_pt (41.1,31.1)
[PUSH DEBUG] Actual line: (43.6,20.1) → (41.1,31.9)
[PUSH DEBUG] Mode: FIXED
[PUSH DEBUG] ================================

[PUSH] ========== PUSH COMPLETE ==========
[PUSH] Robot: (43.1, 22.5) theta=101.7°
[PUSH] Δobject 'obj_1': Δpos=(-0.67,+2.17) |Δ|=2.27cm, Δθ=-0.59°
[PUSH] Robot position is BLOCKED in wavefront
[PUSH] Object 'wall_10': (9.9, 41.0) theta=99.8° size=(19.5x5.5)
[PUSH]   Distance robot→object center: 38.0cm
[PUSH] Object 'obj_1': (40.4, 33.2) theta=11.8° size=(15x7.0)
[PUSH]   Distance robot→object center: 11.0cm
[PUSH] Object 'wall_11': (33.2, 49.1) theta=193.8° size=(19.5x5.5)
[PUSH]   Distance robot→object center: 28.3cm
[PUSH] Object 'obj_4': (28.9, 37.8) theta=41.8° size=(12.0x7.5)
[PUSH]   Distance robot→object center: 20.9cm
[Wavefront] Saved grid image to /tmp/wavefront/wavefront_20260905_193808.png (98x155)
[PUSH] Wavefront saved to: /tmp/wavefront/wavefront_20260905_193808.png
[PUSH] ======================================

[PUSH] Retreat target: (42.4, 17.6) [BACKWARD]
[PUSH] Retreat reached target after 77 steps: moved 3.0 cm, stopped 2.0 cm from target (tolerance 2.0 cm, commanded speed 0.15), robot at (42.7, 19.6), target (42.4, 17.6)
[Subgoal] <-- DONE (SUCCESS) after 22.1s, robot now at (42.7,19.6,θ=81.5°)
[DIAG] subgoal #2 end recorded (outcome=success)
[DIAG] push recorded (obj=obj_1, Δ=2.17cm, stuck=False)
[NAMOPlanner] Greedy policy step complete; replanning from fresh camera observation

[Trapped-start recovery] Robot at (42.7, 19.6) cm was in an inflated-obstacle cell; cleared local cells so the planner can BFS from here. Position unchanged.

[NAMOPlanner] Goal BLOCKED - running NAMO planning...

[Trapped-start recovery] Robot at (42.7, 19.6) cm was in an inflated-obstacle cell; cleared local cells so the planner can BFS from here. Position unchanged.

[NAMOPlanner] Plan #3: 137ms, cumulative: 427ms
[DIAG] plan #3 recorded (success=True)
[Subgoal] --> DISPATCH PUSH: obj 'obj_4' at (28.9,37.8,θ=41.9°), edge=5, push_steps=5, robot at (42.7,19.6,θ=81.5°)
[DIAG] subgoal #3 start recorded

[Trapped-start recovery] Robot at (42.7, 19.6) cm was in an inflated-obstacle cell; cleared local cells so the planner can BFS from here. Position unchanged.

[PUSH] Starting navigation: robot=(42.7,19.6) → approach=(33.9,28.2)
[NAV] navigate_to: goal=(33.9,28.2) θ=131.9°, from=(42.7,19.6), obstacles=4
[Wavefront] Saved grid image to output_dump/wavefront/wavefront_20260905_193811_003.png (98x155)
[PUSH] navigate_to() returned: True, nav_state=PRE_ROTATING
[NAV] state POST_ROTATING -> PRE_ROTATING pose=(42.7,19.6,θ=81.5°) pre_target_θ=-168.3° heading_err=+110.1°
[NAV] state PRE_ROTATING -> FOLLOWING pose=(42.8,19.3,θ=146.9°) path_waypoints=21 final_wp=(33.8,27.8)
[NAV] state FOLLOWING -> POST_ROTATING pose=(33.4,26.6,θ=70.5°) goal_θ=131.9° heading_err=+61.4°
[PUSH] Navigation done - transitioning to ADVANCING (nav_state=FINISHED)
[PUSH] >>> PUSHING start: obj 'obj_4' at (28.9,37.8,θ=41.9°), robot at (33.0,27.8,θ=134.0°), edge=5, push_steps=5 (150 ticks)
[PUSH DEBUG] ========== PUSH START ==========
[PUSH DEBUG] Object: pos=(28.9,37.8) theta=41.9° size=(12.0x7.5)
[PUSH DEBUG] Edge 5: face=1 sample=2
[PUSH DEBUG] Theoretical: edge_pt (33.9,28.2) → mid_pt (26.9,36.0)
[PUSH DEBUG] Actual line: (33.0,27.8) → (26.0,35.7)
[PUSH DEBUG] Mode: FIXED
[PUSH DEBUG] ================================

[PUSH] ========== PUSH COMPLETE ==========
[PUSH] Robot: (23.2, 39.4) theta=134.0°
[PUSH] Δobject 'obj_4': Δpos=(-5.29,+10.95) |Δ|=12.16cm, Δθ=-42.77°
[PUSH] Robot position is BLOCKED in wavefront
[PUSH] Object 'obj_4': (23.6, 48.8) theta=359.1° size=(12.0x7.5)
[PUSH]   Distance robot→object center: 9.4cm
[PUSH] Object 'wall_10': (9.9, 41.0) theta=99.7° size=(19.5x5.5)
[PUSH]   Distance robot→object center: 13.4cm
[PUSH] Object 'wall_11': (33.2, 49.1) theta=193.5° size=(19.5x5.5)
[PUSH]   Distance robot→object center: 14.0cm
[PUSH] Object 'obj_1': (40.5, 33.2) theta=12.3° size=(15x7.0)
[PUSH]   Distance robot→object center: 18.4cm
[Wavefront] Saved grid image to /tmp/wavefront/wavefront_20260905_193824.png (98x155)
[PUSH] Wavefront saved to: /tmp/wavefront/wavefront_20260905_193824.png
[PUSH] ======================================

[PUSH] Retreat target: (25.2, 34.8) [BACKWARD]
[PUSH] Retreat reached target after 76 steps: moved 3.0 cm, stopped 2.0 cm from target (tolerance 2.0 cm, commanded speed 0.15), robot at (24.4, 36.6), target (25.2, 34.8)
[Subgoal] <-- DONE (SUCCESS) after 15.2s, robot now at (24.4,36.6,θ=112.4°)
[DIAG] subgoal #3 end recorded (outcome=success)
[DIAG] push recorded (obj=obj_4, Δ=12.22cm, stuck=False)
[NAMOPlanner] Greedy policy step complete; replanning from fresh camera observation

[Trapped-start recovery] Robot at (24.4, 36.6) cm was in an inflated-obstacle cell; cleared local cells so the planner can BFS from here. Position unchanged.

[NAMOPlanner] Goal BLOCKED - running NAMO planning...

[Trapped-start recovery] Robot at (24.4, 36.6) cm was in an inflated-obstacle cell; cleared local cells so the planner can BFS from here. Position unchanged.

[NAMOPlanner] Plan #4: 120ms, cumulative: 547ms
[DIAG] plan #4 recorded (success=True)
[Subgoal] --> DISPATCH PUSH: obj 'obj_4' at (23.7,48.9,θ=359.0°), edge=21, push_steps=5, robot at (24.4,36.6,θ=112.4°)
[DIAG] subgoal #4 start recorded

[Trapped-start recovery] Robot at (24.4, 36.6) cm was in an inflated-obstacle cell; cleared local cells so the planner can BFS from here. Position unchanged.

[PUSH] Starting navigation: robot=(24.4,36.6) → approach=(25.1,38.3)
[NAV] navigate_to: goal=(25.1,38.3) θ=89.0°, from=(24.4,36.6), obstacles=4
[Wavefront] Saved grid image to output_dump/wavefront/wavefront_20260905_193827_004.png (98x155)
[NAV] navigate_to: already at goal (all 3 waypoints within 3.5cm of robot). Skipping FOLLOWING.
[PUSH] navigate_to() returned: True, nav_state=POST_ROTATING
[NAV] state - -> POST_ROTATING pose=(24.4,36.6,θ=112.4°) goal_θ=89.0° heading_err=-23.5°
[PUSH] Navigation done - transitioning to ADVANCING (nav_state=FINISHED)
[PUSH] >>> PUSHING start: obj 'obj_4' at (23.7,48.9,θ=358.9°), robot at (24.4,36.2,θ=88.4°), edge=21, push_steps=5 (150 ticks)
[PUSH DEBUG] ========== PUSH START ==========
[PUSH DEBUG] Object: pos=(23.7,48.9) theta=358.9° size=(12.0x7.5)
[PUSH DEBUG] Edge 21: face=1 sample=10
[PUSH DEBUG] Theoretical: edge_pt (25.1,38.3) → mid_pt (25.3,48.8)
[PUSH DEBUG] Actual line: (24.4,36.2) → (24.6,46.7)
[PUSH DEBUG] Mode: FIXED
[PUSH DEBUG] ================================

[PUSH] ========== PUSH COMPLETE ==========
[PUSH] Robot: (24.9, 61.5) theta=88.3°
[PUSH] Δobject 'obj_4': Δpos=(-0.40,+22.29) |Δ|=22.29cm, Δθ=+8.74°
[PUSH] Robot position is FREE in wavefront
[PUSH] Object 'wall_10': (9.9, 41.0) theta=99.7° size=(19.5x5.5)
[PUSH]   Distance robot→object center: 25.4cm
[PUSH] Object 'obj_4': (23.3, 71.1) theta=7.6° size=(12.0x7.5)
[PUSH]   Distance robot→object center: 9.8cm
[PUSH] Object 'obj_1': (40.6, 33.2) theta=12.5° size=(15x7.0)
[PUSH]   Distance robot→object center: 32.3cm
[PUSH] Object 'wall_11': (33.3, 49.1) theta=193.8° size=(19.5x5.5)
[PUSH]   Distance robot→object center: 14.9cm
[Wavefront] Saved grid image to /tmp/wavefront/wavefront_20260905_193836.png (98x155)
[PUSH] Wavefront saved to: /tmp/wavefront/wavefront_20260905_193836.png
[PUSH] ======================================

[PUSH] Retreat target: (23.1, 56.8) [BACKWARD]
[PUSH] Retreat reached target after 97 steps: moved 3.0 cm, stopped 2.0 cm from target (tolerance 2.0 cm, commanded speed 0.15), robot at (23.7, 58.7), target (23.1, 56.8)
[Subgoal] <-- DONE (SUCCESS) after 13.0s, robot now at (23.7,58.7,θ=70.6°)
[DIAG] subgoal #4 end recorded (outcome=success)
[DIAG] push recorded (obj=obj_4, Δ=23.58cm, stuck=False)
[NAMOPlanner] Greedy policy step complete; replanning from fresh camera observation

[Trapped-start recovery] Robot at (23.7, 58.7) cm was in an inflated-obstacle cell; cleared local cells so the planner can BFS from here. Position unchanged.

[NAMOPlanner] Goal REACHABLE - navigating to (35.6, 68.3) [dist=15.3cm]
[Subgoal] --> DISPATCH NAVIGATE: target=(35.6,68.3), robot at (23.7,58.7,θ=70.6°)
[DIAG] subgoal #5 start recorded

[Trapped-start recovery] Robot at (23.7, 58.7) cm was in an inflated-obstacle cell; cleared local cells so the planner can BFS from here. Position unchanged.

[NAV] navigate_to: goal=(35.6,68.3) θ=any, from=(23.7,58.7), obstacles=4
[Wavefront] Saved grid image to output_dump/wavefront/wavefront_20260905_193840_005.png (98x155)
[NAV] state POST_ROTATING -> PRE_ROTATING pose=(23.7,58.7,θ=70.6°) pre_target_θ=80.7° heading_err=+10.2°
[NAV] state PRE_ROTATING -> FOLLOWING pose=(23.6,58.6,θ=70.7°) path_waypoints=24 final_wp=(35.8,67.8)
[Subgoal] <-- DONE (SUCCESS) after 4.8s, robot now at (35.1,67.2,θ=43.2°)
[DIAG] subgoal #5 end recorded (outcome=success)
[NAMOPlanner] GOAL REACHED! Distance: 1.2cm | Total planning: 4 calls, 547ms cumulative
[Runtime] Plan complete - stopping robot
[Runtime] Shutting down

[Trapped-start recovery] Robot at (35.1, 67.2) cm was in an inflated-obstacle cell; cleared local cells so the planner can BFS from here. Position unchanged.

[Diagnostics] Wrote summary.json (outcome=success)
[RemoteRecordClient] Recording stopped → /home/dhruv/projects_dhruv/namo/robot_control/real_exp/1hop_2obj/results/real/2push__env__obstacle_0_movable__0489c6b2/model_pure_policy/trial1/recordings/session_2026-09-05_19-37-29/full_run.mp4
[Runtime] Sending stop command to robot...
[SerialSender] Stopped
[RealEnv] Stopped
[RemoteObserver] Stopped
[Runtime] Shutdown complete
