[Diagnostics] Wrote config.json
[DIAG] Diagnostics enabled: /home/dhruv/projects_dhruv/namo/robot_control/real_exp/results/formal_v2/hmax2/easy_020/nav_ignore
Goal given: (29.7, 71.0) cm

Pure navigation baseline, mode 'ignore'. No pushes will be planned.
Press ESCAPE to quit
============================================================
[Runtime] Using remote camera service at tcp://localhost:5556
[Runtime] Speeds in effect: nav=0.40, push=0.40, keyboard/follow_path=0.30
[Runtime] Starting RemoteObserverNode...
[RemoteObserver] Connected to tcp://localhost:5556
[SerialSender] Port /dev/serial/by-id/usb-Espressif_USB_JTAG_serial_debug_unit_10:51:DB:18:34:7C-if00 opened at 115200
[SerialSender] Started at 30.0 Hz
[RealEnv] Started (robot_id=1)
[SerialSender] Car 1 CONNECTED (alive now: [1])
[RemoteRecordClient] Recording started → /home/dhruv/projects_dhruv/namo/robot_control/real_exp/results/formal_v2/hmax2/easy_020/nav_ignore/recordings/session_2026-09-03_18-07-13/full_run.mp4
[Runtime] Full-run video + per-subgoal meta will write to /home/dhruv/projects_dhruv/namo/robot_control/real_exp/results/formal_v2/hmax2/easy_020/nav_ignore/recordings/session_2026-09-03_18-07-13
[SerialSender] ⚠️ Car 1 DISCONNECTED (alive now: [])

!!!!!!!!!!!!!!!!!!!!!!!!!!!!!!!!!!!!!!!!!!!!!!!!!!!!!!!!!!!!!!!!!!!!!!
!! ROBOT 1 OFFLINE at startup !!
!!   ap_connected=True, alive_ids=[], last_status=0.1s ago [fresh]
!!   Planning will run (sim-only), but the robot CANNOT execute.
!!   Restart the robot or check the camera_service serial link.
!!!!!!!!!!!!!!!!!!!!!!!!!!!!!!!!!!!!!!!!!!!!!!!!!!!!!!!!!!!!!!!!!!!!!!

[Diagnostics] ⚠️ scene_before.xml capture failed: no xml source path provided

==================================================[Subgoal] --> DISPATCH NAVIGATE: target=(29.7,71.0), robot at (26.2,19.7,θ=93.5°)
[DIAG] subgoal #1 start recorded

Robot Control - Real Robot (Autonomous)
[NAV] navigate_to: goal=(29.7,71.0) θ=any, from=(26.2,19.7), obstacles=4
==================================================[NAV] state - -> PRE_ROTATING pose=(26.2,19.7,θ=93.5°) pre_target_θ=134.8° heading_err=+41.3°

Serial port: /dev/serial/by-id/usb-Espressif_USB_JTAG_serial_debug_unit_10:51:DB:18:34:7C-if00
Robot ID: 1
Dry run: False
Speed (autonomous): nav=0.40, push=0.40
==================================================
Running in autonomous mode
Press 'r' to toggle recording
Press 'space' for emergency stop
Press 'escape' to quit
[NAV] state PRE_ROTATING -> FOLLOWING pose=(26.2,19.7,θ=93.5°) path_waypoints=64 final_wp=(29.8,71.2)
==================================================

[SerialSender] Car 1 CONNECTED (alive now: [1])
[NAV] !! NO PROGRESS (blocked): robot at (23.1,29.2,θ=113.6°) has not moved 0.5 cm or turned 3.0° in 3.0s. Treating as FAILED so the subgoal can end.
[NAV] Retreating to (23.4, 24.2)
[NAV] state FOLLOWING -> RETREATING pose=(23.1,29.2,θ=113.6°)
[NAV] Retreat done after 50 ticks (reached the cell); drive FAILED (blocked).
[Subgoal] <-- DONE (FAILED) after 8.3s, robot now at (23.2,27.6,θ=91.2°)
[DIAG] subgoal #1 end recorded (outcome=failed)
[Runtime] 🔌 Robot 1 → ONLINE (alive_ids=[1], ap_connected=True, last_status=0.5s ago)
[Subgoal] --> DISPATCH NAVIGATE: target=(29.7,71.0), robot at (23.2,27.6,θ=91.2°)
[DIAG] subgoal #2 start recorded
[NAV] navigate_to: goal=(29.7,71.0) θ=any, from=(23.2,27.6), obstacles=4
[NAV] state RETREATING -> PRE_ROTATING pose=(23.2,27.6,θ=91.2°) pre_target_θ=103.3° heading_err=+12.1°
[NAV] state PRE_ROTATING -> FOLLOWING pose=(23.2,27.6,θ=91.8°) path_waypoints=52 final_wp=(29.8,70.8)
[NAV] !! NO PROGRESS (blocked): robot at (23.3,29.8,θ=115.1°) has not moved 0.5 cm or turned 3.0° in 3.0s. Treating as FAILED so the subgoal can end.
[NAV] Retreating to (23.8, 24.8)
[NAV] state FOLLOWING -> RETREATING pose=(23.3,29.8,θ=115.1°)
[NAV] Retreat done after 48 ticks (reached the cell); drive FAILED (blocked).
[Subgoal] <-- DONE (FAILED) after 7.3s, robot now at (23.5,28.2,θ=93.3°)
[DIAG] subgoal #2 end recorded (outcome=failed)
[Subgoal] --> DISPATCH NAVIGATE: target=(29.7,71.0), robot at (23.5,28.2,θ=93.3°)
[DIAG] subgoal #3 start recorded
[NAV] navigate_to: goal=(29.7,71.0) θ=any, from=(23.5,28.2), obstacles=4
[NAV] state RETREATING -> PRE_ROTATING pose=(23.5,28.2,θ=93.3°) pre_target_θ=106.6° heading_err=+13.4°
[NAV] state PRE_ROTATING -> FOLLOWING pose=(23.5,28.0,θ=94.1°) path_waypoints=52 final_wp=(29.8,70.8)
[NAV] !! NO PROGRESS (blocked): robot at (24.2,31.5,θ=141.8°) has not moved 0.5 cm or turned 3.0° in 3.0s. Treating as FAILED so the subgoal can end.
[NAV] Retreating to (29.5, 23.0)
[NAV] state FOLLOWING -> RETREATING pose=(24.2,31.5,θ=141.9°)
[NAV] Retreat done after 90 ticks (ran out of ticks); drive FAILED (blocked).
[Subgoal] <-- DONE (FAILED) after 19.0s, robot now at (25.7,28.9,θ=121.1°)
[DIAG] subgoal #3 end recorded (outcome=failed)
[Subgoal] --> DISPATCH NAVIGATE: target=(29.7,71.0), robot at (25.7,28.9,θ=121.1°)
[DIAG] subgoal #4 start recorded
[NAV] navigate_to: goal=(29.7,71.0) θ=any, from=(25.7,28.9), obstacles=4
[NAV] state RETREATING -> PRE_ROTATING pose=(25.7,28.9,θ=121.1°) pre_target_θ=159.2° heading_err=+38.1°
[NAV] state PRE_ROTATING -> FOLLOWING pose=(25.7,29.0,θ=121.3°) path_waypoints=54 final_wp=(29.8,70.8)
[NAV] !! NO PROGRESS (blocked): robot at (23.5,30.2,θ=157.6°) has not moved 0.5 cm or turned 3.0° in 3.0s. Treating as FAILED so the subgoal can end.
[NAV] Retreating to (30.8, 23.5)
[NAV] state FOLLOWING -> RETREATING pose=(23.5,30.2,θ=157.5°)
[NAV] Retreat done after 90 ticks (ran out of ticks); drive FAILED (blocked).
[Subgoal] <-- DONE (FAILED) after 8.5s, robot now at (25.5,28.2,θ=136.8°)
[DIAG] subgoal #4 end recorded (outcome=failed)
[Subgoal] --> DISPATCH NAVIGATE: target=(29.7,71.0), robot at (25.5,28.2,θ=136.8°)
[DIAG] subgoal #5 start recorded
[NAV] navigate_to: goal=(29.7,71.0) θ=any, from=(25.5,28.2), obstacles=4
[NAV] state RETREATING -> PRE_ROTATING pose=(25.5,28.2,θ=136.8°) pre_target_θ=154.8° heading_err=+18.0°
[NAV] state PRE_ROTATING -> FOLLOWING pose=(25.5,28.2,θ=136.8°) path_waypoints=54 final_wp=(29.8,70.8)
[NAV] !! NO PROGRESS (blocked): robot at (23.2,29.4,θ=153.4°) has not moved 0.5 cm or turned 3.0° in 3.0s. Treating as FAILED so the subgoal can end.
[NAV] Retreating to (29.4, 22.9)
[NAV] state FOLLOWING -> RETREATING pose=(23.2,29.4,θ=153.4°)
[NAV] Retreat done after 90 ticks (ran out of ticks); drive FAILED (blocked).
[Subgoal] <-- DONE (FAILED) after 7.1s, robot now at (25.5,26.9,θ=132.0°)
[DIAG] subgoal #5 end recorded (outcome=failed)
[Subgoal] --> DISPATCH NAVIGATE: target=(29.7,71.0), robot at (25.5,26.9,θ=132.0°)
[DIAG] subgoal #6 start recorded
[NAV] navigate_to: goal=(29.7,71.0) θ=any, from=(25.5,26.9), obstacles=4
[NAV] state RETREATING -> PRE_ROTATING pose=(25.5,26.9,θ=132.0°) pre_target_θ=144.4° heading_err=+12.4°
[NAV] state PRE_ROTATING -> FOLLOWING pose=(25.6,26.9,θ=132.1°) path_waypoints=55 final_wp=(29.8,70.8)
[NAV] !! NO PROGRESS (blocked): robot at (23.2,28.8,θ=141.1°) has not moved 0.5 cm or turned 3.0° in 3.0s. Treating as FAILED so the subgoal can end.
[NAV] Retreating to (25.8, 24.5)
[NAV] state FOLLOWING -> RETREATING pose=(23.2,28.8,θ=141.1°)
[NAV] Retreat done after 49 ticks (reached the cell); drive FAILED (blocked).
[Subgoal] <-- DONE (FAILED) after 5.6s, robot now at (24.0,27.4,θ=119.9°)
[DIAG] subgoal #6 end recorded (outcome=failed)
[Runtime] Planning failed - stopping robot
[Runtime] Shutting down
[Diagnostics] ⚠️ scene_after.xml capture failed: no xml source path provided
[Diagnostics] Wrote summary.json (outcome=failure)
[RemoteRecordClient] Recording stopped → /home/dhruv/projects_dhruv/namo/robot_control/real_exp/results/formal_v2/hmax2/easy_020/nav_ignore/recordings/session_2026-09-03_18-07-13/full_run.mp4
[Runtime] Sending stop command to robot...
[SerialSender] Stopped
[RealEnv] Stopped
[RemoteObserver] Stopped
[Runtime] Shutdown complete

============================================================
  arm                : nav_baseline_ignore
  reached            : False
  stopped at         : (23.98, 27.44) cm
  distance to goal   : 43.94 cm
  route waypoints    : 91
  route crossed      : obj_1
  objects shoved     : obj_1
  elapsed            : 56.3 s
  failure            : stuck_retry_limit_reached
============================================================

  Driving alone did not reach the goal. Reset the scene, then
  run the NAMO trial on the same layout.

wrote /home/dhruv/projects_dhruv/namo/robot_control/real_exp/results/formal_v2/hmax2/easy_020/nav_ignore/nav_baseline_ignore_1788473290.json
wrote real_exp/results/formal_v2/hmax2/easy_020/nav_verdict.json (qualifies is unset, waiting on your call)
