[Diagnostics] Wrote config.json
[DIAG] Diagnostics enabled: /home/dhruv/projects_dhruv/namo/robot_control/real_exp/1hop_multi_int/results/real/2push__env__obstacle_0_movable__fbdce248/model_search/trial1
planner: full_namo  |  exec mode: search  local search: best_first/model  ckpt=/home/dhruv/projects_dhruv/namo/ranking/models/HY5U_s2.ckpt  hmax=canonical  budget=canonical  scope=inherited  device=cuda

Starting NAMO execution...
Press ESCAPE to quit
==================================================
[Runtime] Using remote camera service at tcp://localhost:5556
[Runtime] Speeds in effect: nav=0.40, push=0.40, keyboard/follow_path=0.30
[Runtime] Safety filter: OFF
[Runtime] Starting RemoteObserverNode...
[RemoteObserver] Connected to tcp://localhost:5556
[SerialSender] Port /dev/serial/by-id/usb-Espressif_USB_JTAG_serial_debug_unit_10:51:DB:18:34:7C-if00 opened at 115200
[SerialSender] Started at 30.0 Hz
[RealEnv] Started (robot_id=1)
[SerialSender] Car 1 CONNECTED (alive now: [1])
[RemoteRecordClient] Recording started → /home/dhruv/projects_dhruv/namo/robot_control/real_exp/1hop_multi_int/results/real/2push__env__obstacle_0_movable__fbdce248/model_search/trial1/recordings/session_2026-09-08_01-30-11/full_run.mp4
[Runtime] Full-run video + per-subgoal meta will write to /home/dhruv/projects_dhruv/namo/robot_control/real_exp/1hop_multi_int/results/real/2push__env__obstacle_0_movable__fbdce248/model_search/trial1/recordings/session_2026-09-08_01-30-11
[Runtime] 🔌 Robot 1 ONLINE at startup (alive_ids=[1], ap_connected=True)

[Trapped-start recovery] Robot at (28.9, 7.3) cm was in an inflated-obstacle cell; cleared local cells so the planner can BFS from here. Position unchanged.


[Trapped-start recovery] Robot at (28.9, 7.3) cm was in an inflated-obstacle cell; cleared local cells so the planner can BFS from here. Position unchanged.


[Trapped-start recovery] Robot at (28.9, 7.3) cm was in an inflated-obstacle cell; cleared local cells so the planner can BFS from here. Position unchanged.

[Runtime] sim-success: start XML → /home/dhruv/projects_dhruv/namo/robot_control/real_exp/1hop_multi_int/results/real/2push__env__obstacle_0_movable__fbdce248/model_search/trial1/sim_replay_start.xml

==================================================
Robot Control - Real Robot (Autonomous)
==================================================
Serial port: /dev/serial/by-id/usb-Espressif_USB_JTAG_serial_debug_unit_10:51:DB:18:34:7C-if00
Robot ID: 1
Dry run: False
Speed (autonomous): nav=0.40, push=0.40
==================================================
Running in autonomous mode
Press 'r' to toggle recording
Press 'space' for emergency stop
Press 'escape' to quit
==================================================

[NAMOPlanner] Goal BLOCKED - running NAMO planning...
[NAMOBridge] Warming best-first scorer (checkpoint=/home/dhruv/projects_dhruv/namo/ranking/models/HY5U_s2.ckpt, device=cuda); excluded from planning time
[NAMOPlanner] Best-first scorer warmup: 3709ms (recorded separately; excluded from planning_wall_time_ms)

[Trapped-start recovery] Robot at (28.9, 7.3) cm was in an inflated-obstacle cell; cleared local cells so the planner can BFS from here. Position unchanged.

[NAMOPlanner] Plan #1: 5644ms, cumulative: 5644ms
[DIAG] plan #1 recorded (success=True)
[NAMOPlanner] MPC mode: preserving 2 pushes from fresh_plan, queuing only the first for real execution
[sim_replay_subprocess] re-encoded plan_001_replay.mp4 to H.264 for compatibility
[sim_replay_subprocess] wrote /home/dhruv/projects_dhruv/namo/robot_control/real_exp/1hop_multi_int/results/real/2push__env__obstacle_0_movable__fbdce248/model_search/trial1/sim_replays/plan_001_replay.mp4 (5900 frames @ 30 fps, stride=17)
[Runtime] sim-success per-plan: plan #1 (2 push(es)) → /home/dhruv/projects_dhruv/namo/robot_control/real_exp/1hop_multi_int/results/real/2push__env__obstacle_0_movable__fbdce248/model_search/trial1/sim_replays/
[Subgoal] --> DISPATCH PUSH: obj 'obj_4' at (38.6,22.5,θ=245.4°), edge=52, push_steps=5, robot at (28.9,7.3,θ=95.8°)
[DIAG] subgoal #1 start recorded

[Trapped-start recovery] Robot at (28.9, 7.3) cm was in an inflated-obstacle cell; cleared local cells so the planner can BFS from here. Position unchanged.

[PUSH] Starting navigation: robot=(28.9,7.3) → approach=(38.3,13.6)
[NAV] navigate_to: goal=(38.3,13.6) θ=65.4°, from=(28.9,7.3), obstacles=5
[Wavefront] Saved grid image to output_dump/wavefront/wavefront_20260908_013025_001.png (98x155)
[PUSH] navigate_to() returned: True, nav_state=PRE_ROTATING
[NAV] state - -> PRE_ROTATING pose=(28.9,7.3,θ=95.8°) pre_target_θ=45.4° heading_err=-50.4°
[NAV] state PRE_ROTATING -> FOLLOWING pose=(29.0,7.1,θ=87.9°) path_waypoints=17 final_wp=(38.2,13.8)
[NAV] state FOLLOWING -> POST_ROTATING pose=(37.0,13.7,θ=354.9°) goal_θ=65.4° heading_err=+70.5°
[PUSH] Navigation done - transitioning to ADVANCING (nav_state=FINISHED)
[PUSH] >>> PUSHING start: obj 'obj_4' at (38.8,22.4,θ=246.1°), robot at (37.4,13.3,θ=64.1°), edge=52, push_steps=5 (150 ticks)
[PUSH DEBUG] ========== PUSH START ==========
[PUSH DEBUG] Object: pos=(38.8,22.4) theta=246.1° size=(12.0x7.5)
[PUSH DEBUG] Edge 52: face=2 sample=11
[PUSH DEBUG] Theoretical: edge_pt (38.6,13.4) → mid_pt (41.9,21.0)
[PUSH DEBUG] Actual line: (37.4,13.3) → (40.8,20.9)
[PUSH DEBUG] Mode: FIXED
[PUSH DEBUG] ================================

[PUSH] ========== PUSH COMPLETE ==========
[PUSH] Robot: (45.1, 33.9) theta=65.3°
[PUSH] Δobject 'obj_4': Δpos=(+3.88,+18.54) |Δ|=18.94cm, Δθ=+37.34°
[PUSH] Robot position is BLOCKED in wavefront
[PUSH] Object 'wall_12': (12.8, 37.2) theta=227.0° size=(19.5x5.5)
[PUSH]   Distance robot→object center: 32.5cm
[PUSH] Object 'obj_1': (44.2, 52.8) theta=192.9° size=(15x7.0)
[PUSH]   Distance robot→object center: 19.0cm
[PUSH] Object 'obj_4': (42.7, 40.9) theta=283.4° size=(12.0x7.5)
[PUSH]   Distance robot→object center: 7.5cm
[PUSH] Object 'wall_10': (19.7, 22.4) theta=243.7° size=(19.5x5.5)
[PUSH]   Distance robot→object center: 28.0cm
[PUSH] Object 'wall_11': (24.9, 39.9) theta=61.2° size=(19.5x5.5)
[PUSH]   Distance robot→object center: 21.1cm
[Wavefront] Saved grid image to /tmp/wavefront/wavefront_20260908_013038.png (98x155)
[PUSH] Wavefront saved to: /tmp/wavefront/wavefront_20260908_013038.png
[PUSH] ======================================

[PUSH] Retreat target: (41.6, 30.3) [BACKWARD]
[PUSH] Retreat reached target after 87 steps: moved 3.0 cm, stopped 2.0 cm from target (tolerance 2.0 cm, commanded speed 0.15), robot at (42.9, 31.9), target (41.6, 30.3)
[Subgoal] <-- DONE (SUCCESS) after 15.4s, robot now at (42.9,31.9,θ=49.0°)
[DIAG] subgoal #1 end recorded (outcome=success)
[DIAG] push recorded (obj=obj_4, Δ=19.56cm, stuck=False)

[Trapped-start recovery] Robot at (42.9, 31.9) cm was in an inflated-obstacle cell; cleared local cells so the planner can BFS from here. Position unchanged.

[NAMOPlanner] Push complete. Will try reuse from updated real scene for remaining chain len=1

[Trapped-start recovery] Robot at (42.9, 31.9) cm was in an inflated-obstacle cell; cleared local cells so the planner can BFS from here. Position unchanged.

[NAMOPlanner] Reuse check from updated real scene: source=fresh_plan, chain_len=2

[Trapped-start recovery] Robot at (42.9, 31.9) cm was in an inflated-obstacle cell; cleared local cells so the planner can BFS from here. Position unchanged.

[DIAG] plan #2 recorded (success=False)

[Trapped-start recovery] Robot at (42.9, 31.9) cm was in an inflated-obstacle cell; cleared local cells so the planner can BFS from here. Position unchanged.

[DIAG] plan #3 recorded (success=False)
[NAMOPlanner] Post-push reuse failed; falling back to full replanning
[NAMOPlanner] Goal BLOCKED - running NAMO planning...

[Trapped-start recovery] Robot at (42.9, 31.9) cm was in an inflated-obstacle cell; cleared local cells so the planner can BFS from here. Position unchanged.

[NAMOPlanner] Plan #4: 475ms, cumulative: 6184ms
[DIAG] plan #4 recorded (success=True)
[sim_replay_subprocess] re-encoded plan_002_replay.mp4 to H.264 for compatibility
[sim_replay_subprocess] wrote /home/dhruv/projects_dhruv/namo/robot_control/real_exp/1hop_multi_int/results/real/2push__env__obstacle_0_movable__fbdce248/model_search/trial1/sim_replays/plan_002_replay.mp4 (2950 frames @ 30 fps, stride=17)
[Runtime] sim-success per-plan: plan #2 (1 push(es)) → /home/dhruv/projects_dhruv/namo/robot_control/real_exp/1hop_multi_int/results/real/2push__env__obstacle_0_movable__fbdce248/model_search/trial1/sim_replays/
[Subgoal] --> DISPATCH PUSH: obj 'obj_4' at (42.6,41.6,θ=284.4°), edge=42, push_steps=5, robot at (42.9,31.9,θ=49.0°)
[DIAG] subgoal #2 start recorded

[Trapped-start recovery] Robot at (42.9, 31.9) cm was in an inflated-obstacle cell; cleared local cells so the planner can BFS from here. Position unchanged.

[PUSH] Starting navigation: robot=(42.9,31.9) → approach=(43.9,33.4)
[NAV] navigate_to: goal=(43.9,33.4) θ=104.4°, from=(42.9,31.9), obstacles=5
[Wavefront] Saved grid image to output_dump/wavefront/wavefront_20260908_013044_002.png (98x155)
[NAV] navigate_to: already at goal (all 3 waypoints within 3.5cm of robot). Skipping FOLLOWING.
[PUSH] navigate_to() returned: True, nav_state=POST_ROTATING
[NAV] state - -> POST_ROTATING pose=(42.9,31.9,θ=49.0°) goal_θ=104.4° heading_err=+55.4°
[PUSH] Navigation done - transitioning to ADVANCING (nav_state=FINISHED)
[PUSH] >>> PUSHING start: obj 'obj_4' at (42.7,41.6,θ=284.5°), robot at (42.9,31.3,θ=103.1°), edge=42, push_steps=5 (150 ticks)
[PUSH DEBUG] ========== PUSH START ==========
[PUSH DEBUG] Object: pos=(42.7,41.6) theta=284.5° size=(12.0x7.5)
[PUSH DEBUG] Edge 42: face=2 sample=6
[PUSH DEBUG] Theoretical: edge_pt (43.9,33.4) → mid_pt (41.9,41.3)
[PUSH DEBUG] Actual line: (42.9,31.3) → (40.8,39.3)
[PUSH DEBUG] Mode: FIXED
[PUSH DEBUG] ================================

[PUSH] ========== PUSH COMPLETE ==========
[PUSH] Robot: (36.3, 54.6) theta=105.4°
[PUSH] Δobject 'obj_4': Δpos=(-2.51,+19.46) |Δ|=19.62cm, Δθ=-37.11°
[PUSH] Robot position is BLOCKED in wavefront
[PUSH] Object 'wall_12': (12.8, 37.2) theta=227.0° size=(19.5x5.5)
[PUSH]   Distance robot→object center: 29.2cm
[PUSH] Object 'wall_10': (19.7, 22.4) theta=243.7° size=(19.5x5.5)
[PUSH]   Distance robot→object center: 36.3cm
[PUSH] Object 'obj_1': (46.3, 71.5) theta=182.2° size=(15x7.0)
[PUSH]   Distance robot→object center: 19.6cm
[PUSH] Object 'wall_11': (24.9, 39.9) theta=61.2° size=(19.5x5.5)
[PUSH]   Distance robot→object center: 18.6cm
[PUSH] Object 'obj_4': (40.2, 61.0) theta=247.4° size=(12.0x7.5)
[PUSH]   Distance robot→object center: 7.5cm
[Wavefront] Saved grid image to /tmp/wavefront/wavefront_20260908_013053.png (98x155)
[PUSH] Wavefront saved to: /tmp/wavefront/wavefront_20260908_013053.png
[PUSH] ======================================

[PUSH] Retreat target: (35.8, 49.7) [BACKWARD]
[PUSH] Retreat TIMEOUT after 200 steps: moved 1.2 cm, stopped 5.6 cm from target (tolerance 2.0 cm, commanded speed 0.15), robot at (35.2, 55.2), target (35.8, 49.7)
[Subgoal] <-- DONE (SUCCESS) after 15.7s, robot now at (35.2,55.2,θ=108.4°)
[DIAG] subgoal #2 end recorded (outcome=success)
[DIAG] push recorded (obj=obj_4, Δ=19.74cm, stuck=False)

[Trapped-start recovery] Robot at (35.2, 55.2) cm was in an inflated-obstacle cell; cleared local cells so the planner can BFS from here. Position unchanged.

[NAMOPlanner] Goal is NOW REACHABLE - skipping committed-chain reuse

[Trapped-start recovery] Robot at (35.2, 55.2) cm was in an inflated-obstacle cell; cleared local cells so the planner can BFS from here. Position unchanged.

[NAMOPlanner] Goal REACHABLE - navigating to (20.1, 58.6) [dist=15.5cm]
[Subgoal] --> DISPATCH NAVIGATE: target=(20.1,58.6), robot at (35.2,55.2,θ=108.4°)
[DIAG] subgoal #3 start recorded

[Trapped-start recovery] Robot at (35.2, 55.2) cm was in an inflated-obstacle cell; cleared local cells so the planner can BFS from here. Position unchanged.

[NAV] navigate_to: goal=(20.1,58.6) θ=any, from=(35.2,55.2), obstacles=5
[WavefrontPathPlanner] Start blocked at (35.2, 55.2) cm — applied trapped-start recovery (now FREE)
[Wavefront] Saved grid image to output_dump/wavefront/wavefront_20260908_013100_003.png (98x155)
[NAV] state POST_ROTATING -> PRE_ROTATING pose=(35.2,55.2,θ=108.4°) pre_target_θ=172.3° heading_err=+63.9°
[NAV] state PRE_ROTATING -> FOLLOWING pose=(35.5,55.3,θ=132.8°) path_waypoints=21 final_wp=(20.8,58.8)
[Subgoal] <-- DONE (SUCCESS) after 4.7s, robot now at (21.7,58.7,θ=179.2°)
[DIAG] subgoal #3 end recorded (outcome=success)
[NAMOPlanner] GOAL REACHED! Distance: 1.6cm | Total planning: 4 calls, 6184ms cumulative
[Runtime] Plan complete - stopping robot
[Runtime] Shutting down

[Trapped-start recovery] Robot at (21.7, 58.7) cm was in an inflated-obstacle cell; cleared local cells so the planner can BFS from here. Position unchanged.

[Diagnostics] Wrote summary.json (outcome=success)
[Runtime] sim-success: chain (2 push(es)) → /home/dhruv/projects_dhruv/namo/robot_control/real_exp/1hop_multi_int/results/real/2push__env__obstacle_0_movable__fbdce248/model_search/trial1/success_chain.json
[sim_replay_subprocess] step 1 (object=obj_4 edge=52 depth=4) FAILED: Action not applicable. Halting chain (remaining 1 step(s) skipped).
[sim_replay_subprocess] failure produced no qpos dump; using current env full_state for a static failure frame
[sim_replay_subprocess] re-encoded success_sim_replay.mp4 to H.264 for compatibility
[sim_replay_subprocess] rendered failure context to /home/dhruv/projects_dhruv/namo/robot_control/real_exp/1hop_multi_int/results/real/2push__env__obstacle_0_movable__fbdce248/model_search/trial1/success_sim_replay.mp4 (failed at step 1)
[sim_replay] subprocess exited with status 2; see [sim_replay_subprocess] lines above for details
[RemoteRecordClient] Recording stopped → /home/dhruv/projects_dhruv/namo/robot_control/real_exp/1hop_multi_int/results/real/2push__env__obstacle_0_movable__fbdce248/model_search/trial1/recordings/session_2026-09-08_01-30-11/full_run.mp4
[Runtime] Sending stop command to robot...
[SerialSender] Stopped
[RealEnv] Stopped
[RemoteObserver] Stopped
[Runtime] Shutdown complete
