[Diagnostics] Wrote config.json
[DIAG] Diagnostics enabled: /home/dhruv/projects_dhruv/namo/robot_control/real_exp/1hop_2obj/results/real/2push__env__obstacle_1_movable__f110e8c4/nav_baseline_ignore/trial1
Goal given: (24.4, 67.0) cm

Pure navigation baseline, mode 'ignore'. No pushes will be planned.
Press ESCAPE to quit
============================================================
[Runtime] Using remote camera service at tcp://localhost:5556
[Runtime] Speeds in effect: nav=0.40, push=0.40, keyboard/follow_path=0.30
[Runtime] Starting RemoteObserverNode...
[RemoteObserver] Connected to tcp://localhost:5556
[SerialSender] Port /dev/serial/by-id/usb-Espressif_USB_JTAG_serial_debug_unit_10:51:DB:18:34:7C-if00 opened at 115200
[SerialSender] Started at 30.0 Hz
[SerialSender] Car 1 CONNECTED (alive now: [1])
[RealEnv] Started (robot_id=1)
[RemoteRecordClient] Recording started → /home/dhruv/projects_dhruv/namo/robot_control/real_exp/1hop_2obj/results/real/2push__env__obstacle_1_movable__f110e8c4/nav_baseline_ignore/trial1/recordings/session_2026-09-05_18-36-20/full_run.mp4
[Runtime] Full-run video + per-subgoal meta will write to /home/dhruv/projects_dhruv/namo/robot_control/real_exp/1hop_2obj/results/real/2push__env__obstacle_1_movable__f110e8c4/nav_baseline_ignore/trial1/recordings/session_2026-09-05_18-36-20
[Runtime] 🔌 Robot 1 ONLINE at startup (alive_ids=[1], ap_connected=True)
[Subgoal] --> DISPATCH NAVIGATE: target=(24.4,67.0), robot at (35.7,15.3,θ=101.5°)
[Diagnostics] ⚠️ scene_before.xml capture failed: no xml source path provided

==================================================
[DIAG] subgoal #1 start recorded
Robot Control - Real Robot (Autonomous)
[NAV] navigate_to: goal=(24.4,67.0) θ=any, from=(35.7,15.3), obstacles=5
==================================================
[NAV] state - -> PRE_ROTATING pose=(35.7,15.3,θ=101.5°) pre_target_θ=135.6° heading_err=+34.1°
Serial port: /dev/serial/by-id/usb-Espressif_USB_JTAG_serial_debug_unit_10:51:DB:18:34:7C-if00
Robot ID: 1
[SerialSender] ⚠️ Car 1 DISCONNECTED (alive now: [])
Dry run: False
Speed (autonomous): nav=0.40, push=0.40
==================================================
Running in autonomous mode
Press 'r' to toggle recording
Press 'space' for emergency stop
Press 'escape' to quit
[NAV] state PRE_ROTATING -> FOLLOWING pose=(35.7,15.3,θ=101.5°) path_waypoints=71 final_wp=(24.2,67.2)
==================================================

[SerialSender] Car 1 CONNECTED (alive now: [1])
[NAV] !! NO PROGRESS (blocked): robot at (24.5,44.4,θ=81.2°) has not moved 0.5 cm or turned 3.0° in 3.0s. Treating as FAILED so the subgoal can end.
[NAV] Retreating to (22.1, 40.0)
[NAV] state FOLLOWING -> RETREATING pose=(24.5,44.4,θ=81.5°)
[NAV] Retreat done after 49 ticks (reached the cell); drive FAILED (blocked).
[Subgoal] <-- DONE (FAILED) after 13.7s, robot now at (23.8,43.1,θ=61.9°)
[DIAG] subgoal #1 end recorded (outcome=failed)
[Subgoal] --> DISPATCH NAVIGATE: target=(24.4,67.0), robot at (23.8,43.1,θ=61.9°)
[DIAG] subgoal #2 start recorded
[NAV] navigate_to: goal=(24.4,67.0) θ=any, from=(23.8,43.1), obstacles=5
[NAV] state RETREATING -> PRE_ROTATING pose=(23.8,43.1,θ=61.9°) pre_target_θ=83.8° heading_err=+21.9°
[NAV] state PRE_ROTATING -> FOLLOWING pose=(23.7,43.0,θ=62.6°) path_waypoints=31 final_wp=(24.2,67.2)
[NAV] !! NO PROGRESS (blocked): robot at (28.6,50.9,θ=74.9°) has not moved 0.5 cm or turned 3.0° in 3.0s. Treating as FAILED so the subgoal can end.
[NAV] Retreating to (25.7, 46.8)
[NAV] state FOLLOWING -> RETREATING pose=(28.6,50.9,θ=75.0°)
[NAV] Retreat done after 45 ticks (reached the cell); drive FAILED (blocked).
[Subgoal] <-- DONE (FAILED) after 7.7s, robot now at (27.7,49.6,θ=55.8°)
[DIAG] subgoal #2 end recorded (outcome=failed)
[Subgoal] --> DISPATCH NAVIGATE: target=(24.4,67.0), robot at (27.7,49.6,θ=55.8°)
[DIAG] subgoal #3 start recorded
[NAV] navigate_to: goal=(24.4,67.0) θ=any, from=(27.7,49.6), obstacles=5
[NAV] state RETREATING -> PRE_ROTATING pose=(27.7,49.6,θ=55.8°) pre_target_θ=97.4° heading_err=+41.6°
[NAV] state PRE_ROTATING -> FOLLOWING pose=(27.7,49.6,θ=56.4°) path_waypoints=22 final_wp=(24.2,67.2)
[NAV] !! NO PROGRESS (blocked): robot at (28.4,50.7,θ=91.5°) has not moved 0.5 cm or turned 3.0° in 3.0s. Treating as FAILED so the subgoal can end.
[NAV] Retreating to (25.9, 43.1)
[NAV] state FOLLOWING -> RETREATING pose=(28.4,50.7,θ=91.5°)
[NAV] Retreat done after 90 ticks (ran out of ticks); drive FAILED (blocked).
[Subgoal] <-- DONE (FAILED) after 8.9s, robot now at (27.4,47.3,θ=72.1°)
[DIAG] subgoal #3 end recorded (outcome=failed)
[Subgoal] --> DISPATCH NAVIGATE: target=(24.4,67.0), robot at (27.4,47.3,θ=72.1°)
[DIAG] subgoal #4 start recorded
[NAV] navigate_to: goal=(24.4,67.0) θ=any, from=(27.4,47.3), obstacles=5
[NAV] state RETREATING -> PRE_ROTATING pose=(27.4,47.3,θ=72.1°) pre_target_θ=92.2° heading_err=+20.2°
[NAV] state PRE_ROTATING -> FOLLOWING pose=(27.4,47.3,θ=72.0°) path_waypoints=24 final_wp=(24.2,67.2)
[NAV] !! NO PROGRESS (blocked): robot at (28.2,50.7,θ=101.2°) has not moved 0.5 cm or turned 3.0° in 3.0s. Treating as FAILED so the subgoal can end.
[NAV] Retreating to (25.9, 35.9)
[NAV] state FOLLOWING -> RETREATING pose=(28.2,50.7,θ=101.3°)
[NAV] Retreat done after 90 ticks (ran out of ticks); drive FAILED (blocked).
[Subgoal] <-- DONE (FAILED) after 10.9s, robot now at (27.7,47.3,θ=82.5°)
[DIAG] subgoal #4 end recorded (outcome=failed)
[Subgoal] --> DISPATCH NAVIGATE: target=(24.4,67.0), robot at (27.7,47.3,θ=82.5°)
[DIAG] subgoal #5 start recorded
[NAV] navigate_to: goal=(24.4,67.0) θ=any, from=(27.7,47.3), obstacles=5
[NAV] state RETREATING -> PRE_ROTATING pose=(27.7,47.3,θ=82.5°) pre_target_θ=95.7° heading_err=+13.3°
[NAV] state PRE_ROTATING -> FOLLOWING pose=(27.7,47.2,θ=82.3°) path_waypoints=24 final_wp=(24.2,67.2)
[NAV] !! NO PROGRESS (blocked): robot at (28.3,50.9,θ=109.3°) has not moved 0.5 cm or turned 3.0° in 3.0s. Treating as FAILED so the subgoal can end.
[NAV] No free cell behind the robot; backing out blind.
[NAV] state FOLLOWING -> RETREATING pose=(28.3,50.9,θ=109.5°)
[NAV] Retreat done after 90 ticks (ran out of ticks); drive FAILED (blocked).
[Subgoal] <-- DONE (FAILED) after 14.6s, robot now at (30.2,47.6,θ=124.6°)
[DIAG] subgoal #5 end recorded (outcome=failed)
[Subgoal] --> DISPATCH NAVIGATE: target=(24.4,67.0), robot at (30.2,47.6,θ=124.6°)
[DIAG] subgoal #6 start recorded
[NAV] navigate_to: goal=(24.4,67.0) θ=any, from=(30.2,47.6), obstacles=5
[NAV] state RETREATING -> PRE_ROTATING pose=(30.2,47.6,θ=124.6°) pre_target_θ=132.2° heading_err=+7.6°
[NAV] state PRE_ROTATING -> FOLLOWING pose=(30.2,47.6,θ=124.7°) path_waypoints=26 final_wp=(24.2,67.2)
[NAV] !! NO PROGRESS (blocked): robot at (27.3,50.5,θ=116.3°) has not moved 0.5 cm or turned 3.0° in 3.0s. Treating as FAILED so the subgoal can end.
[NAV] No free cell behind the robot; backing out blind.
[NAV] state FOLLOWING -> RETREATING pose=(27.3,50.5,θ=116.3°)
[NAV] Retreat done after 90 ticks (ran out of ticks); drive FAILED (blocked).
[Subgoal] <-- DONE (FAILED) after 10.2s, robot now at (29.5,47.4,θ=131.0°)
[DIAG] subgoal #6 end recorded (outcome=failed)
[Runtime] Planning failed - stopping robot
[Runtime] Shutting down
[Diagnostics] ⚠️ scene_after.xml capture failed: no xml source path provided
[Diagnostics] Wrote summary.json (outcome=failure)
[RemoteRecordClient] Recording stopped → /home/dhruv/projects_dhruv/namo/robot_control/real_exp/1hop_2obj/results/real/2push__env__obstacle_1_movable__f110e8c4/nav_baseline_ignore/trial1/recordings/session_2026-09-05_18-36-20/full_run.mp4
[Runtime] Sending stop command to robot...
[SerialSender] Stopped
[RealEnv] Stopped
[RemoteObserver] Stopped
[Runtime] Shutdown complete

============================================================
  arm                : nav_baseline_ignore
  reached            : False
  stopped at         : (29.54, 47.4) cm
  distance to goal   : 20.25 cm
  route waypoints    : 40
  route crossed      : obj_1,obj_4
  objects shoved     : obj_1,obj_4
  elapsed            : 66.5 s
  failure            : stuck_retry_limit_reached
============================================================

  Driving alone did not reach the goal. Reset the scene, then
  run the NAMO trial on the same layout.

wrote /home/dhruv/projects_dhruv/namo/robot_control/real_exp/1hop_2obj/results/real/2push__env__obstacle_1_movable__f110e8c4/nav_baseline_ignore/trial1/nav_baseline_ignore_1788647848.json

real_exp/1hop_2obj/results/real/2push__env__obstacle_1_movable__f110e8c4/nav_verdict.json already holds a verdict; left alone.
