[Diagnostics] Wrote config.json
[DIAG] Diagnostics enabled: /home/dhruv/projects_dhruv/namo/robot_control/real_exp/1hop_multi_int/results/real/2push__env__obstacle_0_movable__fbdce248/model_search/trial3
planner: full_namo  |  exec mode: search  local search: best_first/model  ckpt=/home/dhruv/projects_dhruv/namo/ranking/models/HY5U_s2.ckpt  hmax=canonical  budget=canonical  scope=inherited  device=cuda

Starting NAMO execution...
Press ESCAPE to quit
==================================================
[Runtime] Using remote camera service at tcp://localhost:5556
[Runtime] Speeds in effect: nav=0.40, push=0.40, keyboard/follow_path=0.30
[Runtime] Safety filter: OFF
[Runtime] Starting RemoteObserverNode...
[RemoteObserver] Connected to tcp://localhost:5556
[SerialSender] Port /dev/serial/by-id/usb-Espressif_USB_JTAG_serial_debug_unit_10:51:DB:18:34:7C-if00 opened at 115200
[SerialSender] Started at 30.0 Hz
[RealEnv] Started (robot_id=1)
[SerialSender] Car 1 CONNECTED (alive now: [1])
[RemoteRecordClient] Recording started → /home/dhruv/projects_dhruv/namo/robot_control/real_exp/1hop_multi_int/results/real/2push__env__obstacle_0_movable__fbdce248/model_search/trial3/recordings/session_2026-09-08_01-34-25/full_run.mp4
[Runtime] Full-run video + per-subgoal meta will write to /home/dhruv/projects_dhruv/namo/robot_control/real_exp/1hop_multi_int/results/real/2push__env__obstacle_0_movable__fbdce248/model_search/trial3/recordings/session_2026-09-08_01-34-25
[Runtime] 🔌 Robot 1 ONLINE at startup (alive_ids=[1], ap_connected=True)

[Trapped-start recovery] Robot at (38.1, 7.0) cm was in an inflated-obstacle cell; cleared local cells so the planner can BFS from here. Position unchanged.

[NAMOPlanner] Goal BLOCKED - running NAMO planning...
[NAMOBridge] Warming best-first scorer (checkpoint=/home/dhruv/projects_dhruv/namo/ranking/models/HY5U_s2.ckpt, device=cuda); excluded from planning time

[Trapped-start recovery] Robot at (38.1, 7.0) cm was in an inflated-obstacle cell; cleared local cells so the planner can BFS from here. Position unchanged.


[Trapped-start recovery] Robot at (38.1, 7.0) cm was in an inflated-obstacle cell; cleared local cells so the planner can BFS from here. Position unchanged.

[Runtime] sim-success: start XML → /home/dhruv/projects_dhruv/namo/robot_control/real_exp/1hop_multi_int/results/real/2push__env__obstacle_0_movable__fbdce248/model_search/trial3/sim_replay_start.xml

==================================================
Robot Control - Real Robot (Autonomous)
==================================================
Serial port: /dev/serial/by-id/usb-Espressif_USB_JTAG_serial_debug_unit_10:51:DB:18:34:7C-if00
Robot ID: 1
Dry run: False
Speed (autonomous): nav=0.40, push=0.40
==================================================
Running in autonomous mode
Press 'r' to toggle recording
Press 'space' for emergency stop
Press 'escape' to quit
==================================================

[NAMOPlanner] Best-first scorer warmup: 3762ms (recorded separately; excluded from planning_wall_time_ms)

[Trapped-start recovery] Robot at (38.1, 7.0) cm was in an inflated-obstacle cell; cleared local cells so the planner can BFS from here. Position unchanged.

[NAMOPlanner] Plan #1: 9795ms, cumulative: 9795ms
[DIAG] plan #1 recorded (success=True)
[NAMOPlanner] MPC mode: preserving 2 pushes from fresh_plan, queuing only the first for real execution
[sim_replay_subprocess] re-encoded plan_001_replay.mp4 to H.264 for compatibility
[sim_replay_subprocess] wrote /home/dhruv/projects_dhruv/namo/robot_control/real_exp/1hop_multi_int/results/real/2push__env__obstacle_0_movable__fbdce248/model_search/trial3/sim_replays/plan_001_replay.mp4 (5900 frames @ 30 fps, stride=17)
[Runtime] sim-success per-plan: plan #1 (2 push(es)) → /home/dhruv/projects_dhruv/namo/robot_control/real_exp/1hop_multi_int/results/real/2push__env__obstacle_0_movable__fbdce248/model_search/trial3/sim_replays/
[Subgoal] --> DISPATCH PUSH: obj 'obj_4' at (38.6,22.6,θ=67.2°), edge=41, push_steps=5, robot at (38.1,7.0,θ=79.6°)
[DIAG] subgoal #1 start recorded

[Trapped-start recovery] Robot at (38.1, 7.0) cm was in an inflated-obstacle cell; cleared local cells so the planner can BFS from here. Position unchanged.

[PUSH] Starting navigation: robot=(38.1,7.0) → approach=(37.0,14.3)
[NAV] navigate_to: goal=(37.0,14.3) θ=67.2°, from=(38.1,7.0), obstacles=5
[Wavefront] Saved grid image to output_dump/wavefront/wavefront_20260908_013443_001.png (98x155)
[PUSH] navigate_to() returned: True, nav_state=PRE_ROTATING
[NAV] state - -> PRE_ROTATING pose=(38.1,7.0,θ=79.6°) pre_target_θ=109.5° heading_err=+30.0°
[NAV] state PRE_ROTATING -> FOLLOWING pose=(38.1,7.1,θ=79.6°) path_waypoints=9 final_wp=(36.8,13.8)
[NAV] state FOLLOWING -> POST_ROTATING pose=(36.6,12.5,θ=84.8°) goal_θ=67.2° heading_err=-17.5°
[NAV] !! STALL: stuck in POST_ROTATING for 150 ticks, target_θ=67.2°, current_θ=60.5°, heading_err=+6.8°. Likely cause: rotation tolerance / stable-hold not converging.
[PUSH] Navigation done - transitioning to ADVANCING (nav_state=FINISHED)
[PUSH] >>> PUSHING start: obj 'obj_4' at (38.4,22.7,θ=67.8°), robot at (36.2,13.7,θ=64.9°), edge=41, push_steps=5 (150 ticks)
[PUSH DEBUG] ========== PUSH START ==========
[PUSH DEBUG] Object: pos=(38.4,22.7) theta=67.8° size=(12.0x7.5)
[PUSH DEBUG] Edge 41: face=3 sample=5
[PUSH DEBUG] Theoretical: edge_pt (36.8,14.5) → mid_pt (39.9,22.1)
[PUSH DEBUG] Actual line: (36.2,13.7) → (39.3,21.3)
[PUSH DEBUG] Mode: FIXED
[PUSH DEBUG] ================================

[PUSH] ========== PUSH COMPLETE ==========
[PUSH] Robot: (43.6, 35.2) theta=77.2°
[PUSH] Δobject 'obj_4': Δpos=(+4.75,+19.85) |Δ|=20.41cm, Δθ=+23.81°
[PUSH] Robot position is FREE in wavefront
[PUSH] Object 'wall_12': (12.8, 37.2) theta=227.1° size=(19.5x5.5)
[PUSH]   Distance robot→object center: 30.9cm
[PUSH] Object 'obj_4': (43.1, 42.6) theta=91.6° size=(12.0x7.5)
[PUSH]   Distance robot→object center: 7.4cm
[PUSH] Object 'wall_10': (19.6, 22.4) theta=243.7° size=(19.5x5.5)
[PUSH]   Distance robot→object center: 27.2cm
[PUSH] Object 'obj_1': (46.2, 54.3) theta=181.7° size=(15x7.0)
[PUSH]   Distance robot→object center: 19.3cm
[PUSH] Object 'wall_11': (24.9, 39.9) theta=61.2° size=(19.5x5.5)
[PUSH]   Distance robot→object center: 19.4cm
[Wavefront] Saved grid image to /tmp/wavefront/wavefront_20260908_013458.png (98x155)
[PUSH] Wavefront saved to: /tmp/wavefront/wavefront_20260908_013458.png
[PUSH] ======================================

[PUSH] Retreat target: (40.9, 31.0) [BACKWARD]
[PUSH] Retreat reached target after 85 steps: moved 3.1 cm, stopped 2.0 cm from target (tolerance 2.0 cm, commanded speed 0.15), robot at (41.8, 32.7), target (40.9, 31.0)
[Subgoal] <-- DONE (SUCCESS) after 18.2s, robot now at (41.8,32.7,θ=60.4°)
[DIAG] subgoal #1 end recorded (outcome=success)
[DIAG] push recorded (obj=obj_4, Δ=21.12cm, stuck=False)

[Trapped-start recovery] Robot at (41.8, 32.7) cm was in an inflated-obstacle cell; cleared local cells so the planner can BFS from here. Position unchanged.

[NAMOPlanner] Push complete. Will try reuse from updated real scene for remaining chain len=1

[Trapped-start recovery] Robot at (41.8, 32.7) cm was in an inflated-obstacle cell; cleared local cells so the planner can BFS from here. Position unchanged.

[NAMOPlanner] Reuse check from updated real scene: source=fresh_plan, chain_len=2

[Trapped-start recovery] Robot at (41.8, 32.7) cm was in an inflated-obstacle cell; cleared local cells so the planner can BFS from here. Position unchanged.

[DIAG] plan #2 recorded (success=True)
[NAMOPlanner] Reusing suffix chain (1 pushes) from updated real scene
[sim_replay_subprocess] re-encoded plan_002_replay.mp4 to H.264 for compatibility
[sim_replay_subprocess] wrote /home/dhruv/projects_dhruv/namo/robot_control/real_exp/1hop_multi_int/results/real/2push__env__obstacle_0_movable__fbdce248/model_search/trial3/sim_replays/plan_002_replay.mp4 (2950 frames @ 30 fps, stride=17)
[Runtime] sim-success per-plan: plan #2 (1 push(es)) → /home/dhruv/projects_dhruv/namo/robot_control/real_exp/1hop_multi_int/results/real/2push__env__obstacle_0_movable__fbdce248/model_search/trial3/sim_replays/
[Subgoal] --> DISPATCH PUSH: obj 'obj_4' at (43.4,43.2,θ=92.4°), edge=43, push_steps=5, robot at (41.8,32.7,θ=60.4°)
[DIAG] subgoal #2 start recorded

[Trapped-start recovery] Robot at (41.8, 32.7) cm was in an inflated-obstacle cell; cleared local cells so the planner can BFS from here. Position unchanged.

[PUSH] Starting navigation: robot=(41.8,32.7) → approach=(44.6,35.0)
[NAV] navigate_to: goal=(44.6,35.0) θ=92.4°, from=(41.8,32.7), obstacles=5
[Wavefront] Saved grid image to output_dump/wavefront/wavefront_20260908_013504_002.png (98x155)
[NAV] navigate_to: already at goal (all 6 waypoints within 3.5cm of robot). Skipping FOLLOWING.
[PUSH] navigate_to() returned: True, nav_state=POST_ROTATING
[NAV] state - -> POST_ROTATING pose=(41.8,32.7,θ=60.4°) goal_θ=92.4° heading_err=+32.0°
[NAV] !! STALL: stuck in POST_ROTATING for 150 ticks, target_θ=92.4°, current_θ=94.1°, heading_err=-1.6°. Likely cause: rotation tolerance / stable-hold not converging.
[PUSH] Navigation done - transitioning to ADVANCING (nav_state=FINISHED)
[PUSH] >>> PUSHING start: obj 'obj_4' at (43.3,43.2,θ=92.9°), robot at (41.7,32.6,θ=94.6°), edge=43, push_steps=5 (150 ticks)
[PUSH DEBUG] ========== PUSH START ==========
[PUSH DEBUG] Object: pos=(43.3,43.2) theta=92.9° size=(12.0x7.5)
[PUSH DEBUG] Edge 43: face=3 sample=6
[PUSH DEBUG] Theoretical: edge_pt (44.6,35.0) → mid_pt (44.1,43.3)
[PUSH DEBUG] Actual line: (41.7,32.6) → (41.3,40.9)
[PUSH DEBUG] Mode: FIXED
[PUSH DEBUG] ================================

[PUSH] ========== PUSH COMPLETE ==========
[PUSH] Robot: (40.2, 52.4) theta=88.2°
[PUSH] Δobject 'obj_4': Δpos=(-0.35,+16.51) |Δ|=16.51cm, Δθ=+7.27°
[PUSH] Robot position is BLOCKED in wavefront
[PUSH] Object 'wall_12': (12.8, 37.2) theta=227.1° size=(19.5x5.5)
[PUSH]   Distance robot→object center: 31.3cm
[PUSH] Object 'obj_4': (42.9, 59.7) theta=100.2° size=(12.0x7.5)
[PUSH]   Distance robot→object center: 7.8cm
[PUSH] Object 'obj_1': (46.1, 71.4) theta=177.6° size=(15x7.0)
[PUSH]   Distance robot→object center: 19.9cm
[PUSH] Object 'wall_11': (24.9, 39.9) theta=61.2° size=(19.5x5.5)
[PUSH]   Distance robot→object center: 19.8cm
[PUSH] Object 'wall_10': (19.6, 22.4) theta=243.7° size=(19.5x5.5)
[PUSH]   Distance robot→object center: 36.4cm
[Wavefront] Saved grid image to /tmp/wavefront/wavefront_20260908_013524.png (98x155)
[PUSH] Wavefront saved to: /tmp/wavefront/wavefront_20260908_013524.png
[PUSH] ======================================

[PUSH] Retreat target: (38.4, 47.8) [BACKWARD]
[PUSH] Retreat reached target after 71 steps: moved 3.1 cm, stopped 1.9 cm from target (tolerance 2.0 cm, commanded speed 0.15), robot at (39.0, 49.5), target (38.4, 47.8)
[Subgoal] <-- DONE (SUCCESS) after 22.3s, robot now at (39.0,49.5,θ=67.5°)
[DIAG] subgoal #2 end recorded (outcome=success)
[DIAG] push recorded (obj=obj_4, Δ=16.56cm, stuck=False)

[Trapped-start recovery] Robot at (39.0, 49.5) cm was in an inflated-obstacle cell; cleared local cells so the planner can BFS from here. Position unchanged.

[NAMOPlanner] Goal is NOW REACHABLE - skipping committed-chain reuse

[Trapped-start recovery] Robot at (39.0, 49.5) cm was in an inflated-obstacle cell; cleared local cells so the planner can BFS from here. Position unchanged.

[NAMOPlanner] Goal REACHABLE - navigating to (20.1, 58.6) [dist=21.0cm]
[Subgoal] --> DISPATCH NAVIGATE: target=(20.1,58.6), robot at (39.0,49.5,θ=67.5°)
[DIAG] subgoal #3 start recorded

[Trapped-start recovery] Robot at (39.0, 49.5) cm was in an inflated-obstacle cell; cleared local cells so the planner can BFS from here. Position unchanged.

[NAV] navigate_to: goal=(20.1,58.6) θ=any, from=(39.0,49.5), obstacles=5
[Wavefront] Saved grid image to output_dump/wavefront/wavefront_20260908_013526_003.png (98x155)
[NAV] state POST_ROTATING -> PRE_ROTATING pose=(39.0,49.5,θ=67.5°) pre_target_θ=164.2° heading_err=+96.7°
[NAV] state PRE_ROTATING -> FOLLOWING pose=(39.2,49.3,θ=124.3°) path_waypoints=28 final_wp=(20.2,58.8)
[Subgoal] <-- DONE (SUCCESS) after 5.1s, robot now at (21.2,58.8,θ=183.4°)
[DIAG] subgoal #3 end recorded (outcome=success)
[NAMOPlanner] GOAL REACHED! Distance: 1.1cm | Total planning: 2 calls, 10201ms cumulative
[Runtime] Plan complete - stopping robot
[Runtime] Shutting down

[Trapped-start recovery] Robot at (21.2, 58.8) cm was in an inflated-obstacle cell; cleared local cells so the planner can BFS from here. Position unchanged.

[Diagnostics] Wrote summary.json (outcome=success)
[Runtime] sim-success: chain (2 push(es)) → /home/dhruv/projects_dhruv/namo/robot_control/real_exp/1hop_multi_int/results/real/2push__env__obstacle_0_movable__fbdce248/model_search/trial3/success_chain.json
[sim_replay_subprocess] step 1 (object=obj_4 edge=41 depth=4) FAILED: Action not applicable. Halting chain (remaining 1 step(s) skipped).
[sim_replay_subprocess] failure produced no qpos dump; using current env full_state for a static failure frame
[sim_replay_subprocess] re-encoded success_sim_replay.mp4 to H.264 for compatibility
[sim_replay_subprocess] rendered failure context to /home/dhruv/projects_dhruv/namo/robot_control/real_exp/1hop_multi_int/results/real/2push__env__obstacle_0_movable__fbdce248/model_search/trial3/success_sim_replay.mp4 (failed at step 1)
[sim_replay] subprocess exited with status 2; see [sim_replay_subprocess] lines above for details
[RemoteRecordClient] Recording stopped → /home/dhruv/projects_dhruv/namo/robot_control/real_exp/1hop_multi_int/results/real/2push__env__obstacle_0_movable__fbdce248/model_search/trial3/recordings/session_2026-09-08_01-34-25/full_run.mp4
[Runtime] Sending stop command to robot...
[SerialSender] Stopped
[RealEnv] Stopped
[RemoteObserver] Stopped
[Runtime] Shutdown complete
