[Diagnostics] Recording to /home/dhruv/projects_dhruv/namo/robot_control/real_exp/1hop_multi_int/results/real/2push__env__obstacle_0_movable__9147aba2/nav_baseline_penalise/trial1
[Diagnostics] Wrote config.json
[DIAG] Diagnostics enabled: /home/dhruv/projects_dhruv/namo/robot_control/real_exp/1hop_multi_int/results/real/2push__env__obstacle_0_movable__9147aba2/nav_baseline_penalise/trial1
Goal given: (6.1, 71.9) cm

Pure navigation baseline, mode 'penalise'. No pushes will be planned.
Press ESCAPE to quit
============================================================
[Runtime] Using remote camera service at tcp://localhost:5556
[Runtime] Speeds in effect: nav=0.40, push=0.40, keyboard/follow_path=0.30
[Runtime] Starting RemoteObserverNode...
[RemoteObserver] Connected to tcp://localhost:5556
[SerialSender] Port /dev/serial/by-id/usb-Espressif_USB_JTAG_serial_debug_unit_10:51:DB:18:34:7C-if00 opened at 115200
[SerialSender] Started at 30.0 Hz
[RealEnv] Started (robot_id=1)
[SerialSender] Car 1 CONNECTED (alive now: [1])
[RemoteRecordClient] Recording started → /home/dhruv/projects_dhruv/namo/robot_control/real_exp/1hop_multi_int/results/real/2push__env__obstacle_0_movable__9147aba2/nav_baseline_penalise/trial1/recordings/session_2026-09-05_20-29-00/full_run.mp4
[Runtime] Full-run video + per-subgoal meta will write to /home/dhruv/projects_dhruv/namo/robot_control/real_exp/1hop_multi_int/results/real/2push__env__obstacle_0_movable__9147aba2/nav_baseline_penalise/trial1/recordings/session_2026-09-05_20-29-00
[Runtime] 🔌 Robot 1 ONLINE at startup (alive_ids=[1], ap_connected=True)
[Diagnostics] ⚠️ scene_before.xml capture failed: no xml source path provided

==================================================
Robot Control - Real Robot (Autonomous)
==================================================
Serial port: /dev/serial/by-id/usb-Espressif_USB_JTAG_serial_debug_unit_10:51:DB:18:34:7C-if00
Robot ID: 1
Dry run: False[Subgoal] --> DISPATCH NAVIGATE: target=(6.1,71.9), robot at (25.5,7.4,θ=92.4°)

Speed (autonomous): nav=0.40, push=0.40[DIAG] subgoal #1 start recorded
[NAV] navigate_to: goal=(6.1,71.9) θ=any, from=(25.5,7.4), obstacles=6
[NAV] state - -> PRE_ROTATING pose=(25.5,7.4,θ=92.4°) pre_target_θ=133.9° heading_err=+41.5°

[NAV] state PRE_ROTATING -> FOLLOWING pose=(25.5,7.4,θ=92.3°) path_waypoints=87 final_wp=(6.2,71.2)
==================================================
Running in autonomous mode
Press 'r' to toggle recording
Press 'space' for emergency stop
Press 'escape' to quit
==================================================

[NAV] !! NO PROGRESS (blocked): robot at (11.0,29.9,θ=149.9°) has not moved 0.5 cm or turned 3.0° in 3.0s. Treating as FAILED so the subgoal can end.
[NAV] Retreating to (14.2, 26.1)
[NAV] state FOLLOWING -> RETREATING pose=(11.0,29.9,θ=149.9°)
[NAV] Retreat done after 50 ticks (reached the cell); drive FAILED (blocked).
[Subgoal] <-- DONE (FAILED) after 12.0s, robot now at (12.0,28.7,θ=128.1°)
[DIAG] subgoal #1 end recorded (outcome=failed)
[Subgoal] --> DISPATCH NAVIGATE: target=(6.1,71.9), robot at (12.0,28.7,θ=128.1°)
[DIAG] subgoal #2 start recorded
[NAV] navigate_to: goal=(6.1,71.9) θ=any, from=(12.0,28.7), obstacles=6
[NAV] state RETREATING -> PRE_ROTATING pose=(12.0,28.7,θ=128.1°) pre_target_θ=132.3° heading_err=+4.2°
[NAV] state PRE_ROTATING -> FOLLOWING pose=(12.1,28.6,θ=128.2°) path_waypoints=52 final_wp=(6.2,71.2)
[NAV] !! NO PROGRESS (blocked): robot at (11.0,30.1,θ=150.7°) has not moved 0.5 cm or turned 3.0° in 3.0s. Treating as FAILED so the subgoal can end.
[NAV] Retreating to (14.3, 26.3)
[NAV] state FOLLOWING -> RETREATING pose=(11.0,30.1,θ=150.7°)
[NAV] Retreat done after 62 ticks (reached the cell); drive FAILED (blocked).
[Subgoal] <-- DONE (FAILED) after 6.6s, robot now at (12.0,28.9,θ=127.2°)
[DIAG] subgoal #2 end recorded (outcome=failed)
[Subgoal] --> DISPATCH NAVIGATE: target=(6.1,71.9), robot at (12.0,28.9,θ=127.2°)
[DIAG] subgoal #3 start recorded
[NAV] navigate_to: goal=(6.1,71.9) θ=any, from=(12.0,28.9), obstacles=6
[NAV] state RETREATING -> PRE_ROTATING pose=(12.0,28.9,θ=127.2°) pre_target_θ=134.0° heading_err=+6.8°
[NAV] state PRE_ROTATING -> FOLLOWING pose=(12.1,28.8,θ=128.2°) path_waypoints=52 final_wp=(6.2,71.2)
[NAV] !! NO PROGRESS (blocked): robot at (11.0,30.1,θ=151.2°) has not moved 0.5 cm or turned 3.0° in 3.0s. Treating as FAILED so the subgoal can end.
[NAV] Retreating to (14.3, 26.4)
[NAV] state FOLLOWING -> RETREATING pose=(11.0,30.1,θ=151.2°)
[NAV] Retreat done after 57 ticks (reached the cell); drive FAILED (blocked).
[Subgoal] <-- DONE (FAILED) after 6.1s, robot now at (12.1,28.8,θ=130.2°)
[DIAG] subgoal #3 end recorded (outcome=failed)
[Subgoal] --> DISPATCH NAVIGATE: target=(6.1,71.9), robot at (12.1,28.8,θ=130.2°)
[DIAG] subgoal #4 start recorded
[NAV] navigate_to: goal=(6.1,71.9) θ=any, from=(12.1,28.8), obstacles=6
[NAV] state RETREATING -> PRE_ROTATING pose=(12.1,28.8,θ=130.2°) pre_target_θ=134.2° heading_err=+3.9°
[NAV] state PRE_ROTATING -> FOLLOWING pose=(12.1,28.8,θ=130.2°) path_waypoints=52 final_wp=(6.2,71.2)
[NAV] !! NO PROGRESS (blocked): robot at (11.0,30.1,θ=151.8°) has not moved 0.5 cm or turned 3.0° in 3.0s. Treating as FAILED so the subgoal can end.
[NAV] Retreating to (14.3, 26.4)
[NAV] state FOLLOWING -> RETREATING pose=(11.0,30.1,θ=151.8°)
[NAV] Retreat done after 50 ticks (reached the cell); drive FAILED (blocked).
[Subgoal] <-- DONE (FAILED) after 6.0s, robot now at (12.0,29.0,θ=129.4°)
[DIAG] subgoal #4 end recorded (outcome=failed)
[Subgoal] --> DISPATCH NAVIGATE: target=(6.1,71.9), robot at (12.0,29.0,θ=129.4°)
[DIAG] subgoal #5 start recorded
[NAV] navigate_to: goal=(6.1,71.9) θ=any, from=(12.0,29.0), obstacles=6
[NAV] state RETREATING -> PRE_ROTATING pose=(12.0,29.0,θ=129.4°) pre_target_θ=129.2° heading_err=-0.1°
[NAV] state PRE_ROTATING -> FOLLOWING pose=(12.0,29.0,θ=129.4°) path_waypoints=50 final_wp=(6.2,71.2)
[NAV] !! NO PROGRESS (blocked): robot at (11.0,30.4,θ=152.7°) has not moved 0.5 cm or turned 3.0° in 3.0s. Treating as FAILED so the subgoal can end.
[NAV] Retreating to (14.4, 26.7)
[NAV] state FOLLOWING -> RETREATING pose=(11.0,30.4,θ=152.7°)
[NAV] Retreat done after 90 ticks (ran out of ticks); drive FAILED (blocked).
[Subgoal] <-- DONE (FAILED) after 7.5s, robot now at (11.7,29.6,θ=121.9°)
[DIAG] subgoal #5 end recorded (outcome=failed)
[Subgoal] --> DISPATCH NAVIGATE: target=(6.1,71.9), robot at (11.7,29.6,θ=121.9°)
[DIAG] subgoal #6 start recorded
[NAV] navigate_to: goal=(6.1,71.9) θ=any, from=(11.7,29.6), obstacles=6
[NAV] state RETREATING -> PRE_ROTATING pose=(11.7,29.6,θ=121.9°) pre_target_θ=132.5° heading_err=+10.6°
[NAV] state PRE_ROTATING -> FOLLOWING pose=(11.7,29.6,θ=121.9°) path_waypoints=63 final_wp=(6.2,71.2)
[NAV] !! NO PROGRESS (blocked): robot at (11.1,30.8,θ=153.7°) has not moved 0.5 cm or turned 3.0° in 3.0s. Treating as FAILED so the subgoal can end.
[NAV] Retreating to (14.5, 27.2)
[NAV] state FOLLOWING -> RETREATING pose=(11.1,30.8,θ=153.7°)
[NAV] Retreat done after 69 ticks (reached the cell); drive FAILED (blocked).
[Subgoal] <-- DONE (FAILED) after 7.1s, robot now at (12.1,29.7,θ=134.6°)
[DIAG] subgoal #6 end recorded (outcome=failed)
[Runtime] Planning failed - stopping robot
[Runtime] Shutting down
[Diagnostics] ⚠️ scene_after.xml capture failed: no xml source path provided
[Diagnostics] Wrote summary.json (outcome=failure)
[RemoteRecordClient] Recording stopped → /home/dhruv/projects_dhruv/namo/robot_control/real_exp/1hop_multi_int/results/real/2push__env__obstacle_0_movable__9147aba2/nav_baseline_penalise/trial1/recordings/session_2026-09-05_20-29-00/full_run.mp4
[Runtime] Sending stop command to robot...
[SerialSender] Stopped
[RealEnv] Stopped
[RemoteObserver] Stopped
[Runtime] Shutdown complete

============================================================
  arm                : nav_baseline_penalise
  reached            : False
  stopped at         : (12.13, 29.66) cm
  distance to goal   : 42.64 cm
  route waypoints    : 87
  route crossed      : obj_1,obj_4
  objects shoved     : obj_1
  elapsed            : 45.6 s
  failure            : stuck_retry_limit_reached
============================================================

  Driving alone did not reach the goal. Reset the scene, then
  run the NAMO trial on the same layout.

wrote /home/dhruv/projects_dhruv/namo/robot_control/real_exp/1hop_multi_int/results/real/2push__env__obstacle_0_movable__9147aba2/nav_baseline_penalise/trial1/nav_baseline_penalise_1788654586.json
wrote real_exp/1hop_multi_int/results/real/2push__env__obstacle_0_movable__9147aba2/nav_verdict.json (qualifies is unset, waiting on your call)
