[NAV_PATH] 0.1325,0.0825
[NAV_END]
[PUSH_PATH] 0 0.1325,0.0825 0.132696,0.1625 0.133919,0.662498
[PUSH_CTRL] 0 3.57133 3.57133 TRACK
[PUSH_CTRL] 1 3.57133 3.57133 TRACK
[PUSH_CTRL] 2 3.57133 3.57133 TRACK
[PUSH_CTRL] 3 3.57133 3.57133 TRACK
[PUSH_CTRL] 4 3.57133 3.57133 TRACK
[PUSH_CTRL] 5 3.57133 3.57133 TRACK
[PUSH_CTRL] 6 3.57133 3.57133 TRACK
[PUSH_CTRL] 7 3.57133 3.57133 TRACK
[PUSH_CTRL] 8 3.57133 3.57133 TRACK
[PUSH_CTRL] 9 3.57133 3.57133 TRACK
[PUSH_CTRL] 10 3.57133 3.57133 TRACK
[PUSH_CTRL] 11 3.57133 3.57133 TRACK
[PUSH_CTRL] 12 3.57133 3.57133 TRACK
[PUSH_CTRL] 13 3.57133 3.57133 TRACK
[PUSH_CTRL] 14 3.57133 3.57133 TRACK
[PUSH_CTRL] 15 3.57133 3.57133 TRACK
[PUSH_CTRL] 16 3.57133 3.57133 TRACK
[PUSH_CTRL] 17 3.57133 3.57133 TRACK
[PUSH_CTRL] 18 3.57133 3.57133 TRACK
[PUSH_CTRL] 19 3.57133 3.57133 TRACK
[PUSH_CTRL] 20 3.57133 3.57133 TRACK
[PUSH_CTRL] 21 3.57133 3.57133 TRACK
[PUSH_CTRL] 22 3.57133 3.57133 TRACK
[PUSH_CTRL] 23 3.57133 3.57133 TRACK
[PUSH_CTRL] 24 3.57133 3.57133 TRACK
[PUSH_CTRL] 25 3.57133 3.57133 TRACK
[PUSH_CTRL] 26 3.57133 3.57133 TRACK
[PUSH_CTRL] 27 3.57133 3.57133 TRACK
[PUSH_CTRL] 28 3.57133 3.57133 TRACK
[PUSH_CTRL] 29 3.57133 3.57133 TRACK
[PUSH_CTRL] 30 3.57133 3.57133 TRACK
[PUSH_CTRL] 31 3.57133 3.57133 TRACK
[PUSH_CTRL] 32 3.57133 3.57133 TRACK
[PUSH_CTRL] 33 3.57133 3.57133 TRACK
[PUSH_CTRL] 34 3.57133 3.57133 TRACK
[PUSH_CTRL] 35 3.57133 3.57133 TRACK
[PUSH_CTRL] 36 3.57133 3.57133 TRACK
[PUSH_CTRL] 37 3.57133 3.57133 TRACK
[PUSH_CTRL] 38 3.57133 3.57133 TRACK
[PUSH_CTRL] 39 3.57133 3.57133 TRACK
[PUSH_CTRL] 40 3.57133 3.57133 TRACK
[PUSH_CTRL] 41 3.57133 3.57133 TRACK
[PUSH_CTRL] 42 3.57133 3.57133 TRACK
[PUSH_CTRL] 43 3.57133 3.57133 TRACK
[PUSH_CTRL] 44 3.57133 3.57133 TRACK
[PUSH_CTRL] 45 3.57133 3.57133 TRACK
[PUSH_CTRL] 46 3.57133 3.57133 TRACK
[PUSH_CTRL] 47 3.57133 3.57133 TRACK
[PUSH_CTRL] 48 3.57133 3.57133 TRACK
[PUSH_CTRL] 49 3.57133 3.57133 TRACK
[PUSH_CTRL] 50 3.57133 3.57133 TRACK
[PUSH_CTRL] 51 3.57133 3.57133 TRACK
[PUSH_CTRL] 52 3.57133 3.57133 TRACK
[PUSH_CTRL] 53 3.57133 3.57133 TRACK
[PUSH_CTRL] 54 3.57133 3.57133 TRACK
[PUSH_CTRL] 55 3.57133 3.57133 TRACK
[PUSH_CTRL] 56 3.57133 3.57133 TRACK
[PUSH_CTRL] 57 3.57133 3.57133 TRACK
[PUSH_CTRL] 58 3.57133 3.57133 TRACK
[PUSH_CTRL] 59 3.57133 3.57133 TRACK
[PUSH_CTRL] 60 3.57133 3.57133 TRACK
[PUSH_CTRL] 61 3.57133 3.57133 TRACK
[PUSH_CTRL] 62 3.57133 3.57133 TRACK
[PUSH_CTRL] 63 3.57133 3.57133 TRACK
[PUSH_CTRL] 64 3.57133 3.57133 TRACK
[PUSH_CTRL] 65 3.57133 3.57133 TRACK
[PUSH_CTRL] 66 3.57133 3.57133 TRACK
[PUSH_CTRL] 67 3.57133 3.57133 TRACK
[PUSH_CTRL] 68 3.57133 3.57133 TRACK
[PUSH_CTRL] 69 3.57133 3.57133 TRACK
[PUSH_CTRL] 70 3.57133 3.57133 TRACK
[PUSH_CTRL] 71 3.57133 3.57133 TRACK
[PUSH_CTRL] 72 3.57133 3.57133 TRACK
[PUSH_CTRL] 73 3.57133 3.57133 TRACK
[PUSH_CTRL] 74 3.57133 3.57133 TRACK
[PUSH_CTRL] 75 3.57133 3.57133 TRACK
[PUSH_CTRL] 76 3.57133 3.57133 TRACK
[PUSH_CTRL] 77 3.57133 3.57133 TRACK
[PUSH_CTRL] 78 3.57133 3.57133 TRACK
[PUSH_CTRL] 79 3.57133 3.57133 TRACK
[PUSH_CTRL] 80 3.57133 3.57133 TRACK
[PUSH_CTRL] 81 3.57133 3.57133 TRACK
[PUSH_CTRL] 82 3.57133 3.57133 TRACK
[PUSH_CTRL] 83 3.57133 3.57133 TRACK
[PUSH_CTRL] 84 3.57133 3.57133 TRACK
[PUSH_CTRL] 85 3.57133 3.57133 TRACK
[PUSH_CTRL] 86 3.57133 3.57133 TRACK
[PUSH_CTRL] 87 3.57133 3.57133 TRACK
[PUSH_CTRL] 88 3.57133 3.57133 TRACK
[PUSH_CTRL] 89 3.57133 3.57133 TRACK
[PUSH_CTRL] 90 3.57133 3.57133 TRACK
[PUSH_CTRL] 91 3.57133 3.57133 TRACK
[PUSH_CTRL] 92 3.57133 3.57133 TRACK
[PUSH_CTRL] 93 3.57133 3.57133 TRACK
[PUSH_CTRL] 94 3.57133 3.57133 TRACK
[PUSH_CTRL] 95 3.57133 3.57133 TRACK
[PUSH_CTRL] 96 3.57133 3.57133 TRACK
[PUSH_CTRL] 97 3.57133 3.57133 TRACK
[PUSH_CTRL] 98 3.57133 3.57133 TRACK
[PUSH_CTRL] 99 3.57133 3.57133 TRACK
[PUSH_CTRL] 100 3.57133 3.57133 TRACK
[PUSH_CTRL] 101 3.57133 3.57133 TRACK
[PUSH_CTRL] 102 3.57133 3.57133 TRACK
[PUSH_CTRL] 103 3.57133 3.57133 TRACK
[PUSH_CTRL] 104 3.57133 3.57133 TRACK
[PUSH_CTRL] 105 3.57133 3.57133 TRACK
[PUSH_CTRL] 106 3.57133 3.57133 TRACK
[PUSH_CTRL] 107 3.57133 3.57133 TRACK
[PUSH_CTRL] 108 3.57133 3.57133 TRACK
[PUSH_CTRL] 109 3.57133 3.57133 TRACK
[PUSH_CTRL] 110 3.57133 3.57133 TRACK
[PUSH_CTRL] 111 3.57133 3.57133 TRACK
[PUSH_CTRL] 112 3.57133 3.57133 TRACK
[PUSH_CTRL] 113 3.57062 3.57133 TRACK
[PUSH_CTRL] 114 3.56927 3.57133 TRACK
[PUSH_CTRL] 115 3.56733 3.57133 TRACK
[PUSH_CTRL] 116 3.56493 3.57133 TRACK
[PUSH_CTRL] 117 3.56143 3.57133 TRACK
[PUSH_CTRL] 118 3.55665 3.57133 TRACK
[PUSH_CTRL] 119 3.55074 3.57133 TRACK
[PUSH_CTRL] 120 3.54441 3.57133 TRACK
[PUSH_CTRL] 121 3.53748 3.57133 TRACK
[PUSH_CTRL] 122 3.52993 3.57133 TRACK
[PUSH_CTRL] 123 3.52086 3.57133 TRACK
[PUSH_CTRL] 124 3.51072 3.57133 TRACK
[PUSH_CTRL] 125 3.49958 3.57133 TRACK
[PUSH_CTRL] 126 3.49083 3.57133 TRACK
[PUSH_CTRL] 127 3.4808 3.57133 TRACK
[PUSH_CTRL] 128 3.4734 3.57133 TRACK
[PUSH_CTRL] 129 3.46681 3.57133 TRACK
[PUSH_CTRL] 130 3.46074 3.57133 TRACK
[PUSH_CTRL] 131 3.45514 3.57133 TRACK
[PUSH_CTRL] 132 3.45154 3.57133 TRACK
[PUSH_CTRL] 133 3.44779 3.57133 TRACK
[PUSH_CTRL] 134 3.44302 3.57133 TRACK
[PUSH_CTRL] 135 3.43623 3.57133 TRACK
[PUSH_CTRL] 136 3.42665 3.57133 TRACK
[PUSH_CTRL] 137 3.42242 3.57133 TRACK
[PUSH_CTRL] 138 3.41589 3.57133 TRACK
[PUSH_CTRL] 139 3.41065 3.57133 TRACK
[PUSH_CTRL] 140 3.40607 3.57133 TRACK
[PUSH_CTRL] 141 3.40227 3.57133 TRACK
[PUSH_CTRL] 142 3.39993 3.57133 TRACK
[PUSH_CTRL] 143 3.39819 3.57133 TRACK
[PUSH_CTRL] 144 3.39613 3.57133 TRACK
[PUSH_CTRL] 145 3.39241 3.57133 TRACK
[PUSH_CTRL] 146 3.38604 3.57133 TRACK
[PUSH_CTRL] 147 3.38237 3.57133 TRACK
[PUSH_CTRL] 148 3.37359 3.57133 TRACK
[PUSH_CTRL] 149 3.36575 3.57133 TRACK
[PUSH_CTRL] 150 3.35914 3.57133 TRACK
[PUSH_CTRL] 151 3.35365 3.57133 TRACK
[PUSH_CTRL] 152 3.34847 3.57133 TRACK
[PUSH_CTRL] 153 3.34349 3.57133 TRACK
[PUSH_CTRL] 154 3.33871 3.57133 TRACK
[PUSH_CTRL] 155 3.33408 3.57133 TRACK
[PUSH_CTRL] 156 3.32942 3.57133 TRACK
[PUSH_CTRL] 157 3.33075 3.57133 TRACK
[PUSH_CTRL] 158 3.3238 3.57133 TRACK
[PUSH_CTRL] 159 3.31533 3.57133 TRACK
[PUSH_CTRL] 160 3.30506 3.57133 TRACK
[PUSH_CTRL] 161 3.29431 3.57133 TRACK
[PUSH_CTRL] 162 3.28317 3.57133 TRACK
[PUSH_CTRL] 163 3.27276 3.57133 TRACK
[PUSH_CTRL] 164 3.26336 3.57133 TRACK
[PUSH_CTRL] 165 3.25496 3.57133 TRACK
[PUSH_CTRL] 166 3.2475 3.57133 TRACK
[PUSH_CTRL] 167 3.2419 3.57133 TRACK
[PUSH_CTRL] 168 3.23865 3.57133 TRACK
[PUSH_CTRL] 169 3.24564 3.57133 TRACK
[PUSH_CTRL] 170 3.24351 3.57133 TRACK
[PUSH_CTRL] 171 3.2408 3.57133 TRACK
[PUSH_CTRL] 172 3.2374 3.57133 TRACK
[PUSH_CTRL] 173 3.23361 3.57133 TRACK
[PUSH_CTRL] 174 3.22836 3.57133 TRACK
[PUSH_CTRL] 175 3.22301 3.57133 TRACK
[PUSH_CTRL] 176 3.21717 3.57133 TRACK
[PUSH_CTRL] 177 3.21182 3.57133 TRACK
[PUSH_CTRL] 178 3.20605 3.57133 TRACK
[PUSH_CTRL] 179 3.21013 3.57133 TRACK
[PUSH_CTRL] 180 3.20479 3.57133 TRACK
[PUSH_CTRL] 181 3.19888 3.57133 TRACK
[PUSH_CTRL] 182 3.19323 3.57133 TRACK
[PUSH_CTRL] 183 3.18985 3.57133 TRACK
[PUSH_CTRL] 184 3.18511 3.57133 TRACK
[PUSH_CTRL] 185 3.17924 3.57133 TRACK
[PUSH_CTRL] 186 3.17262 3.57133 TRACK
[PUSH_CTRL] 187 3.16562 3.57133 TRACK
[PUSH_CTRL] 188 3.16964 3.57133 TRACK
[PUSH_CTRL] 189 3.16169 3.57133 TRACK
[PUSH_CTRL] 190 3.15374 3.57133 TRACK
[PUSH_CTRL] 191 3.14551 3.57133 TRACK
[PUSH_CTRL] 192 3.13723 3.57133 TRACK
[PUSH_CTRL] 193 3.12913 3.57133 TRACK
[PUSH_CTRL] 194 3.12251 3.57133 TRACK
[PUSH_CTRL] 195 3.11626 3.57133 TRACK
[PUSH_CTRL] 196 3.10802 3.57133 TRACK
[PUSH_CTRL] 197 3.09996 3.57133 TRACK
[PUSH_CTRL] 198 3.0917 3.57133 TRACK
[PUSH_CTRL] 199 3.09658 3.57133 TRACK
[PUSH_CTRL] 200 3.08825 3.57133 TRACK
[PUSH_CTRL] 201 3.08021 3.57133 TRACK
[PUSH_CTRL] 202 3.07242 3.57133 TRACK
[PUSH_CTRL] 203 3.0642 3.57133 TRACK
[PUSH_CTRL] 204 3.05509 3.57133 TRACK
[PUSH_CTRL] 205 3.04536 3.57133 TRACK
[PUSH_CTRL] 206 3.0363 3.57133 TRACK
[PUSH_CTRL] 207 3.02818 3.57133 TRACK
[PUSH_CTRL] 208 3.02094 3.57133 TRACK
[PUSH_CTRL] 209 3.01489 3.57133 TRACK
[PUSH_CTRL] 210 3.01068 3.57133 TRACK
[PUSH_CTRL] 211 3.02109 3.57133 TRACK
[PUSH_CTRL] 212 3.01549 3.57133 TRACK
[PUSH_CTRL] 213 3.00932 3.57133 TRACK
[PUSH_CTRL] 214 3.00384 3.57133 TRACK
[PUSH_CTRL] 215 2.99899 3.57133 TRACK
[PUSH_CTRL] 216 2.99352 3.57133 TRACK
[PUSH_CTRL] 217 2.98814 3.57133 TRACK
[PUSH_CTRL] 218 2.98268 3.57133 TRACK
[PUSH_CTRL] 219 2.97702 3.57133 TRACK
[PUSH_CTRL] 220 2.97114 3.57133 TRACK
[PUSH_CTRL] 221 2.9644 3.57133 TRACK
[PUSH_CTRL] 222 2.97346 3.57133 TRACK
[PUSH_CTRL] 223 2.96536 3.57133 TRACK
[PUSH_CTRL] 224 2.95784 3.57133 TRACK
[PUSH_CTRL] 225 2.95168 3.57133 TRACK
[PUSH_CTRL] 226 2.94562 3.57133 TRACK
[PUSH_CTRL] 227 2.93973 3.57133 TRACK
[PUSH_CTRL] 228 2.93397 3.57133 TRACK
[PUSH_CTRL] 229 2.9282 3.57133 TRACK
[PUSH_CTRL] 230 2.92124 3.57133 TRACK
[PUSH_CTRL] 231 2.91346 3.57133 TRACK
[PUSH_CTRL] 232 2.90521 3.57133 TRACK
[PUSH_CTRL] 233 2.91573 3.57133 TRACK
[PUSH_CTRL] 234 2.90759 3.57133 TRACK
[PUSH_CTRL] 235 2.89991 3.57133 TRACK
[PUSH_CTRL] 236 2.89284 3.57133 TRACK
[PUSH_CTRL] 237 2.88641 3.57133 TRACK
[PUSH_CTRL] 238 2.88099 3.57133 TRACK
[PUSH_CTRL] 239 2.87494 3.57133 TRACK
[PUSH_CTRL] 240 2.86855 3.57133 TRACK
[PUSH_CTRL] 241 2.86221 3.57133 TRACK
[PUSH_CTRL] 242 2.8556 3.57133 TRACK
[PUSH_CTRL] 243 2.84868 3.57133 TRACK
[PUSH_CTRL] 244 2.86234 3.57133 TRACK
[PUSH_CTRL] 245 2.85491 3.57133 TRACK
[PUSH_CTRL] 246 2.84732 3.57133 TRACK
[PUSH_CTRL] 247 2.84004 3.57133 TRACK
[PUSH_CTRL] 248 2.83289 3.57133 TRACK
[PUSH_CTRL] 249 2.82575 3.57133 TRACK
[PUSH_CTRL] 250 2.81857 3.57133 TRACK
[PUSH_CTRL] 251 2.81084 3.57133 TRACK
[PUSH_CTRL] 252 2.80261 3.57133 TRACK
[PUSH_CTRL] 253 2.79394 3.57133 TRACK
[PUSH_CTRL] 254 2.78533 3.57133 TRACK
[PUSH_CTRL] 255 2.77698 3.57133 TRACK
[PUSH_CTRL] 256 2.77033 3.57133 TRACK
[PUSH_CTRL] 257 2.78832 3.57133 TRACK
[PUSH_CTRL] 258 2.78299 3.57133 TRACK
[PUSH_CTRL] 259 2.77896 3.57133 TRACK
[PUSH_CTRL] 260 2.7743 3.57133 TRACK
[PUSH_CTRL] 261 2.76928 3.57133 TRACK
[PUSH_CTRL] 262 2.7641 3.57133 TRACK
[PUSH_CTRL] 263 2.75899 3.57133 TRACK
[PUSH_CTRL] 264 2.7539 3.57133 TRACK
[PUSH_CTRL] 265 2.74713 3.57133 TRACK
[PUSH_CTRL] 266 2.73982 3.57133 TRACK
[PUSH_CTRL] 267 2.7564 3.57133 TRACK
[PUSH_CTRL] 268 2.74838 3.57133 TRACK
[PUSH_CTRL] 269 2.74033 3.57133 TRACK
[PUSH_CTRL] 270 2.73228 3.57133 TRACK
[PUSH_CTRL] 271 2.72423 3.57133 TRACK
[PUSH_CTRL] 272 2.71606 3.57133 TRACK
[PUSH_CTRL] 273 2.70782 3.57133 TRACK
[PUSH_CTRL] 274 2.69976 3.57133 TRACK
[PUSH_CTRL] 275 2.69211 3.57133 TRACK
[PUSH_CTRL] 276 2.68678 3.57133 TRACK
[PUSH_CTRL] 277 2.68326 3.57133 TRACK
[PUSH_CTRL] 278 2.67862 3.57133 TRACK
[PUSH_CTRL] 279 2.69932 3.57133 TRACK
[PUSH_CTRL] 280 2.69304 3.57133 TRACK
[PUSH_CTRL] 281 2.68625 3.57133 TRACK
[PUSH_CTRL] 282 2.67932 3.57133 TRACK
[PUSH_CTRL] 283 2.67206 3.57133 TRACK
[PUSH_CTRL] 284 2.66501 3.57133 TRACK
[PUSH_CTRL] 285 2.65759 3.57133 TRACK
[PUSH_CTRL] 286 2.64988 3.57133 TRACK
[PUSH_CTRL] 287 2.64224 3.57133 TRACK
[PUSH_CTRL] 288 2.63478 3.57133 TRACK
[PUSH_CTRL] 289 2.62798 3.57133 TRACK
[PUSH_CTRL] 290 2.62166 3.57133 TRACK
[PUSH_CTRL] 291 2.64266 3.57133 TRACK
[PUSH_CTRL] 292 2.63443 3.57133 TRACK
[PUSH_CTRL] 293 2.62597 3.57133 TRACK
[PUSH_CTRL] 294 2.61781 3.57133 TRACK
[PUSH_CTRL] 295 2.61259 3.57133 TRACK
[PUSH_CTRL] 296 2.60952 3.57133 TRACK
[PUSH_CTRL] 297 2.60565 3.57133 TRACK
[PUSH_CTRL] 298 2.60076 3.57133 TRACK
[PUSH_CTRL] 299 2.59521 3.57133 TRACK
[PUSH_CTRL] 300 2.58886 3.57133 TRACK
[PUSH_CTRL] 301 2.58204 3.57133 TRACK
[PUSH_CTRL] 302 2.60428 3.57133 TRACK
[PUSH_CTRL] 303 2.59624 3.57133 TRACK
[PUSH_CTRL] 304 2.58772 3.57133 TRACK
[PUSH_CTRL] 305 2.57907 3.57133 TRACK
[PUSH_CTRL] 306 2.57058 3.57133 TRACK
[PUSH_CTRL] 307 2.56195 3.57133 TRACK
[PUSH_CTRL] 308 2.55349 3.57133 TRACK
[PUSH_CTRL] 309 2.54561 3.57133 TRACK
[PUSH_CTRL] 310 2.53843 3.57133 TRACK
[PUSH_CTRL] 311 2.53375 3.57133 TRACK
[PUSH_CTRL] 312 2.53088 3.57133 TRACK
[PUSH_CTRL] 313 2.52929 3.57133 TRACK
[PUSH_CTRL] 314 2.55797 3.57133 TRACK
[PUSH_CTRL] 315 2.55399 3.57133 TRACK
[PUSH_CTRL] 316 2.54889 3.57133 TRACK
[PUSH_CTRL] 317 2.54308 3.57133 TRACK
[PUSH_CTRL] 318 2.53667 3.57133 TRACK
[PUSH_CTRL] 319 2.52968 3.57133 TRACK
[PUSH_CTRL] 320 2.52253 3.57133 TRACK
[PUSH_CTRL] 321 2.51641 3.57133 TRACK
[PUSH_CTRL] 322 2.51131 3.57133 TRACK
[PUSH_CTRL] 323 2.50555 3.57133 TRACK
[PUSH_CTRL] 324 2.49901 3.57133 TRACK
[PUSH_CTRL] 325 2.49188 3.57133 TRACK
[PUSH_CTRL] 326 2.51678 3.57133 TRACK
[PUSH_CTRL] 327 2.50845 3.57133 TRACK
[PUSH_CTRL] 328 2.49948 3.57133 TRACK
[PUSH_CTRL] 329 2.49009 3.57133 TRACK
[PUSH_CTRL] 330 2.48046 3.57133 TRACK
[PUSH_CTRL] 331 2.47102 3.57133 TRACK
[PUSH_CTRL] 332 2.46202 3.57133 TRACK
[PUSH_CTRL] 333 2.45368 3.57133 TRACK
[PUSH_CTRL] 334 2.44632 3.57133 TRACK
[PUSH_CTRL] 335 2.4393 3.57133 TRACK
[PUSH_CTRL] 336 2.43269 3.57133 TRACK
[PUSH_CTRL] 337 2.42596 3.57133 TRACK
[PUSH_CTRL] 338 2.41916 3.57133 TRACK
[PUSH_CTRL] 339 2.44675 3.57133 TRACK
[PUSH_CTRL] 340 2.43926 3.57133 TRACK
[PUSH_CTRL] 341 2.43219 3.57133 TRACK
[PUSH_CTRL] 342 2.42704 3.57133 TRACK
[PUSH_CTRL] 343 2.42327 3.57133 TRACK
[PUSH_CTRL] 344 2.42103 3.57133 TRACK
[PUSH_CTRL] 345 2.41775 3.57133 TRACK
[PUSH_CTRL] 346 2.41374 3.57133 TRACK
[PUSH_CTRL] 347 2.40897 3.57133 TRACK
[PUSH_CTRL] 348 2.40346 3.57133 TRACK
[PUSH_CTRL] 349 2.39729 3.57133 TRACK
[PUSH_CTRL] 350 2.42579 3.57133 TRACK
[PUSH_CTRL] 351 2.41775 3.57133 TRACK
[PUSH_CTRL] 352 2.40924 3.57133 TRACK
[PUSH_CTRL] 353 2.40083 3.57133 TRACK
[PUSH_CTRL] 354 2.39248 3.57133 TRACK
[PUSH_CTRL] 355 2.38434 3.57133 TRACK
[PUSH_CTRL] 356 2.37627 3.57133 TRACK
[PUSH_CTRL] 357 2.36852 3.57133 TRACK
[PUSH_CTRL] 358 2.36133 3.57133 TRACK
[PUSH_CTRL] 359 2.35477 3.57133 TRACK
[PUSH_CTRL] 360 2.34877 3.57133 TRACK
[PUSH_CTRL] 361 2.34336 3.57133 TRACK
[PUSH_CTRL] 362 2.3386 3.57133 TRACK
[PUSH_CTRL] 363 2.33352 3.57133 TRACK
[PUSH_CTRL] 364 2.36615 3.57133 TRACK
[PUSH_CTRL] 365 2.36021 3.57133 TRACK
[PUSH_CTRL] 366 2.35368 3.57133 TRACK
[PUSH_CTRL] 367 2.34896 3.57133 TRACK
[PUSH_CTRL] 368 2.34582 3.57133 TRACK
[PUSH_CTRL] 369 2.34302 3.57133 TRACK
[PUSH_CTRL] 370 2.33936 3.57133 TRACK
[PUSH_CTRL] 371 2.33485 3.57133 TRACK
[PUSH_CTRL] 372 2.32957 3.57133 TRACK
[PUSH_CTRL] 373 2.32356 3.57133 TRACK
[PUSH_CTRL] 374 2.31709 3.57133 TRACK
[PUSH_CTRL] 375 2.34862 3.57133 TRACK
[PUSH_CTRL] 376 2.34121 3.57133 TRACK
[PUSH_CTRL] 377 2.33321 3.57133 TRACK
[PUSH_CTRL] 378 2.32444 3.57133 TRACK
[PUSH_CTRL] 379 2.3155 3.57133 TRACK
[PUSH_CTRL] 380 2.30677 3.57133 TRACK
[PUSH_CTRL] 381 2.29854 3.57133 TRACK
[PUSH_CTRL] 382 2.29062 3.57133 TRACK
[PUSH_CTRL] 383 2.28281 3.57133 TRACK
[PUSH_CTRL] 384 2.27519 3.57133 TRACK
[PUSH_CTRL] 385 2.26806 3.57133 TRACK
[PUSH_CTRL] 386 2.2615 3.57133 TRACK
[PUSH_CTRL] 387 2.25553 3.57133 TRACK
[PUSH_CTRL] 388 2.24968 3.57133 TRACK
[PUSH_CTRL] 389 2.28405 3.57133 TRACK
[PUSH_CTRL] 390 2.27679 3.57133 TRACK
[PUSH_CTRL] 391 2.26885 3.57133 TRACK
[PUSH_CTRL] 392 2.26147 3.57133 TRACK
[PUSH_CTRL] 393 2.25617 3.57133 TRACK
[PUSH_CTRL] 394 2.2509 3.57133 TRACK
[PUSH_CTRL] 395 2.24553 3.57133 TRACK
[PUSH_CTRL] 396 2.24023 3.57133 TRACK
[PUSH_CTRL] 397 2.23588 3.57133 TRACK
[PUSH_CTRL] 398 2.23159 3.57133 TRACK
[PUSH_CTRL] 399 2.22708 3.57133 TRACK
[PUSH_CTRL] 400 2.22271 3.57133 TRACK
[PUSH_CTRL] 401 2.2587 3.57133 TRACK
[PUSH_CTRL] 402 2.25222 3.57133 TRACK
[PUSH_CTRL] 403 2.24501 3.57133 TRACK
[PUSH_CTRL] 404 2.23772 3.57133 TRACK
[PUSH_CTRL] 405 2.23075 3.57133 TRACK
[PUSH_CTRL] 406 2.22525 3.57133 TRACK
[PUSH_CTRL] 407 2.22081 3.57133 TRACK
[PUSH_CTRL] 408 2.21636 3.57133 TRACK
[PUSH_CTRL] 409 2.21169 3.57133 TRACK
[PUSH_CTRL] 410 2.20644 3.57133 TRACK
[PUSH_CTRL] 411 2.20065 3.57133 TRACK
[PUSH_CTRL] 412 2.19435 3.57133 TRACK
[PUSH_CTRL] 413 2.22996 3.57133 TRACK
[PUSH_CTRL] 414 2.22218 3.57133 TRACK
[PUSH_CTRL] 415 2.21396 3.57133 TRACK
[PUSH_CTRL] 416 2.20585 3.57133 TRACK
[PUSH_CTRL] 417 2.19818 3.57133 TRACK
[PUSH_CTRL] 418 2.19074 3.57133 TRACK
[PUSH_CTRL] 419 2.18382 3.57133 TRACK
[PUSH_CTRL] 420 2.17687 3.57133 TRACK
[PUSH_CTRL] 421 2.16997 3.57133 TRACK
[PUSH_CTRL] 422 2.16332 3.57133 TRACK
[PUSH_CTRL] 423 2.15707 3.57133 TRACK
[PUSH_CTRL] 424 2.15125 3.57133 TRACK
[PUSH_CTRL] 425 2.14586 3.57133 TRACK
[PUSH_CTRL] 426 2.14101 3.57133 TRACK
[PUSH_CTRL] 427 2.18228 3.57133 TRACK
[PUSH_CTRL] 428 2.17775 3.57133 TRACK
[PUSH_CTRL] 429 2.17151 3.57133 TRACK
[PUSH_CTRL] 430 2.16404 3.57133 TRACK
[PUSH_CTRL] 431 2.15652 3.57133 TRACK
[PUSH_CTRL] 432 2.14967 3.57133 TRACK
[PUSH_CTRL] 433 2.14357 3.57133 TRACK
[PUSH_CTRL] 434 2.13818 3.57133 TRACK
[PUSH_CTRL] 435 2.13415 3.57133 TRACK
[PUSH_CTRL] 436 2.12997 3.57133 TRACK
[PUSH_CTRL] 437 2.12549 3.57133 TRACK
[PUSH_CTRL] 438 2.12052 3.57133 TRACK
[PUSH_CTRL] 439 2.15989 3.57133 TRACK
[PUSH_CTRL] 440 2.15289 3.57133 TRACK
[PUSH_CTRL] 441 2.14507 3.57133 TRACK
[PUSH_CTRL] 442 2.13713 3.57133 TRACK
[PUSH_CTRL] 443 2.12944 3.57133 TRACK
[PUSH_CTRL] 444 2.12203 3.57133 TRACK
[PUSH_CTRL] 445 2.11503 3.57133 TRACK
[PUSH_CTRL] 446 2.10858 3.57133 TRACK
[PUSH_CTRL] 447 2.10269 3.57133 TRACK
[PUSH_CTRL] 448 2.09761 3.57133 TRACK
[PUSH_CTRL] 449 2.09322 3.57133 TRACK
[PUSH_CTRL] 450 2.08901 3.57133 TRACK
[PUSH_CTRL] 451 2.08455 3.57133 TRACK
[PUSH_CTRL] 452 2.12593 3.57133 TRACK
[PUSH_CTRL] 453 2.12003 3.57133 TRACK
[PUSH_CTRL] 454 2.11358 3.57133 TRACK
[PUSH_CTRL] 455 2.10882 3.57133 TRACK
[PUSH_CTRL] 456 2.10437 3.57133 TRACK
[PUSH_CTRL] 457 2.0993 3.57133 TRACK
[PUSH_CTRL] 458 2.09385 3.57133 TRACK
[PUSH_CTRL] 459 2.08831 3.57133 TRACK
[PUSH_CTRL] 460 2.08289 3.57133 TRACK
[PUSH_CTRL] 461 2.07763 3.57133 TRACK
[PUSH_CTRL] 462 2.07259 3.57133 TRACK
[PUSH_CTRL] 463 2.06746 3.57133 TRACK
[PUSH_CTRL] 464 2.10901 3.57133 TRACK
[PUSH_CTRL] 465 2.10258 3.57133 TRACK
[PUSH_CTRL] 466 2.09537 3.57133 TRACK
[PUSH_CTRL] 467 2.08855 3.57133 TRACK
[PUSH_CTRL] 468 2.08176 3.57133 TRACK
[PUSH_CTRL] 469 2.07531 3.57133 TRACK
[PUSH_CTRL] 470 2.07109 3.57133 TRACK
[PUSH_CTRL] 471 2.06682 3.57133 TRACK
[PUSH_CTRL] 472 2.06256 3.57133 TRACK
[PUSH_CTRL] 473 2.05889 3.57133 TRACK
[PUSH_CTRL] 474 2.05432 3.57133 TRACK
[PUSH_CTRL] 475 2.04945 3.57133 TRACK
[PUSH_CTRL] 476 2.04447 3.57133 TRACK
[PUSH_CTRL] 477 2.08751 3.57133 TRACK
[PUSH_CTRL] 478 2.08125 3.57133 TRACK
[PUSH_CTRL] 479 2.07441 3.57133 TRACK
[PUSH_CTRL] 480 2.06817 3.57133 TRACK
[PUSH_CTRL] 481 2.06196 3.57133 TRACK
[PUSH_CTRL] 482 2.05575 3.57133 TRACK
[PUSH_CTRL] 483 2.04935 3.57133 TRACK
[PUSH_CTRL] 484 2.0429 3.57133 TRACK
[PUSH_CTRL] 485 2.03665 3.57133 TRACK
[PUSH_CTRL] 486 2.03076 3.57133 TRACK
[PUSH_CTRL] 487 2.02546 3.57133 TRACK
[PUSH_CTRL] 488 2.02241 3.57133 TRACK
[PUSH_CTRL] 489 2.01963 3.57133 TRACK
[PUSH_CTRL] 490 2.06549 3.57133 TRACK
[PUSH_CTRL] 491 2.06029 3.57133 TRACK
[PUSH_CTRL] 492 2.05412 3.57133 TRACK
[PUSH_CTRL] 493 2.04774 3.57133 TRACK
[PUSH_CTRL] 494 2.04165 3.57133 TRACK
[PUSH_CTRL] 495 2.03645 3.57133 TRACK
[PUSH_CTRL] 496 2.03115 3.57133 TRACK
[PUSH_CTRL] 497 2.02589 3.57133 TRACK
[PUSH_CTRL] 498 2.02079 3.57133 TRACK
[PUSH_CTRL] 499 2.01686 3.57133 TRACK
[PUSH_CTRL] 500 2.01296 3.57133 TRACK
[PUSH_CTRL] 501 2.00911 3.57133 TRACK
[PUSH_CTRL] 502 2.05504 3.57133 TRACK
[PUSH_CTRL] 503 2.04983 3.57133 TRACK
[PUSH_CTRL] 504 2.04343 3.57133 TRACK
[PUSH_CTRL] 505 2.03649 3.57133 TRACK
[PUSH_CTRL] 506 2.02951 3.57133 TRACK
[PUSH_CTRL] 507 2.02323 3.57133 TRACK
[PUSH_CTRL] 508 2.0179 3.57133 TRACK
[PUSH_CTRL] 509 2.01238 3.57133 TRACK
[PUSH_CTRL] 510 2.00675 3.57133 TRACK
[PUSH_CTRL] 511 2.0015 3.57133 TRACK
[PUSH_CTRL] 512 1.99641 3.57133 TRACK
[PUSH_CTRL] 513 1.99155 3.57133 TRACK
[PUSH_CTRL] 514 2.0375 3.57133 TRACK
[PUSH_CTRL] 515 2.03089 3.57133 TRACK
[PUSH_CTRL] 516 2.02366 3.57133 TRACK
[PUSH_CTRL] 517 2.01612 3.57133 TRACK
[PUSH_CTRL] 518 2.00866 3.57133 TRACK
[PUSH_CTRL] 519 2.00159 3.57133 TRACK
[PUSH_CTRL] 520 1.99511 3.57133 TRACK
[PUSH_CTRL] 521 1.98927 3.57133 TRACK
[PUSH_CTRL] 522 1.98504 3.57133 TRACK
[PUSH_CTRL] 523 1.98192 3.57133 TRACK
[PUSH_CTRL] 524 1.9786 3.57133 TRACK
[PUSH_CTRL] 525 1.97514 3.57133 TRACK
[PUSH_CTRL] 526 1.97091 3.57133 TRACK
[PUSH_CTRL] 527 2.01787 3.57133 TRACK
[PUSH_CTRL] 528 2.01102 3.57133 TRACK
[PUSH_CTRL] 529 2.00314 3.57133 TRACK
[PUSH_CTRL] 530 1.99547 3.57133 TRACK
[PUSH_CTRL] 531 1.98812 3.57133 TRACK
[PUSH_CTRL] 532 1.98115 3.57133 TRACK
[PUSH_CTRL] 533 1.97452 3.57133 TRACK
[PUSH_CTRL] 534 1.96828 3.57133 TRACK
[PUSH_CTRL] 535 1.96251 3.57133 TRACK
[PUSH_CTRL] 536 1.95724 3.57133 TRACK
[PUSH_CTRL] 537 1.95238 3.57133 TRACK
[PUSH_CTRL] 538 1.94766 3.57133 TRACK
[PUSH_CTRL] 539 1.94287 3.57133 TRACK
[PUSH_CTRL] 540 1.93792 3.57133 TRACK
[PUSH_CTRL] 541 1.98637 3.57133 TRACK
[PUSH_CTRL] 542 1.98031 3.57133 TRACK
[PUSH_CTRL] 543 1.97351 3.57133 TRACK
[PUSH_CTRL] 544 1.96667 3.57133 TRACK
[PUSH_CTRL] 545 1.96171 3.57133 TRACK
[PUSH_CTRL] 546 1.95838 3.57133 TRACK
[PUSH_CTRL] 547 1.95469 3.57133 TRACK
[PUSH_CTRL] 548 1.95139 3.57133 TRACK
[PUSH_CTRL] 549 1.94794 3.57133 TRACK
[PUSH_CTRL] 550 1.94419 3.57133 TRACK
[PUSH_CTRL] 551 1.94037 3.57133 TRACK
[PUSH_CTRL] 552 1.93623 3.57133 TRACK
[PUSH_CTRL] 553 1.98523 3.57133 TRACK
[PUSH_CTRL] 554 1.97892 3.57133 TRACK
[PUSH_CTRL] 555 1.97152 3.57133 TRACK
[PUSH_CTRL] 556 1.96391 3.57133 TRACK
[PUSH_CTRL] 557 1.95637 3.57133 TRACK
[PUSH_CTRL] 558 1.94903 3.57133 TRACK
[PUSH_CTRL] 559 1.94229 3.57133 TRACK
[PUSH_CTRL] 560 1.93623 3.57133 TRACK
[PUSH_CTRL] 561 1.93059 3.57133 TRACK
[PUSH_CTRL] 562 1.92509 3.57133 TRACK
[PUSH_CTRL] 563 1.91965 3.57133 TRACK
[PUSH_CTRL] 564 1.91438 3.57133 TRACK
[PUSH_CTRL] 565 1.90937 3.57133 TRACK
[PUSH_CTRL] 566 1.9592 3.57133 TRACK
[PUSH_CTRL] 567 1.95413 3.57133 TRACK
[PUSH_CTRL] 568 1.94875 3.57133 TRACK
[PUSH_CTRL] 569 1.9428 3.57133 TRACK
[PUSH_CTRL] 570 1.93709 3.57133 TRACK
[PUSH_CTRL] 571 1.93191 3.57133 TRACK
[PUSH_CTRL] 572 1.92771 3.57133 TRACK
[PUSH_CTRL] 573 1.92434 3.57133 TRACK
[PUSH_CTRL] 574 1.92041 3.57133 TRACK
[PUSH_CTRL] 575 1.9162 3.57133 TRACK
[PUSH_CTRL] 576 1.91188 3.57133 TRACK
[PUSH_CTRL] 577 1.90741 3.57133 TRACK
[PUSH_CTRL] 578 1.95796 3.57133 TRACK
[PUSH_CTRL] 579 1.95117 3.57133 TRACK
[PUSH_CTRL] 580 1.9435 3.57133 TRACK
[PUSH_CTRL] 581 1.93612 3.57133 TRACK
[PUSH_CTRL] 582 1.9286 3.57133 TRACK
[PUSH_CTRL] 583 1.92117 3.57133 TRACK
[PUSH_CTRL] 584 1.9141 3.57133 TRACK
[PUSH_CTRL] 585 1.90758 3.57133 TRACK
[PUSH_CTRL] 586 1.90167 3.57133 TRACK
[PUSH_CTRL] 587 1.89648 3.57133 TRACK
[PUSH_CTRL] 588 1.89184 3.57133 TRACK
[PUSH_CTRL] 589 1.88818 3.57133 TRACK
[PUSH_CTRL] 590 1.88424 3.57133 TRACK
[PUSH_CTRL] 591 1.87995 3.57133 TRACK
[PUSH_CTRL] 592 1.93174 3.57133 TRACK
[PUSH_CTRL] 593 1.92536 3.57133 TRACK
[PUSH_CTRL] 594 1.91828 3.57133 TRACK
[PUSH_CTRL] 595 1.91283 3.57133 TRACK
[PUSH_CTRL] 596 1.90895 3.57133 TRACK
[PUSH_CTRL] 597 1.90451 3.57133 TRACK
[PUSH_CTRL] 598 1.8999 3.57133 TRACK
[PUSH_CTRL] 599 1.89522 3.57133 TRACK
[PUSH_CTRL] 600 1.89038 3.57133 TRACK
[PUSH_CTRL] 601 1.88534 3.57133 TRACK
[PUSH_CTRL] 602 1.88009 3.57133 TRACK
[PUSH_CTRL] 603 1.87468 3.57133 TRACK
[PUSH_CTRL] 604 1.86927 3.57133 TRACK
[PUSH_CTRL] 605 1.92105 3.57133 TRACK
[PUSH_CTRL] 606 1.91536 3.57133 TRACK
[PUSH_CTRL] 607 1.91022 3.57133 TRACK
[PUSH_CTRL] 608 1.90464 3.57133 TRACK
[PUSH_CTRL] 609 1.89919 3.57133 TRACK
[PUSH_CTRL] 610 1.89365 3.57133 TRACK
[PUSH_CTRL] 611 1.88826 3.57133 TRACK
[PUSH_CTRL] 612 1.88323 3.57133 TRACK
[PUSH_CTRL] 613 1.87863 3.57133 TRACK
[PUSH_CTRL] 614 1.87429 3.57133 TRACK
[PUSH_CTRL] 615 1.87079 3.57133 TRACK
[PUSH_CTRL] 616 1.86687 3.57133 TRACK
[PUSH_CTRL] 617 1.92025 3.57133 TRACK
[PUSH_CTRL] 618 1.91427 3.57133 TRACK
[PUSH_CTRL] 619 1.90767 3.57133 TRACK
[PUSH_CTRL] 620 1.90174 3.57133 TRACK
[PUSH_CTRL] 621 1.8955 3.57133 TRACK
[PUSH_CTRL] 622 1.88914 3.57133 TRACK
[PUSH_CTRL] 623 1.88278 3.57133 TRACK
[PUSH_CTRL] 624 1.87665 3.57133 TRACK
[PUSH_CTRL] 625 1.87093 3.57133 TRACK
[PUSH_CTRL] 626 1.86679 3.57133 TRACK
[PUSH_CTRL] 627 1.8628 3.57133 TRACK
[PUSH_CTRL] 628 1.85897 3.57133 TRACK
[PUSH_CTRL] 629 1.85597 3.57133 TRACK
[PUSH_CTRL] 630 1.911 3.57133 TRACK
[PUSH_CTRL] 631 1.90568 3.57133 TRACK
[PUSH_CTRL] 632 1.89917 3.57133 TRACK
[PUSH_CTRL] 633 1.89223 3.57133 TRACK
[PUSH_CTRL] 634 1.88541 3.57133 TRACK
[PUSH_CTRL] 635 1.87915 3.57133 TRACK
[PUSH_CTRL] 636 1.87333 3.57133 TRACK
[PUSH_CTRL] 637 1.86851 3.57133 TRACK
[PUSH_CTRL] 638 1.86351 3.57133 TRACK
[PUSH_CTRL] 639 1.85848 3.57133 TRACK
[PUSH_CTRL] 640 1.85361 3.57133 TRACK
[PUSH_CTRL] 641 1.84916 3.57133 TRACK
[PUSH_CTRL] 642 1.84494 3.57133 TRACK
[PUSH_CTRL] 643 1.90113 3.57133 TRACK
[PUSH_CTRL] 644 1.897 3.57133 TRACK
[PUSH_CTRL] 645 1.89284 3.57133 TRACK
[PUSH_CTRL] 646 1.88763 3.57133 TRACK
[PUSH_CTRL] 647 1.88214 3.57133 TRACK
[PUSH_CTRL] 648 1.8764 3.57133 TRACK
[PUSH_CTRL] 649 1.87063 3.57133 TRACK
[PUSH_CTRL] 650 1.86483 3.57133 TRACK
[PUSH_CTRL] 651 1.85893 3.57133 TRACK
[PUSH_CTRL] 652 1.85301 3.57133 TRACK
[PUSH_CTRL] 653 1.84728 3.57133 TRACK
[PUSH_CTRL] 654 1.84189 3.57133 TRACK
[PUSH_CTRL] 655 1.83666 3.57133 TRACK
[PUSH_CTRL] 656 1.89161 3.57133 TRACK
[PUSH_CTRL] 657 1.88465 3.57133 TRACK
[PUSH_CTRL] 658 1.877 3.57133 TRACK
[PUSH_CTRL] 659 1.86933 3.57133 TRACK
[PUSH_CTRL] 660 1.86214 3.57133 TRACK
[PUSH_CTRL] 661 1.85725 3.57133 TRACK
[PUSH_CTRL] 662 1.85326 3.57133 TRACK
[PUSH_CTRL] 663 1.84895 3.57133 TRACK
[PUSH_CTRL] 664 1.84444 3.57133 TRACK
[PUSH_CTRL] 665 1.83992 3.57133 TRACK
[PUSH_CTRL] 666 1.83553 3.57133 TRACK
[PUSH_CTRL] 667 1.83153 3.57133 TRACK
[PUSH_CTRL] 668 1.82865 3.57133 TRACK
[PUSH_CTRL] 669 1.88719 3.57133 TRACK
[PUSH_CTRL] 670 1.88271 3.57133 TRACK
[PUSH_CTRL] 671 1.87687 3.57133 TRACK
[PUSH_CTRL] 672 1.87044 3.57133 TRACK
[PUSH_CTRL] 673 1.86378 3.57133 TRACK
[PUSH_CTRL] 674 1.85697 3.57133 TRACK
[PUSH_CTRL] 675 1.85014 3.57133 TRACK
[PUSH_CTRL] 676 1.84357 3.57133 TRACK
[PUSH_CTRL] 677 1.83747 3.57133 TRACK
[PUSH_CTRL] 678 1.83183 3.57133 TRACK
[PUSH_CTRL] 679 1.82642 3.57133 TRACK
[PUSH_CTRL] 680 1.82109 3.57133 TRACK
[PUSH_CTRL] 681 1.81576 3.57133 TRACK
[PUSH_CTRL] 682 1.8716 3.57133 TRACK
[PUSH_CTRL] 683 1.86547 3.57133 TRACK
[PUSH_CTRL] 684 1.85929 3.57133 TRACK
[PUSH_CTRL] 685 1.85268 3.57133 TRACK
[PUSH_CTRL] 686 1.84613 3.57133 TRACK
[PUSH_CTRL] 687 1.83997 3.57133 TRACK
[PUSH_CTRL] 688 1.83428 3.57133 TRACK
[PUSH_CTRL] 689 1.82901 3.57133 TRACK
[PUSH_CTRL] 690 1.82379 3.57133 TRACK
[PUSH_CTRL] 691 1.81931 3.57133 TRACK
[PUSH_CTRL] 692 1.81452 3.57133 TRACK
[PUSH_CTRL] 693 1.80961 3.57133 TRACK
[PUSH_CTRL] 694 1.80478 3.57133 TRACK
[PUSH_CTRL] 695 1.80005 3.57133 TRACK
[PUSH_CTRL] 696 1.85901 3.57133 TRACK
[PUSH_CTRL] 697 1.85361 3.57133 TRACK
[PUSH_CTRL] 698 1.84687 3.57133 TRACK
[PUSH_CTRL] 699 1.83965 3.57133 TRACK
[PUSH_CTRL] 700 1.83246 3.57133 TRACK
[PUSH_CTRL] 701 1.82528 3.57133 TRACK
[PUSH_CTRL] 702 1.81825 3.57133 TRACK
[PUSH_CTRL] 703 1.81175 3.57133 TRACK
[PUSH_CTRL] 704 1.80588 3.57133 TRACK
[PUSH_CTRL] 705 1.80046 3.57133 TRACK
[PUSH_CTRL] 706 1.79521 3.57133 TRACK
[PUSH_CTRL] 707 1.79001 3.57133 TRACK
[PUSH_CTRL] 708 1.78496 3.57133 TRACK
[PUSH_CTRL] 709 1.78015 3.57133 TRACK
[PUSH_CTRL] 710 1.8399 3.57133 TRACK
[PUSH_CTRL] 711 1.83559 3.57133 TRACK
[PUSH_CTRL] 712 1.83036 3.57133 TRACK
[PUSH_CTRL] 713 1.82518 3.57133 TRACK
[PUSH_CTRL] 714 1.82021 3.57133 TRACK
[PUSH_CTRL] 715 1.81534 3.57133 TRACK
[PUSH_CTRL] 716 1.8101 3.57133 TRACK
[PUSH_CTRL] 717 1.80462 3.57133 TRACK
[PUSH_CTRL] 718 1.79918 3.57133 TRACK
[PUSH_CTRL] 719 1.79412 3.57133 TRACK
[PUSH_CTRL] 720 1.78949 3.57133 TRACK
[PUSH_CTRL] 721 1.78494 3.57133 TRACK
[PUSH_CTRL] 722 1.84322 3.57133 TRACK
[PUSH_CTRL] 723 1.83642 3.57133 TRACK
[PUSH_CTRL] 724 1.82873 3.57133 TRACK
[PUSH_CTRL] 725 1.82125 3.57133 TRACK
[PUSH_CTRL] 726 1.81366 3.57133 TRACK
[PUSH_CTRL] 727 1.80642 3.57133 TRACK
[PUSH_CTRL] 728 1.79975 3.57133 TRACK
[PUSH_CTRL] 729 1.79387 3.57133 TRACK
[PUSH_CTRL] 730 1.78852 3.57133 TRACK
[PUSH_CTRL] 731 1.78419 3.57133 TRACK
[PUSH_CTRL] 732 1.77995 3.57133 TRACK
[PUSH_CTRL] 733 1.77552 3.57133 TRACK
[PUSH_CTRL] 734 1.77108 3.57133 TRACK
[PUSH_CTRL] 735 1.76655 3.57133 TRACK
[PUSH_CTRL] 736 1.76251 3.57133 TRACK
[PUSH_CTRL] 737 1.82352 3.57133 TRACK
[PUSH_CTRL] 738 1.8187 3.57133 TRACK
[PUSH_CTRL] 739 1.81347 3.57133 TRACK
[PUSH_CTRL] 740 1.80771 3.57133 TRACK
[PUSH_CTRL] 741 1.80173 3.57133 TRACK
[PUSH_CTRL] 742 1.79571 3.57133 TRACK
[PUSH_CTRL] 743 1.79026 3.57133 TRACK
[PUSH_CTRL] 744 1.78609 3.57133 TRACK
[PUSH_CTRL] 745 1.78215 3.57133 TRACK
[PUSH_CTRL] 746 1.77796 3.57133 TRACK
[PUSH_CTRL] 747 1.77348 3.57133 TRACK
[PUSH_CTRL] 748 1.76885 3.57133 TRACK
[PUSH_CTRL] 749 1.82854 3.57133 TRACK
[PUSH_CTRL] 750 1.82223 3.57133 TRACK
[PUSH_CTRL] 751 1.81499 3.57133 TRACK
[PUSH_CTRL] 752 1.80725 3.57133 TRACK
[PUSH_CTRL] 753 1.79926 3.57133 TRACK
[PUSH_CTRL] 754 1.79161 3.57133 TRACK
[PUSH_CTRL] 755 1.78432 3.57133 TRACK
[PUSH_CTRL] 756 1.77759 3.57133 TRACK
[PUSH_CTRL] 757 1.77151 3.57133 TRACK
[PUSH_CTRL] 758 1.76607 3.57133 TRACK
[PUSH_CTRL] 759 1.76134 3.57133 TRACK
[PUSH_CTRL] 760 1.75712 3.57133 TRACK
[PUSH_CTRL] 761 1.75399 3.57133 TRACK
[PUSH_CTRL] 762 1.75137 3.57133 TRACK
[PUSH_CTRL] 763 1.74813 3.57133 TRACK
[PUSH_CTRL] 764 1.81 3.57133 TRACK
[PUSH_CTRL] 765 1.80453 3.57133 TRACK
[PUSH_CTRL] 766 1.79818 3.57133 TRACK
[PUSH_CTRL] 767 1.79171 3.57133 TRACK
[PUSH_CTRL] 768 1.78601 3.57133 TRACK
[PUSH_CTRL] 769 1.78162 3.57133 TRACK
[PUSH_CTRL] 770 1.77817 3.57133 TRACK
[PUSH_CTRL] 771 1.77608 3.57133 TRACK
[PUSH_CTRL] 772 1.77331 3.57133 TRACK
[PUSH_CTRL] 773 1.76941 3.57133 TRACK
[PUSH_CTRL] 774 1.76523 3.57133 TRACK
[PUSH_CTRL] 775 1.7607 3.57133 TRACK
[PUSH_CTRL] 776 1.82152 3.57133 TRACK
[PUSH_CTRL] 777 1.81487 3.57133 TRACK
[PUSH_CTRL] 778 1.80752 3.57133 TRACK
[PUSH_CTRL] 779 1.80043 3.57133 TRACK
[PUSH_CTRL] 780 1.79361 3.57133 TRACK
[PUSH_CTRL] 781 1.78704 3.57133 TRACK
[PUSH_CTRL] 782 1.78199 3.57133 TRACK
[PUSH_CTRL] 783 1.77698 3.57133 TRACK
[PUSH_CTRL] 784 1.77219 3.57133 TRACK
[PUSH_CTRL] 785 1.7677 3.57133 TRACK
[PUSH_CTRL] 786 1.76353 3.57133 TRACK
[PUSH_CTRL] 787 1.76047 3.57133 TRACK
[PUSH_CTRL] 788 1.75703 3.57133 TRACK
[PUSH_CTRL] 789 1.81944 3.57133 TRACK
[PUSH_CTRL] 790 1.81355 3.57133 TRACK
[PUSH_CTRL] 791 1.80687 3.57133 TRACK
[PUSH_CTRL] 792 1.80019 3.57133 TRACK
[PUSH_CTRL] 793 1.7947 3.57133 TRACK
[PUSH_CTRL] 794 1.7892 3.57133 TRACK
[PUSH_CTRL] 795 1.78362 3.57133 TRACK
[PUSH_CTRL] 796 1.77853 3.57133 TRACK
[PUSH_CTRL] 797 1.77363 3.57133 TRACK
[PUSH_CTRL] 798 1.77008 3.57133 TRACK
[PUSH_CTRL] 799 1.76744 3.57133 TRACK
[PUSH_CTRL] 800 1.76411 3.57133 TRACK
[PUSH_CTRL] 801 1.82664 3.57133 TRACK
[PUSH_CTRL] 802 1.82065 3.57133 TRACK
[PUSH_CTRL] 803 1.81375 3.57133 TRACK
[PUSH_CTRL] 804 1.80695 3.57133 TRACK
[PUSH_CTRL] 805 1.80024 3.57133 TRACK
[PUSH_CTRL] 806 1.7937 3.57133 TRACK
[PUSH_CTRL] 807 1.78745 3.57133 TRACK
[PUSH_CTRL] 808 1.7814 3.57133 TRACK
[PUSH_CTRL] 809 1.77564 3.57133 TRACK
[PUSH_CTRL] 810 1.7703 3.57133 TRACK
[PUSH_CTRL] 811 1.76542 3.57133 TRACK
[PUSH_CTRL] 812 1.76153 3.57133 TRACK
[PUSH_CTRL] 813 1.75938 3.57133 TRACK
[PUSH_CTRL] 814 1.75781 3.57133 TRACK
[PUSH_CTRL] 815 1.82311 3.57133 TRACK
[PUSH_CTRL] 816 1.81868 3.57133 TRACK
[PUSH_CTRL] 817 1.81296 3.57133 TRACK
[PUSH_CTRL] 818 1.80683 3.57133 TRACK
[PUSH_CTRL] 819 1.80095 3.57133 TRACK
[PUSH_CTRL] 820 1.79525 3.57133 TRACK
[PUSH_CTRL] 821 1.78988 3.57133 TRACK
[PUSH_CTRL] 822 1.7849 3.57133 TRACK
[PUSH_CTRL] 823 1.78009 3.57133 TRACK
[PUSH_CTRL] 824 1.7762 3.57133 TRACK
[PUSH_CTRL] 825 1.77191 3.57133 TRACK
[PUSH_CTRL] 826 1.76742 3.57133 TRACK
[PUSH_CTRL] 827 1.83016 3.57133 TRACK
[PUSH_CTRL] 828 1.8236 3.57133 TRACK
[PUSH_CTRL] 829 1.81647 3.57133 TRACK
[PUSH_CTRL] 830 1.8095 3.57133 TRACK
[PUSH_CTRL] 831 1.80449 3.57133 TRACK
[PUSH_CTRL] 832 1.80116 3.57133 TRACK
[PUSH_CTRL] 833 1.79757 3.57133 TRACK
[PUSH_CTRL] 834 1.79367 3.57133 TRACK
[PUSH_CTRL] 835 1.7895 3.57133 TRACK
[PUSH_CTRL] 836 1.78573 3.57133 TRACK
[PUSH_CTRL] 837 1.78207 3.57133 TRACK
[PUSH_CTRL] 838 1.7781 3.57133 TRACK
[PUSH_CTRL] 839 1.84167 3.57133 TRACK
[PUSH_CTRL] 840 1.8367 3.57133 TRACK
[PUSH_CTRL] 841 1.83151 3.57133 TRACK
[PUSH_CTRL] 842 1.82579 3.57133 TRACK
[PUSH_CTRL] 843 1.8197 3.57133 TRACK
[PUSH_CTRL] 844 1.81337 3.57133 TRACK
[PUSH_CTRL] 845 1.80714 3.57133 TRACK
[PUSH_CTRL] 846 1.80129 3.57133 TRACK
[PUSH_CTRL] 847 1.7958 3.57133 TRACK
[PUSH_CTRL] 848 1.79048 3.57133 TRACK
[PUSH_CTRL] 849 1.78533 3.57133 TRACK
[PUSH_CTRL] 850 1.78024 3.57133 TRACK
[PUSH_CTRL] 851 1.77509 3.57133 TRACK
[PUSH_CTRL] 852 1.77122 3.57133 TRACK
[PUSH_CTRL] 853 1.83529 3.57133 TRACK
[PUSH_CTRL] 854 1.82869 3.57133 TRACK
[PUSH_CTRL] 855 1.82117 3.57133 TRACK
[PUSH_CTRL] 856 1.81382 3.57133 TRACK
[PUSH_CTRL] 857 1.80871 3.57133 TRACK
[PUSH_CTRL] 858 1.80476 3.57133 TRACK
[PUSH_CTRL] 859 1.80076 3.57133 TRACK
[PUSH_CTRL] 860 1.79644 3.57133 TRACK
[PUSH_CTRL] 861 1.79225 3.57133 TRACK
[PUSH_CTRL] 862 1.78794 3.57133 TRACK
[PUSH_CTRL] 863 1.78366 3.57133 TRACK
[PUSH_CTRL] 864 1.77967 3.57133 TRACK
[PUSH_CTRL] 865 1.84557 3.57133 TRACK
[PUSH_CTRL] 866 1.84062 3.57133 TRACK
[PUSH_CTRL] 867 1.83479 3.57133 TRACK
[PUSH_CTRL] 868 1.82858 3.57133 TRACK
[PUSH_CTRL] 869 1.82204 3.57133 TRACK
[PUSH_CTRL] 870 1.81529 3.57133 TRACK
[PUSH_CTRL] 871 1.8087 3.57133 TRACK
[PUSH_CTRL] 872 1.80253 3.57133 TRACK
[PUSH_CTRL] 873 1.79685 3.57133 TRACK
[PUSH_CTRL] 874 1.79143 3.57133 TRACK
[PUSH_CTRL] 875 1.78612 3.57133 TRACK
[PUSH_CTRL] 876 1.781 3.57133 TRACK
[PUSH_CTRL] 877 1.77616 3.57133 TRACK
[PUSH_CTRL] 878 1.84071 3.57133 TRACK
[PUSH_CTRL] 879 1.83527 3.57133 TRACK
[PUSH_CTRL] 880 1.82956 3.57133 TRACK
[PUSH_CTRL] 881 1.82336 3.57133 TRACK
[PUSH_CTRL] 882 1.81745 3.57133 TRACK
[PUSH_CTRL] 883 1.81159 3.57133 TRACK
[PUSH_CTRL] 884 1.80609 3.57133 TRACK
[PUSH_CTRL] 885 1.80083 3.57133 TRACK
[PUSH_CTRL] 886 1.79606 3.57133 TRACK
[PUSH_CTRL] 887 1.79175 3.57133 TRACK
[PUSH_CTRL] 888 1.78762 3.57133 TRACK
[PUSH_CTRL] 889 1.78345 3.57133 TRACK
[PUSH_CTRL] 890 1.84941 3.57133 TRACK
[PUSH_CTRL] 891 1.84394 3.57133 TRACK
[PUSH_CTRL] 892 1.83736 3.57133 TRACK
[PUSH_CTRL] 893 1.83094 3.57133 TRACK
[PUSH_CTRL] 894 1.82456 3.57133 TRACK
[PUSH_CTRL] 895 1.81856 3.57133 TRACK
[PUSH_CTRL] 896 1.814 3.57133 TRACK
[PUSH_CTRL] 897 1.81065 3.57133 TRACK
[PUSH_CTRL] 898 1.80771 3.57133 TRACK
[PUSH_CTRL] 899 1.80489 3.57133 TRACK
[PUSH_CTRL] 900 1.80153 3.57133 TRACK
[PUSH_CTRL] 901 1.79786 3.57133 TRACK
[PUSH_CTRL] 902 1.79411 3.57133 TRACK
[PUSH_CTRL] 903 1.86028 3.57133 TRACK
[PUSH_CTRL] 904 1.8544 3.57133 TRACK
[PUSH_CTRL] 905 1.84735 3.57133 TRACK
[PUSH_CTRL] 906 1.83985 3.57133 TRACK
[PUSH_CTRL] 907 1.83258 3.57133 TRACK
[PUSH_CTRL] 908 1.82551 3.57133 TRACK
[PUSH_CTRL] 909 1.81868 3.57133 TRACK
[PUSH_CTRL] 910 1.81231 3.57133 TRACK
[PUSH_CTRL] 911 1.80653 3.57133 TRACK
[PUSH_CTRL] 912 1.80285 3.57133 TRACK
[PUSH_CTRL] 913 1.79971 3.57133 TRACK
[PUSH_CTRL] 914 1.79673 3.57133 TRACK
[PUSH_CTRL] 915 1.79384 3.57133 TRACK
[PUSH_CTRL] 916 1.86135 3.57133 TRACK
[PUSH_CTRL] 917 1.85622 3.57133 TRACK
[PUSH_CTRL] 918 1.84982 3.57133 TRACK
[PUSH_CTRL] 919 1.84308 3.57133 TRACK
[PUSH_CTRL] 920 1.83642 3.57133 TRACK
[PUSH_CTRL] 921 1.82986 3.57133 TRACK
[PUSH_CTRL] 922 1.82339 3.57133 TRACK
[PUSH_CTRL] 923 1.81699 3.57133 TRACK
[PUSH_CTRL] 924 1.81063 3.57133 TRACK
[PUSH_CTRL] 925 1.80441 3.57133 TRACK
[PUSH_CTRL] 926 1.79854 3.57133 TRACK
[PUSH_CTRL] 927 1.79311 3.57133 TRACK
[PUSH_CTRL] 928 1.78828 3.57133 TRACK
[PUSH_CTRL] 929 1.85442 3.57133 TRACK
[PUSH_CTRL] 930 1.84818 3.57133 TRACK
[PUSH_CTRL] 931 1.84106 3.57133 TRACK
[PUSH_CTRL] 932 1.83404 3.57133 TRACK
[PUSH_CTRL] 933 1.82697 3.57133 TRACK
[PUSH_CTRL] 934 1.82023 3.57133 TRACK
[PUSH_CTRL] 935 1.81401 3.57133 TRACK
[PUSH_CTRL] 936 1.80833 3.57133 TRACK
[PUSH_CTRL] 937 1.80465 3.57133 TRACK
[PUSH_CTRL] 938 1.80164 3.57133 TRACK
[PUSH_CTRL] 939 1.79846 3.57133 TRACK
[PUSH_CTRL] 940 1.79503 3.57133 TRACK
[PUSH_CTRL] 941 1.79131 3.57133 TRACK
[PUSH_CTRL] 942 1.85792 3.57133 TRACK
[PUSH_CTRL] 943 1.85173 3.57133 TRACK
[PUSH_CTRL] 944 1.8446 3.57133 TRACK
[PUSH_CTRL] 945 1.83824 3.57133 TRACK
[PUSH_CTRL] 946 1.83343 3.57133 TRACK
[PUSH_CTRL] 947 1.82823 3.57133 TRACK
[PUSH_CTRL] 948 1.82297 3.57133 TRACK
[PUSH_CTRL] 949 1.81759 3.57133 TRACK
[PUSH_CTRL] 950 1.81204 3.57133 TRACK
[PUSH_CTRL] 951 1.8065 3.57133 TRACK
[PUSH_CTRL] 952 1.80126 3.57133 TRACK
[PUSH_CTRL] 953 1.79641 3.57133 TRACK
[PUSH_CTRL] 954 1.79213 3.57133 TRACK
[PUSH_CTRL] 955 1.85877 3.57133 TRACK
[PUSH_CTRL] 956 1.8521 3.57133 TRACK
[PUSH_CTRL] 957 1.84525 3.57133 TRACK
[PUSH_CTRL] 958 1.83924 3.57133 TRACK
[PUSH_CTRL] 959 1.83299 3.57133 TRACK
[PUSH_CTRL] 960 1.82687 3.57133 TRACK
[PUSH_CTRL] 961 1.82111 3.57133 TRACK
[PUSH_CTRL] 962 1.81598 3.57133 TRACK
[PUSH_CTRL] 963 1.8112 3.57133 TRACK
[PUSH_CTRL] 964 1.80685 3.57133 TRACK
[PUSH_CTRL] 965 1.80273 3.57133 TRACK
[PUSH_CTRL] 966 1.79881 3.57133 TRACK
[PUSH_CTRL] 967 1.7944 3.57133 TRACK
[PUSH_CTRL] 968 1.86107 3.57133 TRACK
[PUSH_CTRL] 969 1.85434 3.57133 TRACK
[PUSH_CTRL] 970 1.84702 3.57133 TRACK
[PUSH_CTRL] 971 1.83979 3.57133 TRACK
[PUSH_CTRL] 972 1.8328 3.57133 TRACK
[PUSH_CTRL] 973 1.82648 3.57133 TRACK
[PUSH_CTRL] 974 1.82129 3.57133 TRACK
[PUSH_CTRL] 975 1.81578 3.57133 TRACK
[PUSH_CTRL] 976 1.81015 3.57133 TRACK
[PUSH_CTRL] 977 1.80462 3.57133 TRACK
[PUSH_CTRL] 978 1.79936 3.57133 TRACK
[PUSH_CTRL] 979 1.79473 3.57133 TRACK
[PUSH_CTRL] 980 1.79062 3.57133 TRACK
[PUSH_CTRL] 981 1.86024 3.57133 TRACK
[PUSH_CTRL] 982 1.8558 3.57133 TRACK
[PUSH_CTRL] 983 1.85051 3.57133 TRACK
[PUSH_CTRL] 984 1.84581 3.57133 TRACK
[PUSH_CTRL] 985 1.84155 3.57133 TRACK
[PUSH_CTRL] 986 1.83654 3.57133 TRACK
[PUSH_CTRL] 987 1.83102 3.57133 TRACK
[PUSH_CTRL] 988 1.82538 3.57133 TRACK
[PUSH_CTRL] 989 1.81989 3.57133 TRACK
[PUSH_CTRL] 990 1.81489 3.57133 TRACK
[PUSH_CTRL] 991 1.81033 3.57133 TRACK
[PUSH_CTRL] 992 1.80613 3.57133 TRACK
[PUSH_CTRL] 993 1.87458 3.57133 TRACK
[PUSH_CTRL] 994 1.86889 3.57133 TRACK
[PUSH_CTRL] 995 1.8631 3.57133 TRACK
[PUSH_CTRL] 996 1.85745 3.57133 TRACK
[PUSH_CTRL] 997 1.85162 3.57133 TRACK
[PUSH_CTRL] 998 1.84569 3.57133 TRACK
[PUSH_CTRL] 999 1.83958 3.57133 TRACK
[PUSH_CTRL] 1000 1.83347 3.57133 TRACK
[PUSH_CTRL] 1001 1.82762 3.57133 TRACK
[PUSH_CTRL] 1002 1.82198 3.57133 TRACK
[PUSH_CTRL] 1003 1.81668 3.57133 TRACK
[PUSH_CTRL] 1004 1.81176 3.57133 TRACK
[PUSH_CTRL] 1005 1.80714 3.57133 TRACK
[PUSH_CTRL] 1006 1.87517 3.57133 TRACK
[PUSH_CTRL] 1007 1.86863 3.57133 TRACK
[PUSH_CTRL] 1008 1.8611 3.57133 TRACK
[PUSH_CTRL] 1009 1.85309 3.57133 TRACK
[PUSH_CTRL] 1010 1.84627 3.57133 TRACK
[PUSH_CTRL] 1011 1.83962 3.57133 TRACK
[PUSH_CTRL] 1012 1.83345 3.57133 TRACK
[PUSH_CTRL] 1013 1.82845 3.57133 TRACK
[PUSH_CTRL] 1014 1.82544 3.57133 TRACK
[PUSH_CTRL] 1015 1.82336 3.57133 TRACK
[PUSH_CTRL] 1016 1.82076 3.57133 TRACK
[PUSH_CTRL] 1017 1.81782 3.57133 TRACK
[PUSH_CTRL] 1018 1.88699 3.57133 TRACK
[PUSH_CTRL] 1019 1.88112 3.57133 TRACK
[PUSH_CTRL] 1020 1.87386 3.57133 TRACK
[PUSH_CTRL] 1021 1.86629 3.57133 TRACK
[PUSH_CTRL] 1022 1.85922 3.57133 TRACK
[PUSH_CTRL] 1023 1.85205 3.57133 TRACK
[PUSH_CTRL] 1024 1.84497 3.57133 TRACK
[PUSH_CTRL] 1025 1.83825 3.57133 TRACK
[PUSH_CTRL] 1026 1.83204 3.57133 TRACK
[PUSH_CTRL] 1027 1.8264 3.57133 TRACK
[PUSH_CTRL] 1028 1.8213 3.57133 TRACK
[PUSH_CTRL] 1029 1.81658 3.57133 TRACK
[PUSH_CTRL] 1030 1.81294 3.57133 TRACK
[PUSH_CTRL] 1031 1.80919 3.57133 TRACK
[PUSH_CTRL] 1032 1.87806 3.57133 TRACK
[PUSH_CTRL] 1033 1.8717 3.57133 TRACK
[PUSH_CTRL] 1034 1.86456 3.57133 TRACK
[PUSH_CTRL] 1035 1.85744 3.57133 TRACK
[PUSH_CTRL] 1036 1.8515 3.57133 TRACK
[PUSH_CTRL] 1037 1.8467 3.57133 TRACK
[PUSH_CTRL] 1038 1.8418 3.57133 TRACK
[PUSH_CTRL] 1039 1.83709 3.57133 TRACK
[PUSH_CTRL] 1040 1.83262 3.57133 TRACK
[PUSH_CTRL] 1041 1.82807 3.57133 TRACK
[PUSH_CTRL] 1042 1.82388 3.57133 TRACK
[PUSH_CTRL] 1043 1.81981 3.57133 TRACK
[PUSH_CTRL] 1044 1.81634 3.57133 TRACK
[PUSH_CTRL] 1045 1.88513 3.57133 TRACK
[PUSH_CTRL] 1046 1.87849 3.57133 TRACK
[PUSH_CTRL] 1047 1.8708 3.57133 TRACK
[PUSH_CTRL] 1048 1.86298 3.57133 TRACK
[PUSH_CTRL] 1049 1.85581 3.57133 TRACK
[PUSH_CTRL] 1050 1.84944 3.57133 TRACK
[PUSH_CTRL] 1051 1.84384 3.57133 TRACK
[PUSH_CTRL] 1052 1.83891 3.57133 TRACK
[PUSH_CTRL] 1053 1.83596 3.57133 TRACK
[PUSH_CTRL] 1054 1.83285 3.57133 TRACK
[PUSH_CTRL] 1055 1.83 3.57133 TRACK
[PUSH_CTRL] 1056 1.82706 3.57133 TRACK
[PUSH_CTRL] 1057 1.89691 3.57133 TRACK
[PUSH_CTRL] 1058 1.89139 3.57133 TRACK
[PUSH_CTRL] 1059 1.88476 3.57133 TRACK
[PUSH_CTRL] 1060 1.87789 3.57133 TRACK
[PUSH_CTRL] 1061 1.87201 3.57133 TRACK
[PUSH_CTRL] 1062 1.8664 3.57133 TRACK
[PUSH_CTRL] 1063 1.8612 3.57133 TRACK
[PUSH_CTRL] 1064 1.85616 3.57133 TRACK
[PUSH_CTRL] 1065 1.85155 3.57133 TRACK
[PUSH_CTRL] 1066 1.84714 3.57133 TRACK
[PUSH_CTRL] 1067 1.84271 3.57133 TRACK
[PUSH_CTRL] 1068 1.83847 3.57133 TRACK
[PUSH_CTRL] 1069 1.83398 3.57133 TRACK
[PUSH_CTRL] 1070 1.90292 3.57133 TRACK
[PUSH_CTRL] 1071 1.89651 3.57133 TRACK
[PUSH_CTRL] 1072 1.88904 3.57133 TRACK
[PUSH_CTRL] 1073 1.88141 3.57133 TRACK
[PUSH_CTRL] 1074 1.87411 3.57133 TRACK
[PUSH_CTRL] 1075 1.86897 3.57133 TRACK
[PUSH_CTRL] 1076 1.8641 3.57133 TRACK
[PUSH_CTRL] 1077 1.86012 3.57133 TRACK
[PUSH_CTRL] 1078 1.85738 3.57133 TRACK
[PUSH_CTRL] 1079 1.85393 3.57133 TRACK
[PUSH_CTRL] 1080 1.85034 3.57133 TRACK
[PUSH_CTRL] 1081 1.84635 3.57133 TRACK
[PUSH_CTRL] 1082 1.91551 3.57133 TRACK
[PUSH_CTRL] 1083 1.90942 3.57133 TRACK
[PUSH_CTRL] 1084 1.90337 3.57133 TRACK
[PUSH_CTRL] 1085 1.8981 3.57133 TRACK
[PUSH_CTRL] 1086 1.89246 3.57133 TRACK
[PUSH_CTRL] 1087 1.88664 3.57133 TRACK
[PUSH_CTRL] 1088 1.88095 3.57133 TRACK
[PUSH_CTRL] 1089 1.87556 3.57133 TRACK
[PUSH_CTRL] 1090 1.8705 3.57133 TRACK
[PUSH_CTRL] 1091 1.86562 3.57133 TRACK
[PUSH_CTRL] 1092 1.86084 3.57133 TRACK
[PUSH_CTRL] 1093 1.85605 3.57133 TRACK
[PUSH_CTRL] 1094 1.92444 3.57133 TRACK
[PUSH_CTRL] 1095 1.91746 3.57133 TRACK
[PUSH_CTRL] 1096 1.90967 3.57133 TRACK
[PUSH_CTRL] 1097 1.90183 3.57133 TRACK
[PUSH_CTRL] 1098 1.8959 3.57133 TRACK
[PUSH_CTRL] 1099 1.89175 3.57133 TRACK
[PUSH_CTRL] 1100 1.88752 3.57133 TRACK
[PUSH_CTRL] 1101 1.88373 3.57133 TRACK
[PUSH_CTRL] 1102 1.87959 3.57133 TRACK
[PUSH_CTRL] 1103 1.87509 3.57133 TRACK
[PUSH_CTRL] 1104 1.87047 3.57133 TRACK
[PUSH_CTRL] 1105 1.86589 3.57133 TRACK
[PUSH_CTRL] 1106 1.93518 3.57133 TRACK
[PUSH_CTRL] 1107 1.92911 3.57133 TRACK
[PUSH_CTRL] 1108 1.92295 3.57133 TRACK
[PUSH_CTRL] 1109 1.91613 3.57133 TRACK
[PUSH_CTRL] 1110 1.90909 3.57133 TRACK
[PUSH_CTRL] 1111 1.90222 3.57133 TRACK
[PUSH_CTRL] 1112 1.89576 3.57133 TRACK
[PUSH_CTRL] 1113 1.88982 3.57133 TRACK
[PUSH_CTRL] 1114 1.88437 3.57133 TRACK
[PUSH_CTRL] 1115 1.87913 3.57133 TRACK
[PUSH_CTRL] 1116 1.87395 3.57133 TRACK
[PUSH_CTRL] 1117 1.8687 3.57133 TRACK
[PUSH_CTRL] 1118 1.86348 3.57133 TRACK
[PUSH_CTRL] 1119 1.85847 3.57133 TRACK
[PUSH_CTRL] 1120 1.92776 3.57133 TRACK
[PUSH_CTRL] 1121 1.9209 3.57133 TRACK
[PUSH_CTRL] 1122 1.91328 3.57133 TRACK
[PUSH_CTRL] 1123 1.90687 3.57133 TRACK
[PUSH_CTRL] 1124 1.90111 3.57133 TRACK
[PUSH_CTRL] 1125 1.89576 3.57133 TRACK
[PUSH_CTRL] 1126 1.89089 3.57133 TRACK
[PUSH_CTRL] 1127 1.88614 3.57133 TRACK
[PUSH_CTRL] 1128 1.88259 3.57133 TRACK
[PUSH_CTRL] 1129 1.87875 3.57133 TRACK
[PUSH_CTRL] 1130 1.87529 3.57133 TRACK
[PUSH_CTRL] 1131 1.94541 3.57133 TRACK
[PUSH_CTRL] 1132 1.94108 3.57133 TRACK
[PUSH_CTRL] 1133 1.93525 3.57133 TRACK
[PUSH_CTRL] 1134 1.92863 3.57133 TRACK
[PUSH_CTRL] 1135 1.92147 3.57133 TRACK
[PUSH_CTRL] 1136 1.9142 3.57133 TRACK
[PUSH_CTRL] 1137 1.90724 3.57133 TRACK
[PUSH_CTRL] 1138 1.90081 3.57133 TRACK
[PUSH_CTRL] 1139 1.89515 3.57133 TRACK
[PUSH_CTRL] 1140 1.88994 3.57133 TRACK
[PUSH_CTRL] 1141 1.88489 3.57133 TRACK
[PUSH_CTRL] 1142 1.87986 3.57133 TRACK
[PUSH_CTRL] 1143 1.87474 3.57133 TRACK
[PUSH_CTRL] 1144 1.86957 3.57133 TRACK
[PUSH_CTRL] 1145 1.9399 3.57133 TRACK
[PUSH_CTRL] 1146 1.93368 3.57133 TRACK
[PUSH_CTRL] 1147 1.92638 3.57133 TRACK
[PUSH_CTRL] 1148 1.91905 3.57133 TRACK
[PUSH_CTRL] 1149 1.91224 3.57133 TRACK
[PUSH_CTRL] 1150 1.90777 3.57133 TRACK
[PUSH_CTRL] 1151 1.90332 3.57133 TRACK
[PUSH_CTRL] 1152 1.89913 3.57133 TRACK
[PUSH_CTRL] 1153 1.89496 3.57133 TRACK
[PUSH_CTRL] 1154 1.89048 3.57133 TRACK
[PUSH_CTRL] 1155 1.88685 3.57133 TRACK
[PUSH_CTRL] 1156 1.8831 3.57133 TRACK
[PUSH_CTRL] 1157 1.95319 3.57133 TRACK
[PUSH_CTRL] 1158 1.94691 3.57133 TRACK
[PUSH_CTRL] 1159 1.9396 3.57133 TRACK
[PUSH_CTRL] 1160 1.93298 3.57133 TRACK
[PUSH_CTRL] 1161 1.9265 3.57133 TRACK
[PUSH_CTRL] 1162 1.9199 3.57133 TRACK
[PUSH_CTRL] 1163 1.91332 3.57133 TRACK
[PUSH_CTRL] 1164 1.90715 3.57133 TRACK
[PUSH_CTRL] 1165 1.90152 3.57133 TRACK
[PUSH_CTRL] 1166 1.89645 3.57133 TRACK
[PUSH_CTRL] 1167 1.89164 3.57133 TRACK
[PUSH_CTRL] 1168 1.88688 3.57133 TRACK
[PUSH_CTRL] 1169 1.95614 3.57133 TRACK
[PUSH_CTRL] 1170 1.94939 3.57133 TRACK
[PUSH_CTRL] 1171 1.94259 3.57133 TRACK
[PUSH_CTRL] 1172 1.93658 3.57133 TRACK
[PUSH_CTRL] 1173 1.93046 3.57133 TRACK
[PUSH_CTRL] 1174 1.92454 3.57133 TRACK
[PUSH_CTRL] 1175 1.91908 3.57133 TRACK
[PUSH_CTRL] 1176 1.91417 3.57133 TRACK
[PUSH_CTRL] 1177 1.90978 3.57133 TRACK
[PUSH_CTRL] 1178 1.90602 3.57133 TRACK
[PUSH_CTRL] 1179 1.90246 3.57133 TRACK
[PUSH_CTRL] 1180 1.89936 3.57133 TRACK
[PUSH_CTRL] 1181 1.97045 3.57133 TRACK
[PUSH_CTRL] 1182 1.96534 3.57133 TRACK
[PUSH_CTRL] 1183 1.95871 3.57133 TRACK
[PUSH_CTRL] 1184 1.95158 3.57133 TRACK
[PUSH_CTRL] 1185 1.94461 3.57133 TRACK
[PUSH_CTRL] 1186 1.93801 3.57133 TRACK
[PUSH_CTRL] 1187 1.93175 3.57133 TRACK
[PUSH_CTRL] 1188 1.92623 3.57133 TRACK
[PUSH_CTRL] 1189 1.92186 3.57133 TRACK
[PUSH_CTRL] 1190 1.91703 3.57133 TRACK
[PUSH_CTRL] 1191 1.91183 3.57133 TRACK
[PUSH_CTRL] 1192 1.90655 3.57133 TRACK
[PUSH_CTRL] 1193 1.90137 3.57133 TRACK
[PUSH_CTRL] 1194 1.97064 3.57133 TRACK
[PUSH_CTRL] 1195 1.9637 3.57133 TRACK
[PUSH_CTRL] 1196 1.95744 3.57133 TRACK
[PUSH_CTRL] 1197 1.95251 3.57133 TRACK
[PUSH_CTRL] 1198 1.94779 3.57133 TRACK
[PUSH_CTRL] 1199 1.9431 3.57133 TRACK
[PUSH_CTRL] 1200 1.93811 3.57133 TRACK
[PUSH_CTRL] 1201 1.93403 3.57133 TRACK
[PUSH_CTRL] 1202 1.92962 3.57133 TRACK
[PUSH_CTRL] 1203 1.92509 3.57133 TRACK
[PUSH_CTRL] 1204 1.92052 3.57133 TRACK
[PUSH_CTRL] 1205 1.98985 3.57133 TRACK
[PUSH_CTRL] 1206 1.98391 3.57133 TRACK
[PUSH_CTRL] 1207 1.97679 3.57133 TRACK
[PUSH_CTRL] 1208 1.96924 3.57133 TRACK
[PUSH_CTRL] 1209 1.9621 3.57133 TRACK
[PUSH_CTRL] 1210 1.95484 3.57133 TRACK
[PUSH_CTRL] 1211 1.94781 3.57133 TRACK
[PUSH_CTRL] 1212 1.94123 3.57133 TRACK
[PUSH_CTRL] 1213 1.93533 3.57133 TRACK
[PUSH_CTRL] 1214 1.93066 3.57133 TRACK
[PUSH_CTRL] 1215 1.92737 3.57133 TRACK
[PUSH_CTRL] 1216 1.92468 3.57133 TRACK
[PUSH_CTRL] 1217 1.92118 3.57133 TRACK
[PUSH_CTRL] 1218 1.99122 3.57133 TRACK
[PUSH_CTRL] 1219 1.98527 3.57133 TRACK
[PUSH_CTRL] 1220 1.97808 3.57133 TRACK
[PUSH_CTRL] 1221 1.97069 3.57133 TRACK
[PUSH_CTRL] 1222 1.96417 3.57133 TRACK
[PUSH_CTRL] 1223 1.95899 3.57133 TRACK
[PUSH_CTRL] 1224 1.95362 3.57133 TRACK
[PUSH_CTRL] 1225 1.948 3.57133 TRACK
[PUSH_CTRL] 1226 1.94239 3.57133 TRACK
[PUSH_CTRL] 1227 1.93698 3.57133 TRACK
[PUSH_CTRL] 1228 1.93186 3.57133 TRACK
[PUSH_CTRL] 1229 1.92731 3.57133 TRACK
[PUSH_CTRL] 1230 1.99828 3.57133 TRACK
[PUSH_CTRL] 1231 1.99317 3.57133 TRACK
[PUSH_CTRL] 1232 1.98656 3.57133 TRACK
[PUSH_CTRL] 1233 1.97941 3.57133 TRACK
[PUSH_CTRL] 1234 1.97263 3.57133 TRACK
[PUSH_CTRL] 1235 1.96596 3.57133 TRACK
[PUSH_CTRL] 1236 1.95966 3.57133 TRACK
[PUSH_CTRL] 1237 1.95383 3.57133 TRACK
[PUSH_CTRL] 1238 1.94844 3.57133 TRACK
[PUSH_CTRL] 1239 1.94357 3.57133 TRACK
[PUSH_CTRL] 1240 1.93863 3.57133 TRACK
[PUSH_CTRL] 1241 1.9335 3.57133 TRACK
[PUSH_CTRL] 1242 1.92809 3.57133 TRACK
[PUSH_CTRL] 1243 1.99689 3.57133 TRACK
[PUSH_CTRL] 1244 1.9894 3.57133 TRACK
[PUSH_CTRL] 1245 1.98136 3.57133 TRACK
[PUSH_CTRL] 1246 1.9735 3.57133 TRACK
[PUSH_CTRL] 1247 1.96731 3.57133 TRACK
[PUSH_CTRL] 1248 1.96231 3.57133 TRACK
[PUSH_CTRL] 1249 1.95686 3.57133 TRACK
[PUSH_CTRL] 1250 1.95112 3.57133 TRACK
[PUSH_CTRL] 1251 1.94537 3.57133 TRACK
[PUSH_CTRL] 1252 1.93981 3.57133 TRACK
[PUSH_CTRL] 1253 1.93457 3.57133 TRACK
[PUSH_CTRL] 1254 1.92966 3.57133 TRACK
[PUSH_CTRL] 1255 1.99943 3.57133 TRACK
[PUSH_CTRL] 1256 1.99324 3.57133 TRACK
[PUSH_CTRL] 1257 1.98667 3.57133 TRACK
[PUSH_CTRL] 1258 1.98044 3.57133 TRACK
[PUSH_CTRL] 1259 1.97517 3.57133 TRACK
[PUSH_CTRL] 1260 1.97061 3.57133 TRACK
[PUSH_CTRL] 1261 1.96598 3.57133 TRACK
[PUSH_CTRL] 1262 1.96085 3.57133 TRACK
[PUSH_CTRL] 1263 1.95547 3.57133 TRACK
[PUSH_CTRL] 1264 1.95012 3.57133 TRACK
[PUSH_CTRL] 1265 1.94614 3.57133 TRACK
[PUSH_CTRL] 1266 1.942 3.57133 TRACK
[PUSH_CTRL] 1267 2.01219 3.57133 TRACK
[PUSH_CTRL] 1268 2.00596 3.57133 TRACK
[PUSH_CTRL] 1269 1.99886 3.57133 TRACK
[PUSH_CTRL] 1270 1.99157 3.57133 TRACK
[PUSH_CTRL] 1271 1.98462 3.57133 TRACK
[PUSH_CTRL] 1272 1.97791 3.57133 TRACK
[PUSH_CTRL] 1273 1.97142 3.57133 TRACK
[PUSH_CTRL] 1274 1.96509 3.57133 TRACK
[PUSH_CTRL] 1275 1.95993 3.57133 TRACK
[PUSH_CTRL] 1276 1.95456 3.57133 TRACK
[PUSH_CTRL] 1277 1.94889 3.57133 TRACK
[PUSH_CTRL] 1278 1.9432 3.57133 TRACK
[PUSH_CTRL] 1279 2.01188 3.57133 TRACK
[PUSH_CTRL] 1280 2.00476 3.57133 TRACK
[PUSH_CTRL] 1281 1.9975 3.57133 TRACK
[PUSH_CTRL] 1282 1.99117 3.57133 TRACK
[PUSH_CTRL] 1283 1.98645 3.57133 TRACK
[PUSH_CTRL] 1284 1.98214 3.57133 TRACK
[PUSH_CTRL] 1285 1.97828 3.57133 TRACK
[PUSH_CTRL] 1286 1.97491 3.57133 TRACK
[PUSH_CTRL] 1287 1.9711 3.57133 TRACK
[PUSH_CTRL] 1288 1.96681 3.57133 TRACK
[PUSH_CTRL] 1289 1.96229 3.57133 TRACK
[PUSH_CTRL] 1290 2.03181 3.57133 TRACK
[PUSH_CTRL] 1291 2.02592 3.57133 TRACK
[PUSH_CTRL] 1292 2.01877 3.57133 TRACK
[PUSH_CTRL] 1293 2.01218 3.57133 TRACK
[PUSH_CTRL] 1294 2.00531 3.57133 TRACK
[PUSH_CTRL] 1295 1.99813 3.57133 TRACK
[PUSH_CTRL] 1296 1.99093 3.57133 TRACK
[PUSH_CTRL] 1297 1.984 3.57133 TRACK
[PUSH_CTRL] 1298 1.97754 3.57133 TRACK
[PUSH_CTRL] 1299 1.97163 3.57133 TRACK
[PUSH_CTRL] 1300 1.96638 3.57133 TRACK
[PUSH_CTRL] 1301 1.96194 3.57133 TRACK
[PUSH_CTRL] 1302 1.95862 3.57133 TRACK
[PUSH_CTRL] 1303 2.02913 3.57133 TRACK
[PUSH_CTRL] 1304 2.0243 3.57133 TRACK
[PUSH_CTRL] 1305 2.01798 3.57133 TRACK
[PUSH_CTRL] 1306 2.01113 3.57133 TRACK
[PUSH_CTRL] 1307 2.00432 3.57133 TRACK
[PUSH_CTRL] 1308 1.99802 3.57133 TRACK
[PUSH_CTRL] 1309 1.99387 3.57133 TRACK
[PUSH_CTRL] 1310 1.99035 3.57133 TRACK
[PUSH_CTRL] 1311 1.98739 3.57133 TRACK
[PUSH_CTRL] 1312 1.98596 3.57133 TRACK
[PUSH_CTRL] 1313 1.9835 3.57133 TRACK
[PUSH_CTRL] 1314 2.05428 3.57133 TRACK
[PUSH_CTRL] 1315 2.04936 3.57133 TRACK
[PUSH_CTRL] 1316 2.0433 3.57133 TRACK
[PUSH_CTRL] 1317 2.03637 3.57133 TRACK
[PUSH_CTRL] 1318 2.02909 3.57133 TRACK
[PUSH_CTRL] 1319 2.0218 3.57133 TRACK
[PUSH_CTRL] 1320 2.01493 3.57133 TRACK
[PUSH_CTRL] 1321 2.00952 3.57133 TRACK
[PUSH_CTRL] 1322 2.00383 3.57133 TRACK
[PUSH_CTRL] 1323 1.9981 3.57133 TRACK
[PUSH_CTRL] 1324 1.99254 3.57133 TRACK
[PUSH_CTRL] 1325 1.98728 3.57133 TRACK
[PUSH_CTRL] 1326 1.98237 3.57133 TRACK
[PUSH_CTRL] 1327 2.05172 3.57133 TRACK
[PUSH_CTRL] 1328 2.0467 3.57133 TRACK
[PUSH_CTRL] 1329 2.04185 3.57133 TRACK
[PUSH_CTRL] 1330 2.03682 3.57133 TRACK
[PUSH_CTRL] 1331 2.03287 3.57133 TRACK
[PUSH_CTRL] 1332 2.02846 3.57133 TRACK
[PUSH_CTRL] 1333 2.0235 3.57133 TRACK
[PUSH_CTRL] 1334 2.01831 3.57133 TRACK
[PUSH_CTRL] 1335 2.01315 3.57133 TRACK
[PUSH_CTRL] 1336 2.00815 3.57133 TRACK
[PUSH_CTRL] 1337 2.07815 3.57133 TRACK
[PUSH_CTRL] 1338 2.07242 3.57133 TRACK
[PUSH_CTRL] 1339 2.06573 3.57133 TRACK
[PUSH_CTRL] 1340 2.05826 3.57133 TRACK
[PUSH_CTRL] 1341 2.05071 3.57133 TRACK
[PUSH_CTRL] 1342 2.04308 3.57133 TRACK
[PUSH_CTRL] 1343 2.03562 3.57133 TRACK
[PUSH_CTRL] 1344 2.02858 3.57133 TRACK
[PUSH_CTRL] 1345 2.02213 3.57133 TRACK
[PUSH_CTRL] 1346 2.01649 3.57133 TRACK
[PUSH_CTRL] 1347 2.01161 3.57133 TRACK
[PUSH_CTRL] 1348 2.0072 3.57133 TRACK
[PUSH_CTRL] 1349 2.00283 3.57133 TRACK
[PUSH_CTRL] 1350 2.07294 3.57133 TRACK
[PUSH_CTRL] 1351 2.06686 3.57133 TRACK
[PUSH_CTRL] 1352 2.05957 3.57133 TRACK
[PUSH_CTRL] 1353 2.05217 3.57133 TRACK
[PUSH_CTRL] 1354 2.04525 3.57133 TRACK
[PUSH_CTRL] 1355 2.04008 3.57133 TRACK
[PUSH_CTRL] 1356 2.03454 3.57133 TRACK
[PUSH_CTRL] 1357 2.02879 3.57133 TRACK
[PUSH_CTRL] 1358 2.02376 3.57133 TRACK
[PUSH_CTRL] 1359 2.01879 3.57133 TRACK
[PUSH_CTRL] 1360 2.01397 3.57133 TRACK
[PUSH_CTRL] 1361 2.08321 3.57133 TRACK
[PUSH_CTRL] 1362 2.07716 3.57133 TRACK
[PUSH_CTRL] 1363 2.06978 3.57133 TRACK
[PUSH_CTRL] 1364 2.0619 3.57133 TRACK
[PUSH_CTRL] 1365 2.05404 3.57133 TRACK
[PUSH_CTRL] 1366 2.04643 3.57133 TRACK
[PUSH_CTRL] 1367 2.03935 3.57133 TRACK
[PUSH_CTRL] 1368 2.03314 3.57133 TRACK
[PUSH_CTRL] 1369 2.02869 3.57133 TRACK
[PUSH_CTRL] 1370 2.02451 3.57133 TRACK
[PUSH_CTRL] 1371 2.02031 3.57133 TRACK
[PUSH_CTRL] 1372 2.01639 3.57133 TRACK
[PUSH_CTRL] 1373 2.08691 3.57133 TRACK
[PUSH_CTRL] 1374 2.08126 3.57133 TRACK
[PUSH_CTRL] 1375 2.07399 3.57133 TRACK
[PUSH_CTRL] 1376 2.0662 3.57133 TRACK
[PUSH_CTRL] 1377 2.05854 3.57133 TRACK
[PUSH_CTRL] 1378 2.05137 3.57133 TRACK
[PUSH_CTRL] 1379 2.04482 3.57133 TRACK
[PUSH_CTRL] 1380 2.03913 3.57133 TRACK
[PUSH_CTRL] 1381 2.03568 3.57133 TRACK
[PUSH_CTRL] 1382 2.03342 3.57133 TRACK
[PUSH_CTRL] 1383 2.03058 3.57133 TRACK
[PUSH_CTRL] 1384 2.02727 3.57133 TRACK
[PUSH_CTRL] 1385 2.09741 3.57133 TRACK
[PUSH_CTRL] 1386 2.09191 3.57133 TRACK
[PUSH_CTRL] 1387 2.08527 3.57133 TRACK
[PUSH_CTRL] 1388 2.07824 3.57133 TRACK
[PUSH_CTRL] 1389 2.07271 3.57133 TRACK
[PUSH_CTRL] 1390 2.06696 3.57133 TRACK
[PUSH_CTRL] 1391 2.0612 3.57133 TRACK
[PUSH_CTRL] 1392 2.05566 3.57133 TRACK
[PUSH_CTRL] 1393 2.05048 3.57133 TRACK
[PUSH_CTRL] 1394 2.04685 3.57133 TRACK
[PUSH_CTRL] 1395 2.04325 3.57133 TRACK
[PUSH_CTRL] 1396 2.11261 3.57133 TRACK
[PUSH_CTRL] 1397 2.10615 3.57133 TRACK
[PUSH_CTRL] 1398 2.0986 3.57133 TRACK
[PUSH_CTRL] 1399 2.09071 3.57133 TRACK
[PUSH_CTRL] 1400 2.08311 3.57133 TRACK
[PUSH_CTRL] 1401 2.07612 3.57133 TRACK
[PUSH_CTRL] 1402 2.06944 3.57133 TRACK
[PUSH_CTRL] 1403 2.06288 3.57133 TRACK
[PUSH_CTRL] 1404 2.05636 3.57133 TRACK
[PUSH_CTRL] 1405 2.04981 3.57133 TRACK
[PUSH_CTRL] 1406 2.04342 3.57133 TRACK
[PUSH_CTRL] 1407 2.03733 3.57133 TRACK
[PUSH_CTRL] 1408 2.1052 3.57133 TRACK
[PUSH_CTRL] 1409 2.09757 3.57133 TRACK
[PUSH_CTRL] 1410 2.08946 3.57133 TRACK
[PUSH_CTRL] 1411 2.08234 3.57133 TRACK
[PUSH_CTRL] 1412 2.07562 3.57133 TRACK
[PUSH_CTRL] 1413 2.06892 3.57133 TRACK
[PUSH_CTRL] 1414 2.06229 3.57133 TRACK
[PUSH_CTRL] 1415 2.05598 3.57133 TRACK
[PUSH_CTRL] 1416 2.0501 3.57133 TRACK
[PUSH_CTRL] 1417 2.04479 3.57133 TRACK
[PUSH_CTRL] 1418 2.04049 3.57133 TRACK
[PUSH_CTRL] 1419 2.03681 3.57133 TRACK
[PUSH_CTRL] 1420 2.1067 3.57133 TRACK
[PUSH_CTRL] 1421 2.1027 3.57133 TRACK
[PUSH_CTRL] 1422 2.09783 3.57133 TRACK
[PUSH_CTRL] 1423 2.09294 3.57133 TRACK
[PUSH_CTRL] 1424 2.08757 3.57133 TRACK
[PUSH_CTRL] 1425 2.08186 3.57133 TRACK
[PUSH_CTRL] 1426 2.07609 3.57133 TRACK
[PUSH_CTRL] 1427 2.07065 3.57133 TRACK
[PUSH_CTRL] 1428 2.06558 3.57133 TRACK
[PUSH_CTRL] 1429 2.06087 3.57133 TRACK
[PUSH_CTRL] 1430 2.05609 3.57133 TRACK
[PUSH_CTRL] 1431 2.051 3.57133 TRACK
[PUSH_CTRL] 1432 2.11869 3.57133 TRACK
[PUSH_CTRL] 1433 2.11076 3.57133 TRACK
[PUSH_CTRL] 1434 2.10162 3.57133 TRACK
[PUSH_CTRL] 1435 2.0938 3.57133 TRACK
[PUSH_CTRL] 1436 2.08608 3.57133 TRACK
[PUSH_CTRL] 1437 2.0789 3.57133 TRACK
[PUSH_CTRL] 1438 2.07259 3.57133 TRACK
[PUSH_CTRL] 1439 2.06675 3.57133 TRACK
[PUSH_CTRL] 1440 2.06247 3.57133 TRACK
[PUSH_CTRL] 1441 2.05815 3.57133 TRACK
[PUSH_CTRL] 1442 2.05347 3.57133 TRACK
[PUSH_CTRL] 1443 2.04866 3.57133 TRACK
[PUSH_CTRL] 1444 2.11686 3.57133 TRACK
[PUSH_CTRL] 1445 2.10986 3.57133 TRACK
[PUSH_CTRL] 1446 2.10261 3.57133 TRACK
[PUSH_CTRL] 1447 2.09629 3.57133 TRACK
[PUSH_CTRL] 1448 2.09116 3.57133 TRACK
[PUSH_CTRL] 1449 2.08722 3.57133 TRACK
[PUSH_CTRL] 1450 2.08246 3.57133 TRACK
[PUSH_CTRL] 1451 2.07722 3.57133 TRACK
[PUSH_CTRL] 1452 2.07173 3.57133 TRACK
[PUSH_CTRL] 1453 2.06623 3.57133 TRACK
[PUSH_CTRL] 1454 2.0608 3.57133 TRACK
[PUSH_CTRL] 1455 2.12845 3.57133 TRACK
[PUSH_CTRL] 1456 2.12125 3.57133 TRACK
[PUSH_CTRL] 1457 2.11318 3.57133 TRACK
[PUSH_CTRL] 1458 2.10503 3.57133 TRACK
[PUSH_CTRL] 1459 2.09702 3.57133 TRACK
[PUSH_CTRL] 1460 2.09039 3.57133 TRACK
[PUSH_CTRL] 1461 2.08355 3.57133 TRACK
[PUSH_CTRL] 1462 2.07665 3.57133 TRACK
[PUSH_CTRL] 1463 2.06997 3.57133 TRACK
[PUSH_CTRL] 1464 2.06369 3.57133 TRACK
[PUSH_CTRL] 1465 2.0579 3.57133 TRACK
[PUSH_CTRL] 1466 2.05258 3.57133 TRACK
[PUSH_CTRL] 1467 2.04831 3.57133 TRACK
[PUSH_CTRL] 1468 2.11877 3.57133 TRACK
[PUSH_CTRL] 1469 2.11455 3.57133 TRACK
[PUSH_CTRL] 1470 2.10974 3.57133 TRACK
[PUSH_CTRL] 1471 2.10351 3.57133 TRACK
[PUSH_CTRL] 1472 2.0969 3.57133 TRACK
[PUSH_CTRL] 1473 2.0906 3.57133 TRACK
[PUSH_CTRL] 1474 2.08476 3.57133 TRACK
[PUSH_CTRL] 1475 2.07914 3.57133 TRACK
[PUSH_CTRL] 1476 2.07355 3.57133 TRACK
[PUSH_CTRL] 1477 2.06772 3.57133 TRACK
[PUSH_CTRL] 1478 2.0618 3.57133 TRACK
[PUSH_CTRL] 1479 2.12907 3.57133 TRACK
[PUSH_CTRL] 1480 2.12289 3.57133 TRACK
[PUSH_CTRL] 1481 2.11689 3.57133 TRACK
[PUSH_CTRL] 1482 2.11001 3.57133 TRACK
[PUSH_CTRL] 1483 2.1028 3.57133 TRACK
[PUSH_CTRL] 1484 2.09571 3.57133 TRACK
[PUSH_CTRL] 1485 2.08911 3.57133 TRACK
[PUSH_CTRL] 1486 2.08307 3.57133 TRACK
[PUSH_CTRL] 1487 2.07718 3.57133 TRACK
[PUSH_CTRL] 1488 2.07199 3.57133 TRACK
[PUSH_CTRL] 1489 2.06668 3.57133 TRACK
[PUSH_CTRL] 1490 2.06262 3.57133 TRACK
[PUSH_CTRL] 1491 2.13138 3.57133 TRACK
[PUSH_CTRL] 1492 2.12451 3.57133 TRACK
[PUSH_CTRL] 1493 2.11668 3.57133 TRACK
[PUSH_CTRL] 1494 2.11033 3.57133 TRACK
[PUSH_CTRL] 1495 2.10385 3.57133 TRACK
[PUSH_CTRL] 1496 2.09774 3.57133 TRACK
[PUSH_CTRL] 1497 2.09264 3.57133 TRACK
[PUSH_CTRL] 1498 2.08756 3.57133 TRACK
[PUSH_CTRL] 1499 2.08285 3.57133 TRACK
[PUSH_CTRL] 1500 2.07768 3.57133 TRACK
[PUSH_CTRL] 1501 2.07217 3.57133 TRACK
[PUSH_CTRL] 1502 2.13946 3.57133 TRACK
[PUSH_CTRL] 1503 2.13184 3.57133 TRACK
[PUSH_CTRL] 1504 2.12352 3.57133 TRACK
[PUSH_CTRL] 1505 2.11674 3.57133 TRACK
[PUSH_CTRL] 1506 2.11067 3.57133 TRACK
[PUSH_CTRL] 1507 2.10454 3.57133 TRACK
[PUSH_CTRL] 1508 2.09824 3.57133 TRACK
[PUSH_CTRL] 1509 2.0919 3.57133 TRACK
[PUSH_CTRL] 1510 2.08576 3.57133 TRACK
[PUSH_CTRL] 1511 2.08117 3.57133 TRACK
[PUSH_CTRL] 1512 2.07673 3.57133 TRACK
[PUSH_CTRL] 1513 2.07222 3.57133 TRACK
[PUSH_CTRL] 1514 2.14041 3.57133 TRACK
[PUSH_CTRL] 1515 2.13326 3.57133 TRACK
[PUSH_CTRL] 1516 2.12487 3.57133 TRACK
[PUSH_CTRL] 1517 2.11621 3.57133 TRACK
[PUSH_CTRL] 1518 2.10808 3.57133 TRACK
[PUSH_CTRL] 1519 2.1019 3.57133 TRACK
[PUSH_CTRL] 1520 2.09599 3.57133 TRACK
[PUSH_CTRL] 1521 2.09003 3.57133 TRACK
[PUSH_CTRL] 1522 2.08421 3.57133 TRACK
[PUSH_CTRL] 1523 2.07866 3.57133 TRACK
[PUSH_CTRL] 1524 2.07369 3.57133 TRACK
[PUSH_CTRL] 1525 2.14272 3.57133 TRACK
[PUSH_CTRL] 1526 2.13735 3.57133 TRACK
[PUSH_CTRL] 1527 2.13114 3.57133 TRACK
[PUSH_CTRL] 1528 2.12545 3.57133 TRACK
[PUSH_CTRL] 1529 2.11892 3.57133 TRACK
[PUSH_CTRL] 1530 2.11203 3.57133 TRACK
[PUSH_CTRL] 1531 2.1052 3.57133 TRACK
[PUSH_CTRL] 1532 2.0987 3.57133 TRACK
[PUSH_CTRL] 1533 2.09268 3.57133 TRACK
[PUSH_CTRL] 1534 2.08714 3.57133 TRACK
[PUSH_CTRL] 1535 2.08219 3.57133 TRACK
[PUSH_CTRL] 1536 2.07783 3.57133 TRACK
[PUSH_CTRL] 1537 2.14559 3.57133 TRACK
[PUSH_CTRL] 1538 2.13843 3.57133 TRACK
[PUSH_CTRL] 1539 2.1303 3.57133 TRACK
[PUSH_CTRL] 1540 2.12207 3.57133 TRACK
[PUSH_CTRL] 1541 2.11446 3.57133 TRACK
[PUSH_CTRL] 1542 2.10762 3.57133 TRACK
[PUSH_CTRL] 1543 2.10154 3.57133 TRACK
[PUSH_CTRL] 1544 2.09776 3.57133 TRACK
[PUSH_CTRL] 1545 2.09376 3.57133 TRACK
[PUSH_CTRL] 1546 2.08917 3.57133 TRACK
[PUSH_CTRL] 1547 2.08403 3.57133 TRACK
[PUSH_CTRL] 1548 2.07862 3.57133 TRACK
[PUSH_CTRL] 1549 2.1458 3.57133 TRACK
[PUSH_CTRL] 1550 2.13842 3.57133 TRACK
[PUSH_CTRL] 1551 2.13018 3.57133 TRACK
[PUSH_CTRL] 1552 2.12214 3.57133 TRACK
[PUSH_CTRL] 1553 2.11456 3.57133 TRACK
[PUSH_CTRL] 1554 2.10863 3.57133 TRACK
[PUSH_CTRL] 1555 2.10251 3.57133 TRACK
[PUSH_CTRL] 1556 2.09685 3.57133 TRACK
[PUSH_CTRL] 1557 2.0914 3.57133 TRACK
[PUSH_CTRL] 1558 2.08606 3.57133 TRACK
[PUSH_CTRL] 1559 2.08117 3.57133 TRACK
[PUSH_CTRL] 1560 2.07783 3.57133 TRACK
[PUSH_CTRL] 1561 2.14831 3.57133 TRACK
[PUSH_CTRL] 1562 2.14321 3.57133 TRACK
[PUSH_CTRL] 1563 2.13656 3.57133 TRACK
[PUSH_CTRL] 1564 2.12971 3.57133 TRACK
[PUSH_CTRL] 1565 2.12278 3.57133 TRACK
[PUSH_CTRL] 1566 2.11585 3.57133 TRACK
[PUSH_CTRL] 1567 2.10898 3.57133 TRACK
[PUSH_CTRL] 1568 2.10211 3.57133 TRACK
[PUSH_CTRL] 1569 2.09525 3.57133 TRACK
[PUSH_CTRL] 1570 2.08868 3.57133 TRACK
[PUSH_CTRL] 1571 2.08431 3.57133 TRACK
[PUSH_CTRL] 1572 2.15226 3.57133 TRACK
[PUSH_CTRL] 1573 2.14522 3.57133 TRACK
[PUSH_CTRL] 1574 2.13716 3.57133 TRACK
[PUSH_CTRL] 1575 2.12928 3.57133 TRACK
[PUSH_CTRL] 1576 2.12162 3.57133 TRACK
[PUSH_CTRL] 1577 2.11421 3.57133 TRACK
[PUSH_CTRL] 1578 2.10702 3.57133 TRACK
[PUSH_CTRL] 1579 2.10004 3.57133 TRACK
[PUSH_CTRL] 1580 2.09324 3.57133 TRACK
[PUSH_CTRL] 1581 2.08654 3.57133 TRACK
[PUSH_CTRL] 1582 2.08014 3.57133 TRACK
[PUSH_CTRL] 1583 2.07437 3.57133 TRACK
[PUSH_CTRL] 1584 2.0702 3.57133 TRACK
[PUSH_CTRL] 1585 2.13891 3.57133 TRACK
[PUSH_CTRL] 1586 2.13236 3.57133 TRACK
[PUSH_CTRL] 1587 2.12496 3.57133 TRACK
[PUSH_CTRL] 1588 2.11838 3.57133 TRACK
[PUSH_CTRL] 1589 2.11182 3.57133 TRACK
[PUSH_CTRL] 1590 2.10493 3.57133 TRACK
[PUSH_CTRL] 1591 2.09832 3.57133 TRACK
[PUSH_CTRL] 1592 2.09174 3.57133 TRACK
[PUSH_CTRL] 1593 2.08568 3.57133 TRACK
[PUSH_CTRL] 1594 2.08122 3.57133 TRACK
[PUSH_CTRL] 1595 2.07664 3.57133 TRACK
[PUSH_CTRL] 1596 2.14468 3.57133 TRACK
[PUSH_CTRL] 1597 2.13788 3.57133 TRACK
[PUSH_CTRL] 1598 2.13032 3.57133 TRACK
[PUSH_CTRL] 1599 2.12367 3.57133 TRACK
[PUSH_CTRL] 1600 2.11671 3.57133 TRACK
[PUSH_CTRL] 1601 2.10947 3.57133 TRACK
[PUSH_CTRL] 1602 2.10221 3.57133 TRACK
[PUSH_CTRL] 1603 2.09524 3.57133 TRACK
[PUSH_CTRL] 1604 2.08873 3.57133 TRACK
[PUSH_CTRL] 1605 2.08276 3.57133 TRACK
[PUSH_CTRL] 1606 2.07756 3.57133 TRACK
[PUSH_CTRL] 1607 2.07256 3.57133 TRACK
[PUSH_CTRL] 1608 2.13997 3.57133 TRACK
[PUSH_CTRL] 1609 2.13265 3.57133 TRACK
[PUSH_CTRL] 1610 2.12465 3.57133 TRACK
[PUSH_CTRL] 1611 2.11722 3.57133 TRACK
[PUSH_CTRL] 1612 2.10989 3.57133 TRACK
[PUSH_CTRL] 1613 2.1029 3.57133 TRACK
[PUSH_CTRL] 1614 2.09642 3.57133 TRACK
[PUSH_CTRL] 1615 2.09054 3.57133 TRACK
[PUSH_CTRL] 1616 2.08579 3.57133 TRACK
[PUSH_CTRL] 1617 2.08148 3.57133 TRACK
[PUSH_CTRL] 1618 2.07747 3.57133 TRACK
[PUSH_CTRL] 1619 2.07357 3.57133 TRACK
[PUSH_CTRL] 1620 2.14132 3.57133 TRACK
[PUSH_CTRL] 1621 2.13429 3.57133 TRACK
[PUSH_CTRL] 1622 2.12632 3.57133 TRACK
[PUSH_CTRL] 1623 2.11818 3.57133 TRACK
[PUSH_CTRL] 1624 2.11046 3.57133 TRACK
[PUSH_CTRL] 1625 2.10304 3.57133 TRACK
[PUSH_CTRL] 1626 2.09584 3.57133 TRACK
[PUSH_CTRL] 1627 2.08879 3.57133 TRACK
[PUSH_CTRL] 1628 2.08179 3.57133 TRACK
[PUSH_CTRL] 1629 2.07521 3.57133 TRACK
[PUSH_CTRL] 1630 2.06923 3.57133 TRACK
[PUSH_CTRL] 1631 2.06389 3.57133 TRACK
[PUSH_CTRL] 1632 2.05913 3.57133 TRACK
[PUSH_CTRL] 1633 2.12914 3.57133 TRACK
[PUSH_CTRL] 1634 2.12464 3.57133 TRACK
[PUSH_CTRL] 1635 2.11848 3.57133 TRACK
[PUSH_CTRL] 1636 2.1118 3.57133 TRACK
[PUSH_CTRL] 1637 2.10479 3.57133 TRACK
[PUSH_CTRL] 1638 2.09792 3.57133 TRACK
[PUSH_CTRL] 1639 2.09168 3.57133 TRACK
[PUSH_CTRL] 1640 2.08602 3.57133 TRACK
[PUSH_CTRL] 1641 2.08114 3.57133 TRACK
[PUSH_CTRL] 1642 2.0762 3.57133 TRACK
[PUSH_CTRL] 1643 2.07118 3.57133 TRACK
[PUSH_CTRL] 1644 2.13832 3.57133 TRACK
[PUSH_CTRL] 1645 2.13113 3.57133 TRACK
[PUSH_CTRL] 1646 2.12295 3.57133 TRACK
[PUSH_CTRL] 1647 2.1147 3.57133 TRACK
[PUSH_CTRL] 1648 2.10689 3.57133 TRACK
[PUSH_CTRL] 1649 2.09985 3.57133 TRACK
[PUSH_CTRL] 1650 2.09515 3.57133 TRACK
[PUSH_CTRL] 1651 2.09064 3.57133 TRACK
[PUSH_CTRL] 1652 2.08611 3.57133 TRACK
[PUSH_CTRL] 1653 2.08138 3.57133 TRACK
[PUSH_CTRL] 1654 2.07633 3.57133 TRACK
[PUSH_CTRL] 1655 2.07096 3.57133 TRACK
[PUSH_CTRL] 1656 2.13786 3.57133 TRACK
[PUSH_CTRL] 1657 2.13045 3.57133 TRACK
[PUSH_CTRL] 1658 2.12274 3.57133 TRACK
[PUSH_CTRL] 1659 2.11637 3.57133 TRACK
[PUSH_CTRL] 1660 2.11046 3.57133 TRACK
[PUSH_CTRL] 1661 2.10423 3.57133 TRACK
[PUSH_CTRL] 1662 2.098 3.57133 TRACK
[PUSH_CTRL] 1663 2.09201 3.57133 TRACK
[PUSH_CTRL] 1664 2.0865 3.57133 TRACK
[PUSH_CTRL] 1665 2.08147 3.57133 TRACK
[PUSH_CTRL] 1666 2.07653 3.57133 TRACK
[PUSH_CTRL] 1667 2.14392 3.57133 TRACK
[PUSH_CTRL] 1668 2.13757 3.57133 TRACK
[PUSH_CTRL] 1669 2.12993 3.57133 TRACK
[PUSH_CTRL] 1670 2.12177 3.57133 TRACK
[PUSH_CTRL] 1671 2.1137 3.57133 TRACK
[PUSH_CTRL] 1672 2.10631 3.57133 TRACK
[PUSH_CTRL] 1673 2.10075 3.57133 TRACK
[PUSH_CTRL] 1674 2.09613 3.57133 TRACK
[PUSH_CTRL] 1675 2.09213 3.57133 TRACK
[PUSH_CTRL] 1676 2.08912 3.57133 TRACK
[PUSH_CTRL] 1677 2.08515 3.57133 TRACK
[PUSH_CTRL] 1678 2.08044 3.57133 TRACK
[PUSH_CTRL] 1679 2.14735 3.57133 TRACK
[PUSH_CTRL] 1680 2.14005 3.57133 TRACK
[PUSH_CTRL] 1681 2.13202 3.57133 TRACK
[PUSH_CTRL] 1682 2.12408 3.57133 TRACK
[PUSH_CTRL] 1683 2.11681 3.57133 TRACK
[PUSH_CTRL] 1684 2.11035 3.57133 TRACK
[PUSH_CTRL] 1685 2.10495 3.57133 TRACK
[PUSH_CTRL] 1686 2.0995 3.57133 TRACK
[PUSH_CTRL] 1687 2.09394 3.57133 TRACK
[PUSH_CTRL] 1688 2.08847 3.57133 TRACK
[PUSH_CTRL] 1689 2.08332 3.57133 TRACK
[PUSH_CTRL] 1690 2.15038 3.57133 TRACK
[PUSH_CTRL] 1691 2.14504 3.57133 TRACK
[PUSH_CTRL] 1692 2.13872 3.57133 TRACK
[PUSH_CTRL] 1693 2.1328 3.57133 TRACK
[PUSH_CTRL] 1694 2.12681 3.57133 TRACK
[PUSH_CTRL] 1695 2.12023 3.57133 TRACK
[PUSH_CTRL] 1696 2.11354 3.57133 TRACK
[PUSH_CTRL] 1697 2.10705 3.57133 TRACK
[PUSH_CTRL] 1698 2.10113 3.57133 TRACK
[PUSH_CTRL] 1699 2.09576 3.57133 TRACK
[PUSH_CTRL] 1700 2.09112 3.57133 TRACK
[PUSH_CTRL] 1701 2.08765 3.57133 TRACK
[PUSH_CTRL] 1702 2.15633 3.57133 TRACK
[PUSH_CTRL] 1703 2.15077 3.57133 TRACK
[PUSH_CTRL] 1704 2.14382 3.57133 TRACK
[PUSH_CTRL] 1705 2.1364 3.57133 TRACK
[PUSH_CTRL] 1706 2.12928 3.57133 TRACK
[PUSH_CTRL] 1707 2.12374 3.57133 TRACK
[PUSH_CTRL] 1708 2.11803 3.57133 TRACK
[PUSH_CTRL] 1709 2.11208 3.57133 TRACK
[PUSH_CTRL] 1710 2.10591 3.57133 TRACK
[PUSH_CTRL] 1711 2.09961 3.57133 TRACK
[PUSH_CTRL] 1712 2.09331 3.57133 TRACK
[PUSH_CTRL] 1713 2.0873 3.57133 TRACK
[PUSH_CTRL] 1714 2.15356 3.57133 TRACK
[PUSH_CTRL] 1715 2.14599 3.57133 TRACK
[PUSH_CTRL] 1716 2.13824 3.57133 TRACK
[PUSH_CTRL] 1717 2.13027 3.57133 TRACK
[PUSH_CTRL] 1718 2.12347 3.57133 TRACK
[PUSH_CTRL] 1719 2.11702 3.57133 TRACK
[PUSH_CTRL] 1720 2.11036 3.57133 TRACK
[PUSH_CTRL] 1721 2.10377 3.57133 TRACK
[PUSH_CTRL] 1722 2.09747 3.57133 TRACK
[PUSH_CTRL] 1723 2.0916 3.57133 TRACK
[PUSH_CTRL] 1724 2.0862 3.57133 TRACK
[PUSH_CTRL] 1725 2.08124 3.57133 TRACK
[PUSH_CTRL] 1726 2.14919 3.57133 TRACK
[PUSH_CTRL] 1727 2.14335 3.57133 TRACK
[PUSH_CTRL] 1728 2.13754 3.57133 TRACK
[PUSH_CTRL] 1729 2.13218 3.57133 TRACK
[PUSH_CTRL] 1730 2.12636 3.57133 TRACK
[PUSH_CTRL] 1731 2.12007 3.57133 TRACK
[PUSH_CTRL] 1732 2.11372 3.57133 TRACK
[PUSH_CTRL] 1733 2.10762 3.57133 TRACK
[PUSH_CTRL] 1734 2.10194 3.57133 TRACK
[PUSH_CTRL] 1735 2.09672 3.57133 TRACK
[PUSH_CTRL] 1736 2.09195 3.57133 TRACK
[PUSH_CTRL] 1737 2.1604 3.57133 TRACK
[PUSH_CTRL] 1738 2.15695 3.57133 TRACK
[PUSH_CTRL] 1739 2.15249 3.57133 TRACK
[PUSH_CTRL] 1740 2.14709 3.57133 TRACK
[PUSH_CTRL] 1741 2.14109 3.57133 TRACK
[PUSH_CTRL] 1742 2.13492 3.57133 TRACK
[PUSH_CTRL] 1743 2.1288 3.57133 TRACK
[PUSH_CTRL] 1744 2.12262 3.57133 TRACK
[PUSH_CTRL] 1745 2.11628 3.57133 TRACK
[PUSH_CTRL] 1746 2.10986 3.57133 TRACK
[PUSH_CTRL] 1747 2.10351 3.57133 TRACK
[PUSH_CTRL] 1748 2.09742 3.57133 TRACK
[PUSH_CTRL] 1749 2.16322 3.57133 TRACK
[PUSH_CTRL] 1750 2.15559 3.57133 TRACK
[PUSH_CTRL] 1751 2.14736 3.57133 TRACK
[PUSH_CTRL] 1752 2.14062 3.57133 TRACK
[PUSH_CTRL] 1753 2.13509 3.57133 TRACK
[PUSH_CTRL] 1754 2.12938 3.57133 TRACK
[PUSH_CTRL] 1755 2.12337 3.57133 TRACK
[PUSH_CTRL] 1756 2.11737 3.57133 TRACK
[PUSH_CTRL] 1757 2.11166 3.57133 TRACK
[PUSH_CTRL] 1758 2.10689 3.57133 TRACK
[PUSH_CTRL] 1759 2.10223 3.57133 TRACK
[PUSH_CTRL] 1760 2.09791 3.57133 TRACK
[PUSH_CTRL] 1761 2.16661 3.57133 TRACK
[PUSH_CTRL] 1762 2.16278 3.57133 TRACK
[PUSH_CTRL] 1763 2.15757 3.57133 TRACK
[PUSH_CTRL] 1764 2.1518 3.57133 TRACK
[PUSH_CTRL] 1765 2.14567 3.57133 TRACK
[PUSH_CTRL] 1766 2.1392 3.57133 TRACK
[PUSH_CTRL] 1767 2.1325 3.57133 TRACK
[PUSH_CTRL] 1768 2.12593 3.57133 TRACK
[PUSH_CTRL] 1769 2.11971 3.57133 TRACK
[PUSH_CTRL] 1770 2.11397 3.57133 TRACK
[PUSH_CTRL] 1771 2.1087 3.57133 TRACK
[PUSH_CTRL] 1772 2.17546 3.57133 TRACK
[PUSH_CTRL] 1773 2.16892 3.57133 TRACK
[PUSH_CTRL] 1774 2.16264 3.57133 TRACK
[PUSH_CTRL] 1775 2.15626 3.57133 TRACK
[PUSH_CTRL] 1776 2.1494 3.57133 TRACK
[PUSH_CTRL] 1777 2.14224 3.57133 TRACK
[PUSH_CTRL] 1778 2.1352 3.57133 TRACK
[PUSH_CTRL] 1779 2.12857 3.57133 TRACK
[PUSH_CTRL] 1780 2.1225 3.57133 TRACK
[PUSH_CTRL] 1781 2.11702 3.57133 TRACK
[PUSH_CTRL] 1782 2.11223 3.57133 TRACK
[PUSH_CTRL] 1783 2.1795 3.57133 TRACK
[PUSH_CTRL] 1784 2.17321 3.57133 TRACK
[PUSH_CTRL] 1785 2.16704 3.57133 TRACK
[PUSH_CTRL] 1786 2.16146 3.57133 TRACK
[PUSH_CTRL] 1787 2.15575 3.57133 TRACK
[PUSH_CTRL] 1788 2.14949 3.57133 TRACK
[PUSH_CTRL] 1789 2.1428 3.57133 TRACK
[PUSH_CTRL] 1790 2.13613 3.57133 TRACK
[PUSH_CTRL] 1791 2.12975 3.57133 TRACK
[PUSH_CTRL] 1792 2.12385 3.57133 TRACK
[PUSH_CTRL] 1793 2.11846 3.57133 TRACK
[PUSH_CTRL] 1794 2.18487 3.57133 TRACK
[PUSH_CTRL] 1795 2.17809 3.57133 TRACK
[PUSH_CTRL] 1796 2.17156 3.57133 TRACK
[PUSH_CTRL] 1797 2.16594 3.57133 TRACK
[PUSH_CTRL] 1798 2.16068 3.57133 TRACK
[PUSH_CTRL] 1799 2.15571 3.57133 TRACK
[PUSH_CTRL] 1800 2.1509 3.57133 TRACK
[PUSH_CTRL] 1801 2.14547 3.57133 TRACK
[PUSH_CTRL] 1802 2.13977 3.57133 TRACK
[PUSH_CTRL] 1803 2.13412 3.57133 TRACK
[PUSH_CTRL] 1804 2.12873 3.57133 TRACK
[PUSH_CTRL] 1805 2.19511 3.57133 TRACK
[PUSH_CTRL] 1806 2.18816 3.57133 TRACK
[PUSH_CTRL] 1807 2.18041 3.57133 TRACK
[PUSH_CTRL] 1808 2.17243 3.57133 TRACK
[PUSH_CTRL] 1809 2.16443 3.57133 TRACK
[PUSH_CTRL] 1810 2.1566 3.57133 TRACK
[PUSH_CTRL] 1811 2.14897 3.57133 TRACK
[PUSH_CTRL] 1812 2.14162 3.57133 TRACK
[PUSH_CTRL] 1813 2.13437 3.57133 TRACK
[PUSH_CTRL] 1814 2.12736 3.57133 TRACK
[PUSH_CTRL] 1815 2.12078 3.57133 TRACK
[PUSH_CTRL] 1816 2.11492 3.57133 TRACK
[PUSH_CTRL] 1817 2.18106 3.57133 TRACK
[PUSH_CTRL] 1818 2.17427 3.57133 TRACK
[PUSH_CTRL] 1819 2.16807 3.57133 TRACK
[PUSH_CTRL] 1820 2.16291 3.57133 TRACK
[PUSH_CTRL] 1821 2.15725 3.57133 TRACK
[PUSH_CTRL] 1822 2.15175 3.57133 TRACK
[PUSH_CTRL] 1823 2.14628 3.57133 TRACK
[PUSH_CTRL] 1824 2.14082 3.57133 TRACK
[PUSH_CTRL] 1825 2.13578 3.57133 TRACK
[PUSH_CTRL] 1826 2.1322 3.57133 TRACK
[PUSH_CTRL] 1827 2.12962 3.57133 TRACK
[PUSH_CTRL] 1828 2.19789 3.57133 TRACK
[PUSH_CTRL] 1829 2.1936 3.57133 TRACK
[PUSH_CTRL] 1830 2.18835 3.57133 TRACK
[PUSH_CTRL] 1831 2.18192 3.57133 TRACK
[PUSH_CTRL] 1832 2.17489 3.57133 TRACK
[PUSH_CTRL] 1833 2.1677 3.57133 TRACK
[PUSH_CTRL] 1834 2.16071 3.57133 TRACK
[PUSH_CTRL] 1835 2.15417 3.57133 TRACK
[PUSH_CTRL] 1836 2.1482 3.57133 TRACK
[PUSH_CTRL] 1837 2.1428 3.57133 TRACK
[PUSH_CTRL] 1838 2.13749 3.57133 TRACK
[PUSH_CTRL] 1839 2.20444 3.57133 TRACK
[PUSH_CTRL] 1840 2.19818 3.57133 TRACK
[PUSH_CTRL] 1841 2.19014 3.57133 TRACK
[PUSH_CTRL] 1842 2.18159 3.57133 TRACK
[PUSH_CTRL] 1843 2.17337 3.57133 TRACK
[PUSH_CTRL] 1844 2.16584 3.57133 TRACK
[PUSH_CTRL] 1845 2.1598 3.57133 TRACK
[PUSH_CTRL] 1846 2.15451 3.57133 TRACK
[PUSH_CTRL] 1847 2.15138 3.57133 TRACK
[PUSH_CTRL] 1848 2.14947 3.57133 TRACK
[PUSH_CTRL] 1849 2.14688 3.57133 TRACK
[PUSH_CTRL] 1850 2.14337 3.57133 TRACK
[PUSH_CTRL] 1851 2.21004 3.57133 TRACK
[PUSH_CTRL] 1852 2.20342 3.57133 TRACK
[PUSH_CTRL] 1853 2.19587 3.57133 TRACK
[PUSH_CTRL] 1854 2.18824 3.57133 TRACK
[PUSH_CTRL] 1855 2.1816 3.57133 TRACK
[PUSH_CTRL] 1856 2.1767 3.57133 TRACK
[PUSH_CTRL] 1857 2.17224 3.57133 TRACK
[PUSH_CTRL] 1858 2.16726 3.57133 TRACK
[PUSH_CTRL] 1859 2.16243 3.57133 TRACK
[PUSH_CTRL] 1860 2.15789 3.57133 TRACK
[PUSH_CTRL] 1861 2.22385 3.57133 TRACK
[PUSH_CTRL] 1862 2.21835 3.57133 TRACK
[PUSH_CTRL] 1863 2.21125 3.57133 TRACK
[PUSH_CTRL] 1864 2.20331 3.57133 TRACK
[PUSH_CTRL] 1865 2.1952 3.57133 TRACK
[PUSH_CTRL] 1866 2.18721 3.57133 TRACK
[PUSH_CTRL] 1867 2.17966 3.57133 TRACK
[PUSH_CTRL] 1868 2.174 3.57133 TRACK
[PUSH_CTRL] 1869 2.16877 3.57133 TRACK
[PUSH_CTRL] 1870 2.16457 3.57133 TRACK
[PUSH_CTRL] 1871 2.16117 3.57133 TRACK
[PUSH_CTRL] 1872 2.15898 3.57133 TRACK
[PUSH_CTRL] 1873 2.22706 3.57133 TRACK
[PUSH_CTRL] 1874 2.22171 3.57133 TRACK
[PUSH_CTRL] 1875 2.21481 3.57133 TRACK
[PUSH_CTRL] 1876 2.20749 3.57133 TRACK
[PUSH_CTRL] 1877 2.2006 3.57133 TRACK
[PUSH_CTRL] 1878 2.19416 3.57133 TRACK
[PUSH_CTRL] 1879 2.1883 3.57133 TRACK
[PUSH_CTRL] 1880 2.18264 3.57133 TRACK
[PUSH_CTRL] 1881 2.1767 3.57133 TRACK
[PUSH_CTRL] 1882 2.17064 3.57133 TRACK
[PUSH_CTRL] 1883 2.16444 3.57133 TRACK
[PUSH_CTRL] 1884 2.22816 3.57133 TRACK
[PUSH_CTRL] 1885 2.21983 3.57133 TRACK
[PUSH_CTRL] 1886 2.21094 3.57133 TRACK
[PUSH_CTRL] 1887 2.2023 3.57133 TRACK
[PUSH_CTRL] 1888 2.1958 3.57133 TRACK
[PUSH_CTRL] 1889 2.19146 3.57133 TRACK
[PUSH_CTRL] 1890 2.18776 3.57133 TRACK
[PUSH_CTRL] 1891 2.18472 3.57133 TRACK
[PUSH_CTRL] 1892 2.18127 3.57133 TRACK
[PUSH_CTRL] 1893 2.17733 3.57133 TRACK
[PUSH_CTRL] 1894 2.17286 3.57133 TRACK
[PUSH_CTRL] 1895 2.23788 3.57133 TRACK
[PUSH_CTRL] 1896 2.23085 3.57133 TRACK
[PUSH_CTRL] 1897 2.22298 3.57133 TRACK
[PUSH_CTRL] 1898 2.2163 3.57133 TRACK
[PUSH_CTRL] 1899 2.20914 3.57133 TRACK
[PUSH_CTRL] 1900 2.20186 3.57133 TRACK
[PUSH_CTRL] 1901 2.19482 3.57133 TRACK
[PUSH_CTRL] 1902 2.18844 3.57133 TRACK
[PUSH_CTRL] 1903 2.18276 3.57133 TRACK
[PUSH_CTRL] 1904 2.17836 3.57133 TRACK
[PUSH_CTRL] 1905 2.17496 3.57133 TRACK
[PUSH_CTRL] 1906 2.24267 3.57133 TRACK
[PUSH_CTRL] 1907 2.23759 3.57133 TRACK
[PUSH_CTRL] 1908 2.23212 3.57133 TRACK
[PUSH_CTRL] 1909 2.22578 3.57133 TRACK
[PUSH_CTRL] 1910 2.21941 3.57133 TRACK
[PUSH_CTRL] 1911 2.21344 3.57133 TRACK
[PUSH_CTRL] 1912 2.20801 3.57133 TRACK
[PUSH_CTRL] 1913 2.20314 3.57133 TRACK
[PUSH_CTRL] 1914 2.19854 3.57133 TRACK
[PUSH_CTRL] 1915 2.19379 3.57133 TRACK
[PUSH_CTRL] 1916 2.25826 3.57133 TRACK
[PUSH_CTRL] 1917 2.25225 3.57133 TRACK
[PUSH_CTRL] 1918 2.24556 3.57133 TRACK
[PUSH_CTRL] 1919 2.23832 3.57133 TRACK
[PUSH_CTRL] 1920 2.23098 3.57133 TRACK
[PUSH_CTRL] 1921 2.22393 3.57133 TRACK
[PUSH_CTRL] 1922 2.21743 3.57133 TRACK
[PUSH_CTRL] 1923 2.21312 3.57133 TRACK
[PUSH_CTRL] 1924 2.20955 3.57133 TRACK
[PUSH_CTRL] 1925 2.20667 3.57133 TRACK
[PUSH_CTRL] 1926 2.2037 3.57133 TRACK
[PUSH_CTRL] 1927 2.20219 3.57133 TRACK
[PUSH_CTRL] 1928 2.26944 3.57133 TRACK
[PUSH_CTRL] 1929 2.26325 3.57133 TRACK
[PUSH_CTRL] 1930 2.25566 3.57133 TRACK
[PUSH_CTRL] 1931 2.24756 3.57133 TRACK
[PUSH_CTRL] 1932 2.24034 3.57133 TRACK
[PUSH_CTRL] 1933 2.23303 3.57133 TRACK
[PUSH_CTRL] 1934 2.22583 3.57133 TRACK
[PUSH_CTRL] 1935 2.21919 3.57133 TRACK
[PUSH_CTRL] 1936 2.21263 3.57133 TRACK
[PUSH_CTRL] 1937 2.20634 3.57133 TRACK
[PUSH_CTRL] 1938 2.20045 3.57133 TRACK
[PUSH_CTRL] 1939 2.26435 3.57133 TRACK
[PUSH_CTRL] 1940 2.2569 3.57133 TRACK
[PUSH_CTRL] 1941 2.2488 3.57133 TRACK
[PUSH_CTRL] 1942 2.24052 3.57133 TRACK
[PUSH_CTRL] 1943 2.23361 3.57133 TRACK
[PUSH_CTRL] 1944 2.22653 3.57133 TRACK
[PUSH_CTRL] 1945 2.21931 3.57133 TRACK
[PUSH_CTRL] 1946 2.21232 3.57133 TRACK
[PUSH_CTRL] 1947 2.20586 3.57133 TRACK
[PUSH_CTRL] 1948 2.2 3.57133 TRACK
[PUSH_CTRL] 1949 2.1949 3.57133 TRACK
[PUSH_CTRL] 1950 2.25953 3.57133 TRACK
[PUSH_CTRL] 1951 2.25362 3.57133 TRACK
[PUSH_CTRL] 1952 2.24811 3.57133 TRACK
[PUSH_CTRL] 1953 2.24355 3.57133 TRACK
[PUSH_CTRL] 1954 2.239 3.57133 TRACK
[PUSH_CTRL] 1955 2.23429 3.57133 TRACK
[PUSH_CTRL] 1956 2.22941 3.57133 TRACK
[PUSH_CTRL] 1957 2.22467 3.57133 TRACK
[PUSH_CTRL] 1958 2.22019 3.57133 TRACK
[PUSH_CTRL] 1959 2.21601 3.57133 TRACK
[PUSH_CTRL] 1960 2.21189 3.57133 TRACK
[PUSH_CTRL] 1961 2.27718 3.57133 TRACK
[PUSH_CTRL] 1962 2.27199 3.57133 TRACK
[PUSH_CTRL] 1963 2.26678 3.57133 TRACK
[PUSH_CTRL] 1964 2.26173 3.57133 TRACK
[PUSH_CTRL] 1965 2.25594 3.57133 TRACK
[PUSH_CTRL] 1966 2.24968 3.57133 TRACK
[PUSH_CTRL] 1967 2.24338 3.57133 TRACK
[PUSH_CTRL] 1968 2.23738 3.57133 TRACK
[PUSH_CTRL] 1969 2.23214 3.57133 TRACK
[PUSH_CTRL] 1970 2.2276 3.57133 TRACK
[PUSH_CTRL] 1971 2.22334 3.57133 TRACK
[PUSH_CTRL] 1972 2.28748 3.57133 TRACK
[PUSH_CTRL] 1973 2.28065 3.57133 TRACK
[PUSH_CTRL] 1974 2.27222 3.57133 TRACK
[PUSH_CTRL] 1975 2.26332 3.57133 TRACK
[PUSH_CTRL] 1976 2.255 3.57133 TRACK
[PUSH_CTRL] 1977 2.24908 3.57133 TRACK
[PUSH_CTRL] 1978 2.24367 3.57133 TRACK
[PUSH_CTRL] 1979 2.23941 3.57133 TRACK
[PUSH_CTRL] 1980 2.23578 3.57133 TRACK
[PUSH_CTRL] 1981 2.23238 3.57133 TRACK
[PUSH_CTRL] 1982 2.22842 3.57133 TRACK
[PUSH_CTRL] 1983 2.29252 3.57133 TRACK
[PUSH_CTRL] 1984 2.28554 3.57133 TRACK
[PUSH_CTRL] 1985 2.27753 3.57133 TRACK
[PUSH_CTRL] 1986 2.26932 3.57133 TRACK
[PUSH_CTRL] 1987 2.26185 3.57133 TRACK
[PUSH_CTRL] 1988 2.25443 3.57133 TRACK
[PUSH_CTRL] 1989 2.24715 3.57133 TRACK
[PUSH_CTRL] 1990 2.24017 3.57133 TRACK
[PUSH_CTRL] 1991 2.23373 3.57133 TRACK
[PUSH_CTRL] 1992 2.22794 3.57133 TRACK
[PUSH_CTRL] 1993 2.22279 3.57133 TRACK
[PUSH_CTRL] 1994 2.28813 3.57133 TRACK
[PUSH_CTRL] 1995 2.2822 3.57133 TRACK
[PUSH_CTRL] 1996 2.27511 3.57133 TRACK
[PUSH_CTRL] 1997 2.26752 3.57133 TRACK
[PUSH_CTRL] 1998 2.25968 3.57133 TRACK
[PUSH_CTRL] 1999 2.25262 3.57133 TRACK
[PUSH_CTRL] 2000 2.24704 3.57133 TRACK
[PUSH_CTRL] 2001 2.24173 3.57133 TRACK
[PUSH_CTRL] 2002 2.23679 3.57133 TRACK
[PUSH_CTRL] 2003 2.23218 3.57133 TRACK
[PUSH_CTRL] 2004 2.22797 3.57133 TRACK
[PUSH_CTRL] 2005 2.29183 3.57133 TRACK
[PUSH_CTRL] 2006 2.28511 3.57133 TRACK
[PUSH_CTRL] 2007 2.27749 3.57133 TRACK
[PUSH_CTRL] 2008 2.26983 3.57133 TRACK
[PUSH_CTRL] 2009 2.26366 3.57133 TRACK
[PUSH_CTRL] 2010 2.25758 3.57133 TRACK
[PUSH_CTRL] 2011 2.25173 3.57133 TRACK
[PUSH_CTRL] 2012 2.24615 3.57133 TRACK
[PUSH_CTRL] 2013 2.24021 3.57133 TRACK
[PUSH_CTRL] 2014 2.23404 3.57133 TRACK
[PUSH_CTRL] 2015 2.2278 3.57133 TRACK
[PUSH_CTRL] 2016 2.2902 3.57133 TRACK
[PUSH_CTRL] 2017 2.28216 3.57133 TRACK
[PUSH_CTRL] 2018 2.27352 3.57133 TRACK
[PUSH_CTRL] 2019 2.26508 3.57133 TRACK
[PUSH_CTRL] 2020 2.25689 3.57133 TRACK
[PUSH_CTRL] 2021 2.24898 3.57133 TRACK
[PUSH_CTRL] 2022 2.24205 3.57133 TRACK
[PUSH_CTRL] 2023 2.23541 3.57133 TRACK
[PUSH_CTRL] 2024 2.22912 3.57133 TRACK
[PUSH_CTRL] 2025 2.22336 3.57133 TRACK
[PUSH_CTRL] 2026 2.21866 3.57133 TRACK
[PUSH_CTRL] 2027 2.28313 3.57133 TRACK
[PUSH_CTRL] 2028 2.27802 3.57133 TRACK
[PUSH_CTRL] 2029 2.27282 3.57133 TRACK
[PUSH_CTRL] 2030 2.26672 3.57133 TRACK
[PUSH_CTRL] 2031 2.26043 3.57133 TRACK
[PUSH_CTRL] 2032 2.25398 3.57133 TRACK
[PUSH_CTRL] 2033 2.24738 3.57133 TRACK
[PUSH_CTRL] 2034 2.24073 3.57133 TRACK
[PUSH_CTRL] 2035 2.23434 3.57133 TRACK
[PUSH_CTRL] 2036 2.22808 3.57133 TRACK
[PUSH_CTRL] 2037 2.2218 3.57133 TRACK
[PUSH_CTRL] 2038 2.28353 3.57133 TRACK
[PUSH_CTRL] 2039 2.2754 3.57133 TRACK
[PUSH_CTRL] 2040 2.26646 3.57133 TRACK
[PUSH_CTRL] 2041 2.2591 3.57133 TRACK
[PUSH_CTRL] 2042 2.25202 3.57133 TRACK
[PUSH_CTRL] 2043 2.24562 3.57133 TRACK
[PUSH_CTRL] 2044 2.2402 3.57133 TRACK
[PUSH_CTRL] 2045 2.23562 3.57133 TRACK
[PUSH_CTRL] 2046 2.23064 3.57133 TRACK
[PUSH_CTRL] 2047 2.22553 3.57133 TRACK
[PUSH_CTRL] 2048 2.22052 3.57133 TRACK
[PUSH_CTRL] 2049 2.28382 3.57133 TRACK
[PUSH_CTRL] 2050 2.27672 3.57133 TRACK
[PUSH_CTRL] 2051 2.26873 3.57133 TRACK
[PUSH_CTRL] 2052 2.26186 3.57133 TRACK
[PUSH_CTRL] 2053 2.25467 3.57133 TRACK
[PUSH_CTRL] 2054 2.24727 3.57133 TRACK
[PUSH_CTRL] 2055 2.2398 3.57133 TRACK
[PUSH_CTRL] 2056 2.23267 3.57133 TRACK
[PUSH_CTRL] 2057 2.22614 3.57133 TRACK
[PUSH_CTRL] 2058 2.22087 3.57133 TRACK
[PUSH_CTRL] 2059 2.21659 3.57133 TRACK
[PUSH_CTRL] 2060 2.21361 3.57133 TRACK
[PUSH_CTRL] 2061 2.27899 3.57133 TRACK
[PUSH_CTRL] 2062 2.27347 3.57133 TRACK
[PUSH_CTRL] 2063 2.26658 3.57133 TRACK
[PUSH_CTRL] 2064 2.25925 3.57133 TRACK
[PUSH_CTRL] 2065 2.25239 3.57133 TRACK
[PUSH_CTRL] 2066 2.24624 3.57133 TRACK
[PUSH_CTRL] 2067 2.24021 3.57133 TRACK
[PUSH_CTRL] 2068 2.23426 3.57133 TRACK
[PUSH_CTRL] 2069 2.22802 3.57133 TRACK
[PUSH_CTRL] 2070 2.22169 3.57133 TRACK
[PUSH_CTRL] 2071 2.21595 3.57133 TRACK
[PUSH_CTRL] 2072 2.27859 3.57133 TRACK
[PUSH_CTRL] 2073 2.271 3.57133 TRACK
[PUSH_CTRL] 2074 2.26284 3.57133 TRACK
[PUSH_CTRL] 2075 2.25536 3.57133 TRACK
[PUSH_CTRL] 2076 2.24926 3.57133 TRACK
[PUSH_CTRL] 2077 2.24287 3.57133 TRACK
[PUSH_CTRL] 2078 2.23644 3.57133 TRACK
[PUSH_CTRL] 2079 2.23034 3.57133 TRACK
[PUSH_CTRL] 2080 2.22477 3.57133 TRACK
[PUSH_CTRL] 2081 2.21976 3.57133 TRACK
[PUSH_CTRL] 2082 2.21566 3.57133 TRACK
[PUSH_CTRL] 2083 2.28089 3.57133 TRACK
[PUSH_CTRL] 2084 2.27722 3.57133 TRACK
[PUSH_CTRL] 2085 2.27258 3.57133 TRACK
[PUSH_CTRL] 2086 2.26671 3.57133 TRACK
[PUSH_CTRL] 2087 2.26022 3.57133 TRACK
[PUSH_CTRL] 2088 2.25358 3.57133 TRACK
[PUSH_CTRL] 2089 2.24724 3.57133 TRACK
[PUSH_CTRL] 2090 2.24141 3.57133 TRACK
[PUSH_CTRL] 2091 2.23638 3.57133 TRACK
[PUSH_CTRL] 2092 2.23128 3.57133 TRACK
[PUSH_CTRL] 2093 2.22587 3.57133 TRACK
[PUSH_CTRL] 2094 2.28816 3.57133 TRACK
[PUSH_CTRL] 2095 2.28026 3.57133 TRACK
[PUSH_CTRL] 2096 2.2715 3.57133 TRACK
[PUSH_CTRL] 2097 2.26282 3.57133 TRACK
[PUSH_CTRL] 2098 2.25544 3.57133 TRACK
[PUSH_CTRL] 2099 2.25002 3.57133 TRACK
[PUSH_CTRL] 2100 2.24468 3.57133 TRACK
[PUSH_CTRL] 2101 2.23931 3.57133 TRACK
[PUSH_CTRL] 2102 2.23418 3.57133 TRACK
[PUSH_CTRL] 2103 2.22941 3.57133 TRACK
[PUSH_CTRL] 2104 2.22595 3.57133 TRACK
[PUSH_CTRL] 2105 2.29025 3.57133 TRACK
[PUSH_CTRL] 2106 2.28531 3.57133 TRACK
[PUSH_CTRL] 2107 2.27919 3.57133 TRACK
[PUSH_CTRL] 2108 2.2732 3.57133 TRACK
[PUSH_CTRL] 2109 2.26685 3.57133 TRACK
[PUSH_CTRL] 2110 2.2603 3.57133 TRACK
[PUSH_CTRL] 2111 2.25402 3.57133 TRACK
[PUSH_CTRL] 2112 2.24822 3.57133 TRACK
[PUSH_CTRL] 2113 2.24295 3.57133 TRACK
[PUSH_CTRL] 2114 2.23817 3.57133 TRACK
[PUSH_CTRL] 2115 2.30156 3.57133 TRACK
[PUSH_CTRL] 2116 2.29519 3.57133 TRACK
[PUSH_CTRL] 2117 2.2879 3.57133 TRACK
[PUSH_CTRL] 2118 2.28107 3.57133 TRACK
[PUSH_CTRL] 2119 2.27381 3.57133 TRACK
[PUSH_CTRL] 2120 2.26653 3.57133 TRACK
[PUSH_CTRL] 2121 2.25967 3.57133 TRACK
[PUSH_CTRL] 2122 2.25347 3.57133 TRACK
[PUSH_CTRL] 2123 2.24798 3.57133 TRACK
[PUSH_CTRL] 2124 2.24455 3.57133 TRACK
[PUSH_CTRL] 2125 2.2412 3.57133 TRACK
[PUSH_CTRL] 2126 2.30556 3.57133 TRACK
[PUSH_CTRL] 2127 2.30008 3.57133 TRACK
[PUSH_CTRL] 2128 2.29312 3.57133 TRACK
[PUSH_CTRL] 2129 2.287 3.57133 TRACK
[PUSH_CTRL] 2130 2.28062 3.57133 TRACK
[PUSH_CTRL] 2131 2.27461 3.57133 TRACK
[PUSH_CTRL] 2132 2.26848 3.57133 TRACK
[PUSH_CTRL] 2133 2.26232 3.57133 TRACK
[PUSH_CTRL] 2134 2.25634 3.57133 TRACK
[PUSH_CTRL] 2135 2.25092 3.57133 TRACK
[PUSH_CTRL] 2136 2.24585 3.57133 TRACK
[PUSH_CTRL] 2137 2.30963 3.57133 TRACK
[PUSH_CTRL] 2138 2.3036 3.57133 TRACK
[PUSH_CTRL] 2139 2.29613 3.57133 TRACK
[PUSH_CTRL] 2140 2.2882 3.57133 TRACK
[PUSH_CTRL] 2141 2.28055 3.57133 TRACK
[PUSH_CTRL] 2142 2.27373 3.57133 TRACK
[PUSH_CTRL] 2143 2.26779 3.57133 TRACK
[PUSH_CTRL] 2144 2.26207 3.57133 TRACK
[PUSH_CTRL] 2145 2.257 3.57133 TRACK
[PUSH_CTRL] 2146 2.25232 3.57133 TRACK
[PUSH_CTRL] 2147 2.24828 3.57133 TRACK
[PUSH_CTRL] 2148 2.31123 3.57133 TRACK
[PUSH_CTRL] 2149 2.30457 3.57133 TRACK
[PUSH_CTRL] 2150 2.29704 3.57133 TRACK
[PUSH_CTRL] 2151 2.28967 3.57133 TRACK
[PUSH_CTRL] 2152 2.28222 3.57133 TRACK
[PUSH_CTRL] 2153 2.27472 3.57133 TRACK
[PUSH_CTRL] 2154 2.26723 3.57133 TRACK
[PUSH_CTRL] 2155 2.26027 3.57133 TRACK
[PUSH_CTRL] 2156 2.254 3.57133 TRACK
[PUSH_CTRL] 2157 2.24939 3.57133 TRACK
[PUSH_CTRL] 2158 2.24501 3.57133 TRACK
[PUSH_CTRL] 2159 2.30802 3.57133 TRACK
[PUSH_CTRL] 2160 2.30297 3.57133 TRACK
[PUSH_CTRL] 2161 2.29699 3.57133 TRACK
[PUSH_CTRL] 2162 2.28991 3.57133 TRACK
[PUSH_CTRL] 2163 2.28258 3.57133 TRACK
[PUSH_CTRL] 2164 2.27562 3.57133 TRACK
[PUSH_CTRL] 2165 2.26933 3.57133 TRACK
[PUSH_CTRL] 2166 2.26377 3.57133 TRACK
[PUSH_CTRL] 2167 2.25889 3.57133 TRACK
[PUSH_CTRL] 2168 2.25538 3.57133 TRACK
[PUSH_CTRL] 2169 2.25187 3.57133 TRACK
[PUSH_CTRL] 2170 2.31574 3.57133 TRACK
[PUSH_CTRL] 2171 2.31088 3.57133 TRACK
[PUSH_CTRL] 2172 2.30419 3.57133 TRACK
[PUSH_CTRL] 2173 2.29652 3.57133 TRACK
[PUSH_CTRL] 2174 2.28854 3.57133 TRACK
[PUSH_CTRL] 2175 2.2809 3.57133 TRACK
[PUSH_CTRL] 2176 2.27421 3.57133 TRACK
[PUSH_CTRL] 2177 2.26927 3.57133 TRACK
[PUSH_CTRL] 2178 2.26424 3.57133 TRACK
[PUSH_CTRL] 2179 2.25868 3.57133 TRACK
[PUSH_CTRL] 2180 2.25283 3.57133 TRACK
[PUSH_CTRL] 2181 2.31336 3.57133 TRACK
[PUSH_CTRL] 2182 2.30536 3.57133 TRACK
[PUSH_CTRL] 2183 2.29647 3.57133 TRACK
[PUSH_CTRL] 2184 2.28782 3.57133 TRACK
[PUSH_CTRL] 2185 2.28028 3.57133 TRACK
[PUSH_CTRL] 2186 2.273 3.57133 TRACK
[PUSH_CTRL] 2187 2.26741 3.57133 TRACK
[PUSH_CTRL] 2188 2.26211 3.57133 TRACK
[PUSH_CTRL] 2189 2.25733 3.57133 TRACK
[PUSH_CTRL] 2190 2.2531 3.57133 TRACK
[PUSH_CTRL] 2191 2.2507 3.57133 TRACK
[PUSH_CTRL] 2192 2.31469 3.57133 TRACK
[PUSH_CTRL] 2193 2.30931 3.57133 TRACK
[PUSH_CTRL] 2194 2.30245 3.57133 TRACK
[PUSH_CTRL] 2195 2.29541 3.57133 TRACK
[PUSH_CTRL] 2196 2.288 3.57133 TRACK
[PUSH_CTRL] 2197 2.28048 3.57133 TRACK
[PUSH_CTRL] 2198 2.27337 3.57133 TRACK
[PUSH_CTRL] 2199 2.26692 3.57133 TRACK
[PUSH_CTRL] 2200 2.26129 3.57133 TRACK
[PUSH_CTRL] 2201 2.25563 3.57133 TRACK
[PUSH_CTRL] 2202 2.25014 3.57133 TRACK
[PUSH_CTRL] 2203 2.31166 3.57133 TRACK
[PUSH_CTRL] 2204 2.3047 3.57133 TRACK
[PUSH_CTRL] 2205 2.2966 3.57133 TRACK
[PUSH_CTRL] 2206 2.2883 3.57133 TRACK
[PUSH_CTRL] 2207 2.28042 3.57133 TRACK
[PUSH_CTRL] 2208 2.27466 3.57133 TRACK
[PUSH_CTRL] 2209 2.26916 3.57133 TRACK
[PUSH_CTRL] 2210 2.26404 3.57133 TRACK
[PUSH_CTRL] 2211 2.25932 3.57133 TRACK
[PUSH_CTRL] 2212 2.25456 3.57133 TRACK
[PUSH_CTRL] 2213 2.25021 3.57133 TRACK
[PUSH_CTRL] 2214 2.31184 3.57133 TRACK
[PUSH_CTRL] 2215 2.3049 3.57133 TRACK
[PUSH_CTRL] 2216 2.2969 3.57133 TRACK
[PUSH_CTRL] 2217 2.28973 3.57133 TRACK
[PUSH_CTRL] 2218 2.28252 3.57133 TRACK
[PUSH_CTRL] 2219 2.27574 3.57133 TRACK
[PUSH_CTRL] 2220 2.27006 3.57133 TRACK
[PUSH_CTRL] 2221 2.26534 3.57133 TRACK
[PUSH_CTRL] 2222 2.26103 3.57133 TRACK
[PUSH_CTRL] 2223 2.25718 3.57133 TRACK
[PUSH_CTRL] 2224 2.25298 3.57133 TRACK
[PUSH_CTRL] 2225 2.31479 3.57133 TRACK
[PUSH_CTRL] 2226 2.30777 3.57133 TRACK
[PUSH_CTRL] 2227 2.29976 3.57133 TRACK
[PUSH_CTRL] 2228 2.2918 3.57133 TRACK
[PUSH_CTRL] 2229 2.28473 3.57133 TRACK
[PUSH_CTRL] 2230 2.27854 3.57133 TRACK
[PUSH_CTRL] 2231 2.27245 3.57133 TRACK
[PUSH_CTRL] 2232 2.26622 3.57133 TRACK
[PUSH_CTRL] 2233 2.25983 3.57133 TRACK
[PUSH_CTRL] 2234 2.25327 3.57133 TRACK
[PUSH_CTRL] 2235 2.24666 3.57133 TRACK
[PUSH_CTRL] 2236 2.2405 3.57133 TRACK
[PUSH_CTRL] 2237 2.3016 3.57133 TRACK
[PUSH_CTRL] 2238 2.29399 3.57133 TRACK
[PUSH_CTRL] 2239 2.28621 3.57133 TRACK
[PUSH_CTRL] 2240 2.27999 3.57133 TRACK
[PUSH_CTRL] 2241 2.27522 3.57133 TRACK
[PUSH_CTRL] 2242 2.26977 3.57133 TRACK
[PUSH_CTRL] 2243 2.26423 3.57133 TRACK
[PUSH_CTRL] 2244 2.2591 3.57133 TRACK
[PUSH_CTRL] 2245 2.25424 3.57133 TRACK
[PUSH_CTRL] 2246 2.24962 3.57133 TRACK
[PUSH_CTRL] 2247 2.31194 3.57133 TRACK
[PUSH_CTRL] 2248 2.30551 3.57133 TRACK
[PUSH_CTRL] 2249 2.29828 3.57133 TRACK
[PUSH_CTRL] 2250 2.29146 3.57133 TRACK
[PUSH_CTRL] 2251 2.28515 3.57133 TRACK
[PUSH_CTRL] 2252 2.27916 3.57133 TRACK
[PUSH_CTRL] 2253 2.27279 3.57133 TRACK
[PUSH_CTRL] 2254 2.26636 3.57133 TRACK
[PUSH_CTRL] 2255 2.26026 3.57133 TRACK
[PUSH_CTRL] 2256 2.25467 3.57133 TRACK
[PUSH_CTRL] 2257 2.24961 3.57133 TRACK
[PUSH_CTRL] 2258 2.31135 3.57133 TRACK
[PUSH_CTRL] 2259 2.3042 3.57133 TRACK
[PUSH_CTRL] 2260 2.29591 3.57133 TRACK
[PUSH_CTRL] 2261 2.28721 3.57133 TRACK
[PUSH_CTRL] 2262 2.27849 3.57133 TRACK
[PUSH_CTRL] 2263 2.27006 3.57133 TRACK
[PUSH_CTRL] 2264 2.26207 3.57133 TRACK
[PUSH_CTRL] 2265 2.25502 3.57133 TRACK
[PUSH_CTRL] 2266 2.24895 3.57133 TRACK
[PUSH_CTRL] 2267 2.24374 3.57133 TRACK
[PUSH_CTRL] 2268 2.24019 3.57133 TRACK
[PUSH_CTRL] 2269 2.30345 3.57133 TRACK
[PUSH_CTRL] 2270 2.30026 3.57133 TRACK
[PUSH_CTRL] 2271 2.29576 3.57133 TRACK
[PUSH_CTRL] 2272 2.28991 3.57133 TRACK
[PUSH_CTRL] 2273 2.28322 3.57133 TRACK
[PUSH_CTRL] 2274 2.27646 3.57133 TRACK
[PUSH_CTRL] 2275 2.27008 3.57133 TRACK
[PUSH_CTRL] 2276 2.26454 3.57133 TRACK
[PUSH_CTRL] 2277 2.25972 3.57133 TRACK
[PUSH_CTRL] 2278 2.25549 3.57133 TRACK
[PUSH_CTRL] 2279 2.2517 3.57133 TRACK
[PUSH_CTRL] 2280 2.31442 3.57133 TRACK
[PUSH_CTRL] 2281 2.30858 3.57133 TRACK
[PUSH_CTRL] 2282 2.30153 3.57133 TRACK
[PUSH_CTRL] 2283 2.29372 3.57133 TRACK
[PUSH_CTRL] 2284 2.28579 3.57133 TRACK
[PUSH_CTRL] 2285 2.27835 3.57133 TRACK
[PUSH_CTRL] 2286 2.27188 3.57133 TRACK
[PUSH_CTRL] 2287 2.26633 3.57133 TRACK
[PUSH_CTRL] 2288 2.26158 3.57133 TRACK
[PUSH_CTRL] 2289 2.258 3.57133 TRACK
[PUSH_CTRL] 2290 2.25462 3.57133 TRACK
[PUSH_CTRL] 2291 2.31692 3.57133 TRACK
[PUSH_CTRL] 2292 2.31284 3.57133 TRACK
[PUSH_CTRL] 2293 2.30866 3.57133 TRACK
[PUSH_CTRL] 2294 2.30317 3.57133 TRACK
[PUSH_CTRL] 2295 2.2969 3.57133 TRACK
[PUSH_CTRL] 2296 2.29056 3.57133 TRACK
[PUSH_CTRL] 2297 2.28455 3.57133 TRACK
[PUSH_CTRL] 2298 2.27904 3.57133 TRACK
[PUSH_CTRL] 2299 2.27423 3.57133 TRACK
[PUSH_CTRL] 2300 2.27 3.57133 TRACK
[PUSH_CTRL] 2301 2.26621 3.57133 TRACK
[PUSH_CTRL] 2302 2.32951 3.57133 TRACK
[PUSH_CTRL] 2303 2.32455 3.57133 TRACK
[PUSH_CTRL] 2304 2.31815 3.57133 TRACK
[PUSH_CTRL] 2305 2.31102 3.57133 TRACK
[PUSH_CTRL] 2306 2.30396 3.57133 TRACK
[PUSH_CTRL] 2307 2.29741 3.57133 TRACK
[PUSH_CTRL] 2308 2.29141 3.57133 TRACK
[PUSH_CTRL] 2309 2.28615 3.57133 TRACK
[PUSH_CTRL] 2310 2.2815 3.57133 TRACK
[PUSH_CTRL] 2311 2.27673 3.57133 TRACK
[PUSH_CTRL] 2312 2.33708 3.57133 TRACK
[PUSH_CTRL] 2313 2.33107 3.57133 TRACK
[PUSH_CTRL] 2314 2.32362 3.57133 TRACK
[PUSH_CTRL] 2315 2.31671 3.57133 TRACK
[PUSH_CTRL] 2316 2.30962 3.57133 TRACK
[PUSH_CTRL] 2317 2.3029 3.57133 TRACK
[PUSH_CTRL] 2318 2.29733 3.57133 TRACK
[PUSH_CTRL] 2319 2.29215 3.57133 TRACK
[PUSH_CTRL] 2320 2.28813 3.57133 TRACK
[PUSH_CTRL] 2321 2.28327 3.57133 TRACK
[PUSH_CTRL] 2322 2.27798 3.57133 TRACK
[PUSH_CTRL] 2323 2.27268 3.57133 TRACK
[PUSH_CTRL] 2324 2.33305 3.57133 TRACK
[PUSH_CTRL] 2325 2.3258 3.57133 TRACK
[PUSH_CTRL] 2326 2.31782 3.57133 TRACK
[PUSH_CTRL] 2327 2.31107 3.57133 TRACK
[PUSH_CTRL] 2328 2.30614 3.57133 TRACK
[PUSH_CTRL] 2329 2.30163 3.57133 TRACK
[PUSH_CTRL] 2330 2.29758 3.57133 TRACK
[PUSH_CTRL] 2331 2.29361 3.57133 TRACK
[PUSH_CTRL] 2332 2.29002 3.57133 TRACK
[PUSH_CTRL] 2333 2.28693 3.57133 TRACK
[PUSH_CTRL] 2334 2.34849 3.57133 TRACK
[PUSH_CTRL] 2335 2.34214 3.57133 TRACK
[PUSH_CTRL] 2336 2.3346 3.57133 TRACK
[PUSH_CTRL] 2337 2.32701 3.57133 TRACK
[PUSH_CTRL] 2338 2.31995 3.57133 TRACK
[PUSH_CTRL] 2339 2.31381 3.57133 TRACK
[PUSH_CTRL] 2340 2.30839 3.57133 TRACK
[PUSH_CTRL] 2341 2.30324 3.57133 TRACK
[PUSH_CTRL] 2342 2.29839 3.57133 TRACK
[PUSH_CTRL] 2343 2.29351 3.57133 TRACK
[PUSH_CTRL] 2344 2.35295 3.57133 TRACK
[PUSH_CTRL] 2345 2.3452 3.57133 TRACK
[PUSH_CTRL] 2346 2.33654 3.57133 TRACK
[PUSH_CTRL] 2347 2.32814 3.57133 TRACK
[PUSH_CTRL] 2348 2.32069 3.57133 TRACK
[PUSH_CTRL] 2349 2.31502 3.57133 TRACK
[PUSH_CTRL] 2350 2.3103 3.57133 TRACK
[PUSH_CTRL] 2351 2.30649 3.57133 TRACK
[PUSH_CTRL] 2352 2.3024 3.57133 TRACK
[PUSH_CTRL] 2353 2.29817 3.57133 TRACK
[PUSH_CTRL] 2354 2.29359 3.57133 TRACK
[PUSH_CTRL] 2355 2.3539 3.57133 TRACK
[PUSH_CTRL] 2356 2.34685 3.57133 TRACK
[PUSH_CTRL] 2357 2.33895 3.57133 TRACK
[PUSH_CTRL] 2358 2.33142 3.57133 TRACK
[PUSH_CTRL] 2359 2.32535 3.57133 TRACK
[PUSH_CTRL] 2360 2.31941 3.57133 TRACK
[PUSH_CTRL] 2361 2.31331 3.57133 TRACK
[PUSH_CTRL] 2362 2.30702 3.57133 TRACK
[PUSH_CTRL] 2363 2.3005 3.57133 TRACK
[PUSH_CTRL] 2364 2.29406 3.57133 TRACK
[PUSH_CTRL] 2365 2.28803 3.57133 TRACK
[PUSH_CTRL] 2366 2.34754 3.57133 TRACK
[PUSH_CTRL] 2367 2.33986 3.57133 TRACK
[PUSH_CTRL] 2368 2.33152 3.57133 TRACK
[PUSH_CTRL] 2369 2.32291 3.57133 TRACK
[PUSH_CTRL] 2370 2.31478 3.57133 TRACK
[PUSH_CTRL] 2371 2.30751 3.57133 TRACK
[PUSH_CTRL] 2372 2.30203 3.57133 TRACK
[PUSH_CTRL] 2373 2.2981 3.57133 TRACK
[PUSH_CTRL] 2374 2.29446 3.57133 TRACK
[PUSH_CTRL] 2375 2.29006 3.57133 TRACK
[PUSH_CTRL] 2376 2.28497 3.57133 TRACK
[PUSH_CTRL] 2377 2.34446 3.57133 TRACK
[PUSH_CTRL] 2378 2.33666 3.57133 TRACK
[PUSH_CTRL] 2379 2.32797 3.57133 TRACK
[PUSH_CTRL] 2380 2.31949 3.57133 TRACK
[PUSH_CTRL] 2381 2.31122 3.57133 TRACK
[PUSH_CTRL] 2382 2.30309 3.57133 TRACK
[PUSH_CTRL] 2383 2.29557 3.57133 TRACK
[PUSH_CTRL] 2384 2.28914 3.57133 TRACK
[PUSH_CTRL] 2385 2.28377 3.57133 TRACK
[PUSH_CTRL] 2386 2.27855 3.57133 TRACK
[PUSH_CTRL] 2387 2.27334 3.57133 TRACK
[PUSH_CTRL] 2388 2.33401 3.57133 TRACK
[PUSH_CTRL] 2389 2.32743 3.57133 TRACK
[PUSH_CTRL] 2390 2.31991 3.57133 TRACK
[PUSH_CTRL] 2391 2.31249 3.57133 TRACK
[PUSH_CTRL] 2392 2.30536 3.57133 TRACK
[PUSH_CTRL] 2393 2.29901 3.57133 TRACK
[PUSH_CTRL] 2394 2.29322 3.57133 TRACK
[PUSH_CTRL] 2395 2.28727 3.57133 TRACK
[PUSH_CTRL] 2396 2.28156 3.57133 TRACK
[PUSH_CTRL] 2397 2.27626 3.57133 TRACK
[PUSH_CTRL] 2398 2.2715 3.57133 TRACK
[PUSH_CTRL] 2399 2.33206 3.57133 TRACK
[PUSH_CTRL] 2400 2.32726 3.57133 TRACK
[PUSH_CTRL] 2401 2.32116 3.57133 TRACK
[PUSH_CTRL] 2402 2.31398 3.57133 TRACK
[PUSH_CTRL] 2403 2.30645 3.57133 TRACK
[PUSH_CTRL] 2404 2.2991 3.57133 TRACK
[PUSH_CTRL] 2405 2.29235 3.57133 TRACK
[PUSH_CTRL] 2406 2.28634 3.57133 TRACK
[PUSH_CTRL] 2407 2.28106 3.57133 TRACK
[PUSH_CTRL] 2408 2.27725 3.57133 TRACK
[PUSH_CTRL] 2409 2.27361 3.57133 TRACK
[PUSH_CTRL] 2410 2.33445 3.57133 TRACK
[PUSH_CTRL] 2411 2.32823 3.57133 TRACK
[PUSH_CTRL] 2412 2.32058 3.57133 TRACK
[PUSH_CTRL] 2413 2.31244 3.57133 TRACK
[PUSH_CTRL] 2414 2.30465 3.57133 TRACK
[PUSH_CTRL] 2415 2.29751 3.57133 TRACK
[PUSH_CTRL] 2416 2.29119 3.57133 TRACK
[PUSH_CTRL] 2417 2.28578 3.57133 TRACK
[PUSH_CTRL] 2418 2.28091 3.57133 TRACK
[PUSH_CTRL] 2419 2.2763 3.57133 TRACK
[PUSH_CTRL] 2420 2.27128 3.57133 TRACK
[PUSH_CTRL] 2421 2.26622 3.57133 TRACK
[PUSH_CTRL] 2422 2.32619 3.57133 TRACK
[PUSH_CTRL] 2423 2.31878 3.57133 TRACK
[PUSH_CTRL] 2424 2.31066 3.57133 TRACK
[PUSH_CTRL] 2425 2.30287 3.57133 TRACK
[PUSH_CTRL] 2426 2.29606 3.57133 TRACK
[PUSH_CTRL] 2427 2.29006 3.57133 TRACK
[PUSH_CTRL] 2428 2.28497 3.57133 TRACK
