[Diagnostics] Wrote config.json
[DIAG] Diagnostics enabled: /home/dhruv/projects_dhruv/namo/robot_control/real_exp/results/formal_v2/hmax2/easy_020/uniform_search/trial3
planner: full_namo  |  exec mode: search  local search: best_first/uniform  hmax=2  budget=canonical  device=cuda

Starting NAMO execution...
Press ESCAPE to quit
==================================================
[Runtime] Using remote camera service at tcp://localhost:5556
[Runtime] Speeds in effect: nav=0.40, push=0.40, keyboard/follow_path=0.30
[Runtime] Starting RemoteObserverNode...
[RemoteObserver] Connected to tcp://localhost:5556
[SerialSender] Port /dev/serial/by-id/usb-Espressif_USB_JTAG_serial_debug_unit_10:51:DB:18:34:7C-if00 opened at 115200
[SerialSender] Started at 30.0 Hz
[RealEnv] Started (robot_id=1)
[Runtime] Per-subgoal video + meta will write to /home/dhruv/projects_dhruv/namo/robot_control/real_exp/results/formal_v2/hmax2/easy_020/uniform_search/trial3/recordings/session_2026-08-28_14-03-26
[SerialSender] Car 1 CONNECTED (alive now: [1])
[SerialSender] ⚠️ Car 1 DISCONNECTED (alive now: [])

!!!!!!!!!!!!!!!!!!!!!!!!!!!!!!!!!!!!!!!!!!!!!!!!!!!!!!!!!!!!!!!!!!!!!!
!! ROBOT 1 OFFLINE at startup !!
!!   ap_connected=True, alive_ids=[], last_status=0.4s ago [fresh]
!!   Planning will run (sim-only), but the robot CANNOT execute.
!!   Restart the robot or check the camera_service serial link.
!!!!!!!!!!!!!!!!!!!!!!!!!!!!!!!!!!!!!!!!!!!!!!!!!!!!!!!!!!!!!!!!!!!!!!


[Trapped-start recovery] Robot at (29.6, 10.3) cm was in an inflated-obstacle cell; cleared local cells so the planner can BFS from here. Position unchanged.


[Trapped-start recovery] Robot at (29.6, 10.3) cm was in an inflated-obstacle cell; cleared local cells so the planner can BFS from here. Position unchanged.

[NAMOPlanner] Goal BLOCKED - running NAMO planning...

==================================================
Robot Control - Real Robot (Autonomous)
==================================================
Serial port: /dev/serial/by-id/usb-Espressif_USB_JTAG_serial_debug_unit_10:51:DB:18:34:7C-if00
Robot ID: 1
Dry run: False
Speed (autonomous): nav=0.40, push=0.40
[Trapped-start recovery] Robot at (29.6, 10.3) cm was in an inflated-obstacle cell; cleared local cells so the planner can BFS from here. Position unchanged.


==================================================
Running in autonomous mode
Press 'r' to toggle recording
Press 'space' for emergency stop
Press 'escape' to quit
==================================================

[NAMOPlanner] Plan #1: 5057ms, cumulative: 5057ms
[DIAG] plan #1 recorded (success=True)
[NAMOPlanner] MPC mode: preserving 2 pushes from fresh_plan, queuing only the first for real execution
[Subgoal] --> DISPATCH PUSH: obj 'obj_1' at (20.5,26.8,θ=128.3°), edge=45, push_steps=1, robot at (29.6,10.3,θ=115.4°)
[DIAG] subgoal #1 start recorded
[SerialSender] Car 1 CONNECTED (alive now: [1])
[RemoteRecordClient] Recording started → /home/dhruv/projects_dhruv/namo/robot_control/real_exp/results/formal_v2/hmax2/easy_020/uniform_search/trial3/recordings/session_2026-08-28_14-03-26/subgoal_001_push_obj_1_e45_s1.mp4

[Trapped-start recovery] Robot at (29.6, 10.3) cm was in an inflated-obstacle cell; cleared local cells so the planner can BFS from here. Position unchanged.

[PUSH] Starting navigation: robot=(29.6,10.3) → approach=(25.5,20.5)
[NAV] navigate_to: goal=(25.5,20.5) θ=128.3°, from=(29.6,10.3), obstacles=3
[Wavefront] Saved grid image to output_dump/wavefront/wavefront_20260828_140332_001.png (98x155)
[PUSH] navigate_to() returned: True, nav_state=PRE_ROTATING
[NAV] state - -> PRE_ROTATING pose=(29.6,10.3,θ=115.4°) pre_target_θ=134.1° heading_err=+18.7°
[NAV] state PRE_ROTATING -> FOLLOWING pose=(29.6,10.3,θ=115.4°) path_waypoints=15 final_wp=(25.8,20.8)
[NAV] state FOLLOWING -> POST_ROTATING pose=(26.0,19.9,θ=100.5°) goal_θ=128.3° heading_err=+27.8°
[PUSH] Navigation done - transitioning to ADVANCING (nav_state=FINISHED)
[PUSH] >>> PUSHING start: obj 'obj_1' at (20.5,26.9,θ=128.4°), robot at (26.0,20.5,θ=129.6°), edge=45, push_steps=1 (30 ticks)
[PUSH DEBUG] ========== PUSH START ==========
[PUSH DEBUG] Object: pos=(20.5,26.9) theta=128.4° size=(15x7.0)
[PUSH DEBUG] Edge 45: face=3 sample=7
[PUSH DEBUG] Theoretical: edge_pt (25.5,20.6) → mid_pt (20.5,26.9)
[PUSH DEBUG] Actual line: (26.0,20.5) → (21.0,26.7)
[PUSH DEBUG] Mode: FIXED
[PUSH DEBUG] ================================
Traceback (most recent call last):
  File "/home/dhruv/projects_dhruv/namo/robot_control/src/robot_control/gui/window.py", line 258, in _handle_update
    def _handle_update(self, obs: Observation) -> None:

KeyboardInterrupt

[PUSH] ========== PUSH COMPLETE ==========
[PUSH] Robot: (23.5, 23.5) theta=126.9°
[PUSH] Δobject 'obj_1': Δpos=(-1.32,+1.88) |Δ|=2.30cm, Δθ=-0.39°
[PUSH] Robot position is BLOCKED in wavefront
[PUSH] Object 'obj_1': (19.2, 28.7) theta=128.0° size=(15x7.0)
[PUSH]   Distance robot→object center: 6.8cm
[PUSH] Object 'wall_11': (13.5, 41.2) theta=158.5° size=(19.5x5.5)
[PUSH]   Distance robot→object center: 20.3cm
[PUSH] Object 'wall_10': (38.7, 31.6) theta=98.2° size=(19.5x5.5)
[PUSH]   Distance robot→object center: 17.2cm
[Wavefront] Saved grid image to /tmp/wavefront/wavefront_20260828_140338.png (98x155)
[PUSH] Wavefront saved to: /tmp/wavefront/wavefront_20260828_140338.png
[PUSH] ======================================

[PUSH] Retreat target: (25.0, 18.7) [BACKWARD]
[PUSH] Retreat reached target after 136 steps: moved 3.0 cm, stopped 2.0 cm from target (tolerance 2.0 cm, commanded speed 0.15), robot at (24.3, 20.6), target (25.0, 18.7)
[Subgoal] <-- DONE (SUCCESS) after 10.4s, robot now at (24.3,20.6,θ=108.9°)
[DIAG] subgoal #1 end recorded (outcome=success)
[DIAG] push recorded (obj=obj_1, Δ=2.94cm, stuck=False)
[RemoteRecordClient] Recording stopped → /home/dhruv/projects_dhruv/namo/robot_control/real_exp/results/formal_v2/hmax2/easy_020/uniform_search/trial3/recordings/session_2026-08-28_14-03-26/subgoal_001_push_obj_1_e45_s1.mp4

[Trapped-start recovery] Robot at (24.3, 20.6) cm was in an inflated-obstacle cell; cleared local cells so the planner can BFS from here. Position unchanged.

[NAMOPlanner] Push complete. Will try reuse from updated real scene for remaining chain len=1
[Runtime] 🔌 Robot 1 → ONLINE (alive_ids=[1], ap_connected=True, last_status=1.0s ago)

[Trapped-start recovery] Robot at (24.3, 20.6) cm was in an inflated-obstacle cell; cleared local cells so the planner can BFS from here. Position unchanged.

[NAMOPlanner] Reuse check from updated real scene: source=fresh_plan, chain_len=2

[Trapped-start recovery] Robot at (24.3, 20.6) cm was in an inflated-obstacle cell; cleared local cells so the planner can BFS from here. Position unchanged.

[DIAG] plan #2 recorded (success=False)
[NAMOPlanner] Post-push reuse failed; falling back to full replanning
[NAMOPlanner] Goal BLOCKED - running NAMO planning...

[Trapped-start recovery] Robot at (24.3, 20.6) cm was in an inflated-obstacle cell; cleared local cells so the planner can BFS from here. Position unchanged.

[SerialSender] ⚠️ Serial write error: Write timeout
[SerialSender] ⚠️ 2 write errors in last 6.7s (most recent: Write timeout)
[NAMOPlanner] Plan #3: 9155ms, cumulative: 14504ms
[DIAG] plan #3 recorded (success=True)
[NAMOPlanner] MPC mode: preserving 2 pushes from fresh_plan, queuing only the first for real execution
[Subgoal] --> DISPATCH PUSH: obj 'obj_1' at (18.9,29.3,θ=127.8°), edge=10, push_steps=1, robot at (24.3,20.6,θ=108.9°)
[DIAG] subgoal #2 start recorded
[RemoteRecordClient] Recording started → /home/dhruv/projects_dhruv/namo/robot_control/real_exp/results/formal_v2/hmax2/easy_020/uniform_search/trial3/recordings/session_2026-08-28_14-03-26/subgoal_002_push_obj_1_e10_s1.mp4

[Trapped-start recovery] Robot at (24.3, 20.6) cm was in an inflated-obstacle cell; cleared local cells so the planner can BFS from here. Position unchanged.

[PUSH] Starting navigation: robot=(24.3,20.6) → approach=(10.0,21.1)
[NAV] navigate_to: goal=(10.0,21.1) θ=37.8°, from=(24.3,20.6), obstacles=3
[Wavefront] Saved grid image to output_dump/wavefront/wavefront_20260828_140352_002.png (98x155)
[PUSH] navigate_to() returned: True, nav_state=PRE_ROTATING
[NAV] state POST_ROTATING -> PRE_ROTATING pose=(24.3,20.6,θ=108.9°) pre_target_θ=-137.3° heading_err=+113.8°
Traceback (most recent call last):
  File "/home/dhruv/projects_dhruv/namo/robot_control/src/robot_control/gui/window.py", line 258, in _handle_update
    def _handle_update(self, obs: Observation) -> None:

KeyboardInterrupt
[NAV] state PRE_ROTATING -> FOLLOWING pose=(35.4,11.5,θ=179.5°) path_waypoints=29 final_wp=(9.8,21.2)
