[RemoteObserver] Connected to tcp://localhost:5556
[2J[Hcheck_build  rb_00182_mirror_x   22:25:25
----------------------------------------------------------------
  wall_10    brick  MISSING (camera does not see it)
  wall_11    brick  MISSING (camera does not see it)
  wall_9     brick  MISSING (camera does not see it)
  obj_4      block  MISSING (camera does not see it)
  obj_1      block  MISSING (camera does not see it)
  robot      start  MISSING (camera does not see it)
----------------------------------------------------------------
OK band: +/-2.0cm, +/-10deg (display only). Enter = run checksum. Ctrl+C = quit.
QFontDatabase: Cannot find font directory /home/dhruv/miniconda3/envs/namo312/lib/python3.12/site-packages/cv2/qt/fonts.
Note that Qt no longer ships fonts. Deploy some (from https://dejavu-fonts.github.io/ for example) or switch to fontconfig.
QFontDatabase: Cannot find font directory /home/dhruv/miniconda3/envs/namo312/lib/python3.12/site-packages/cv2/qt/fonts.
Note that Qt no longer ships fonts. Deploy some (from https://dejavu-fonts.github.io/ for example) or switch to fontconfig.
QFontDatabase: Cannot find font directory /home/dhruv/miniconda3/envs/namo312/lib/python3.12/site-packages/cv2/qt/fonts.
Note that Qt no longer ships fonts. Deploy some (from https://dejavu-fonts.github.io/ for example) or switch to fontconfig.
QFontDatabase: Cannot find font directory /home/dhruv/miniconda3/envs/namo312/lib/python3.12/site-packages/cv2/qt/fonts.
Note that Qt no longer ships fonts. Deploy some (from https://dejavu-fonts.github.io/ for example) or switch to fontconfig.
QFontDatabase: Cannot find font directory /home/dhruv/miniconda3/envs/namo312/lib/python3.12/site-packages/cv2/qt/fonts.
Note that Qt no longer ships fonts. Deploy some (from https://dejavu-fonts.github.io/ for example) or switch to fontconfig.
[2J[Hcheck_build  rb_00182_mirror_x   22:25:26
----------------------------------------------------------------
  wall_10    brick  dx= +0.12cm dy= +0.09cm dtheta=  -1.3deg  OK
  wall_11    brick  dx= +0.31cm dy= -0.18cm dtheta=  +1.8deg  OK
  wall_9     brick  dx= +0.17cm dy= -0.08cm dtheta=  +0.5deg  OK
  obj_4      block  dx= +0.09cm dy= -0.48cm dtheta=  -0.6deg  OK
  obj_1      block  dx= -0.25cm dy= -0.22cm dtheta=  -0.7deg  OK
  robot      start  dx= -0.64cm dy= -0.06cm dtheta= -74.8deg  ..
----------------------------------------------------------------
OK band: +/-2.0cm, +/-10deg (display only). Enter = run checksum. Ctrl+C = quit.
[2J[Hcheck_build  rb_00182_mirror_x   22:25:26
----------------------------------------------------------------
  wall_10    brick  dx= +0.11cm dy= +0.08cm dtheta=  -1.4deg  OK
  wall_11    brick  dx= +0.32cm dy= -0.19cm dtheta=  +1.8deg  OK
  wall_9     brick  dx= +0.16cm dy= -0.07cm dtheta=  +0.5deg  OK
  obj_4      block  dx= +0.08cm dy= -0.46cm dtheta=  -1.6deg  OK
  obj_1      block  dx= -0.24cm dy= -0.22cm dtheta=  -0.7deg  OK
  robot      start  dx= -0.63cm dy= -0.08cm dtheta= -74.8deg  ..
----------------------------------------------------------------
OK band: +/-2.0cm, +/-10deg (display only). Enter = run checksum. Ctrl+C = quit.
[2J[Hcheck_build  rb_00182_mirror_x   22:25:27
----------------------------------------------------------------
  wall_10    brick  dx= +0.10cm dy= +0.08cm dtheta=  -1.4deg  OK
  wall_11    brick  dx= +0.32cm dy= -0.20cm dtheta=  +1.7deg  OK
  wall_9     brick  dx= +0.19cm dy= -0.09cm dtheta=  +0.5deg  OK
  obj_4      block  dx= +0.08cm dy= -0.48cm dtheta=  +0.1deg  OK
  obj_1      block  dx= -0.24cm dy= -0.22cm dtheta=  -0.7deg  OK
  robot      start  dx= -0.63cm dy= -0.08cm dtheta= -74.8deg  ..
----------------------------------------------------------------
OK band: +/-2.0cm, +/-10deg (display only). Enter = run checksum. Ctrl+C = quit.
[2J[Hcheck_build  rb_00182_mirror_x   22:25:27
----------------------------------------------------------------
  wall_10    brick  dx= +0.11cm dy= +0.09cm dtheta=  -1.4deg  OK
  wall_11    brick  dx= +0.31cm dy= -0.18cm dtheta=  +1.8deg  OK
  wall_9     brick  dx= +0.26cm dy= -0.12cm dtheta=  +0.5deg  OK
  obj_4      block  dx= +0.09cm dy= -0.48cm dtheta=  -1.0deg  OK
  obj_1      block  dx= -0.24cm dy= -0.22cm dtheta=  -0.6deg  OK
  robot      start  dx= -0.64cm dy= -0.06cm dtheta= -74.8deg  ..
----------------------------------------------------------------
OK band: +/-2.0cm, +/-10deg (display only). Enter = run checksum. Ctrl+C = quit.
[2J[Hcheck_build  rb_00182_mirror_x   22:25:28
----------------------------------------------------------------
  wall_10    brick  dx= +0.13cm dy= +0.10cm dtheta=  -1.3deg  OK
  wall_11    brick  dx= +0.32cm dy= -0.19cm dtheta=  +1.8deg  OK
  wall_9     brick  dx= +0.18cm dy= -0.08cm dtheta=  +0.6deg  OK
  obj_4      block  dx= +0.08cm dy= -0.48cm dtheta=  +0.2deg  OK
  obj_1      block  dx= -0.24cm dy= -0.22cm dtheta=  -0.6deg  OK
  robot      start  dx= -0.65cm dy= -0.05cm dtheta= -74.7deg  ..
----------------------------------------------------------------
OK band: +/-2.0cm, +/-10deg (display only). Enter = run checksum. Ctrl+C = quit.
[2J[Hcheck_build  rb_00182_mirror_x   22:25:28
----------------------------------------------------------------
  wall_10    brick  dx= +0.09cm dy= +0.07cm dtheta=  -1.4deg  OK
  wall_11    brick  dx= +0.31cm dy= -0.19cm dtheta=  +1.8deg  OK
  wall_9     brick  dx= +0.14cm dy= -0.07cm dtheta=  +0.5deg  OK
  obj_4      block  dx= +0.08cm dy= -0.46cm dtheta=  -0.2deg  OK
  obj_1      block  dx= -0.24cm dy= -0.22cm dtheta=  -0.6deg  OK
  robot      start  dx= -0.63cm dy= -0.09cm dtheta= -74.8deg  ..
----------------------------------------------------------------
OK band: +/-2.0cm, +/-10deg (display only). Enter = run checksum. Ctrl+C = quit.
[2J[Hcheck_build  rb_00182_mirror_x   22:25:29
----------------------------------------------------------------
  wall_10    brick  dx= +0.10cm dy= +0.08cm dtheta=  -1.4deg  OK
  wall_11    brick  dx= +0.31cm dy= -0.19cm dtheta=  +1.8deg  OK
  wall_9     brick  dx= +0.16cm dy= -0.07cm dtheta=  +0.5deg  OK
  obj_4      block  dx= +0.08cm dy= -0.48cm dtheta=  -0.3deg  OK
  obj_1      block  dx= -0.25cm dy= -0.21cm dtheta=  -0.7deg  OK
  robot      start  dx= -0.63cm dy= -0.08cm dtheta= -74.7deg  ..
----------------------------------------------------------------
OK band: +/-2.0cm, +/-10deg (display only). Enter = run checksum. Ctrl+C = quit.
[2J[Hcheck_build  rb_00182_mirror_x   22:25:29
----------------------------------------------------------------
  wall_10    brick  dx= +0.11cm dy= +0.09cm dtheta=  -1.5deg  OK
  wall_11    brick  dx= +0.33cm dy= -0.20cm dtheta=  +1.9deg  OK
  wall_9     brick  dx= +0.24cm dy= -0.11cm dtheta=  +0.3deg  OK
  obj_4      block  dx= +0.08cm dy= -0.47cm dtheta=  -0.3deg  OK
  obj_1      block  dx= -0.24cm dy= -0.21cm dtheta=  -0.7deg  OK
  robot      start  dx= -0.61cm dy= -0.13cm dtheta= -74.8deg  ..
----------------------------------------------------------------
OK band: +/-2.0cm, +/-10deg (display only). Enter = run checksum. Ctrl+C = quit.
[2J[Hcheck_build  rb_00182_mirror_x   22:25:30
----------------------------------------------------------------
  wall_10    brick  dx= +0.11cm dy= +0.08cm dtheta=  -1.4deg  OK
  wall_11    brick  dx= +0.33cm dy= -0.20cm dtheta=  +1.9deg  OK
  wall_9     brick  dx= +0.20cm dy= -0.09cm dtheta=  +0.4deg  OK
  obj_4      block  dx= +0.08cm dy= -0.48cm dtheta=  +0.2deg  OK
  obj_1      block  dx= -0.25cm dy= -0.22cm dtheta=  -0.6deg  OK
  robot      start  dx= -0.64cm dy= -0.07cm dtheta= -74.7deg  ..
----------------------------------------------------------------
OK band: +/-2.0cm, +/-10deg (display only). Enter = run checksum. Ctrl+C = quit.
[2J[Hcheck_build  rb_00182_mirror_x   22:25:30
----------------------------------------------------------------
  wall_10    brick  dx= +0.11cm dy= +0.09cm dtheta=  -1.4deg  OK
  wall_11    brick  dx= +0.31cm dy= -0.19cm dtheta=  +1.9deg  OK
  wall_9     brick  dx= +0.18cm dy= -0.08cm dtheta=  +0.6deg  OK
  obj_4      block  dx= +0.09cm dy= -0.48cm dtheta=  +0.2deg  OK
  obj_1      block  dx= -0.25cm dy= -0.21cm dtheta=  -0.6deg  OK
  robot      start  dx= -0.63cm dy= -0.08cm dtheta= -74.8deg  ..
----------------------------------------------------------------
OK band: +/-2.0cm, +/-10deg (display only). Enter = run checksum. Ctrl+C = quit.
[2J[Hcheck_build  rb_00182_mirror_x   22:25:31
----------------------------------------------------------------
  wall_10    brick  dx= +0.09cm dy= +0.07cm dtheta=  -1.4deg  OK
  wall_11    brick  dx= +0.32cm dy= -0.19cm dtheta=  +1.8deg  OK
  wall_9     brick  dx= +0.15cm dy= -0.07cm dtheta=  +0.4deg  OK
  obj_4      block  dx= +0.08cm dy= -0.48cm dtheta=  -1.3deg  OK
  obj_1      block  dx= -0.24cm dy= -0.22cm dtheta=  -0.6deg  OK
  robot      start  dx= -0.64cm dy= -0.07cm dtheta= -74.7deg  ..
----------------------------------------------------------------
OK band: +/-2.0cm, +/-10deg (display only). Enter = run checksum. Ctrl+C = quit.
[2J[Hcheck_build  rb_00182_mirror_x   22:25:31
----------------------------------------------------------------
  wall_10    brick  dx= +0.08cm dy= +0.07cm dtheta=  -1.3deg  OK
  wall_11    brick  dx= +0.32cm dy= -0.19cm dtheta=  +1.9deg  OK
  wall_9     brick  dx= +0.20cm dy= -0.09cm dtheta=  +0.4deg  OK
  obj_4      block  dx= +0.08cm dy= -0.48cm dtheta=  +0.2deg  OK
  obj_1      block  dx= -0.25cm dy= -0.21cm dtheta=  -0.7deg  OK
  robot      start  dx= -0.64cm dy= -0.06cm dtheta= -74.8deg  ..
----------------------------------------------------------------
OK band: +/-2.0cm, +/-10deg (display only). Enter = run checksum. Ctrl+C = quit.
[2J[Hcheck_build  rb_00182_mirror_x   22:25:32
----------------------------------------------------------------
  wall_10    brick  dx= +0.10cm dy= +0.08cm dtheta=  -1.4deg  OK
  wall_11    brick  dx= +0.32cm dy= -0.20cm dtheta=  +1.8deg  OK
  wall_9     brick  dx= +0.19cm dy= -0.09cm dtheta=  +0.4deg  OK
  obj_4      block  dx= +0.08cm dy= -0.48cm dtheta=  -1.4deg  OK
  obj_1      block  dx= -0.25cm dy= -0.21cm dtheta=  -0.7deg  OK
  robot      start  dx= -0.65cm dy= -0.04cm dtheta= -74.7deg  ..
----------------------------------------------------------------
OK band: +/-2.0cm, +/-10deg (display only). Enter = run checksum. Ctrl+C = quit.
[2J[Hcheck_build  rb_00182_mirror_x   22:25:32
----------------------------------------------------------------
  wall_10    brick  dx= +0.12cm dy= +0.09cm dtheta=  -1.5deg  OK
  wall_11    brick  dx= +0.33cm dy= -0.20cm dtheta=  +1.7deg  OK
  wall_9     brick  dx= +0.18cm dy= -0.09cm dtheta=  +0.2deg  OK
  obj_4      block  dx= +0.08cm dy= -0.48cm dtheta=  +0.2deg  OK
  obj_1      block  dx= -0.25cm dy= -0.21cm dtheta=  -0.6deg  OK
  robot      start  dx= -0.65cm dy= -0.05cm dtheta= -74.7deg  ..
----------------------------------------------------------------
OK band: +/-2.0cm, +/-10deg (display only). Enter = run checksum. Ctrl+C = quit.
[2J[Hcheck_build  rb_00182_mirror_x   22:25:33
----------------------------------------------------------------
  wall_10    brick  dx= +0.10cm dy= +0.08cm dtheta=  -1.4deg  OK
  wall_11    brick  dx= +0.31cm dy= -0.19cm dtheta=  +1.8deg  OK
  wall_9     brick  dx= +0.18cm dy= -0.08cm dtheta=  +0.6deg  OK
  obj_4      block  dx= +0.09cm dy= -0.48cm dtheta=  -0.2deg  OK
  obj_1      block  dx= -0.25cm dy= -0.21cm dtheta=  -0.7deg  OK
  robot      start  dx= -0.62cm dy= -0.11cm dtheta= -74.7deg  ..
----------------------------------------------------------------
OK band: +/-2.0cm, +/-10deg (display only). Enter = run checksum. Ctrl+C = quit.
[2J[Hcheck_build  rb_00182_mirror_x   22:25:33
----------------------------------------------------------------
  wall_10    brick  dx= +0.11cm dy= +0.08cm dtheta=  -1.5deg  OK
  wall_11    brick  dx= +0.31cm dy= -0.19cm dtheta=  +1.9deg  OK
  wall_9     brick  dx= +0.17cm dy= -0.08cm dtheta=  +0.6deg  OK
  obj_4      block  dx= +0.09cm dy= -0.48cm dtheta=  -0.7deg  OK
  obj_1      block  dx= -0.25cm dy= -0.21cm dtheta=  -0.6deg  OK
  robot      start  dx= -0.64cm dy= -0.05cm dtheta= -74.8deg  ..
----------------------------------------------------------------
OK band: +/-2.0cm, +/-10deg (display only). Enter = run checksum. Ctrl+C = quit.
[2J[Hcheck_build  rb_00182_mirror_x   22:25:34
----------------------------------------------------------------
  wall_10    brick  dx= +0.10cm dy= +0.08cm dtheta=  -1.4deg  OK
  wall_11    brick  dx= +0.33cm dy= -0.20cm dtheta=  +1.9deg  OK
  wall_9     brick  dx= +0.16cm dy= -0.07cm dtheta=  +0.5deg  OK
  obj_4      block  dx= +0.08cm dy= -0.48cm dtheta=  -0.0deg  OK
  obj_1      block  dx= -0.24cm dy= -0.21cm dtheta=  -0.6deg  OK
  robot      start  dx= -0.64cm dy= -0.07cm dtheta= -74.7deg  ..
----------------------------------------------------------------
OK band: +/-2.0cm, +/-10deg (display only). Enter = run checksum. Ctrl+C = quit.
[2J[Hcheck_build  rb_00182_mirror_x   22:25:34
----------------------------------------------------------------
  wall_10    brick  dx= +0.12cm dy= +0.09cm dtheta=  -1.5deg  OK
  wall_11    brick  dx= +0.32cm dy= -0.20cm dtheta=  +1.8deg  OK
  wall_9     brick  dx= +0.17cm dy= -0.07cm dtheta=  +0.8deg  OK
  obj_4      block  dx= +0.09cm dy= -0.48cm dtheta=  -0.8deg  OK
  obj_1      block  dx= -0.24cm dy= -0.22cm dtheta=  -0.6deg  OK
  robot      start  dx= -0.65cm dy= -0.04cm dtheta= -74.8deg  ..
----------------------------------------------------------------
OK band: +/-2.0cm, +/-10deg (display only). Enter = run checksum. Ctrl+C = quit.
[2J[Hcheck_build  rb_00182_mirror_x   22:25:35
----------------------------------------------------------------
  wall_10    brick  dx= +0.10cm dy= +0.08cm dtheta=  -1.4deg  OK
  wall_11    brick  dx= +0.33cm dy= -0.20cm dtheta=  +1.8deg  OK
  wall_9     brick  dx= +0.19cm dy= -0.09cm dtheta=  +0.6deg  OK
  obj_4      block  dx= +0.09cm dy= -0.40cm dtheta=  -0.8deg  OK
  obj_1      block  dx= -0.25cm dy= -0.21cm dtheta=  -0.7deg  OK
  robot      start  dx= -0.65cm dy= -0.06cm dtheta= -74.8deg  ..
----------------------------------------------------------------
OK band: +/-2.0cm, +/-10deg (display only). Enter = run checksum. Ctrl+C = quit.
[2J[Hcheck_build  rb_00182_mirror_x   22:25:35
----------------------------------------------------------------
  wall_10    brick  dx= +0.12cm dy= +0.09cm dtheta=  -1.5deg  OK
  wall_11    brick  dx= +0.33cm dy= -0.20cm dtheta=  +1.7deg  OK
  wall_9     brick  dx= +0.18cm dy= -0.09cm dtheta=  +0.4deg  OK
  obj_4      block  dx= +0.09cm dy= -0.48cm dtheta=  -0.9deg  OK
  obj_1      block  dx= -0.24cm dy= -0.21cm dtheta=  -0.7deg  OK
  robot      start  dx= -0.64cm dy= -0.07cm dtheta= -74.7deg  ..
----------------------------------------------------------------
OK band: +/-2.0cm, +/-10deg (display only). Enter = run checksum. Ctrl+C = quit.
  no checksum columns on this sheet, cannot verify the build.
[2J[Hcheck_build  rb_00182_mirror_x   22:25:36
----------------------------------------------------------------
  wall_10    brick  dx= +0.11cm dy= +0.09cm dtheta=  -1.4deg  OK
  wall_11    brick  dx= +0.33cm dy= -0.20cm dtheta=  +1.8deg  OK
  wall_9     brick  dx= +0.17cm dy= -0.08cm dtheta=  +0.6deg  OK
  obj_4      block  dx= +0.09cm dy= -0.38cm dtheta=  -0.7deg  OK
  obj_1      block  dx= -0.25cm dy= -0.21cm dtheta=  -0.6deg  OK
  robot      start  dx= -0.63cm dy= -0.08cm dtheta= -74.7deg  ..
----------------------------------------------------------------
OK band: +/-2.0cm, +/-10deg (display only). Enter = run checksum. Ctrl+C = quit.
[2J[Hcheck_build  rb_00182_mirror_x   22:25:36
----------------------------------------------------------------
  wall_10    brick  dx= +0.11cm dy= +0.09cm dtheta=  -1.4deg  OK
  wall_11    brick  dx= +0.33cm dy= -0.20cm dtheta=  +1.7deg  OK
  wall_9     brick  dx= +0.21cm dy= -0.10cm dtheta=  +0.3deg  OK
  obj_4      block  dx= +0.07cm dy= -0.46cm dtheta=  -1.8deg  OK
  obj_1      block  dx= -0.24cm dy= -0.21cm dtheta=  -0.6deg  OK
  robot      start  dx= -0.64cm dy= -0.06cm dtheta= -74.8deg  ..
----------------------------------------------------------------
OK band: +/-2.0cm, +/-10deg (display only). Enter = run checksum. Ctrl+C = quit.
[2J[Hcheck_build  rb_00182_mirror_x   22:25:37
----------------------------------------------------------------
  wall_10    brick  dx= +0.11cm dy= +0.08cm dtheta=  -1.6deg  OK
  wall_11    brick  dx= +0.33cm dy= -0.20cm dtheta=  +1.7deg  OK
  wall_9     brick  dx= +0.18cm dy= -0.09cm dtheta=  +0.3deg  OK
  obj_4      block  dx= +0.07cm dy= -0.46cm dtheta=  +0.9deg  OK
  obj_1      block  dx= -0.25cm dy= -0.21cm dtheta=  -0.6deg  OK
  robot      start  dx= -0.64cm dy= -0.07cm dtheta= -74.8deg  ..
----------------------------------------------------------------
OK band: +/-2.0cm, +/-10deg (display only). Enter = run checksum. Ctrl+C = quit.
[2J[Hcheck_build  rb_00182_mirror_x   22:25:37
----------------------------------------------------------------
  wall_10    brick  dx= +0.09cm dy= +0.07cm dtheta=  -1.4deg  OK
  wall_11    brick  dx= +0.32cm dy= -0.19cm dtheta=  +1.9deg  OK
  wall_9     brick  dx= +0.18cm dy= -0.08cm dtheta=  +0.7deg  OK
  obj_4      block  dx= +0.08cm dy= -0.48cm dtheta=  -0.3deg  OK
  obj_1      block  dx= -0.24cm dy= -0.22cm dtheta=  -0.6deg  OK
  robot      start  dx= -0.65cm dy= -0.05cm dtheta= -74.8deg  ..
----------------------------------------------------------------
OK band: +/-2.0cm, +/-10deg (display only). Enter = run checksum. Ctrl+C = quit.
[2J[Hcheck_build  rb_00182_mirror_x   22:25:38
----------------------------------------------------------------
  wall_10    brick  dx= +0.11cm dy= +0.08cm dtheta=  -1.5deg  OK
  wall_11    brick  dx= +0.31cm dy= -0.18cm dtheta=  +1.8deg  OK
  wall_9     brick  dx= +0.22cm dy= -0.09cm dtheta=  +0.5deg  OK
  obj_4      block  dx= +0.08cm dy= -0.47cm dtheta=  -0.9deg  OK
  obj_1      block  dx= -0.25cm dy= -0.21cm dtheta=  -0.6deg  OK
  robot      start  dx= -0.66cm dy= -0.03cm dtheta= -74.8deg  ..
----------------------------------------------------------------
OK band: +/-2.0cm, +/-10deg (display only). Enter = run checksum. Ctrl+C = quit.
[2J[Hcheck_build  rb_00182_mirror_x   22:25:38
----------------------------------------------------------------
  wall_10    brick  dx= +0.12cm dy= +0.09cm dtheta=  -1.3deg  OK
  wall_11    brick  dx= +0.32cm dy= -0.19cm dtheta=  +1.8deg  OK
  wall_9     brick  dx= +0.19cm dy= -0.09cm dtheta=  +0.3deg  OK
  obj_4      block  dx= +0.08cm dy= -0.48cm dtheta=  -1.1deg  OK
  obj_1      block  dx= -0.25cm dy= -0.21cm dtheta=  -0.6deg  OK
  robot      start  dx= -0.64cm dy= -0.06cm dtheta= -74.7deg  ..
----------------------------------------------------------------
OK band: +/-2.0cm, +/-10deg (display only). Enter = run checksum. Ctrl+C = quit.
[2J[Hcheck_build  rb_00182_mirror_x   22:25:39
----------------------------------------------------------------
  wall_10    brick  dx= +0.10cm dy= +0.08cm dtheta=  -1.5deg  OK
  wall_11    brick  dx= +0.33cm dy= -0.20cm dtheta=  +1.8deg  OK
  wall_9     brick  dx= +0.18cm dy= -0.08cm dtheta=  +0.5deg  OK
  obj_4      block  dx= +0.07cm dy= -0.46cm dtheta=  +0.9deg  OK
  obj_1      block  dx= -0.25cm dy= -0.21cm dtheta=  -0.6deg  OK
  robot      start  dx= -0.64cm dy= -0.05cm dtheta= -74.8deg  ..
----------------------------------------------------------------
OK band: +/-2.0cm, +/-10deg (display only). Enter = run checksum. Ctrl+C = quit.
[2J[Hcheck_build  rb_00182_mirror_x   22:25:39
----------------------------------------------------------------
  wall_10    brick  dx= +0.13cm dy= +0.10cm dtheta=  -1.5deg  OK
  wall_11    brick  dx= +0.34cm dy= -0.21cm dtheta=  +1.7deg  OK
  wall_9     brick  dx= +0.21cm dy= -0.10cm dtheta=  +0.4deg  OK
  obj_4      block  dx= +0.08cm dy= -0.48cm dtheta=  +0.2deg  OK
  obj_1      block  dx= -0.24cm dy= -0.22cm dtheta=  -0.7deg  OK
  robot      start  dx= -0.63cm dy= -0.09cm dtheta= -74.8deg  ..
----------------------------------------------------------------
OK band: +/-2.0cm, +/-10deg (display only). Enter = run checksum. Ctrl+C = quit.
[2J[Hcheck_build  rb_00182_mirror_x   22:25:40
----------------------------------------------------------------
  wall_10    brick  dx= +0.10cm dy= +0.08cm dtheta=  -1.5deg  OK
  wall_11    brick  dx= +0.34cm dy= -0.21cm dtheta=  +1.8deg  OK
  wall_9     brick  dx= +0.21cm dy= -0.10cm dtheta=  +0.4deg  OK
  obj_4      block  dx= +0.09cm dy= -0.48cm dtheta=  -1.0deg  OK
  obj_1      block  dx= -0.25cm dy= -0.22cm dtheta=  -0.7deg  OK
  robot      start  dx= -0.64cm dy= -0.07cm dtheta= -74.8deg  ..
----------------------------------------------------------------
OK band: +/-2.0cm, +/-10deg (display only). Enter = run checksum. Ctrl+C = quit.
[2J[Hcheck_build  rb_00182_mirror_x   22:25:40
----------------------------------------------------------------
  wall_10    brick  dx= +0.09cm dy= +0.07cm dtheta=  -1.4deg  OK
  wall_11    brick  dx= +0.32cm dy= -0.19cm dtheta=  +1.8deg  OK
  wall_9     brick  dx= +0.18cm dy= -0.08cm dtheta=  +0.4deg  OK
  obj_4      block  dx= +0.08cm dy= -0.45cm dtheta=  -1.7deg  OK
  obj_1      block  dx= -0.24cm dy= -0.21cm dtheta=  -0.6deg  OK
  robot      start  dx= -0.63cm dy= -0.10cm dtheta= -74.8deg  ..
----------------------------------------------------------------
OK band: +/-2.0cm, +/-10deg (display only). Enter = run checksum. Ctrl+C = quit.
[2J[Hcheck_build  rb_00182_mirror_x   22:25:41
----------------------------------------------------------------
  wall_10    brick  dx= +0.13cm dy= +0.10cm dtheta=  -1.4deg  OK
  wall_11    brick  dx= +0.31cm dy= -0.18cm dtheta=  +1.8deg  OK
  wall_9     brick  dx= +0.18cm dy= -0.09cm dtheta=  +0.3deg  OK
  obj_4      block  dx= +0.09cm dy= -0.48cm dtheta=  -0.8deg  OK
  obj_1      block  dx= -0.25cm dy= -0.21cm dtheta=  -0.7deg  OK
  robot      start  dx= -0.63cm dy= -0.07cm dtheta= -74.8deg  ..
----------------------------------------------------------------
OK band: +/-2.0cm, +/-10deg (display only). Enter = run checksum. Ctrl+C = quit.
[2J[Hcheck_build  rb_00182_mirror_x   22:25:41
----------------------------------------------------------------
  wall_10    brick  dx= +0.10cm dy= +0.08cm dtheta=  -1.4deg  OK
  wall_11    brick  dx= +0.31cm dy= -0.19cm dtheta=  +1.8deg  OK
  wall_9     brick  dx= +0.14cm dy= -0.07cm dtheta=  +0.5deg  OK
  obj_4      block  dx= +0.09cm dy= -0.49cm dtheta=  -0.1deg  OK
  obj_1      block  dx= -0.25cm dy= -0.21cm dtheta=  -0.6deg  OK
  robot      start  dx= -0.62cm dy= -0.10cm dtheta= -74.8deg  ..
----------------------------------------------------------------
OK band: +/-2.0cm, +/-10deg (display only). Enter = run checksum. Ctrl+C = quit.
[2J[Hcheck_build  rb_00182_mirror_x   22:25:42
----------------------------------------------------------------
  wall_10    brick  dx= +0.12cm dy= +0.09cm dtheta=  -1.6deg  OK
  wall_11    brick  dx= +0.32cm dy= -0.19cm dtheta=  +1.9deg  OK
  wall_9     brick  dx= +0.22cm dy= -0.10cm dtheta=  +0.5deg  OK
  obj_4      block  dx= +0.09cm dy= -0.48cm dtheta=  -0.5deg  OK
  obj_1      block  dx= -0.25cm dy= -0.21cm dtheta=  -0.6deg  OK
  robot      start  dx= -0.65cm dy= -0.06cm dtheta= -74.7deg  ..
----------------------------------------------------------------
OK band: +/-2.0cm, +/-10deg (display only). Enter = run checksum. Ctrl+C = quit.
[2J[Hcheck_build  rb_00182_mirror_x   22:25:42
----------------------------------------------------------------
  wall_10    brick  dx= +0.10cm dy= +0.08cm dtheta=  -1.4deg  OK
  wall_11    brick  dx= +0.32cm dy= -0.19cm dtheta=  +1.8deg  OK
  wall_9     brick  dx= +0.14cm dy= -0.06cm dtheta=  +0.4deg  OK
  obj_4      block  dx= +0.08cm dy= -0.49cm dtheta=  +0.2deg  OK
  obj_1      block  dx= -0.25cm dy= -0.21cm dtheta=  -0.7deg  OK
  robot      start  dx= -0.64cm dy= -0.07cm dtheta= -74.8deg  ..
----------------------------------------------------------------
OK band: +/-2.0cm, +/-10deg (display only). Enter = run checksum. Ctrl+C = quit.
[2J[Hcheck_build  rb_00182_mirror_x   22:25:43
----------------------------------------------------------------
  wall_10    brick  dx= +0.10cm dy= +0.08cm dtheta=  -1.5deg  OK
  wall_11    brick  dx= +0.33cm dy= -0.20cm dtheta=  +1.9deg  OK
  wall_9     brick  dx= +0.26cm dy= -0.12cm dtheta=  +0.3deg  OK
  obj_4      block  dx= +0.08cm dy= -0.48cm dtheta=  +0.3deg  OK
  obj_1      block  dx= -0.25cm dy= -0.21cm dtheta=  -0.6deg  OK
  robot      start  dx= -0.63cm dy= -0.09cm dtheta= -74.8deg  ..
----------------------------------------------------------------
OK band: +/-2.0cm, +/-10deg (display only). Enter = run checksum. Ctrl+C = quit.
[2J[Hcheck_build  rb_00182_mirror_x   22:25:43
----------------------------------------------------------------
  wall_10    brick  dx= +0.10cm dy= +0.08cm dtheta=  -1.4deg  OK
  wall_11    brick  dx= +0.33cm dy= -0.20cm dtheta=  +1.7deg  OK
  wall_9     brick  dx= +0.20cm dy= -0.10cm dtheta=  +0.4deg  OK
  obj_4      block  dx= +0.09cm dy= -0.48cm dtheta=  -0.7deg  OK
  obj_1      block  dx= -0.25cm dy= -0.22cm dtheta=  -0.6deg  OK
  robot      start  dx= -0.64cm dy= -0.06cm dtheta= -74.7deg  ..
----------------------------------------------------------------
OK band: +/-2.0cm, +/-10deg (display only). Enter = run checksum. Ctrl+C = quit.
[2J[Hcheck_build  rb_00182_mirror_x   22:25:44
----------------------------------------------------------------
  wall_10    brick  dx= +0.13cm dy= +0.09cm dtheta=  -1.5deg  OK
  wall_11    brick  dx= +0.32cm dy= -0.19cm dtheta=  +1.9deg  OK
  wall_9     brick  dx= +0.24cm dy= -0.11cm dtheta=  +0.4deg  OK
  obj_4      block  dx= +0.08cm dy= -0.48cm dtheta=  +0.4deg  OK
  obj_1      block  dx= -0.25cm dy= -0.21cm dtheta=  -0.7deg  OK
  robot      start  dx= -0.64cm dy= -0.07cm dtheta= -74.9deg  ..
----------------------------------------------------------------
OK band: +/-2.0cm, +/-10deg (display only). Enter = run checksum. Ctrl+C = quit.
[2J[Hcheck_build  rb_00182_mirror_x   22:25:44
----------------------------------------------------------------
  wall_10    brick  dx= +0.11cm dy= +0.08cm dtheta=  -1.4deg  OK
  wall_11    brick  dx= +0.32cm dy= -0.20cm dtheta=  +1.7deg  OK
  wall_9     brick  dx= +0.26cm dy= -0.12cm dtheta=  +0.4deg  OK
  obj_4      block  dx= +0.07cm dy= -0.46cm dtheta=  +0.9deg  OK
  obj_1      block  dx= -0.26cm dy= -0.21cm dtheta=  -0.7deg  OK
  robot      start  dx= -0.64cm dy= -0.06cm dtheta= -74.7deg  ..
----------------------------------------------------------------
OK band: +/-2.0cm, +/-10deg (display only). Enter = run checksum. Ctrl+C = quit.
[2J[Hcheck_build  rb_00182_mirror_x   22:25:45
----------------------------------------------------------------
  wall_10    brick  dx= +0.12cm dy= +0.09cm dtheta=  -1.4deg  OK
  wall_11    brick  dx= +0.34cm dy= -0.21cm dtheta=  +1.7deg  OK
  wall_9     brick  dx= +0.23cm dy= -0.11cm dtheta=  +0.4deg  OK
  obj_4      block  dx= +0.08cm dy= -0.48cm dtheta=  +0.2deg  OK
  obj_1      block  dx= -0.25cm dy= -0.21cm dtheta=  -0.7deg  OK
  robot      start  dx= -0.63cm dy= -0.09cm dtheta= -74.8deg  ..
----------------------------------------------------------------
OK band: +/-2.0cm, +/-10deg (display only). Enter = run checksum. Ctrl+C = quit.
[2J[Hcheck_build  rb_00182_mirror_x   22:25:45
----------------------------------------------------------------
  wall_10    brick  dx= +0.11cm dy= +0.08cm dtheta=  -1.4deg  OK
  wall_11    brick  dx= +0.32cm dy= -0.19cm dtheta=  +1.8deg  OK
  wall_9     brick  dx= +0.17cm dy= -0.08cm dtheta=  +0.3deg  OK
  obj_4      block  dx= +0.08cm dy= -0.47cm dtheta=  +0.5deg  OK
  obj_1      block  dx= -0.25cm dy= -0.21cm dtheta=  -0.7deg  OK
  robot      start  dx= -0.64cm dy= -0.06cm dtheta= -74.8deg  ..
----------------------------------------------------------------
OK band: +/-2.0cm, +/-10deg (display only). Enter = run checksum. Ctrl+C = quit.
[2J[Hcheck_build  rb_00182_mirror_x   22:25:46
----------------------------------------------------------------
  wall_10    brick  dx= +0.11cm dy= +0.09cm dtheta=  -1.5deg  OK
  wall_11    brick  dx= +0.32cm dy= -0.19cm dtheta=  +1.9deg  OK
  wall_9     brick  dx= +0.19cm dy= -0.09cm dtheta=  +0.4deg  OK
  obj_4      block  dx= +0.09cm dy= -0.48cm dtheta=  -1.0deg  OK
  obj_1      block  dx= -0.25cm dy= -0.22cm dtheta=  -1.6deg  OK
  robot      start  dx= -0.65cm dy= -0.05cm dtheta= -74.7deg  ..
----------------------------------------------------------------
OK band: +/-2.0cm, +/-10deg (display only). Enter = run checksum. Ctrl+C = quit.
  no checksum columns on this sheet, cannot verify the build.
[2J[Hcheck_build  rb_00182_mirror_x   22:25:46
----------------------------------------------------------------
  wall_10    brick  dx= +0.11cm dy= +0.08cm dtheta=  -1.6deg  OK
  wall_11    brick  dx= +0.32cm dy= -0.20cm dtheta=  +1.8deg  OK
  wall_9     brick  dx= +0.17cm dy= -0.08cm dtheta=  +0.5deg  OK
  obj_4      block  dx= +0.08cm dy= -0.46cm dtheta=  -1.0deg  OK
  obj_1      block  dx= -0.25cm dy= -0.21cm dtheta=  -0.7deg  OK
  robot      start  dx= -0.64cm dy= -0.07cm dtheta= -74.7deg  ..
----------------------------------------------------------------
OK band: +/-2.0cm, +/-10deg (display only). Enter = run checksum. Ctrl+C = quit.
[2J[Hcheck_build  rb_00182_mirror_x   22:25:47
----------------------------------------------------------------
  wall_10    brick  dx= +0.10cm dy= +0.08cm dtheta=  -1.4deg  OK
  wall_11    brick  dx= +0.33cm dy= -0.20cm dtheta=  +1.7deg  OK
  wall_9     brick  dx= +0.22cm dy= -0.10cm dtheta=  +0.3deg  OK
  obj_4      block  dx= +0.08cm dy= -0.48cm dtheta=  +0.2deg  OK
  obj_1      block  dx= -0.24cm dy= -0.21cm dtheta=  -0.6deg  OK
  robot      start  dx= -0.64cm dy= -0.05cm dtheta= -74.9deg  ..
----------------------------------------------------------------
OK band: +/-2.0cm, +/-10deg (display only). Enter = run checksum. Ctrl+C = quit.
[2J[Hcheck_build  rb_00182_mirror_x   22:25:47
----------------------------------------------------------------
  wall_10    brick  dx= +0.10cm dy= +0.08cm dtheta=  -1.4deg  OK
  wall_11    brick  dx= +0.33cm dy= -0.20cm dtheta=  +1.7deg  OK
  wall_9     brick  dx= +0.17cm dy= -0.08cm dtheta=  +0.4deg  OK
  obj_4      block  dx= +0.08cm dy= -0.45cm dtheta=  -0.2deg  OK
  obj_1      block  dx= -0.24cm dy= -0.22cm dtheta=  -0.6deg  OK
  robot      start  dx= -0.63cm dy= -0.09cm dtheta= -74.8deg  ..
----------------------------------------------------------------
OK band: +/-2.0cm, +/-10deg (display only). Enter = run checksum. Ctrl+C = quit.
[2J[Hcheck_build  rb_00182_mirror_x   22:25:48
----------------------------------------------------------------
  wall_10    brick  dx= +0.10cm dy= +0.08cm dtheta=  -1.4deg  OK
  wall_11    brick  dx= +0.32cm dy= -0.20cm dtheta=  +1.9deg  OK
  wall_9     brick  dx= +0.22cm dy= -0.10cm dtheta=  +0.6deg  OK
  obj_4      block  dx= +0.08cm dy= -0.47cm dtheta=  +0.3deg  OK
  obj_1      block  dx= -0.24cm dy= -0.22cm dtheta=  -0.7deg  OK
  robot      start  dx= -0.66cm dy= -0.03cm dtheta= -74.7deg  ..
----------------------------------------------------------------
OK band: +/-2.0cm, +/-10deg (display only). Enter = run checksum. Ctrl+C = quit.
[2J[Hcheck_build  rb_00182_mirror_x   22:25:48
----------------------------------------------------------------
  wall_10    brick  dx= +0.11cm dy= +0.09cm dtheta=  -1.4deg  OK
  wall_11    brick  dx= +0.33cm dy= -0.20cm dtheta=  +1.8deg  OK
  wall_9     brick  dx= +0.14cm dy= -0.06cm dtheta=  +0.5deg  OK
  obj_4      block  dx= +0.09cm dy= -0.39cm dtheta=  -0.7deg  OK
  obj_1      block  dx= -0.25cm dy= -0.21cm dtheta=  -0.7deg  OK
  robot      start  dx= -0.64cm dy= -0.06cm dtheta= -74.8deg  ..
----------------------------------------------------------------
OK band: +/-2.0cm, +/-10deg (display only). Enter = run checksum. Ctrl+C = quit.
[2J[Hcheck_build  rb_00182_mirror_x   22:25:49
----------------------------------------------------------------
  wall_10    brick  dx= +0.11cm dy= +0.08cm dtheta=  -1.4deg  OK
  wall_11    brick  dx= +0.32cm dy= -0.19cm dtheta=  +1.8deg  OK
  wall_9     brick  dx= +0.15cm dy= -0.07cm dtheta=  +0.5deg  OK
  obj_4      block  dx= +0.08cm dy= -0.48cm dtheta=  +0.5deg  OK
  obj_1      block  dx= -0.25cm dy= -0.21cm dtheta=  -0.7deg  OK
  robot      start  dx= -0.64cm dy= -0.07cm dtheta= -74.8deg  ..
----------------------------------------------------------------
OK band: +/-2.0cm, +/-10deg (display only). Enter = run checksum. Ctrl+C = quit.
[2J[Hcheck_build  rb_00182_mirror_x   22:25:49
----------------------------------------------------------------
  wall_10    brick  dx= +0.10cm dy= +0.08cm dtheta=  -1.4deg  OK
  wall_11    brick  dx= +0.32cm dy= -0.19cm dtheta=  +1.7deg  OK
  wall_9     brick  dx= +0.20cm dy= -0.09cm dtheta=  +0.5deg  OK
  obj_4      block  dx= +0.09cm dy= -0.40cm dtheta=  -0.8deg  OK
  obj_1      block  dx= -0.24cm dy= -0.22cm dtheta=  -0.7deg  OK
  robot      start  dx= -0.65cm dy= -0.04cm dtheta= -74.8deg  ..
----------------------------------------------------------------
OK band: +/-2.0cm, +/-10deg (display only). Enter = run checksum. Ctrl+C = quit.
[2J[Hcheck_build  rb_00182_mirror_x   22:25:50
----------------------------------------------------------------
  wall_10    brick  dx= +0.11cm dy= +0.09cm dtheta=  -1.4deg  OK
  wall_11    brick  dx= +0.32cm dy= -0.19cm dtheta=  +1.8deg  OK
  wall_9     brick  dx= +0.23cm dy= -0.11cm dtheta=  +0.4deg  OK
  obj_4      block  dx= +0.08cm dy= -0.48cm dtheta=  +0.4deg  OK
  obj_1      block  dx= -0.25cm dy= -0.22cm dtheta=  -0.6deg  OK
  robot      start  dx= -0.65cm dy= -0.05cm dtheta= -74.8deg  ..
----------------------------------------------------------------
OK band: +/-2.0cm, +/-10deg (display only). Enter = run checksum. Ctrl+C = quit.
[2J[Hcheck_build  rb_00182_mirror_x   22:25:50
----------------------------------------------------------------
  wall_10    brick  dx= +0.11cm dy= +0.09cm dtheta=  -1.4deg  OK
  wall_11    brick  dx= +0.32cm dy= -0.19cm dtheta=  +1.9deg  OK
  wall_9     brick  dx= +0.18cm dy= -0.07cm dtheta=  +0.8deg  OK
  obj_4      block  dx= +0.08cm dy= -0.48cm dtheta=  +0.0deg  OK
  obj_1      block  dx= -0.25cm dy= -0.22cm dtheta=  -0.6deg  OK
  robot      start  dx= -0.62cm dy= -0.11cm dtheta= -74.8deg  ..
----------------------------------------------------------------
OK band: +/-2.0cm, +/-10deg (display only). Enter = run checksum. Ctrl+C = quit.
[2J[Hcheck_build  rb_00182_mirror_x   22:25:51
----------------------------------------------------------------
  wall_10    brick  dx= +0.12cm dy= +0.09cm dtheta=  -1.4deg  OK
  wall_11    brick  dx= +0.31cm dy= -0.19cm dtheta=  +1.9deg  OK
  wall_9     brick  dx= +0.18cm dy= -0.08cm dtheta=  +0.5deg  OK
  obj_4      block  dx= +0.07cm dy= -0.47cm dtheta=  +0.8deg  OK
  obj_1      block  dx= -0.25cm dy= -0.21cm dtheta=  -0.6deg  OK
  robot      start  dx= -0.66cm dy= -0.02cm dtheta= -74.8deg  ..
----------------------------------------------------------------
OK band: +/-2.0cm, +/-10deg (display only). Enter = run checksum. Ctrl+C = quit.
[2J[Hcheck_build  rb_00182_mirror_x   22:25:51
----------------------------------------------------------------
  wall_10    brick  dx= +0.10cm dy= +0.08cm dtheta=  -1.4deg  OK
  wall_11    brick  dx= +0.31cm dy= -0.18cm dtheta=  +1.8deg  OK
  wall_9     brick  dx= +0.20cm dy= -0.09cm dtheta=  +0.6deg  OK
  obj_4      block  dx= +0.09cm dy= -0.48cm dtheta=  -0.8deg  OK
  obj_1      block  dx= -0.25cm dy= -0.22cm dtheta=  -1.6deg  OK
  robot      start  dx= -0.64cm dy= -0.07cm dtheta= -74.8deg  ..
----------------------------------------------------------------
OK band: +/-2.0cm, +/-10deg (display only). Enter = run checksum. Ctrl+C = quit.
[2J[Hcheck_build  rb_00182_mirror_x   22:25:52
----------------------------------------------------------------
  wall_10    brick  dx= +0.09cm dy= +0.07cm dtheta=  -1.4deg  OK
  wall_11    brick  dx= +0.33cm dy= -0.20cm dtheta=  +1.7deg  OK
  wall_9     brick  dx= +0.11cm dy= -0.05cm dtheta=  +0.4deg  OK
  obj_4      block  dx= +0.07cm dy= -0.46cm dtheta=  -1.8deg  OK
  obj_1      block  dx= -0.25cm dy= -0.21cm dtheta=  -0.6deg  OK
  robot      start  dx= -0.64cm dy= -0.07cm dtheta= -74.7deg  ..
----------------------------------------------------------------
OK band: +/-2.0cm, +/-10deg (display only). Enter = run checksum. Ctrl+C = quit.
[2J[Hcheck_build  rb_00182_mirror_x   22:25:52
----------------------------------------------------------------
  wall_10    brick  dx= +0.10cm dy= +0.08cm dtheta=  -1.4deg  OK
  wall_11    brick  dx= +0.31cm dy= -0.19cm dtheta=  +1.9deg  OK
  wall_9     brick  dx= +0.21cm dy= -0.10cm dtheta=  +0.4deg  OK
  obj_4      block  dx= +0.09cm dy= -0.49cm dtheta=  -0.5deg  OK
  obj_1      block  dx= -0.25cm dy= -0.21cm dtheta=  -0.6deg  OK
  robot      start  dx= -0.64cm dy= -0.06cm dtheta= -74.9deg  ..
----------------------------------------------------------------
OK band: +/-2.0cm, +/-10deg (display only). Enter = run checksum. Ctrl+C = quit.
[2J[Hcheck_build  rb_00182_mirror_x   22:25:53
----------------------------------------------------------------
  wall_10    brick  dx= +0.09cm dy= +0.07cm dtheta=  -1.4deg  OK
  wall_11    brick  dx= +0.32cm dy= -0.19cm dtheta=  +1.8deg  OK
  wall_9     brick  dx= +0.17cm dy= -0.08cm dtheta=  +0.5deg  OK
  obj_4      block  dx= +0.09cm dy= -0.48cm dtheta=  -0.7deg  OK
  obj_1      block  dx= -0.24cm dy= -0.22cm dtheta=  -0.6deg  OK
  robot      start  dx= -0.65cm dy= -0.05cm dtheta= -74.7deg  ..
----------------------------------------------------------------
OK band: +/-2.0cm, +/-10deg (display only). Enter = run checksum. Ctrl+C = quit.
[2J[Hcheck_build  rb_00182_mirror_x   22:25:53
----------------------------------------------------------------
  wall_10    brick  dx= +0.10cm dy= +0.08cm dtheta=  -1.4deg  OK
  wall_11    brick  dx= +0.33cm dy= -0.20cm dtheta=  +1.7deg  OK
  wall_9     brick  dx= +0.13cm dy= -0.06cm dtheta=  +0.6deg  OK
  obj_4      block  dx= +0.07cm dy= -0.45cm dtheta=  -1.8deg  OK
  obj_1      block  dx= -0.25cm dy= -0.21cm dtheta=  -0.6deg  OK
  robot      start  dx= -0.65cm dy= -0.04cm dtheta= -74.8deg  ..
----------------------------------------------------------------
OK band: +/-2.0cm, +/-10deg (display only). Enter = run checksum. Ctrl+C = quit.
[2J[Hcheck_build  rb_00182_mirror_x   22:25:54
----------------------------------------------------------------
  wall_10    brick  dx= +0.12cm dy= +0.09cm dtheta=  -1.4deg  OK
  wall_11    brick  dx= +0.32cm dy= -0.20cm dtheta=  +1.8deg  OK
  wall_9     brick  dx= +0.18cm dy= -0.08cm dtheta=  +0.5deg  OK
  obj_4      block  dx= +0.08cm dy= -0.47cm dtheta=  -0.8deg  OK
  obj_1      block  dx= -0.24cm dy= -0.21cm dtheta=  -0.7deg  OK
  robot      start  dx= -0.63cm dy= -0.08cm dtheta= -74.8deg  ..
----------------------------------------------------------------
OK band: +/-2.0cm, +/-10deg (display only). Enter = run checksum. Ctrl+C = quit.
[2J[Hcheck_build  rb_00182_mirror_x   22:25:54
----------------------------------------------------------------
  wall_10    brick  dx= +0.09cm dy= +0.07cm dtheta=  -1.4deg  OK
  wall_11    brick  dx= +0.32cm dy= -0.20cm dtheta=  +1.9deg  OK
  wall_9     brick  dx= +0.18cm dy= -0.09cm dtheta=  +0.4deg  OK
  obj_4      block  dx= +0.08cm dy= -0.48cm dtheta=  -0.2deg  OK
  obj_1      block  dx= -0.25cm dy= -0.21cm dtheta=  -0.7deg  OK
  robot      start  dx= -0.63cm dy= -0.09cm dtheta= -74.8deg  ..
----------------------------------------------------------------
OK band: +/-2.0cm, +/-10deg (display only). Enter = run checksum. Ctrl+C = quit.
[2J[Hcheck_build  rb_00182_mirror_x   22:25:55
----------------------------------------------------------------
  wall_10    brick  dx= +0.11cm dy= +0.08cm dtheta=  -1.5deg  OK
  wall_11    brick  dx= +0.33cm dy= -0.20cm dtheta=  +1.8deg  OK
  wall_9     brick  dx= +0.19cm dy= -0.09cm dtheta=  +0.5deg  OK
  obj_4      block  dx= +0.08cm dy= -0.48cm dtheta=  -0.2deg  OK
  obj_1      block  dx= -0.25cm dy= -0.21cm dtheta=  -0.6deg  OK
  robot      start  dx= -0.64cm dy= -0.06cm dtheta= -74.8deg  ..
----------------------------------------------------------------
OK band: +/-2.0cm, +/-10deg (display only). Enter = run checksum. Ctrl+C = quit.
[2J[Hcheck_build  rb_00182_mirror_x   22:25:55
----------------------------------------------------------------
  wall_10    brick  dx= +0.12cm dy= +0.09cm dtheta=  -1.5deg  OK
  wall_11    brick  dx= +0.33cm dy= -0.20cm dtheta=  +1.8deg  OK
  wall_9     brick  dx= +0.17cm dy= -0.08cm dtheta=  +0.6deg  OK
  obj_4      block  dx= +0.08cm dy= -0.48cm dtheta=  +0.1deg  OK
  obj_1      block  dx= -0.25cm dy= -0.21cm dtheta=  -0.7deg  OK
  robot      start  dx= -0.64cm dy= -0.05cm dtheta= -74.7deg  ..
----------------------------------------------------------------
OK band: +/-2.0cm, +/-10deg (display only). Enter = run checksum. Ctrl+C = quit.
[2J[Hcheck_build  rb_00182_mirror_x   22:25:56
----------------------------------------------------------------
  wall_10    brick  dx= +0.10cm dy= +0.08cm dtheta=  -1.4deg  OK
  wall_11    brick  dx= +0.31cm dy= -0.19cm dtheta=  +1.9deg  OK
  wall_9     brick  dx= +0.22cm dy= -0.11cm dtheta=  +0.3deg  OK
  obj_4      block  dx= +0.09cm dy= -0.39cm dtheta=  -0.8deg  OK
  obj_1      block  dx= -0.25cm dy= -0.22cm dtheta=  -1.5deg  OK
  robot      start  dx= -0.65cm dy= -0.04cm dtheta= -74.7deg  ..
----------------------------------------------------------------
OK band: +/-2.0cm, +/-10deg (display only). Enter = run checksum. Ctrl+C = quit.
  no checksum columns on this sheet, cannot verify the build.
[2J[Hcheck_build  rb_00182_mirror_x   22:25:56
----------------------------------------------------------------
  wall_10    brick  dx= +0.10cm dy= +0.08cm dtheta=  -1.5deg  OK
  wall_11    brick  dx= +0.32cm dy= -0.19cm dtheta=  +1.8deg  OK
  wall_9     brick  dx= +0.15cm dy= -0.07cm dtheta=  +0.4deg  OK
  obj_4      block  dx= +0.09cm dy= -0.44cm dtheta=  -1.1deg  OK
  obj_1      block  dx= -0.25cm dy= -0.21cm dtheta=  -0.7deg  OK
  robot      start  dx= -0.66cm dy= -0.02cm dtheta= -74.8deg  ..
----------------------------------------------------------------
OK band: +/-2.0cm, +/-10deg (display only). Enter = run checksum. Ctrl+C = quit.
[2J[Hcheck_build  rb_00182_mirror_x   22:25:57
----------------------------------------------------------------
  wall_10    brick  dx= +0.11cm dy= +0.08cm dtheta=  -1.4deg  OK
  wall_11    brick  dx= +0.35cm dy= -0.22cm dtheta=  +1.7deg  OK
  wall_9     brick  dx= +0.24cm dy= -0.11cm dtheta=  +0.4deg  OK
  obj_4      block  dx= +0.08cm dy= -0.48cm dtheta=  -0.0deg  OK
  obj_1      block  dx= -0.25cm dy= -0.21cm dtheta=  -0.7deg  OK
  robot      start  dx= -0.63cm dy= -0.09cm dtheta= -74.8deg  ..
----------------------------------------------------------------
OK band: +/-2.0cm, +/-10deg (display only). Enter = run checksum. Ctrl+C = quit.
[2J[Hcheck_build  rb_00182_mirror_x   22:25:57
----------------------------------------------------------------
  wall_10    brick  dx= +0.10cm dy= +0.08cm dtheta=  -1.4deg  OK
  wall_11    brick  dx= +0.32cm dy= -0.20cm dtheta=  +1.7deg  OK
  wall_9     brick  dx= +0.17cm dy= -0.07cm dtheta=  +0.5deg  OK
  obj_4      block  dx= +0.08cm dy= -0.48cm dtheta=  +0.3deg  OK
  obj_1      block  dx= -0.25cm dy= -0.21cm dtheta=  -0.6deg  OK
  robot      start  dx= -0.65cm dy= -0.03cm dtheta= -74.8deg  ..
----------------------------------------------------------------
OK band: +/-2.0cm, +/-10deg (display only). Enter = run checksum. Ctrl+C = quit.
[2J[Hcheck_build  rb_00182_mirror_x   22:25:58
----------------------------------------------------------------
  wall_10    brick  dx= +0.11cm dy= +0.08cm dtheta=  -1.4deg  OK
  wall_11    brick  dx= +0.31cm dy= -0.18cm dtheta=  +1.8deg  OK
  wall_9     brick  dx= +0.26cm dy= -0.12cm dtheta=  +0.4deg  OK
  obj_4      block  dx= +0.09cm dy= -0.47cm dtheta=  -1.2deg  OK
  obj_1      block  dx= -0.25cm dy= -0.21cm dtheta=  -0.6deg  OK
  robot      start  dx= -0.64cm dy= -0.06cm dtheta= -74.7deg  ..
----------------------------------------------------------------
OK band: +/-2.0cm, +/-10deg (display only). Enter = run checksum. Ctrl+C = quit.
[2J[Hcheck_build  rb_00182_mirror_x   22:25:58
----------------------------------------------------------------
  wall_10    brick  dx= +0.11cm dy= +0.09cm dtheta=  -1.4deg  OK
  wall_11    brick  dx= +0.33cm dy= -0.20cm dtheta=  +1.8deg  OK
  wall_9     brick  dx= +0.15cm dy= -0.07cm dtheta=  +0.5deg  OK
  obj_4      block  dx= +0.09cm dy= -0.48cm dtheta=  -0.3deg  OK
  obj_1      block  dx= -0.24cm dy= -0.22cm dtheta=  -0.7deg  OK
  robot      start  dx= -0.67cm dy= -0.01cm dtheta= -74.8deg  ..
----------------------------------------------------------------
OK band: +/-2.0cm, +/-10deg (display only). Enter = run checksum. Ctrl+C = quit.
[2J[Hcheck_build  rb_00182_mirror_x   22:25:59
----------------------------------------------------------------
  wall_10    brick  dx= +0.11cm dy= +0.08cm dtheta=  -1.4deg  OK
  wall_11    brick  dx= +0.33cm dy= -0.20cm dtheta=  +1.8deg  OK
  wall_9     brick  dx= +0.21cm dy= -0.10cm dtheta=  +0.3deg  OK
  obj_4      block  dx= +0.08cm dy= -0.46cm dtheta=  -1.4deg  OK
  obj_1      block  dx= -0.24cm dy= -0.22cm dtheta=  -0.7deg  OK
  robot      start  dx= -0.64cm dy= -0.07cm dtheta= -74.7deg  ..
----------------------------------------------------------------
OK band: +/-2.0cm, +/-10deg (display only). Enter = run checksum. Ctrl+C = quit.
[2J[Hcheck_build  rb_00182_mirror_x   22:25:59
----------------------------------------------------------------
  wall_10    brick  dx= +0.11cm dy= +0.08cm dtheta=  -1.4deg  OK
  wall_11    brick  dx= +0.32cm dy= -0.19cm dtheta=  +1.8deg  OK
  wall_9     brick  dx= +0.19cm dy= -0.09cm dtheta=  +0.3deg  OK
  obj_4      block  dx= +0.08cm dy= -0.48cm dtheta=  +0.1deg  OK
  obj_1      block  dx= -0.25cm dy= -0.21cm dtheta=  -0.6deg  OK
  robot      start  dx= -0.64cm dy= -0.08cm dtheta= -74.9deg  ..
----------------------------------------------------------------
OK band: +/-2.0cm, +/-10deg (display only). Enter = run checksum. Ctrl+C = quit.
[2J[Hcheck_build  rb_00182_mirror_x   22:26:00
----------------------------------------------------------------
  wall_10    brick  dx= +0.11cm dy= +0.09cm dtheta=  -1.4deg  OK
  wall_11    brick  dx= +0.33cm dy= -0.21cm dtheta=  +1.7deg  OK
  wall_9     brick  dx= +0.24cm dy= -0.11cm dtheta=  +0.4deg  OK
  obj_4      block  dx= +0.08cm dy= -0.46cm dtheta=  +0.4deg  OK
  obj_1      block  dx= -0.24cm dy= -0.22cm dtheta=  -0.7deg  OK
  robot      start  dx= -0.64cm dy= -0.05cm dtheta= -74.8deg  ..
----------------------------------------------------------------
OK band: +/-2.0cm, +/-10deg (display only). Enter = run checksum. Ctrl+C = quit.
[2J[Hcheck_build  rb_00182_mirror_x   22:26:00
----------------------------------------------------------------
  wall_10    brick  dx= +0.09cm dy= +0.08cm dtheta=  -1.3deg  OK
  wall_11    brick  dx= +0.32cm dy= -0.20cm dtheta=  +1.8deg  OK
  wall_9     brick  dx= +0.24cm dy= -0.11cm dtheta=  +0.5deg  OK
  obj_4      block  dx= +0.08cm dy= -0.48cm dtheta=  -0.9deg  OK
  obj_1      block  dx= -0.25cm dy= -0.21cm dtheta=  -0.6deg  OK
  robot      start  dx= -0.63cm dy= -0.08cm dtheta= -74.8deg  ..
----------------------------------------------------------------
OK band: +/-2.0cm, +/-10deg (display only). Enter = run checksum. Ctrl+C = quit.
[2J[Hcheck_build  rb_00182_mirror_x   22:26:01
----------------------------------------------------------------
  wall_10    brick  dx= +0.10cm dy= +0.08cm dtheta=  -1.4deg  OK
  wall_11    brick  dx= +0.34cm dy= -0.21cm dtheta=  +1.7deg  OK
  wall_9     brick  dx= +0.18cm dy= -0.08cm dtheta=  +0.5deg  OK
  obj_4      block  dx= +0.08cm dy= -0.48cm dtheta=  -0.1deg  OK
  obj_1      block  dx= -0.25cm dy= -0.21cm dtheta=  -0.7deg  OK
  robot      start  dx= -0.64cm dy= -0.06cm dtheta= -74.8deg  ..
----------------------------------------------------------------
OK band: +/-2.0cm, +/-10deg (display only). Enter = run checksum. Ctrl+C = quit.
[2J[Hcheck_build  rb_00182_mirror_x   22:26:01
----------------------------------------------------------------
  wall_10    brick  dx= +0.11cm dy= +0.09cm dtheta=  -1.4deg  OK
  wall_11    brick  dx= +0.33cm dy= -0.20cm dtheta=  +1.9deg  OK
  wall_9     brick  dx= +0.18cm dy= -0.08cm dtheta=  +0.5deg  OK
  obj_4      block  dx= +0.08cm dy= -0.46cm dtheta=  -1.7deg  OK
  obj_1      block  dx= -0.25cm dy= -0.22cm dtheta=  -0.7deg  OK
  robot      start  dx= -0.64cm dy= -0.06cm dtheta= -74.7deg  ..
----------------------------------------------------------------
OK band: +/-2.0cm, +/-10deg (display only). Enter = run checksum. Ctrl+C = quit.
[2J[Hcheck_build  rb_00182_mirror_x   22:26:02
----------------------------------------------------------------
  wall_10    brick  dx= +0.09cm dy= +0.07cm dtheta=  -1.4deg  OK
  wall_11    brick  dx= +0.32cm dy= -0.20cm dtheta=  +1.7deg  OK
  wall_9     brick  dx= +0.20cm dy= -0.09cm dtheta=  +0.3deg  OK
  obj_4      block  dx= +0.08cm dy= -0.48cm dtheta=  +0.1deg  OK
  obj_1      block  dx= -0.24cm dy= -0.22cm dtheta=  -0.6deg  OK
  robot      start  dx= -0.64cm dy= -0.07cm dtheta= -74.7deg  ..
----------------------------------------------------------------
OK band: +/-2.0cm, +/-10deg (display only). Enter = run checksum. Ctrl+C = quit.
[2J[Hcheck_build  rb_00182_mirror_x   22:26:02
----------------------------------------------------------------
  wall_10    brick  dx= +0.09cm dy= +0.07cm dtheta=  -1.4deg  OK
  wall_11    brick  dx= +0.32cm dy= -0.19cm dtheta=  +1.8deg  OK
  wall_9     brick  dx= +0.20cm dy= -0.10cm dtheta=  +0.4deg  OK
  obj_4      block  dx= +0.08cm dy= -0.47cm dtheta=  -0.1deg  OK
  obj_1      block  dx= -0.25cm dy= -0.22cm dtheta=  -0.7deg  OK
  robot      start  dx= -0.64cm dy= -0.07cm dtheta= -74.9deg  ..
----------------------------------------------------------------
OK band: +/-2.0cm, +/-10deg (display only). Enter = run checksum. Ctrl+C = quit.
[2J[Hcheck_build  rb_00182_mirror_x   22:26:03
----------------------------------------------------------------
  wall_10    brick  dx= +0.11cm dy= +0.09cm dtheta=  -1.3deg  OK
  wall_11    brick  dx= +0.32cm dy= -0.19cm dtheta=  +1.8deg  OK
  wall_9     brick  dx= +0.18cm dy= -0.09cm dtheta=  +0.3deg  OK
  obj_4      block  dx= +0.08cm dy= -0.48cm dtheta=  +0.3deg  OK
  obj_1      block  dx= -0.25cm dy= -0.21cm dtheta=  -0.6deg  OK
  robot      start  dx= -0.64cm dy= -0.07cm dtheta= -74.8deg  ..
----------------------------------------------------------------
OK band: +/-2.0cm, +/-10deg (display only). Enter = run checksum. Ctrl+C = quit.
[2J[Hcheck_build  rb_00182_mirror_x   22:26:03
----------------------------------------------------------------
  wall_10    brick  dx= +0.09cm dy= +0.08cm dtheta=  -1.4deg  OK
  wall_11    brick  dx= +0.33cm dy= -0.20cm dtheta=  +1.8deg  OK
  wall_9     brick  dx= +0.24cm dy= -0.11cm dtheta=  +0.4deg  OK
  obj_4      block  dx= +0.08cm dy= -0.48cm dtheta=  -0.1deg  OK
  obj_1      block  dx= -0.26cm dy= -0.21cm dtheta=  -0.7deg  OK
  robot      start  dx= -0.65cm dy= -0.05cm dtheta= -74.7deg  ..
----------------------------------------------------------------
OK band: +/-2.0cm, +/-10deg (display only). Enter = run checksum. Ctrl+C = quit.
[2J[Hcheck_build  rb_00182_mirror_x   22:26:04
----------------------------------------------------------------
  wall_10    brick  dx= +0.09cm dy= +0.08cm dtheta=  -1.4deg  OK
  wall_11    brick  dx= +0.34cm dy= -0.21cm dtheta=  +1.8deg  OK
  wall_9     brick  dx= +0.14cm dy= -0.06cm dtheta=  +0.6deg  OK
  obj_4      block  dx= +0.08cm dy= -0.47cm dtheta=  -0.8deg  OK
  obj_1      block  dx= -0.25cm dy= -0.21cm dtheta=  -0.6deg  OK
  robot      start  dx= -0.65cm dy= -0.06cm dtheta= -74.8deg  ..
----------------------------------------------------------------
OK band: +/-2.0cm, +/-10deg (display only). Enter = run checksum. Ctrl+C = quit.
[2J[Hcheck_build  rb_00182_mirror_x   22:26:04
----------------------------------------------------------------
  wall_10    brick  dx= +0.12cm dy= +0.09cm dtheta=  -1.4deg  OK
  wall_11    brick  dx= +0.32cm dy= -0.20cm dtheta=  +1.8deg  OK
  wall_9     brick  dx= +0.26cm dy= -0.12cm dtheta=  +0.3deg  OK
  obj_4      block  dx= +0.08cm dy= -0.49cm dtheta=  -0.5deg  OK
  obj_1      block  dx= -0.25cm dy= -0.21cm dtheta=  -0.6deg  OK
  robot      start  dx= -0.64cm dy= -0.06cm dtheta= -74.8deg  ..
----------------------------------------------------------------
OK band: +/-2.0cm, +/-10deg (display only). Enter = run checksum. Ctrl+C = quit.
[2J[Hcheck_build  rb_00182_mirror_x   22:26:05
----------------------------------------------------------------
  wall_10    brick  dx= +0.10cm dy= +0.08cm dtheta=  -1.4deg  OK
  wall_11    brick  dx= +0.32cm dy= -0.19cm dtheta=  +1.8deg  OK
  wall_9     brick  dx= +0.15cm dy= -0.07cm dtheta=  +0.6deg  OK
  obj_4      block  dx= +0.08cm dy= -0.48cm dtheta=  -0.4deg  OK
  obj_1      block  dx= -0.24cm dy= -0.21cm dtheta=  -0.7deg  OK
  robot      start  dx= -0.63cm dy= -0.08cm dtheta= -74.8deg  ..
----------------------------------------------------------------
OK band: +/-2.0cm, +/-10deg (display only). Enter = run checksum. Ctrl+C = quit.
[2J[Hcheck_build  rb_00182_mirror_x   22:26:05
----------------------------------------------------------------
  wall_10    brick  dx= +0.10cm dy= +0.08cm dtheta=  -1.4deg  OK
  wall_11    brick  dx= +0.31cm dy= -0.19cm dtheta=  +1.9deg  OK
  wall_9     brick  dx= +0.23cm dy= -0.11cm dtheta=  +0.4deg  OK
  obj_4      block  dx= +0.08cm dy= -0.48cm dtheta=  +0.1deg  OK
  obj_1      block  dx= -0.25cm dy= -0.21cm dtheta=  -0.6deg  OK
  robot      start  dx= -0.64cm dy= -0.07cm dtheta= -74.7deg  ..
----------------------------------------------------------------
OK band: +/-2.0cm, +/-10deg (display only). Enter = run checksum. Ctrl+C = quit.
[2J[Hcheck_build  rb_00182_mirror_x   22:26:06
----------------------------------------------------------------
  wall_10    brick  dx= +0.11cm dy= +0.08cm dtheta=  -1.3deg  OK
  wall_11    brick  dx= +0.33cm dy= -0.20cm dtheta=  +1.8deg  OK
  wall_9     brick  dx= +0.19cm dy= -0.09cm dtheta=  +0.4deg  OK
  obj_4      block  dx= +0.08cm dy= -0.46cm dtheta=  -0.2deg  OK
  obj_1      block  dx= -0.25cm dy= -0.22cm dtheta=  -0.7deg  OK
  robot      start  dx= -0.65cm dy= -0.05cm dtheta= -74.7deg  ..
----------------------------------------------------------------
OK band: +/-2.0cm, +/-10deg (display only). Enter = run checksum. Ctrl+C = quit.
[2J[Hcheck_build  rb_00182_mirror_x   22:26:06
----------------------------------------------------------------
  wall_10    brick  dx= +0.11cm dy= +0.08cm dtheta=  -1.4deg  OK
  wall_11    brick  dx= +0.32cm dy= -0.19cm dtheta=  +1.9deg  OK
  wall_9     brick  dx= +0.21cm dy= -0.09cm dtheta=  +0.5deg  OK
  obj_4      block  dx= +0.08cm dy= -0.49cm dtheta=  +0.2deg  OK
  obj_1      block  dx= -0.25cm dy= -0.21cm dtheta=  -0.6deg  OK
  robot      start  dx= -0.65cm dy= -0.04cm dtheta= -74.7deg  ..
----------------------------------------------------------------
OK band: +/-2.0cm, +/-10deg (display only). Enter = run checksum. Ctrl+C = quit.
  no checksum columns on this sheet, cannot verify the build.
[2J[Hcheck_build  rb_00182_mirror_x   22:26:07
----------------------------------------------------------------
  wall_10    brick  dx= +0.08cm dy= +0.07cm dtheta=  -1.4deg  OK
  wall_11    brick  dx= +0.33cm dy= -0.20cm dtheta=  +1.8deg  OK
  wall_9     brick  dx= +0.17cm dy= -0.08cm dtheta=  +0.6deg  OK
  obj_4      block  dx= +0.07cm dy= -0.46cm dtheta=  +0.9deg  OK
  obj_1      block  dx= -0.25cm dy= -0.21cm dtheta=  -0.6deg  OK
  robot      start  dx= -0.62cm dy= -0.10cm dtheta= -74.9deg  ..
----------------------------------------------------------------
OK band: +/-2.0cm, +/-10deg (display only). Enter = run checksum. Ctrl+C = quit.
[2J[Hcheck_build  rb_00182_mirror_x   22:26:07
----------------------------------------------------------------
  wall_10    brick  dx= +0.10cm dy= +0.08cm dtheta=  -1.4deg  OK
  wall_11    brick  dx= +0.30cm dy= -0.17cm dtheta=  +1.9deg  OK
  wall_9     brick  dx= +0.18cm dy= -0.08cm dtheta=  +0.5deg  OK
  obj_4      block  dx= +0.09cm dy= -0.48cm dtheta=  -0.8deg  OK
  obj_1      block  dx= -0.25cm dy= -0.21cm dtheta=  -0.6deg  OK
  robot      start  dx= -0.64cm dy= -0.07cm dtheta= -74.8deg  ..
----------------------------------------------------------------
OK band: +/-2.0cm, +/-10deg (display only). Enter = run checksum. Ctrl+C = quit.
[2J[Hcheck_build  rb_00182_mirror_x   22:26:08
----------------------------------------------------------------
  wall_10    brick  dx= +0.10cm dy= +0.08cm dtheta=  -1.4deg  OK
  wall_11    brick  dx= +0.33cm dy= -0.20cm dtheta=  +1.8deg  OK
  wall_9     brick  dx= +0.23cm dy= -0.11cm dtheta=  +0.3deg  OK
  obj_4      block  dx= +0.08cm dy= -0.48cm dtheta=  -0.2deg  OK
  obj_1      block  dx= -0.24cm dy= -0.22cm dtheta=  -0.6deg  OK
  robot      start  dx= -0.65cm dy= -0.05cm dtheta= -74.7deg  ..
----------------------------------------------------------------
OK band: +/-2.0cm, +/-10deg (display only). Enter = run checksum. Ctrl+C = quit.
[2J[Hcheck_build  rb_00182_mirror_x   22:26:08
----------------------------------------------------------------
  wall_10    brick  dx= +0.11cm dy= +0.08cm dtheta=  -1.5deg  OK
  wall_11    brick  dx= +0.31cm dy= -0.18cm dtheta=  +1.9deg  OK
  wall_9     brick  dx= +0.24cm dy= -0.11cm dtheta=  +0.4deg  OK
  obj_4      block  dx= +0.09cm dy= -0.39cm dtheta=  -0.8deg  OK
  obj_1      block  dx= -0.25cm dy= -0.21cm dtheta=  -0.7deg  OK
  robot      start  dx= -0.65cm dy= -0.06cm dtheta= -74.9deg  ..
----------------------------------------------------------------
OK band: +/-2.0cm, +/-10deg (display only). Enter = run checksum. Ctrl+C = quit.
[2J[Hcheck_build  rb_00182_mirror_x   22:26:09
----------------------------------------------------------------
  wall_10    brick  dx= +0.13cm dy= +0.09cm dtheta=  -1.5deg  OK
  wall_11    brick  dx= +0.32cm dy= -0.19cm dtheta=  +1.7deg  OK
  wall_9     brick  dx= +0.22cm dy= -0.10cm dtheta=  +0.3deg  OK
  obj_4      block  dx= +0.08cm dy= -0.48cm dtheta=  +0.2deg  OK
  obj_1      block  dx= -0.24cm dy= -0.22cm dtheta=  -0.6deg  OK
  robot      start  dx= -0.66cm dy= -0.03cm dtheta= -74.8deg  ..
----------------------------------------------------------------
OK band: +/-2.0cm, +/-10deg (display only). Enter = run checksum. Ctrl+C = quit.
[2J[Hcheck_build  rb_00182_mirror_x   22:26:09
----------------------------------------------------------------
  wall_10    brick  dx= +0.09cm dy= +0.08cm dtheta=  -1.4deg  OK
  wall_11    brick  dx= +0.32cm dy= -0.19cm dtheta=  +1.7deg  OK
  wall_9     brick  dx= +0.22cm dy= -0.10cm dtheta=  +0.3deg  OK
  obj_4      block  dx= +0.08cm dy= -0.48cm dtheta=  +0.0deg  OK
  obj_1      block  dx= -0.24cm dy= -0.22cm dtheta=  -0.7deg  OK
  robot      start  dx= -0.64cm dy= -0.07cm dtheta= -74.8deg  ..
----------------------------------------------------------------
OK band: +/-2.0cm, +/-10deg (display only). Enter = run checksum. Ctrl+C = quit.
[2J[Hcheck_build  rb_00182_mirror_x   22:26:10
----------------------------------------------------------------
  wall_10    brick  dx= +0.10cm dy= +0.08cm dtheta=  -1.5deg  OK
  wall_11    brick  dx= +0.31cm dy= -0.18cm dtheta=  +1.8deg  OK
  wall_9     brick  dx= +0.23cm dy= -0.11cm dtheta=  +0.3deg  OK
  obj_4      block  dx= +0.08cm dy= -0.47cm dtheta=  -1.3deg  OK
  obj_1      block  dx= -0.25cm dy= -0.21cm dtheta=  -0.6deg  OK
  robot      start  dx= -0.64cm dy= -0.07cm dtheta= -74.8deg  ..
----------------------------------------------------------------
OK band: +/-2.0cm, +/-10deg (display only). Enter = run checksum. Ctrl+C = quit.
[2J[Hcheck_build  rb_00182_mirror_x   22:26:10
----------------------------------------------------------------
  wall_10    brick  dx= +0.10cm dy= +0.08cm dtheta=  -1.4deg  OK
  wall_11    brick  dx= +0.33cm dy= -0.20cm dtheta=  +1.8deg  OK
  wall_9     brick  dx= +0.22cm dy= -0.10cm dtheta=  +0.3deg  OK
  obj_4      block  dx= +0.08cm dy= -0.47cm dtheta=  -0.1deg  OK
  obj_1      block  dx= -0.25cm dy= -0.21cm dtheta=  -0.6deg  OK
  robot      start  dx= -0.62cm dy= -0.10cm dtheta= -74.9deg  ..
----------------------------------------------------------------
OK band: +/-2.0cm, +/-10deg (display only). Enter = run checksum. Ctrl+C = quit.
[2J[Hcheck_build  rb_00182_mirror_x   22:26:11
----------------------------------------------------------------
  wall_10    brick  dx= +0.09cm dy= +0.08cm dtheta=  -1.4deg  OK
  wall_11    brick  dx= +0.32cm dy= -0.19cm dtheta=  +1.8deg  OK
  wall_9     brick  dx= +0.20cm dy= -0.09cm dtheta=  +0.5deg  OK
  obj_4      block  dx= +0.09cm dy= -0.49cm dtheta=  +0.0deg  OK
  obj_1      block  dx= -0.25cm dy= -0.21cm dtheta=  -0.7deg  OK
  robot      start  dx= -0.65cm dy= -0.05cm dtheta= -74.8deg  ..
----------------------------------------------------------------
OK band: +/-2.0cm, +/-10deg (display only). Enter = run checksum. Ctrl+C = quit.
[2J[Hcheck_build  rb_00182_mirror_x   22:26:11
----------------------------------------------------------------
  wall_10    brick  dx= +0.12cm dy= +0.09cm dtheta=  -1.4deg  OK
  wall_11    brick  dx= +0.33cm dy= -0.20cm dtheta=  +1.8deg  OK
  wall_9     brick  dx= +0.20cm dy= -0.09cm dtheta=  +0.5deg  OK
  obj_4      block  dx= +0.08cm dy= -0.48cm dtheta=  +0.4deg  OK
  obj_1      block  dx= -0.25cm dy= -0.21cm dtheta=  -0.6deg  OK
  robot      start  dx= -0.63cm dy= -0.08cm dtheta= -74.9deg  ..
----------------------------------------------------------------
OK band: +/-2.0cm, +/-10deg (display only). Enter = run checksum. Ctrl+C = quit.
[2J[Hcheck_build  rb_00182_mirror_x   22:26:12
----------------------------------------------------------------
  wall_10    brick  dx= +0.08cm dy= +0.07cm dtheta=  -1.4deg  OK
  wall_11    brick  dx= +0.34cm dy= -0.21cm dtheta=  +1.8deg  OK
  wall_9     brick  dx= +0.26cm dy= -0.12cm dtheta=  +0.3deg  OK
  obj_4      block  dx= +0.08cm dy= -0.48cm dtheta=  +0.3deg  OK
  obj_1      block  dx= -0.25cm dy= -0.21cm dtheta=  -0.7deg  OK
  robot      start  dx= -0.65cm dy= -0.05cm dtheta= -74.7deg  ..
----------------------------------------------------------------
OK band: +/-2.0cm, +/-10deg (display only). Enter = run checksum. Ctrl+C = quit.
[2J[Hcheck_build  rb_00182_mirror_x   22:26:12
----------------------------------------------------------------
  wall_10    brick  dx= +0.11cm dy= +0.08cm dtheta=  -1.5deg  OK
  wall_11    brick  dx= +0.33cm dy= -0.21cm dtheta=  +1.8deg  OK
  wall_9     brick  dx= +0.20cm dy= -0.09cm dtheta=  +0.4deg  OK
  obj_4      block  dx= +0.08cm dy= -0.49cm dtheta=  +0.3deg  OK
  obj_1      block  dx= -0.25cm dy= -0.21cm dtheta=  -0.7deg  OK
  robot      start  dx= -0.65cm dy= -0.05cm dtheta= -74.8deg  ..
----------------------------------------------------------------
OK band: +/-2.0cm, +/-10deg (display only). Enter = run checksum. Ctrl+C = quit.
[2J[Hcheck_build  rb_00182_mirror_x   22:26:13
----------------------------------------------------------------
  wall_10    brick  dx= +0.11cm dy= +0.09cm dtheta=  -1.5deg  OK
  wall_11    brick  dx= +0.30cm dy= -0.18cm dtheta=  +1.9deg  OK
  wall_9     brick  dx= +0.21cm dy= -0.10cm dtheta=  +0.5deg  OK
  obj_4      block  dx= +0.09cm dy= -0.48cm dtheta=  -0.9deg  OK
  obj_1      block  dx= -0.24cm dy= -0.22cm dtheta=  -0.6deg  OK
  robot      start  dx= -0.64cm dy= -0.07cm dtheta= -74.7deg  ..
----------------------------------------------------------------
OK band: +/-2.0cm, +/-10deg (display only). Enter = run checksum. Ctrl+C = quit.
[2J[Hcheck_build  rb_00182_mirror_x   22:26:13
----------------------------------------------------------------
  wall_10    brick  dx= +0.10cm dy= +0.08cm dtheta=  -1.4deg  OK
  wall_11    brick  dx= +0.32cm dy= -0.19cm dtheta=  +1.8deg  OK
  wall_9     brick  dx= +0.16cm dy= -0.07cm dtheta=  +0.6deg  OK
  obj_4      block  dx= +0.08cm dy= -0.46cm dtheta=  -0.3deg  OK
  obj_1      block  dx= -0.25cm dy= -0.21cm dtheta=  -0.7deg  OK
  robot      start  dx= -0.64cm dy= -0.05cm dtheta= -74.8deg  ..
----------------------------------------------------------------
OK band: +/-2.0cm, +/-10deg (display only). Enter = run checksum. Ctrl+C = quit.
[2J[Hcheck_build  rb_00182_mirror_x   22:26:14
----------------------------------------------------------------
  wall_10    brick  dx= +0.10cm dy= +0.08cm dtheta=  -1.4deg  OK
  wall_11    brick  dx= +0.32cm dy= -0.19cm dtheta=  +1.9deg  OK
  wall_9     brick  dx= +0.22cm dy= -0.11cm dtheta=  +0.3deg  OK
  obj_4      block  dx= +0.08cm dy= -0.48cm dtheta=  +0.1deg  OK
  obj_1      block  dx= -0.24cm dy= -0.22cm dtheta=  -0.6deg  OK
  robot      start  dx= -0.65cm dy= -0.04cm dtheta= -74.8deg  ..
----------------------------------------------------------------
OK band: +/-2.0cm, +/-10deg (display only). Enter = run checksum. Ctrl+C = quit.
[2J[Hcheck_build  rb_00182_mirror_x   22:26:14
----------------------------------------------------------------
  wall_10    brick  dx= +0.10cm dy= +0.08cm dtheta=  -1.4deg  OK
  wall_11    brick  dx= +0.32cm dy= -0.19cm dtheta=  +1.9deg  OK
  wall_9     brick  dx= +0.17cm dy= -0.07cm dtheta=  +0.7deg  OK
  obj_4      block  dx= +0.08cm dy= -0.48cm dtheta=  -0.9deg  OK
  obj_1      block  dx= -0.25cm dy= -0.21cm dtheta=  -0.7deg  OK
  robot      start  dx= -0.65cm dy= -0.05cm dtheta= -74.8deg  ..
----------------------------------------------------------------
OK band: +/-2.0cm, +/-10deg (display only). Enter = run checksum. Ctrl+C = quit.
[2J[Hcheck_build  rb_00182_mirror_x   22:26:15
----------------------------------------------------------------
  wall_10    brick  dx= +0.11cm dy= +0.08cm dtheta=  -1.4deg  OK
  wall_11    brick  dx= +0.30cm dy= -0.17cm dtheta=  +1.9deg  OK
  wall_9     brick  dx= +0.20cm dy= -0.09cm dtheta=  +0.5deg  OK
  obj_4      block  dx= +0.08cm dy= -0.47cm dtheta=  -0.8deg  OK
  obj_1      block  dx= -0.25cm dy= -0.21cm dtheta=  -0.6deg  OK
  robot      start  dx= -0.63cm dy= -0.08cm dtheta= -74.8deg  ..
----------------------------------------------------------------
OK band: +/-2.0cm, +/-10deg (display only). Enter = run checksum. Ctrl+C = quit.
[2J[Hcheck_build  rb_00182_mirror_x   22:26:15
----------------------------------------------------------------
  wall_10    brick  dx= +0.10cm dy= +0.08cm dtheta=  -1.4deg  OK
  wall_11    brick  dx= +0.33cm dy= -0.20cm dtheta=  +1.8deg  OK
  wall_9     brick  dx= +0.15cm dy= -0.07cm dtheta=  +0.6deg  OK
  obj_4      block  dx= +0.08cm dy= -0.48cm dtheta=  +0.1deg  OK
  obj_1      block  dx= -0.24cm dy= -0.22cm dtheta=  -0.6deg  OK
  robot      start  dx= -0.63cm dy= -0.08cm dtheta= -74.8deg  ..
----------------------------------------------------------------
OK band: +/-2.0cm, +/-10deg (display only). Enter = run checksum. Ctrl+C = quit.
[2J[Hcheck_build  rb_00182_mirror_x   22:26:16
----------------------------------------------------------------
  wall_10    brick  dx= +0.12cm dy= +0.09cm dtheta=  -1.5deg  OK
  wall_11    brick  dx= +0.32cm dy= -0.20cm dtheta=  +1.8deg  OK
  wall_9     brick  dx= +0.18cm dy= -0.08cm dtheta=  +0.5deg  OK
  obj_4      block  dx= +0.08cm dy= -0.46cm dtheta=  -1.7deg  OK
  obj_1      block  dx= -0.24cm dy= -0.21cm dtheta=  -0.7deg  OK
  robot      start  dx= -0.64cm dy= -0.06cm dtheta= -74.7deg  ..
----------------------------------------------------------------
OK band: +/-2.0cm, +/-10deg (display only). Enter = run checksum. Ctrl+C = quit.
[2J[Hcheck_build  rb_00182_mirror_x   22:26:16
----------------------------------------------------------------
  wall_10    brick  dx= +0.11cm dy= +0.09cm dtheta=  -1.3deg  OK
  wall_11    brick  dx= +0.32cm dy= -0.20cm dtheta=  +1.8deg  OK
  wall_9     brick  dx= +0.20cm dy= -0.09cm dtheta=  +0.5deg  OK
  obj_4      block  dx= +0.08cm dy= -0.48cm dtheta=  +0.2deg  OK
  obj_1      block  dx= -0.24cm dy= -0.22cm dtheta=  -0.7deg  OK
  robot      start  dx= -0.66cm dy= -0.03cm dtheta= -74.9deg  ..
----------------------------------------------------------------
OK band: +/-2.0cm, +/-10deg (display only). Enter = run checksum. Ctrl+C = quit.
  no checksum columns on this sheet, cannot verify the build.
[2J[Hcheck_build  rb_00182_mirror_x   22:26:17
----------------------------------------------------------------
  wall_10    brick  dx= +0.10cm dy= +0.08cm dtheta=  -1.4deg  OK
  wall_11    brick  dx= +0.31cm dy= -0.18cm dtheta=  +1.9deg  OK
  wall_9     brick  dx= +0.26cm dy= -0.12cm dtheta=  +0.4deg  OK
  obj_4      block  dx= +0.09cm dy= -0.47cm dtheta=  -0.2deg  OK
  obj_1      block  dx= -0.24cm dy= -0.22cm dtheta=  -0.7deg  OK
  robot      start  dx= -0.63cm dy= -0.08cm dtheta= -74.9deg  ..
----------------------------------------------------------------
OK band: +/-2.0cm, +/-10deg (display only). Enter = run checksum. Ctrl+C = quit.
[2J[Hcheck_build  rb_00182_mirror_x   22:26:17
----------------------------------------------------------------
  wall_10    brick  dx= +0.12cm dy= +0.09cm dtheta=  -1.5deg  OK
  wall_11    brick  dx= +0.32cm dy= -0.19cm dtheta=  +1.8deg  OK
  wall_9     brick  dx= +0.19cm dy= -0.09cm dtheta=  +0.5deg  OK
  obj_4      block  dx= +0.09cm dy= -0.47cm dtheta=  -1.0deg  OK
  obj_1      block  dx= -0.24cm dy= -0.21cm dtheta=  -0.7deg  OK
  robot      start  dx= -0.64cm dy= -0.06cm dtheta= -74.8deg  ..
----------------------------------------------------------------
OK band: +/-2.0cm, +/-10deg (display only). Enter = run checksum. Ctrl+C = quit.
[2J[Hcheck_build  rb_00182_mirror_x   22:26:18
----------------------------------------------------------------
  wall_10    brick  dx= +0.10cm dy= +0.08cm dtheta=  -1.4deg  OK
  wall_11    brick  dx= +0.33cm dy= -0.20cm dtheta=  +1.8deg  OK
  wall_9     brick  dx= +0.19cm dy= -0.09cm dtheta=  +0.4deg  OK
  obj_4      block  dx= +0.09cm dy= -0.48cm dtheta=  -0.9deg  OK
  obj_1      block  dx= -0.25cm dy= -0.21cm dtheta=  -0.7deg  OK
  robot      start  dx= -0.63cm dy= -0.09cm dtheta= -74.8deg  ..
----------------------------------------------------------------
OK band: +/-2.0cm, +/-10deg (display only). Enter = run checksum. Ctrl+C = quit.
[2J[Hcheck_build  rb_00182_mirror_x   22:26:18
----------------------------------------------------------------
  wall_10    brick  dx= +0.09cm dy= +0.07cm dtheta=  -1.4deg  OK
  wall_11    brick  dx= +0.34cm dy= -0.21cm dtheta=  +1.7deg  OK
  wall_9     brick  dx= +0.21cm dy= -0.10cm dtheta=  +0.4deg  OK
  obj_4      block  dx= +0.08cm dy= -0.47cm dtheta=  -1.7deg  OK
  obj_1      block  dx= -0.25cm dy= -0.21cm dtheta=  -0.6deg  OK
  robot      start  dx= -0.65cm dy= -0.05cm dtheta= -74.8deg  ..
----------------------------------------------------------------
OK band: +/-2.0cm, +/-10deg (display only). Enter = run checksum. Ctrl+C = quit.
[2J[Hcheck_build  rb_00182_mirror_x   22:26:19
----------------------------------------------------------------
  wall_10    brick  dx= +0.10cm dy= +0.08cm dtheta=  -1.4deg  OK
  wall_11    brick  dx= +0.32cm dy= -0.19cm dtheta=  +1.9deg  OK
  wall_9     brick  dx= +0.22cm dy= -0.10cm dtheta=  +0.5deg  OK
  obj_4      block  dx= +0.08cm dy= -0.47cm dtheta=  -0.1deg  OK
  obj_1      block  dx= -0.24cm dy= -0.21cm dtheta=  -0.6deg  OK
  robot      start  dx= -0.65cm dy= -0.04cm dtheta= -74.8deg  ..
----------------------------------------------------------------
OK band: +/-2.0cm, +/-10deg (display only). Enter = run checksum. Ctrl+C = quit.
[2J[Hcheck_build  rb_00182_mirror_x   22:26:19
----------------------------------------------------------------
  wall_10    brick  dx= +0.12cm dy= +0.09cm dtheta=  -1.4deg  OK
  wall_11    brick  dx= +0.32cm dy= -0.19cm dtheta=  +1.9deg  OK
  wall_9     brick  dx= +0.22cm dy= -0.10cm dtheta=  +0.4deg  OK
  obj_4      block  dx= +0.08cm dy= -0.47cm dtheta=  -0.5deg  OK
  obj_1      block  dx= -0.25cm dy= -0.21cm dtheta=  -0.6deg  OK
  robot      start  dx= -0.65cm dy= -0.05cm dtheta= -74.7deg  ..
----------------------------------------------------------------
OK band: +/-2.0cm, +/-10deg (display only). Enter = run checksum. Ctrl+C = quit.
[2J[Hcheck_build  rb_00182_mirror_x   22:26:20
----------------------------------------------------------------
  wall_10    brick  dx= +0.10cm dy= +0.08cm dtheta=  -1.4deg  OK
  wall_11    brick  dx= +0.33cm dy= -0.19cm dtheta=  +1.9deg  OK
  wall_9     brick  dx= +0.17cm dy= -0.07cm dtheta=  +0.5deg  OK
  obj_4      block  dx= +0.08cm dy= -0.47cm dtheta=  -0.9deg  OK
  obj_1      block  dx= -0.25cm dy= -0.21cm dtheta=  -0.7deg  OK
  robot      start  dx= -0.64cm dy= -0.06cm dtheta= -74.7deg  ..
----------------------------------------------------------------
OK band: +/-2.0cm, +/-10deg (display only). Enter = run checksum. Ctrl+C = quit.
[2J[Hcheck_build  rb_00182_mirror_x   22:26:20
----------------------------------------------------------------
  wall_10    brick  dx= +0.10cm dy= +0.08cm dtheta=  -1.4deg  OK
  wall_11    brick  dx= +0.33cm dy= -0.20cm dtheta=  +1.9deg  OK
  wall_9     brick  dx= +0.19cm dy= -0.09cm dtheta=  +0.6deg  OK
  obj_4      block  dx= +0.08cm dy= -0.48cm dtheta=  -0.3deg  OK
  obj_1      block  dx= -0.25cm dy= -0.21cm dtheta=  -0.6deg  OK
  robot      start  dx= -0.62cm dy= -0.10cm dtheta= -74.8deg  ..
----------------------------------------------------------------
OK band: +/-2.0cm, +/-10deg (display only). Enter = run checksum. Ctrl+C = quit.
[2J[Hcheck_build  rb_00182_mirror_x   22:26:21
----------------------------------------------------------------
  wall_10    brick  dx= +0.11cm dy= +0.08cm dtheta=  -1.4deg  OK
  wall_11    brick  dx= +0.33cm dy= -0.21cm dtheta=  +1.7deg  OK
  wall_9     brick  dx= +0.21cm dy= -0.10cm dtheta=  +0.4deg  OK
  obj_4      block  dx= +0.08cm dy= -0.48cm dtheta=  +0.2deg  OK
  obj_1      block  dx= -0.24cm dy= -0.22cm dtheta=  -0.7deg  OK
  robot      start  dx= -0.64cm dy= -0.07cm dtheta= -74.7deg  ..
----------------------------------------------------------------
OK band: +/-2.0cm, +/-10deg (display only). Enter = run checksum. Ctrl+C = quit.
[2J[Hcheck_build  rb_00182_mirror_x   22:26:21
----------------------------------------------------------------
  wall_10    brick  dx= +0.14cm dy= +0.10cm dtheta=  -1.4deg  OK
  wall_11    brick  dx= +0.31cm dy= -0.18cm dtheta=  +1.9deg  OK
  wall_9     brick  dx= +0.20cm dy= -0.09cm dtheta=  +0.5deg  OK
  obj_4      block  dx= +0.06cm dy= -0.44cm dtheta=  +1.0deg  OK
  obj_1      block  dx= -0.25cm dy= -0.22cm dtheta=  -1.6deg  OK
  robot      start  dx= -0.64cm dy= -0.06cm dtheta= -74.7deg  ..
----------------------------------------------------------------
OK band: +/-2.0cm, +/-10deg (display only). Enter = run checksum. Ctrl+C = quit.
[2J[Hcheck_build  rb_00182_mirror_x   22:26:22
----------------------------------------------------------------
  wall_10    brick  dx= +0.12cm dy= +0.09cm dtheta=  -1.5deg  OK
  wall_11    brick  dx= +0.31cm dy= -0.19cm dtheta=  +1.9deg  OK
  wall_9     brick  dx= +0.21cm dy= -0.10cm dtheta=  +0.5deg  OK
  obj_4      block  dx= +0.08cm dy= -0.46cm dtheta=  -1.6deg  OK
  obj_1      block  dx= -0.25cm dy= -0.22cm dtheta=  -1.5deg  OK
  robot      start  dx= -0.64cm dy= -0.07cm dtheta= -74.8deg  ..
----------------------------------------------------------------
OK band: +/-2.0cm, +/-10deg (display only). Enter = run checksum. Ctrl+C = quit.
[2J[Hcheck_build  rb_00182_mirror_x   22:26:22
----------------------------------------------------------------
  wall_10    brick  dx= +0.11cm dy= +0.08cm dtheta=  -1.5deg  OK
  wall_11    brick  dx= +0.32cm dy= -0.19cm dtheta=  +1.9deg  OK
  wall_9     brick  dx= +0.24cm dy= -0.11cm dtheta=  +0.4deg  OK
  obj_4      block  dx= +0.09cm dy= -0.44cm dtheta=  -1.1deg  OK
  obj_1      block  dx= -0.25cm dy= -0.21cm dtheta=  -0.6deg  OK
  robot      start  dx= -0.64cm dy= -0.07cm dtheta= -74.8deg  ..
----------------------------------------------------------------
OK band: +/-2.0cm, +/-10deg (display only). Enter = run checksum. Ctrl+C = quit.
[2J[Hcheck_build  rb_00182_mirror_x   22:26:23
----------------------------------------------------------------
  wall_10    brick  dx= +0.10cm dy= +0.08cm dtheta=  -1.4deg  OK
  wall_11    brick  dx= +0.33cm dy= -0.20cm dtheta=  +1.9deg  OK
  wall_9     brick  dx= +0.16cm dy= -0.07cm dtheta=  +0.5deg  OK
  obj_4      block  dx= +0.08cm dy= -0.47cm dtheta=  -0.8deg  OK
  obj_1      block  dx= -0.25cm dy= -0.21cm dtheta=  -0.6deg  OK
  robot      start  dx= -0.65cm dy= -0.05cm dtheta= -74.8deg  ..
----------------------------------------------------------------
OK band: +/-2.0cm, +/-10deg (display only). Enter = run checksum. Ctrl+C = quit.
[2J[Hcheck_build  rb_00182_mirror_x   22:26:23
----------------------------------------------------------------
  wall_10    brick  dx= +0.12cm dy= +0.09cm dtheta=  -1.4deg  OK
  wall_11    brick  dx= +0.32cm dy= -0.20cm dtheta=  +1.8deg  OK
  wall_9     brick  dx= +0.20cm dy= -0.10cm dtheta=  +0.4deg  OK
  obj_4      block  dx= +0.06cm dy= -0.46cm dtheta=  +1.0deg  OK
  obj_1      block  dx= -0.25cm dy= -0.21cm dtheta=  -0.6deg  OK
  robot      start  dx= -0.66cm dy= -0.03cm dtheta= -74.7deg  ..
----------------------------------------------------------------
OK band: +/-2.0cm, +/-10deg (display only). Enter = run checksum. Ctrl+C = quit.
[2J[Hcheck_build  rb_00182_mirror_x   22:26:24
----------------------------------------------------------------
  wall_10    brick  dx= +0.11cm dy= +0.08cm dtheta=  -1.4deg  OK
  wall_11    brick  dx= +0.33cm dy= -0.21cm dtheta=  +1.8deg  OK
  wall_9     brick  dx= +0.20cm dy= -0.09cm dtheta=  +0.3deg  OK
  obj_4      block  dx= +0.08cm dy= -0.47cm dtheta=  -0.1deg  OK
  obj_1      block  dx= -0.25cm dy= -0.21cm dtheta=  -0.7deg  OK
  robot      start  dx= -0.64cm dy= -0.05cm dtheta= -74.7deg  ..
----------------------------------------------------------------
OK band: +/-2.0cm, +/-10deg (display only). Enter = run checksum. Ctrl+C = quit.
[2J[Hcheck_build  rb_00182_mirror_x   22:26:24
----------------------------------------------------------------
  wall_10    brick  dx= +0.11cm dy= +0.09cm dtheta=  -1.4deg  OK
  wall_11    brick  dx= +0.33cm dy= -0.20cm dtheta=  +1.8deg  OK
  wall_9     brick  dx= +0.13cm dy= -0.06cm dtheta=  +0.5deg  OK
  obj_4      block  dx= +0.08cm dy= -0.47cm dtheta=  -0.2deg  OK
  obj_1      block  dx= -0.25cm dy= -0.21cm dtheta=  -0.6deg  OK
  robot      start  dx= -0.63cm dy= -0.08cm dtheta= -74.8deg  ..
----------------------------------------------------------------
OK band: +/-2.0cm, +/-10deg (display only). Enter = run checksum. Ctrl+C = quit.
[2J[Hcheck_build  rb_00182_mirror_x   22:26:25
----------------------------------------------------------------
  wall_10    brick  dx= +0.10cm dy= +0.08cm dtheta=  -1.5deg  OK
  wall_11    brick  dx= +0.32cm dy= -0.19cm dtheta=  +1.9deg  OK
  wall_9     brick  dx= +0.22cm dy= -0.10cm dtheta=  +0.4deg  OK
  obj_4      block  dx= +0.08cm dy= -0.49cm dtheta=  +0.3deg  OK
  obj_1      block  dx= -0.25cm dy= -0.21cm dtheta=  -0.6deg  OK
  robot      start  dx= -0.64cm dy= -0.06cm dtheta= -74.8deg  ..
----------------------------------------------------------------
OK band: +/-2.0cm, +/-10deg (display only). Enter = run checksum. Ctrl+C = quit.
[2J[Hcheck_build  rb_00182_mirror_x   22:26:25
----------------------------------------------------------------
  wall_10    brick  dx= +0.10cm dy= +0.08cm dtheta=  -1.3deg  OK
  wall_11    brick  dx= +0.33cm dy= -0.20cm dtheta=  +1.8deg  OK
  wall_9     brick  dx= +0.20cm dy= -0.09cm dtheta=  +0.4deg  OK
  obj_4      block  dx= +0.08cm dy= -0.49cm dtheta=  +0.2deg  OK
  obj_1      block  dx= -0.26cm dy= -0.21cm dtheta=  -0.7deg  OK
  robot      start  dx= -0.64cm dy= -0.07cm dtheta= -74.8deg  ..
----------------------------------------------------------------
OK band: +/-2.0cm, +/-10deg (display only). Enter = run checksum. Ctrl+C = quit.
[2J[Hcheck_build  rb_00182_mirror_x   22:26:26
----------------------------------------------------------------
  wall_10    brick  dx= +0.12cm dy= +0.09cm dtheta=  -1.6deg  OK
  wall_11    brick  dx= +0.32cm dy= -0.19cm dtheta=  +1.9deg  OK
  wall_9     brick  dx= +0.18cm dy= -0.08cm dtheta=  +0.6deg  OK
  obj_4      block  dx= +0.08cm dy= -0.48cm dtheta=  +0.2deg  OK
  obj_1      block  dx= -0.25cm dy= -0.21cm dtheta=  -0.6deg  OK
  robot      start  dx= -0.64cm dy= -0.05cm dtheta= -74.8deg  ..
----------------------------------------------------------------
OK band: +/-2.0cm, +/-10deg (display only). Enter = run checksum. Ctrl+C = quit.
[2J[Hcheck_build  rb_00182_mirror_x   22:26:26
----------------------------------------------------------------
  wall_10    brick  dx= +0.10cm dy= +0.08cm dtheta=  -1.4deg  OK
  wall_11    brick  dx= +0.33cm dy= -0.20cm dtheta=  +1.7deg  OK
  wall_9     brick  dx= +0.17cm dy= -0.08cm dtheta=  +0.5deg  OK
  obj_4      block  dx= +0.08cm dy= -0.48cm dtheta=  -1.1deg  OK
  obj_1      block  dx= -0.25cm dy= -0.21cm dtheta=  -0.7deg  OK
  robot      start  dx= -0.66cm dy= -0.02cm dtheta= -74.8deg  ..
----------------------------------------------------------------
OK band: +/-2.0cm, +/-10deg (display only). Enter = run checksum. Ctrl+C = quit.
  no checksum columns on this sheet, cannot verify the build.
[2J[Hcheck_build  rb_00182_mirror_x   22:26:27
----------------------------------------------------------------
  wall_10    brick  dx= +0.10cm dy= +0.08cm dtheta=  -1.4deg  OK
  wall_11    brick  dx= +0.33cm dy= -0.20cm dtheta=  +1.9deg  OK
  wall_9     brick  dx= +0.24cm dy= -0.11cm dtheta=  +0.4deg  OK
  obj_4      block  dx= +0.08cm dy= -0.48cm dtheta=  +0.2deg  OK
  obj_1      block  dx= -0.25cm dy= -0.21cm dtheta=  -0.5deg  OK
  robot      start  dx= -0.63cm dy= -0.10cm dtheta= -74.8deg  ..
----------------------------------------------------------------
OK band: +/-2.0cm, +/-10deg (display only). Enter = run checksum. Ctrl+C = quit.
[2J[Hcheck_build  rb_00182_mirror_x   22:26:27
----------------------------------------------------------------
  wall_10    brick  dx= +0.12cm dy= +0.09cm dtheta=  -1.5deg  OK
  wall_11    brick  dx= +0.32cm dy= -0.19cm dtheta=  +1.9deg  OK
  wall_9     brick  dx= +0.20cm dy= -0.09cm dtheta=  +0.3deg  OK
  obj_4      block  dx= +0.09cm dy= -0.39cm dtheta=  -0.8deg  OK
  obj_1      block  dx= -0.25cm dy= -0.21cm dtheta=  -0.6deg  OK
  robot      start  dx= -0.63cm dy= -0.09cm dtheta= -74.8deg  ..
----------------------------------------------------------------
OK band: +/-2.0cm, +/-10deg (display only). Enter = run checksum. Ctrl+C = quit.
[2J[Hcheck_build  rb_00182_mirror_x   22:26:28
----------------------------------------------------------------
  wall_10    brick  dx= +0.11cm dy= +0.08cm dtheta=  -1.4deg  OK
  wall_11    brick  dx= +0.32cm dy= -0.19cm dtheta=  +1.8deg  OK
  wall_9     brick  dx= +0.15cm dy= -0.07cm dtheta=  +0.6deg  OK
  obj_4      block  dx= +0.08cm dy= -0.47cm dtheta=  -0.2deg  OK
  obj_1      block  dx= -0.24cm dy= -0.22cm dtheta=  -0.6deg  OK
  robot      start  dx= -0.62cm dy= -0.10cm dtheta= -74.9deg  ..
----------------------------------------------------------------
OK band: +/-2.0cm, +/-10deg (display only). Enter = run checksum. Ctrl+C = quit.
