[Diagnostics] Wrote config.json
[DIAG] Diagnostics enabled: /home/dhruv/projects_dhruv/namo/robot_control/push_calibration/obj_1/edge45/depth2/trial3
[tier2] wheel commands will be logged to /home/dhruv/projects_dhruv/namo/robot_control/push_calibration/obj_1/edge45/depth2/trial3/wheel_commands.jsonl
[collect] 1 trial(s) loaded from push_calibration/obj_1/edge45/depth2/spec.yaml
[collect] obstacle_target = (25.0, 35.0) cm  reset_tolerance = 3.0 cm
[mid-obs] logging every camera observation → /home/dhruv/projects_dhruv/namo/robot_control/push_calibration/obj_1/edge45/depth2/trial3/mid_obs.jsonl
[Runtime] Using remote camera service at tcp://localhost:5556
[Runtime] Speeds in effect: nav=0.40, push=0.40, keyboard/follow_path=0.30
[fresh] planner.attach_obs_source(world.get) wired
[Runtime] Starting RemoteObserverNode...
[RemoteObserver] Connected to tcp://localhost:5556
[SerialSender] Port /dev/serial/by-id/usb-Espressif_USB_JTAG_serial_debug_unit_10:51:DB:18:34:7C-if00 opened at 115200
[SerialSender] Started at 30.0 Hz
[RealEnv] Started (robot_id=1)
[Runtime] Per-subgoal video + meta will write to /home/dhruv/projects_dhruv/namo/robot_control/push_calibration/obj_1/edge45/depth2/trial3/recordings/session_2026-05-25_15-25-45
[SerialSender] Car 1 CONNECTED (alive now: [1])
[Runtime] 🔌 Robot 1 ONLINE at startup (alive_ids=[1], ap_connected=True)

=== Trial 1/1 === object=obj_1 edge_idx=45 push_steps=3
  [skip_reset] start pose: (23.03, 19.26) θ=88.91°. pushing...
[Subgoal] --> DISPATCH PUSH: obj 'obj_1' at (23.0,19.3,θ=88.9°), edge=45, push_steps=3, robot at (22.1,6.9,θ=87.6°)
[DIAG] subgoal #1 start recorded
[Diagnostics] ⚠️ scene_before.xml capture failed: no xml source path provided

==================================================
Robot Control - Real Robot (Autonomous)
==================================================
Serial port: /dev/serial/by-id/usb-Espressif_USB_JTAG_serial_debug_unit_10:51:DB:18:34:7C-if00
Robot ID: 1
Dry run: False
Speed: 0.3
==================================================
Running in autonomous mode
Press 'r' to toggle recording
Press 'space' for emergency stop
Press 'escape' to quit
==================================================

[RemoteRecordClient] Recording started → /home/dhruv/projects_dhruv/namo/robot_control/push_calibration/obj_1/edge45/depth2/trial3/recordings/session_2026-05-25_15-25-45/subgoal_001_push_obj_1_e45_s3.mp4
[PUSH]   Original edge: (22.9, 11.6)
[PUSH]   Validated:     (22.9, 11.1)
[PUSH] Starting navigation: robot=(22.1,6.9) → approach=(22.9,11.1)
[NAV] navigate_to: goal=(22.9,11.1) θ=88.9°, from=(22.1,6.9), obstacles=1
[Wavefront] Saved grid image to output_dump/wavefront/wavefront_20260525_152546_001.png (98x155)
[PUSH] navigate_to() returned: True, nav_state=PRE_ROTATING
[NAV] state - -> PRE_ROTATING pose=(22.1,6.9,θ=87.6°) pre_target_θ=80.9° heading_err=-6.7°
[NAV] state PRE_ROTATING -> FOLLOWING pose=(22.1,6.9,θ=87.6°) path_waypoints=6 final_wp=(22.8,11.2)
[NAV] state FOLLOWING -> POST_ROTATING pose=(22.8,10.1,θ=78.2°) goal_θ=88.9° heading_err=+10.7°
[PUSH] Navigation done - transitioning to ADVANCING (nav_state=FINISHED)
[PUSH] >>> PUSHING start: obj 'obj_1' at (23.0,19.2,θ=88.8°), robot at (22.9,10.4,θ=90.7°), edge=45, push_steps=3 (78 ticks)
[PUSH DEBUG] ========== PUSH START ==========
[PUSH DEBUG] Object: pos=(23.0,19.2) theta=88.8° size=(15x7.0)
[PUSH DEBUG] Edge 45: face=3 sample=7
[PUSH DEBUG] Theoretical: edge_pt (22.9,11.5) → mid_pt (23.0,19.2)
[PUSH DEBUG] Actual line: (22.9,10.4) → (23.0,18.1)
[PUSH DEBUG] Mode: FIXED
[PUSH DEBUG] ================================

[PUSH] ========== PUSH COMPLETE ==========
[PUSH] Robot: (23.2, 19.7) theta=88.2°
[PUSH] Δobject 'obj_1': Δpos=(-0.10,+7.45) |Δ|=7.46cm, Δθ=-0.30°
[PUSH] Robot position is BLOCKED in wavefront
[PUSH] Object 'obj_1': (22.9, 26.7) theta=88.5° size=(15x7.0)
[PUSH]   Distance robot→object center: 7.0cm
[Wavefront] Saved grid image to /tmp/wavefront/wavefront_20260525_152550.png (98x155)
[PUSH] Wavefront saved to: /tmp/wavefront/wavefront_20260525_152550.png
[PUSH] ======================================

[PUSH] Retreat target: (21.3, 15.1) [BACKWARD]
[Subgoal] <-- DONE (SUCCESS) after 9.6s, robot now at (22.0,16.9,θ=72.4°)
[DIAG] subgoal #1 end recorded (outcome=success)
[DIAG] push recorded (obj=obj_1, Δ=7.87cm, stuck=False)
[RemoteRecordClient] Recording stopped → /home/dhruv/projects_dhruv/namo/robot_control/push_calibration/obj_1/edge45/depth2/trial3/recordings/session_2026-05-25_15-25-45/subgoal_001_push_obj_1_e45_s3.mp4
[Runtime] Plan complete - stopping robot
[Runtime] Shutting down
