[Diagnostics] Wrote config.json
[DIAG] WARNING: NAMO backend Git provenance unavailable; set NAMO_REPO to the active namo_cpp checkout before a formal run.
[DIAG] Diagnostics enabled: /home/dhruv/projects_dhruv/namo/robot_control/real_exp/results/formal_v2/1push_hard_021/nav_penalise_video
Goal given: (42.3, 57.7) cm

Pure navigation baseline, mode 'penalise'. No pushes will be planned.
Press ESCAPE to quit
============================================================
[Runtime] Using remote camera service at tcp://localhost:5556
[Runtime] Speeds in effect: nav=0.40, push=0.40, keyboard/follow_path=0.30
[Runtime] Starting RemoteObserverNode...
[RemoteObserver] Connected to tcp://localhost:5556
[SerialSender] Port /dev/serial/by-id/usb-Espressif_USB_JTAG_serial_debug_unit_10:51:DB:18:34:7C-if00 opened at 115200
[SerialSender] Started at 30.0 Hz
[RealEnv] Started (robot_id=1)
[Runtime] Per-subgoal video + meta will write to /home/dhruv/projects_dhruv/namo/robot_control/real_exp/results/formal_v2/1push_hard_021/nav_penalise_video/recordings/session_2026-08-31_03-41-27
[SerialSender] Car 1 CONNECTED (alive now: [1])
[Runtime] 🔌 Robot 1 ONLINE at startup (alive_ids=[1], ap_connected=True)
[Diagnostics] ⚠️ scene_before.xml capture failed: no xml source path provided

==================================================
Robot Control - Real Robot (Autonomous)
==================================================
Serial port: /dev/serial/by-id/usb-Espressif_USB_JTAG_serial_debug_unit_10:51:DB:18:34:7C-if00
Robot ID: 1
Dry run: False
Speed (autonomous): nav=0.40, push=0.40
==================================================
Running in autonomous mode
Press 'r' to toggle recording
Press 'space' for emergency stop
Press 'escape' to quit
==================================================

[Subgoal] --> DISPATCH NAVIGATE: target=(42.3,57.7), robot at (27.9,7.2,θ=1.8°)
[DIAG] subgoal #1 start recorded
[RemoteRecordClient] Recording started → /home/dhruv/projects_dhruv/namo/robot_control/real_exp/results/formal_v2/1push_hard_021/nav_penalise_video/recordings/session_2026-08-31_03-41-27/subgoal_001_navigate.mp4
[NAV] navigate_to: goal=(42.3,57.7) θ=any, from=(27.9,7.2), obstacles=3
[NAV] state - -> PRE_ROTATING pose=(27.9,7.2,θ=1.8°) pre_target_θ=135.9° heading_err=+134.1°
[NAV] state PRE_ROTATING -> FOLLOWING pose=(27.8,6.4,θ=91.1°) path_waypoints=77 final_wp=(42.2,57.8)
[NAV] !! NO PROGRESS (blocked): robot at (23.5,32.2,θ=125.5°) has not moved 0.5 cm or turned 3.0° in 3.0s. Treating as FAILED so the subgoal can end.
[NAV] Retreating to (24.8, 27.4)
[NAV] state FOLLOWING -> RETREATING pose=(23.5,32.2,θ=125.5°)
[NAV] Retreat done after 53 ticks (reached the cell); drive FAILED (blocked).
[Subgoal] <-- DONE (FAILED) after 13.0s, robot now at (23.9,30.7,θ=104.6°)
[DIAG] subgoal #1 end recorded (outcome=failed)
[RemoteRecordClient] Recording stopped → /home/dhruv/projects_dhruv/namo/robot_control/real_exp/results/formal_v2/1push_hard_021/nav_penalise_video/recordings/session_2026-08-31_03-41-27/subgoal_001_navigate.mp4
[Subgoal] --> DISPATCH NAVIGATE: target=(42.3,57.7), robot at (23.9,30.7,θ=104.6°)
[DIAG] subgoal #2 start recorded
[RemoteRecordClient] Recording started → /home/dhruv/projects_dhruv/namo/robot_control/real_exp/results/formal_v2/1push_hard_021/nav_penalise_video/recordings/session_2026-08-31_03-41-27/subgoal_002_navigate.mp4
[NAV] navigate_to: goal=(42.3,57.7) θ=any, from=(23.9,30.7), obstacles=3
[NAV] state RETREATING -> PRE_ROTATING pose=(23.9,30.7,θ=104.6°) pre_target_θ=108.4° heading_err=+3.9°
[NAV] state PRE_ROTATING -> FOLLOWING pose=(24.0,30.6,θ=104.8°) path_waypoints=50 final_wp=(42.2,57.8)
[NAV] !! NO PROGRESS (blocked): robot at (23.9,34.0,θ=120.9°) has not moved 0.5 cm or turned 3.0° in 3.0s. Treating as FAILED so the subgoal can end.
[NAV] Retreating to (24.9, 29.1)
[NAV] state FOLLOWING -> RETREATING pose=(23.9,34.0,θ=120.9°)
[NAV] Retreat done after 59 ticks (reached the cell); drive FAILED (blocked).
[Subgoal] <-- DONE (FAILED) after 7.0s, robot now at (24.2,32.5,θ=99.3°)
[DIAG] subgoal #2 end recorded (outcome=failed)
[RemoteRecordClient] Recording stopped → /home/dhruv/projects_dhruv/namo/robot_control/real_exp/results/formal_v2/1push_hard_021/nav_penalise_video/recordings/session_2026-08-31_03-41-27/subgoal_002_navigate.mp4
[Subgoal] --> DISPATCH NAVIGATE: target=(42.3,57.7), robot at (24.2,32.5,θ=99.3°)
[DIAG] subgoal #3 start recorded
[RemoteRecordClient] Recording started → /home/dhruv/projects_dhruv/namo/robot_control/real_exp/results/formal_v2/1push_hard_021/nav_penalise_video/recordings/session_2026-08-31_03-41-27/subgoal_003_navigate.mp4
[NAV] navigate_to: goal=(42.3,57.7) θ=any, from=(24.2,32.5), obstacles=3
[NAV] state RETREATING -> PRE_ROTATING pose=(24.2,32.5,θ=99.3°) pre_target_θ=121.4° heading_err=+22.1°
[NAV] state PRE_ROTATING -> FOLLOWING pose=(24.3,32.4,θ=99.8°) path_waypoints=48 final_wp=(42.2,57.8)
[NAV] !! NO PROGRESS (blocked): robot at (24.2,35.0,θ=121.7°) has not moved 0.5 cm or turned 3.0° in 3.0s. Treating as FAILED so the subgoal can end.
[NAV] Retreating to (25.2, 30.1)
[NAV] state FOLLOWING -> RETREATING pose=(24.2,35.0,θ=121.7°)
[NAV] Retreat done after 57 ticks (reached the cell); drive FAILED (blocked).
[Subgoal] <-- DONE (FAILED) after 10.0s, robot now at (24.5,33.5,θ=99.3°)
[DIAG] subgoal #3 end recorded (outcome=failed)
[RemoteRecordClient] Recording stopped → /home/dhruv/projects_dhruv/namo/robot_control/real_exp/results/formal_v2/1push_hard_021/nav_penalise_video/recordings/session_2026-08-31_03-41-27/subgoal_003_navigate.mp4
[Subgoal] --> DISPATCH NAVIGATE: target=(42.3,57.7), robot at (24.5,33.5,θ=99.3°)
[DIAG] subgoal #4 start recorded
[RemoteRecordClient] Recording started → /home/dhruv/projects_dhruv/namo/robot_control/real_exp/results/formal_v2/1push_hard_021/nav_penalise_video/recordings/session_2026-08-31_03-41-27/subgoal_004_navigate.mp4
[NAV] navigate_to: goal=(42.3,57.7) θ=any, from=(24.5,33.5), obstacles=3
[NAV] state RETREATING -> PRE_ROTATING pose=(24.5,33.5,θ=99.3°) pre_target_θ=120.8° heading_err=+21.5°
[NAV] state PRE_ROTATING -> FOLLOWING pose=(24.5,33.4,θ=99.8°) path_waypoints=46 final_wp=(42.2,57.8)
[NAV] !! NO PROGRESS (blocked): robot at (24.2,34.7,θ=130.1°) has not moved 0.5 cm or turned 3.0° in 3.0s. Treating as FAILED so the subgoal can end.
[NAV] Retreating to (26.0, 30.0)
[NAV] state FOLLOWING -> RETREATING pose=(24.2,34.7,θ=130.1°)
[NAV] Retreat done after 74 ticks (reached the cell); drive FAILED (blocked).
[Subgoal] <-- DONE (FAILED) after 6.6s, robot now at (24.7,33.2,θ=109.6°)
[DIAG] subgoal #4 end recorded (outcome=failed)
[RemoteRecordClient] Recording stopped → /home/dhruv/projects_dhruv/namo/robot_control/real_exp/results/formal_v2/1push_hard_021/nav_penalise_video/recordings/session_2026-08-31_03-41-27/subgoal_004_navigate.mp4
[Subgoal] --> DISPATCH NAVIGATE: target=(42.3,57.7), robot at (24.7,33.2,θ=109.6°)
[DIAG] subgoal #5 start recorded
[RemoteRecordClient] Recording started → /home/dhruv/projects_dhruv/namo/robot_control/real_exp/results/formal_v2/1push_hard_021/nav_penalise_video/recordings/session_2026-08-31_03-41-27/subgoal_005_navigate.mp4
[NAV] navigate_to: goal=(42.3,57.7) θ=any, from=(24.7,33.2), obstacles=3
[NAV] state RETREATING -> PRE_ROTATING pose=(24.7,33.2,θ=109.6°) pre_target_θ=134.8° heading_err=+25.2°
[NAV] state PRE_ROTATING -> FOLLOWING pose=(24.7,33.2,θ=111.5°) path_waypoints=48 final_wp=(42.2,57.8)
[NAV] !! NO PROGRESS (blocked): robot at (24.2,34.3,θ=131.7°) has not moved 0.5 cm or turned 3.0° in 3.0s. Treating as FAILED so the subgoal can end.
[NAV] Retreating to (26.0, 29.7)
[NAV] state FOLLOWING -> RETREATING pose=(24.2,34.3,θ=131.7°)
[NAV] Retreat done after 53 ticks (reached the cell); drive FAILED (blocked).
[Subgoal] <-- DONE (FAILED) after 5.4s, robot now at (24.7,32.9,θ=109.2°)
[DIAG] subgoal #5 end recorded (outcome=failed)
[RemoteRecordClient] Recording stopped → /home/dhruv/projects_dhruv/namo/robot_control/real_exp/results/formal_v2/1push_hard_021/nav_penalise_video/recordings/session_2026-08-31_03-41-27/subgoal_005_navigate.mp4
[Subgoal] --> DISPATCH NAVIGATE: target=(42.3,57.7), robot at (24.7,32.9,θ=109.2°)
[DIAG] subgoal #6 start recorded
[RemoteRecordClient] Recording started → /home/dhruv/projects_dhruv/namo/robot_control/real_exp/results/formal_v2/1push_hard_021/nav_penalise_video/recordings/session_2026-08-31_03-41-27/subgoal_006_navigate.mp4
[NAV] navigate_to: goal=(42.3,57.7) θ=any, from=(24.7,32.9), obstacles=3
[NAV] state RETREATING -> PRE_ROTATING pose=(24.7,32.9,θ=109.2°) pre_target_θ=130.9° heading_err=+21.7°
[NAV] state PRE_ROTATING -> FOLLOWING pose=(24.8,32.8,θ=109.6°) path_waypoints=48 final_wp=(42.2,57.8)
[NAV] !! NO PROGRESS (blocked): robot at (23.9,33.9,θ=156.1°) has not moved 0.5 cm or turned 3.0° in 3.0s. Treating as FAILED so the subgoal can end.
[NAV] Retreating to (29.6, 28.4)
[NAV] state FOLLOWING -> RETREATING pose=(23.9,33.9,θ=156.3°)
[NAV] Retreat done after 90 ticks (ran out of ticks); drive FAILED (blocked).
[Subgoal] <-- DONE (FAILED) after 7.5s, robot now at (25.7,32.1,θ=135.7°)
[DIAG] subgoal #6 end recorded (outcome=failed)
[RemoteRecordClient] Recording stopped → /home/dhruv/projects_dhruv/namo/robot_control/real_exp/results/formal_v2/1push_hard_021/nav_penalise_video/recordings/session_2026-08-31_03-41-27/subgoal_006_navigate.mp4
[Runtime] Planning failed - stopping robot
[Runtime] Shutting down
[Diagnostics] ⚠️ scene_after.xml capture failed: no xml source path provided
[Diagnostics] Wrote summary.json (outcome=failure)
[Runtime] Sending stop command to robot...
[SerialSender] Stopped
[RealEnv] Stopped
[RemoteObserver] Stopped
[Runtime] Shutdown complete

============================================================
  arm                : nav_baseline_penalise
  reached            : False
  stopped at         : (25.68, 32.14) cm
  distance to goal   : 30.49 cm
  route waypoints    : 60
  route crossed      : obj_1
  objects shoved     : obj_1
  elapsed            : 50.1 s
  failure            : stuck_retry_limit_reached
============================================================

  Driving alone did not reach the goal. Reset the scene, then
  run the NAMO trial on the same layout.

wrote /home/dhruv/projects_dhruv/namo/robot_control/real_exp/results/formal_v2/1push_hard_021/nav_penalise_video/nav_baseline_penalise_1788162138.json

real_exp/results/formal_v2/1push_hard_021/nav_verdict.json already holds a verdict; left alone.
