[Diagnostics] Wrote config.json
[DIAG] Diagnostics enabled: /home/dhruv/projects_dhruv/namo/robot_control/real_exp/results/formal_v2/rb_00164/policy2_r1
planner: full_namo  |  exec mode: reactive  local search: best_first/model  ckpt=/home/dhruv/projects_dhruv/namo/ranking/models/HY5U_s2.ckpt  hmax=canonical  budget=canonical  scope=inherited  device=cuda

Starting NAMO execution...
Press ESCAPE to quit
==================================================
[Runtime] Using remote camera service at tcp://localhost:5556
[Runtime] Speeds in effect: nav=0.40, push=0.40, keyboard/follow_path=0.30
[Runtime] Starting RemoteObserverNode...
[RemoteObserver] Connected to tcp://localhost:5556
[SerialSender] Port /dev/serial/by-id/usb-Espressif_USB_JTAG_serial_debug_unit_10:51:DB:18:34:7C-if00 opened at 115200
[SerialSender] Started at 30.0 Hz
[RealEnv] Started (robot_id=1)
[RemoteRecordClient] Recording started → /home/dhruv/projects_dhruv/namo/robot_control/real_exp/results/formal_v2/rb_00164/policy2_r1/recordings/session_2026-08-31_06-40-37/full_run.mp4
[Runtime] Full-run video + per-subgoal meta will write to /home/dhruv/projects_dhruv/namo/robot_control/real_exp/results/formal_v2/rb_00164/policy2_r1/recordings/session_2026-08-31_06-40-37

!!!!!!!!!!!!!!!!!!!!!!!!!!!!!!!!!!!!!!!!!!!!!!!!!!!!!!!!!!!!!!!!!!!!!!
!! ROBOT 1 OFFLINE at startup !!
!!   ap_connected=True, alive_ids=[], last_status=0.5s ago [fresh]
!!   Planning will run (sim-only), but the robot CANNOT execute.
!!   Restart the robot or check the camera_service serial link.
!!!!!!!!!!!!!!!!!!!!!!!!!!!!!!!!!!!!!!!!!!!!!!!!!!!!!!!!!!!!!!!!!!!!!!


[Trapped-start recovery] Robot at (12.7, 8.7) cm was in an inflated-obstacle cell; cleared local cells so the planner can BFS from here. Position unchanged.

[NAMOPlanner] Goal BLOCKED - running NAMO planning...
[NAMOBridge] Warming best-first scorer (checkpoint=/home/dhruv/projects_dhruv/namo/ranking/models/HY5U_s2.ckpt, device=cuda); excluded from planning time

[Trapped-start recovery] Robot at (12.7, 8.7) cm was in an inflated-obstacle cell; cleared local cells so the planner can BFS from here. Position unchanged.
[SerialSender] Car 1 CONNECTED (alive now: [1])


==================================================
Robot Control - Real Robot (Autonomous)
==================================================
Serial port: /dev/serial/by-id/usb-Espressif_USB_JTAG_serial_debug_unit_10:51:DB:18:34:7C-if00
Robot ID: 1
Dry run: False
Speed (autonomous): nav=0.40, push=0.40
==================================================
Running in autonomous mode
Press 'r' to toggle recording
Press 'space' for emergency stop
Press 'escape' to quit
==================================================

[NAMOPlanner] Best-first scorer warmup: 3704ms (recorded separately; excluded from planning_wall_time_ms)

[Trapped-start recovery] Robot at (12.7, 8.7) cm was in an inflated-obstacle cell; cleared local cells so the planner can BFS from here. Position unchanged.


[Trapped-start recovery] Robot at (12.7, 8.7) cm was in an inflated-obstacle cell; cleared local cells so the planner can BFS from here. Position unchanged.


[Trapped-start recovery] Robot at (12.7, 8.7) cm was in an inflated-obstacle cell; cleared local cells so the planner can BFS from here. Position unchanged.


[Trapped-start recovery] Robot at (12.7, 8.7) cm was in an inflated-obstacle cell; cleared local cells so the planner can BFS from here. Position unchanged.


[Trapped-start recovery] Robot at (12.7, 8.7) cm was in an inflated-obstacle cell; cleared local cells so the planner can BFS from here. Position unchanged.


[Trapped-start recovery] Robot at (12.7, 8.7) cm was in an inflated-obstacle cell; cleared local cells so the planner can BFS from here. Position unchanged.


[Trapped-start recovery] Robot at (12.7, 8.7) cm was in an inflated-obstacle cell; cleared local cells so the planner can BFS from here. Position unchanged.


[Trapped-start recovery] Robot at (12.7, 8.7) cm was in an inflated-obstacle cell; cleared local cells so the planner can BFS from here. Position unchanged.

[DIAG] plan #1 recorded (success=False)
[Runtime] Planning failed - stopping robot
[Runtime] Shutting down

[Trapped-start recovery] Robot at (12.7, 8.7) cm was in an inflated-obstacle cell; cleared local cells so the planner can BFS from here. Position unchanged.

[Diagnostics] Wrote summary.json (outcome=failure)
[RemoteRecordClient] Recording stopped → /home/dhruv/projects_dhruv/namo/robot_control/real_exp/results/formal_v2/rb_00164/policy2_r1/recordings/session_2026-08-31_06-40-37/full_run.mp4
[Runtime] Sending stop command to robot...
[SerialSender] Stopped
[RealEnv] Stopped
[RemoteObserver] Stopped
[Runtime] Shutdown complete
