[Diagnostics] Wrote config.json
[DIAG] Diagnostics enabled: /home/dhruv/projects_dhruv/namo/robot_control/real_exp/1hop_multi_int/results/real/2push__env__obstacle_0_movable__fbdce248/model_policy/trial4
planner: full_namo  |  exec mode: greedy_policy  local search: best_first/model  ckpt=/home/dhruv/projects_dhruv/namo/ranking/models/HY5U_s2.ckpt  hmax=canonical  budget=canonical  scope=inherited  device=cuda

Starting NAMO execution...
Press ESCAPE to quit
==================================================
[Runtime] Using remote camera service at tcp://localhost:5556
[Runtime] Speeds in effect: nav=0.40, push=0.40, keyboard/follow_path=0.30
[Runtime] Safety filter: OFF
[Runtime] Starting RemoteObserverNode...
[RemoteObserver] Connected to tcp://localhost:5556
[SerialSender] Port /dev/serial/by-id/usb-Espressif_USB_JTAG_serial_debug_unit_10:51:DB:18:34:7C-if00 opened at 115200
[SerialSender] Started at 30.0 Hz
[RealEnv] Started (robot_id=1)
[RemoteRecordClient] Recording started → /home/dhruv/projects_dhruv/namo/robot_control/real_exp/1hop_multi_int/results/real/2push__env__obstacle_0_movable__fbdce248/model_policy/trial4/recordings/session_2026-09-08_01-26-16/full_run.mp4
[Runtime] Full-run video + per-subgoal meta will write to /home/dhruv/projects_dhruv/namo/robot_control/real_exp/1hop_multi_int/results/real/2push__env__obstacle_0_movable__fbdce248/model_policy/trial4/recordings/session_2026-09-08_01-26-16
[SerialSender] Car 1 CONNECTED (alive now: [1])
[Runtime] 🔌 Robot 1 ONLINE at startup (alive_ids=[1], ap_connected=True)

[Trapped-start recovery] Robot at (31.9, 7.2) cm was in an inflated-obstacle cell; cleared local cells so the planner can BFS from here. Position unchanged.

[NAMOPlanner] Goal BLOCKED - running NAMO planning...
[NAMOBridge] Warming best-first scorer (checkpoint=/home/dhruv/projects_dhruv/namo/ranking/models/HY5U_s2.ckpt, device=cuda); excluded from planning time

[Trapped-start recovery] Robot at (31.9, 7.2) cm was in an inflated-obstacle cell; cleared local cells so the planner can BFS from here. Position unchanged.


==================================================
Robot Control - Real Robot (Autonomous)
==================================================
Serial port: /dev/serial/by-id/usb-Espressif_USB_JTAG_serial_debug_unit_10:51:DB:18:34:7C-if00
Robot ID: 1
Dry run: False
Speed (autonomous): nav=0.40, push=0.40
==================================================
Running in autonomous mode
Press 'r' to toggle recording
Press 'space' for emergency stop
Press 'escape' to quit
==================================================

[NAMOPlanner] Best-first scorer warmup: 3808ms (recorded separately; excluded from planning_wall_time_ms)

[Trapped-start recovery] Robot at (31.9, 7.2) cm was in an inflated-obstacle cell; cleared local cells so the planner can BFS from here. Position unchanged.

[NAMOPlanner] Plan #1: 107ms, cumulative: 107ms
[DIAG] plan #1 recorded (success=True)
[Subgoal] --> DISPATCH PUSH: obj 'obj_4' at (38.1,22.7,θ=243.3°), edge=42, push_steps=5, robot at (31.9,7.2,θ=78.6°)
[DIAG] subgoal #1 start recorded

[Trapped-start recovery] Robot at (31.9, 7.2) cm was in an inflated-obstacle cell; cleared local cells so the planner can BFS from here. Position unchanged.

[PUSH] Starting navigation: robot=(31.9,7.2) → approach=(33.6,15.8)
[NAV] navigate_to: goal=(33.6,15.8) θ=63.3°, from=(31.9,7.2), obstacles=5
[Wavefront] Saved grid image to output_dump/wavefront/wavefront_20260908_012621_001.png (98x155)
[PUSH] navigate_to() returned: True, nav_state=PRE_ROTATING
[NAV] state - -> PRE_ROTATING pose=(31.9,7.2,θ=78.6°) pre_target_θ=69.0° heading_err=-9.5°
[NAV] state PRE_ROTATING -> FOLLOWING pose=(31.9,7.2,θ=78.5°) path_waypoints=11 final_wp=(33.8,15.8)
[NAV] state FOLLOWING -> POST_ROTATING pose=(33.5,15.0,θ=67.0°) goal_θ=63.3° heading_err=-3.7°
[PUSH] Navigation done - transitioning to ADVANCING (nav_state=FINISHED)
[PUSH] >>> PUSHING start: obj 'obj_4' at (38.2,22.7,θ=246.5°), robot at (33.3,16.1,θ=64.2°), edge=42, push_steps=5 (150 ticks)
[PUSH DEBUG] ========== PUSH START ==========
[PUSH DEBUG] Object: pos=(38.2,22.7) theta=246.5° size=(12.0x7.5)
[PUSH DEBUG] Edge 42: face=2 sample=6
[PUSH DEBUG] Theoretical: edge_pt (34.1,15.5) → mid_pt (37.4,23.0)
[PUSH DEBUG] Actual line: (33.3,16.1) → (36.5,23.7)
[PUSH DEBUG] Mode: FIXED
[PUSH DEBUG] ================================

[PUSH] ========== PUSH COMPLETE ==========
[PUSH] Robot: (36.8, 26.5) theta=63.9°
[PUSH] Δobject 'obj_4': Δpos=(+3.29,+9.46) |Δ|=10.01cm, Δθ=-3.52°
[PUSH] Robot position is FREE in wavefront
[PUSH] Object 'wall_12': (12.8, 37.2) theta=227.1° size=(19.5x5.5)
[PUSH]   Distance robot→object center: 26.3cm
[PUSH] Object 'wall_10': (19.6, 22.4) theta=243.7° size=(19.5x5.5)
[PUSH]   Distance robot→object center: 17.6cm
[PUSH] Object 'obj_1': (45.7, 43.3) theta=177.4° size=(15x7.0)
[PUSH]   Distance robot→object center: 19.1cm
[PUSH] Object 'obj_4': (41.5, 32.1) theta=243.0° size=(12.0x7.5)
[PUSH]   Distance robot→object center: 7.4cm
[PUSH] Object 'wall_11': (24.8, 39.9) theta=61.2° size=(19.5x5.5)
[PUSH]   Distance robot→object center: 18.0cm
[Wavefront] Saved grid image to /tmp/wavefront/wavefront_20260908_012629.png (98x155)
[PUSH] Wavefront saved to: /tmp/wavefront/wavefront_20260908_012629.png
[PUSH] ======================================

[PUSH] Retreat target: (33.5, 22.7) [BACKWARD]
[PUSH] Retreat reached target after 76 steps: moved 3.0 cm, stopped 2.0 cm from target (tolerance 2.0 cm, commanded speed 0.15), robot at (34.8, 24.2), target (33.5, 22.7)
[Subgoal] <-- DONE (SUCCESS) after 11.0s, robot now at (34.7,24.1,θ=48.5°)
[DIAG] subgoal #1 end recorded (outcome=success)
[DIAG] push recorded (obj=obj_4, Δ=10.10cm, stuck=False)
[NAMOPlanner] Greedy policy step complete; replanning from fresh camera observation

[Trapped-start recovery] Robot at (34.7, 24.1) cm was in an inflated-obstacle cell; cleared local cells so the planner can BFS from here. Position unchanged.

[NAMOPlanner] Goal BLOCKED - running NAMO planning...

[Trapped-start recovery] Robot at (34.7, 24.1) cm was in an inflated-obstacle cell; cleared local cells so the planner can BFS from here. Position unchanged.

[NAMOPlanner] Plan #2: 83ms, cumulative: 190ms
[DIAG] plan #2 recorded (success=True)
[Subgoal] --> DISPATCH PUSH: obj 'obj_4' at (41.6,32.2,θ=243.3°), edge=50, push_steps=5, robot at (34.7,24.1,θ=48.5°)
[DIAG] subgoal #2 start recorded

[Trapped-start recovery] Robot at (34.7, 24.1) cm was in an inflated-obstacle cell; cleared local cells so the planner can BFS from here. Position unchanged.

[PUSH] Starting navigation: robot=(34.7,24.1) → approach=(40.2,23.7)
[NAV] navigate_to: goal=(40.2,23.7) θ=63.3°, from=(34.7,24.1), obstacles=5
[Wavefront] Saved grid image to output_dump/wavefront/wavefront_20260908_012632_002.png (98x155)
[PUSH] navigate_to() returned: True, nav_state=PRE_ROTATING
[NAV] state POST_ROTATING -> PRE_ROTATING pose=(34.7,24.1,θ=48.5°) pre_target_θ=-20.8° heading_err=-69.3°
[NAV] state PRE_ROTATING -> FOLLOWING pose=(34.7,23.8,θ=22.9°) path_waypoints=9 final_wp=(40.2,23.8)
[NAV] state FOLLOWING -> POST_ROTATING pose=(39.8,22.6,θ=10.8°) goal_θ=63.3° heading_err=+52.4°
[PUSH] Navigation done - transitioning to ADVANCING (nav_state=FINISHED)
[PUSH] >>> PUSHING start: obj 'obj_4' at (42.1,32.1,θ=244.0°), robot at (39.7,22.7,θ=61.7°), edge=50, push_steps=5 (150 ticks)
[PUSH DEBUG] ========== PUSH START ==========
[PUSH DEBUG] Object: pos=(42.1,32.1) theta=244.0° size=(12.0x7.5)
[PUSH DEBUG] Edge 50: face=2 sample=10
[PUSH DEBUG] Theoretical: edge_pt (40.8,23.6) → mid_pt (44.4,31.0)
[PUSH DEBUG] Actual line: (39.7,22.7) → (43.3,30.2)
[PUSH DEBUG] Mode: FIXED
[PUSH DEBUG] ================================

[PUSH] ========== PUSH COMPLETE ==========
[PUSH] Robot: (44.5, 36.7) theta=78.1°
[PUSH] Δobject 'obj_4': Δpos=(+1.20,+11.95) |Δ|=12.01cm, Δθ=+27.09°
[PUSH] Robot position is BLOCKED in wavefront
[PUSH] Object 'wall_12': (12.8, 37.2) theta=227.1° size=(19.5x5.5)
[PUSH]   Distance robot→object center: 31.7cm
[PUSH] Object 'obj_4': (43.3, 44.0) theta=271.1° size=(12.0x7.5)
[PUSH]   Distance robot→object center: 7.5cm
[PUSH] Object 'wall_10': (19.6, 22.4) theta=243.7° size=(19.5x5.5)
[PUSH]   Distance robot→object center: 28.6cm
[PUSH] Object 'obj_1': (45.8, 55.5) theta=181.7° size=(15x7.0)
[PUSH]   Distance robot→object center: 18.9cm
[PUSH] Object 'wall_11': (24.8, 39.9) theta=61.1° size=(19.5x5.5)
[PUSH]   Distance robot→object center: 19.9cm
[Wavefront] Saved grid image to /tmp/wavefront/wavefront_20260908_012641.png (98x155)
[PUSH] Wavefront saved to: /tmp/wavefront/wavefront_20260908_012641.png
[PUSH] ======================================

[PUSH] Retreat target: (41.8, 32.4) [BACKWARD]
[PUSH] Retreat reached target after 77 steps: moved 3.0 cm, stopped 2.0 cm from target (tolerance 2.0 cm, commanded speed 0.15), robot at (42.9, 34.2), target (41.8, 32.4)
[Subgoal] <-- DONE (SUCCESS) after 11.6s, robot now at (42.9,34.2,θ=57.5°)
[DIAG] subgoal #2 end recorded (outcome=success)
[DIAG] push recorded (obj=obj_4, Δ=12.10cm, stuck=False)
[NAMOPlanner] Greedy policy step complete; replanning from fresh camera observation

[Trapped-start recovery] Robot at (42.9, 34.2) cm was in an inflated-obstacle cell; cleared local cells so the planner can BFS from here. Position unchanged.

[NAMOPlanner] Goal BLOCKED - running NAMO planning...

[Trapped-start recovery] Robot at (42.9, 34.2) cm was in an inflated-obstacle cell; cleared local cells so the planner can BFS from here. Position unchanged.

[NAMOPlanner] Plan #3: 83ms, cumulative: 272ms
[DIAG] plan #3 recorded (success=True)
[Subgoal] --> DISPATCH PUSH: obj 'obj_4' at (42.9,44.2,θ=271.5°), edge=46, push_steps=5, robot at (42.9,34.2,θ=57.5°)
[DIAG] subgoal #3 start recorded

[Trapped-start recovery] Robot at (42.9, 34.2) cm was in an inflated-obstacle cell; cleared local cells so the planner can BFS from here. Position unchanged.

[PUSH] Starting navigation: robot=(42.9,34.2) → approach=(44.0,35.9)
[NAV] navigate_to: goal=(44.0,35.9) θ=91.5°, from=(42.9,34.2), obstacles=5
[Wavefront] Saved grid image to output_dump/wavefront/wavefront_20260908_012644_003.png (98x155)
[NAV] navigate_to: already at goal (all 3 waypoints within 3.5cm of robot). Skipping FOLLOWING.
[PUSH] navigate_to() returned: True, nav_state=POST_ROTATING
[NAV] state - -> POST_ROTATING pose=(42.9,34.2,θ=57.5°) goal_θ=91.5° heading_err=+33.9°
[PUSH] Navigation done - transitioning to ADVANCING (nav_state=FINISHED)
[PUSH] >>> PUSHING start: obj 'obj_4' at (43.0,44.2,θ=271.7°), robot at (42.8,33.6,θ=89.8°), edge=46, push_steps=5 (150 ticks)
[PUSH DEBUG] ========== PUSH START ==========
[PUSH DEBUG] Object: pos=(43.0,44.2) theta=271.7° size=(12.0x7.5)
[PUSH DEBUG] Edge 46: face=2 sample=8
[PUSH DEBUG] Theoretical: edge_pt (44.1,36.0) → mid_pt (43.9,44.2)
[PUSH DEBUG] Actual line: (42.8,33.6) → (42.5,41.9)
[PUSH DEBUG] Mode: FIXED
[PUSH DEBUG] ================================

[PUSH] ========== PUSH COMPLETE ==========
[PUSH] Robot: (41.6, 52.3) theta=89.9°
[PUSH] Δobject 'obj_4': Δpos=(+0.07,+15.53) |Δ|=15.53cm, Δθ=-1.61°
[PUSH] Robot position is FREE in wavefront
[PUSH] Object 'wall_12': (12.8, 37.2) theta=227.1° size=(19.5x5.5)
[PUSH]   Distance robot→object center: 32.5cm
[PUSH] Object 'wall_10': (19.7, 22.4) theta=243.6° size=(19.5x5.5)
[PUSH]   Distance robot→object center: 37.1cm
[PUSH] Object 'obj_4': (43.1, 59.7) theta=270.1° size=(12.0x7.5)
[PUSH]   Distance robot→object center: 7.5cm
[PUSH] Object 'obj_1': (46.1, 71.3) theta=179.5° size=(15x7.0)
[PUSH]   Distance robot→object center: 19.5cm
[PUSH] Object 'wall_11': (24.8, 39.9) theta=61.2° size=(19.5x5.5)
[PUSH]   Distance robot→object center: 20.9cm
[Wavefront] Saved grid image to /tmp/wavefront/wavefront_20260908_012653.png (98x155)
[PUSH] Wavefront saved to: /tmp/wavefront/wavefront_20260908_012653.png
[PUSH] ======================================

[PUSH] Retreat target: (39.9, 47.6) [BACKWARD]
[PUSH] Retreat reached target after 74 steps: moved 3.0 cm, stopped 2.0 cm from target (tolerance 2.0 cm, commanded speed 0.15), robot at (40.5, 49.5), target (39.9, 47.6)
[Subgoal] <-- DONE (SUCCESS) after 11.6s, robot now at (40.4,49.4,θ=68.3°)
[DIAG] subgoal #3 end recorded (outcome=success)
[DIAG] push recorded (obj=obj_4, Δ=15.44cm, stuck=False)
[NAMOPlanner] Greedy policy step complete; replanning from fresh camera observation

[Trapped-start recovery] Robot at (40.4, 49.4) cm was in an inflated-obstacle cell; cleared local cells so the planner can BFS from here. Position unchanged.

[NAMOPlanner] Goal REACHABLE - navigating to (20.1, 58.6) [dist=22.3cm]
[Subgoal] --> DISPATCH NAVIGATE: target=(20.1,58.6), robot at (40.4,49.4,θ=68.3°)
[DIAG] subgoal #4 start recorded

[Trapped-start recovery] Robot at (40.4, 49.4) cm was in an inflated-obstacle cell; cleared local cells so the planner can BFS from here. Position unchanged.

[NAV] navigate_to: goal=(20.1,58.6) θ=any, from=(40.4,49.4), obstacles=5
[Wavefront] Saved grid image to output_dump/wavefront/wavefront_20260908_012656_004.png (98x155)
[NAV] state POST_ROTATING -> PRE_ROTATING pose=(40.4,49.4,θ=68.3°) pre_target_θ=174.3° heading_err=+106.0°
[NAV] state PRE_ROTATING -> FOLLOWING pose=(40.7,49.3,θ=131.6°) path_waypoints=30 final_wp=(20.8,58.8)
[Subgoal] <-- DONE (SUCCESS) after 5.7s, robot now at (21.6,58.6,θ=180.9°)
[DIAG] subgoal #4 end recorded (outcome=success)
[NAMOPlanner] GOAL REACHED! Distance: 1.6cm | Total planning: 3 calls, 272ms cumulative
[Runtime] Plan complete - stopping robot
[Runtime] Shutting down

[Trapped-start recovery] Robot at (21.6, 58.6) cm was in an inflated-obstacle cell; cleared local cells so the planner can BFS from here. Position unchanged.

[Diagnostics] Wrote summary.json (outcome=success)
[RemoteRecordClient] Recording stopped → /home/dhruv/projects_dhruv/namo/robot_control/real_exp/1hop_multi_int/results/real/2push__env__obstacle_0_movable__fbdce248/model_policy/trial4/recordings/session_2026-09-08_01-26-16/full_run.mp4
[Runtime] Sending stop command to robot...
[SerialSender] Stopped
[RealEnv] Stopped
[RemoteObserver] Stopped
[Runtime] Shutdown complete
