[NAV] navigate_to: goal=(24.4,67.0) θ=any, from=(35.3,14.9), obstacles=8
[NAV] state - -> PRE_ROTATING pose=(35.3,14.9,θ=0.0°) pre_target_θ=136.6° heading_err=+136.6°
[NAV] state PRE_ROTATING -> FOLLOWING pose=(35.3,15.0,θ=94.8°) path_waypoints=70 final_wp=(24.2,66.8)
[NAV] !! NO PROGRESS (blocked): robot at (24.9,51.8,θ=79.8°) has not moved 0.5 cm or turned 3.0° in 3.0s. Treating as FAILED so the subgoal can end.
[NAV] Retreating to (22.4, 47.5)
[NAV] state FOLLOWING -> RETREATING pose=(24.9,51.7,θ=80.7°)
[NAV] Retreat done after 12 ticks (reached the cell); drive FAILED (blocked).
[NAV] navigate_to: goal=(24.4,67.0) θ=any, from=(24.3,50.2), obstacles=8
[NAV] state RETREATING -> PRE_ROTATING pose=(24.3,50.2,θ=65.0°) pre_target_θ=55.9° heading_err=-9.2°
[NAV] state PRE_ROTATING -> FOLLOWING pose=(24.4,50.4,θ=65.0°) path_waypoints=22 final_wp=(24.2,66.8)
[NAV] !! NO PROGRESS (blocked): robot at (25.7,51.8,θ=80.0°) has not moved 0.5 cm or turned 3.0° in 3.0s. Treating as FAILED so the subgoal can end.
[NAV] Retreating to (23.2, 47.4)
[NAV] state FOLLOWING -> RETREATING pose=(25.7,51.6,θ=79.7°)
[NAV] Retreat done after 13 ticks (reached the cell); drive FAILED (blocked).
[NAV] navigate_to: goal=(24.4,67.0) θ=any, from=(25.0,50.1), obstacles=8
[NAV] state RETREATING -> PRE_ROTATING pose=(25.0,50.1,θ=61.9°) pre_target_θ=64.7° heading_err=+2.8°
[NAV] state PRE_ROTATING -> FOLLOWING pose=(25.0,50.0,θ=60.8°) path_waypoints=21 final_wp=(24.2,66.8)
[NAV] !! NO PROGRESS (blocked): robot at (26.9,51.7,θ=82.2°) has not moved 0.5 cm or turned 3.0° in 3.0s. Treating as FAILED so the subgoal can end.
[NAV] Retreating to (24.6, 47.3)
[NAV] state FOLLOWING -> RETREATING pose=(26.9,51.6,θ=83.2°)
[NAV] Retreat done after 10 ticks (reached the cell); drive FAILED (blocked).
[NAV] navigate_to: goal=(24.4,67.0) θ=any, from=(26.5,50.0), obstacles=8
[NAV] state RETREATING -> PRE_ROTATING pose=(26.5,50.0,θ=72.4°) pre_target_θ=85.9° heading_err=+13.5°
[NAV] state PRE_ROTATING -> FOLLOWING pose=(26.5,50.2,θ=74.2°) path_waypoints=20 final_wp=(24.2,66.8)
[NAV] !! NO PROGRESS (blocked): robot at (27.2,51.7,θ=82.8°) has not moved 0.5 cm or turned 3.0° in 3.0s. Treating as FAILED so the subgoal can end.
[NAV] Retreating to (24.9, 47.3)
[NAV] state FOLLOWING -> RETREATING pose=(27.2,51.6,θ=82.4°)
[NAV] Retreat done after 12 ticks (reached the cell); drive FAILED (blocked).
[NAV] navigate_to: goal=(24.4,67.0) θ=any, from=(26.6,50.2), obstacles=8
[NAV] state RETREATING -> PRE_ROTATING pose=(26.6,50.2,θ=66.2°) pre_target_θ=88.3° heading_err=+22.1°
[NAV] state PRE_ROTATING -> FOLLOWING pose=(26.6,50.1,θ=64.6°) path_waypoints=20 final_wp=(24.2,66.8)
[NAV] !! NO PROGRESS (blocked): robot at (27.6,51.7,θ=82.8°) has not moved 0.5 cm or turned 3.0° in 3.0s. Treating as FAILED so the subgoal can end.
[NAV] Retreating to (25.3, 47.3)
[NAV] state FOLLOWING -> RETREATING pose=(27.5,51.6,θ=83.7°)
[NAV] Retreat done after 11 ticks (reached the cell); drive FAILED (blocked).
[NAV] navigate_to: goal=(24.4,67.0) θ=any, from=(27.2,50.2), obstacles=8
[NAV] state RETREATING -> PRE_ROTATING pose=(27.2,50.2,θ=66.1°) pre_target_θ=97.4° heading_err=+31.3°
[NAV] state PRE_ROTATING -> FOLLOWING pose=(27.2,50.3,θ=65.8°) path_waypoints=20 final_wp=(24.2,66.8)
[NAV] !! NO PROGRESS (blocked): robot at (28.0,51.7,θ=83.5°) has not moved 0.5 cm or turned 3.0° in 3.0s. Treating as FAILED so the subgoal can end.
[NAV] Retreating to (25.8, 47.2)
[NAV] state FOLLOWING -> RETREATING pose=(28.0,51.6,θ=82.7°)
[NAV] Retreat done after 10 ticks (reached the cell); drive FAILED (blocked).
nav_baseline_ignore: status=failure reached=False distance_to_goal_cm=17.09 sim_time_s=36.900 -> /scratch/tdn39/real_exp/results/navigation_sim/2push__v3_snap__hard_loose__rb_00022__f110e8c4_navigation_realstack_v1/nav_baseline_ignore
[NAV] navigate_to: goal=(24.4,67.0) θ=any, from=(35.3,14.9), obstacles=8
[NAV] state - -> PRE_ROTATING pose=(35.3,14.9,θ=0.0°) pre_target_θ=136.6° heading_err=+136.6°
[NAV] state PRE_ROTATING -> FOLLOWING pose=(35.3,15.0,θ=94.8°) path_waypoints=92 final_wp=(24.2,66.8)
[NAV] !! NO PROGRESS (under_commanded): robot at (18.8,37.6,θ=11.0°) has not moved 0.5 cm or turned 3.0° in 3.0s. Treating as FAILED so the subgoal can end.
[NAV] Retreating to (13.8, 38.0)
[NAV] state FOLLOWING -> RETREATING pose=(18.7,37.6,θ=10.0°)
[NAV] Retreat done after 9 ticks (reached the cell); drive FAILED (under_commanded).
[NAV] navigate_to: goal=(24.4,67.0) θ=any, from=(17.2,37.4), obstacles=8
[NAV] state RETREATING -> PRE_ROTATING pose=(17.2,37.4,θ=1.7°) pre_target_θ=52.7° heading_err=+51.0°
[NAV] state PRE_ROTATING -> FOLLOWING pose=(17.5,37.4,θ=11.2°) path_waypoints=48 final_wp=(24.2,66.8)
[NAV] !! NO PROGRESS (under_commanded): robot at (18.7,38.6,θ=8.4°) has not moved 0.5 cm or turned 3.0° in 3.0s. Treating as FAILED so the subgoal can end.
[NAV] Retreating to (13.8, 37.8)
[NAV] state FOLLOWING -> RETREATING pose=(18.6,38.5,θ=8.3°)
[NAV] Retreat done after 10 ticks (reached the cell); drive FAILED (under_commanded).
[NAV] navigate_to: goal=(24.4,67.0) θ=any, from=(16.9,38.3), obstacles=8
[NAV] state RETREATING -> PRE_ROTATING pose=(16.9,38.3,θ=8.9°) pre_target_θ=46.1° heading_err=+37.2°
[NAV] state PRE_ROTATING -> FOLLOWING pose=(16.8,38.3,θ=11.7°) path_waypoints=49 final_wp=(24.2,66.8)
[NAV] !! NO PROGRESS (under_commanded): robot at (18.9,40.7,θ=-3.5°) has not moved 0.5 cm or turned 3.0° in 3.0s. Treating as FAILED so the subgoal can end.
[NAV] Retreating to (11.2, 38.4)
[NAV] state FOLLOWING -> RETREATING pose=(18.7,40.7,θ=-3.6°)
[NAV] Retreat done after 90 ticks (ran out of ticks); drive FAILED (under_commanded).
[NAV] navigate_to: goal=(24.4,67.0) θ=any, from=(17.1,40.2), obstacles=8
[NAV] state RETREATING -> PRE_ROTATING pose=(17.1,40.2,θ=-11.8°) pre_target_θ=48.8° heading_err=+60.6°
[NAV] state PRE_ROTATING -> FOLLOWING pose=(17.9,40.3,θ=8.1°) path_waypoints=38 final_wp=(24.2,66.8)
[NAV] !! NO PROGRESS (under_commanded): robot at (18.9,41.7,θ=-3.8°) has not moved 0.5 cm or turned 3.0° in 3.0s. Treating as FAILED so the subgoal can end.
[NAV] Retreating to (10.3, 39.2)
[NAV] state FOLLOWING -> RETREATING pose=(18.8,41.7,θ=-4.1°)
[NAV] Retreat done after 90 ticks (ran out of ticks); drive FAILED (under_commanded).
[NAV] navigate_to: goal=(24.4,67.0) θ=any, from=(17.3,41.1), obstacles=8
[NAV] state RETREATING -> PRE_ROTATING pose=(17.3,41.1,θ=-12.5°) pre_target_θ=41.5° heading_err=+54.0°
[NAV] state PRE_ROTATING -> FOLLOWING pose=(18.0,41.1,θ=-0.2°) path_waypoints=37 final_wp=(24.2,66.8)
[NAV] !! NO PROGRESS (under_commanded): robot at (18.9,41.5,θ=-3.8°) has not moved 0.5 cm or turned 3.0° in 3.0s. Treating as FAILED so the subgoal can end.
[NAV] Retreating to (10.3, 39.0)
[NAV] state FOLLOWING -> RETREATING pose=(18.8,41.5,θ=-2.8°)
[NAV] Retreat done after 90 ticks (ran out of ticks); drive FAILED (under_commanded).
[NAV] navigate_to: goal=(24.4,67.0) θ=any, from=(17.1,40.8), obstacles=8
[NAV] state RETREATING -> PRE_ROTATING pose=(17.1,40.8,θ=-13.6°) pre_target_θ=43.2° heading_err=+56.8°
[NAV] state PRE_ROTATING -> FOLLOWING pose=(17.9,40.8,θ=0.5°) path_waypoints=38 final_wp=(24.2,66.8)
[NAV] !! NO PROGRESS (under_commanded): robot at (18.9,41.5,θ=-3.7°) has not moved 0.5 cm or turned 3.0° in 3.0s. Treating as FAILED so the subgoal can end.
[NAV] Retreating to (10.3, 39.0)
[NAV] state FOLLOWING -> RETREATING pose=(18.8,41.5,θ=-3.7°)
[NAV] Retreat done after 90 ticks (ran out of ticks); drive FAILED (under_commanded).
nav_baseline_penalise: status=failure reached=False distance_to_goal_cm=27.36 sim_time_s=83.633 -> /scratch/tdn39/real_exp/results/navigation_sim/2push__v3_snap__hard_loose__rb_00022__f110e8c4_navigation_realstack_v1/nav_baseline_penalise
