[Diagnostics] Wrote config.json
[DIAG] Diagnostics enabled: /home/dhruv/projects_dhruv/namo/robot_control/push_calibration/obj_1/edge15/depth9/trial1
[tier2] wheel commands will be logged to /home/dhruv/projects_dhruv/namo/robot_control/push_calibration/obj_1/edge15/depth9/trial1/wheel_commands.jsonl
[collect] 1 trial(s) loaded from push_calibration/obj_1/edge15/depth9/spec.yaml
[collect] obstacle_target = (25.0, 35.0) cm  reset_tolerance = 3.0 cm
[mid-obs] logging every camera observation → /home/dhruv/projects_dhruv/namo/robot_control/push_calibration/obj_1/edge15/depth9/trial1/mid_obs.jsonl
[Runtime] Using remote camera service at tcp://localhost:5556
[Runtime] Speeds in effect: nav=0.40, push=0.40, keyboard/follow_path=0.30
[fresh] planner.attach_obs_source(world.get) wired
[Runtime] Starting RemoteObserverNode...
[RemoteObserver] Connected to tcp://localhost:5556
[SerialSender] Port /dev/serial/by-id/usb-Espressif_USB_JTAG_serial_debug_unit_10:51:DB:18:34:7C-if00 opened at 115200
[SerialSender] Started at 30.0 Hz
[RealEnv] Started (robot_id=1)
[Runtime] Per-subgoal video + meta will write to /home/dhruv/projects_dhruv/namo/robot_control/push_calibration/obj_1/edge15/depth9/trial1/recordings/session_2026-05-25_15-44-28

!!!!!!!!!!!!!!!!!!!!!!!!!!!!!!!!!!!!!!!!!!!!!!!!!!!!!!!!!!!!!!!!!!!!!!
!! ROBOT 1 OFFLINE at startup !!
!!   ap_connected=True, alive_ids=[], last_status=0.2s ago [fresh]
!!   Planning will run (sim-only), but the robot CANNOT execute.
!!   Restart the robot or check the camera_service serial link.
!!!!!!!!!!!!!!!!!!!!!!!!!!!!!!!!!!!!!!!!!!!!!!!!!!!!!!!!!!!!!!!!!!!!!!


=== Trial 1/1 === object=obj_1 edge_idx=15 push_steps=10
  [skip_reset] start pose: (21.72, 22.12) θ=358.83°. pushing...
[Subgoal] --> DISPATCH PUSH: obj 'obj_1' at (21.7,22.1,θ=358.8°), edge=15, push_steps=10, robot at (20.8,6.2,θ=87.9°)
[DIAG] subgoal #1 start recorded
[Diagnostics] ⚠️ scene_before.xml capture failed: no xml source path provided

==================================================
Robot Control - Real Robot (Autonomous)
==================================================
Serial port: /dev/serial/by-id/usb-Espressif_USB_JTAG_serial_debug_unit_10:51:DB:18:34:7C-if00
Robot ID: 1
Dry run: False
Speed: 0.3
==================================================
Running in autonomous mode
Press 'r' to toggle recording
Press 'space' for emergency stop
Press 'escape' to quit
==================================================

[RemoteRecordClient] Recording started → /home/dhruv/projects_dhruv/namo/robot_control/push_calibration/obj_1/edge15/depth9/trial1/recordings/session_2026-05-25_15-44-28/subgoal_001_push_obj_1_e15_s10.mp4
[PUSH] Starting navigation: robot=(20.8,6.2) → approach=(21.5,10.4)
[NAV] navigate_to: goal=(21.5,10.4) θ=88.8°, from=(20.8,6.2), obstacles=1
[Wavefront] Saved grid image to output_dump/wavefront/wavefront_20260525_154429_001.png (98x155)
[PUSH] navigate_to() returned: True, nav_state=PRE_ROTATING
[NAV] state - -> PRE_ROTATING pose=(20.8,6.2,θ=87.9°) pre_target_θ=82.4° heading_err=-5.5°
[NAV] state PRE_ROTATING -> FOLLOWING pose=(20.8,6.2,θ=87.8°) path_waypoints=5 final_wp=(21.2,9.8)
[SerialSender] Car 1 CONNECTED (alive now: [1])
[NAV] state FOLLOWING -> POST_ROTATING pose=(21.0,8.7,θ=78.0°) goal_θ=88.8° heading_err=+10.8°
[PUSH] Navigation done - transitioning to ADVANCING (nav_state=FINISHED)
[PUSH] >>> PUSHING start: obj 'obj_1' at (21.7,22.1,θ=358.9°), robot at (21.1,9.0,θ=89.7°), edge=15, push_steps=10 (260 ticks)
[PUSH DEBUG] ========== PUSH START ==========
[PUSH DEBUG] Object: pos=(21.7,22.1) theta=358.9° size=(15x7.0)
[PUSH DEBUG] Edge 15: face=1 sample=7
[PUSH DEBUG] Theoretical: edge_pt (21.5,10.4) → mid_pt (21.7,22.1)
[PUSH DEBUG] Actual line: (21.1,9.0) → (21.3,20.7)
[PUSH DEBUG] Mode: FIXED
[PUSH DEBUG] ================================

[PUSH] ========== PUSH COMPLETE ==========
[PUSH] Robot: (21.6, 40.3) theta=87.7°
[PUSH] Δobject 'obj_1': Δpos=(+0.47,+28.98) |Δ|=28.99cm, Δθ=-0.63°
[PUSH] Robot position is BLOCKED in wavefront
[PUSH] Object 'obj_1': (22.2, 51.1) theta=358.3° size=(15x7.0)
[PUSH]   Distance robot→object center: 10.9cm
[Wavefront] Saved grid image to /tmp/wavefront/wavefront_20260525_154440.png (98x155)
[PUSH] Wavefront saved to: /tmp/wavefront/wavefront_20260525_154440.png
[PUSH] ======================================

[PUSH] Retreat target: (19.7, 35.6) [BACKWARD]
[PUSH] Retreat timeout after 200 steps
[Subgoal] <-- DONE (SUCCESS) after 17.6s, robot now at (21.3,39.8,θ=74.9°)
[DIAG] subgoal #1 end recorded (outcome=success)
[DIAG] push recorded (obj=obj_1, Δ=29.63cm, stuck=False)
[RemoteRecordClient] Recording stopped → /home/dhruv/projects_dhruv/namo/robot_control/push_calibration/obj_1/edge15/depth9/trial1/recordings/session_2026-05-25_15-44-28/subgoal_001_push_obj_1_e15_s10.mp4
[Runtime] Plan complete - stopping robot
[Runtime] Shutting down
